2014-03-20T17:17:30.958-0500: 23.413: Total time for which application threads were stopped: 0.0001070 seconds
2014-03-20T17:17:30.958-0500: 23.413: Total time for which application threads were stopped: 0.0001010 seconds
2014-03-20T17:17:30.959-0500: 23.413: Total time for which application threads were stopped: 0.0001650 seconds
2014-03-20T17:17:30.959-0500: 23.414: Total time for which application threads were stopped: 0.0001220 seconds
2014-03-20T17:17:30.961-0500: 23.415: Total time for which application threads were stopped: 0.0000970 seconds
2014-03-20T17:17:30.965-0500: 23.420: Total time for which application threads were stopped: 0.0001170 seconds
2014-03-20T17:17:30.966-0500: 23.420: Total time for which application threads were stopped: 0.0001180 seconds
2014-03-20T17:17:30.966-0500: 23.420: Total time for which application threads were stopped: 0.0001050 seconds
2014-03-20T17:17:30.967-0500: 23.421: Total time for which application threads were stopped: 0.0002000 seconds
2014-03-20T17:17:30.967-0500: 23.422: Total time for which application threads were stopped: 0.0001520 seconds
2014-03-20T17:17:30.968-0500: 23.423: Total time for which application threads were stopped: 0.0001930 seconds
2014-03-20T17:17:30.969-0500: 23.424: Total time for which application threads were stopped: 0.0001190 seconds
2014-03-20T17:17:30.971-0500: 23.425: Total time for which application threads were stopped: 0.0001060 seconds
2014-03-20T17:17:30.971-0500: 23.426: Total time for which application threads were stopped: 0.0002980 seconds
2014-03-20T17:17:30.971-0500: 23.426: Total time for which application threads were stopped: 0.0001250 seconds
2014-03-20T17:17:30.971-0500: 23.426: Total time for which application threads were stopped: 0.0001190 seconds
2014-03-20T17:17:30.972-0500: 23.426: Total time for which application threads were stopped: 0.0001420 seconds
2014-03-20T17:17:30.972-0500: 23.427: Total time for which application threads were stopped: 0.0001060 seconds
2014-03-20T17:17:30.972-0500: 23.427: Total time for which application threads were stopped: 0.0000630 seconds
2014-03-20T17:17:30.972-0500: 23.427: Total time for which application threads were stopped: 0.0002010 seconds
2014-03-20T17:17:30.972-0500: 23.427: Total time for which application threads were stopped: 0.0001470 seconds
2014-03-20T17:17:30.973-0500: 23.427: Total time for which application threads were stopped: 0.0000850 seconds
2014-03-20T17:17:30.974-0500: 23.428: Total time for which application threads were stopped: 0.0000890 seconds
2014-03-20T17:17:31.185-0500: 23.640: Total time for which application threads were stopped: 0.0002890 seconds
2014-03-20T17:17:31.186-0500: 23.640: Total time for which application threads were stopped: 0.0001100 seconds
2014-03-20T17:17:31.186-0500: 23.640: Total time for which application threads were stopped: 0.0000670 seconds
2014-03-20T17:17:31.225-0500: 23.680: Total time for which application threads were stopped: 0.0001870 seconds
2014-03-20T17:17:31.229-0500: 23.684: Total time for which application threads were stopped: 0.0001170 seconds
2014-03-20T17:17:31.284-0500: 23.739: Total time for which application threads were stopped: 0.0006060 seconds
2014-03-20T17:17:31.288-0500: 23.743: Total time for which application threads were stopped: 0.0002230 seconds
2014-03-20T17:17:31.289-0500: 23.744: Total time for which application threads were stopped: 0.0002470 seconds
2014-03-20T17:17:31.289-0500: 23.744: Total time for which application threads were stopped: 0.0001850 seconds
2014-03-20T17:17:31.317-0500: 23.771: Total time for which application threads were stopped: 0.0003550 seconds
2014-03-20T17:17:31.380-0500: 23.835: Total time for which application threads were stopped: 0.0002200 seconds
2014-03-20T17:17:31.381-0500: 23.836: Total time for which application threads were stopped: 0.0011650 seconds
2014-03-20T17:17:38.578-0500: 31.033: Total time for which application threads were stopped: 0.0003660 seconds
2014-03-20T17:17:38.580-0500: 31.035: Total time for which application threads were stopped: 0.0000950 seconds
2014-03-20T17:17:38.589-0500: 31.044: Total time for which application threads were stopped: 0.0007120 seconds
2014-03-20T17:17:38.622-0500: 31.077: Total time for which application threads were stopped: 0.0003730 seconds
2014-03-20T17:17:38.649-0500: 31.104: Total time for which application threads were stopped: 0.0001370 seconds
2014-03-20T17:17:38.665-0500: 31.120: Total time for which application threads were stopped: 0.0001430 seconds
2014-03-20T17:17:38.665-0500: 31.120: Total time for which application threads were stopped: 0.0001230 seconds
2014-03-20T17:17:38.717-0500: 31.172: Total time for which application threads were stopped: 0.0001460 seconds
2014-03-20T17:17:38.725-0500: 31.180: Total time for which application threads were stopped: 0.0001210 seconds
2014-03-20T17:17:38.729-0500: 31.184: Total time for which application threads were stopped: 0.0001250 seconds
2014-03-20T17:17:38.759-0500: 31.214: Total time for which application threads were stopped: 0.0001450 seconds
2014-03-20T17:17:38.761-0500: 31.216: Total time for which application threads were stopped: 0.0001060 seconds
2014-03-20T17:17:38.912-0500: 31.367: Total time for which application threads were stopped: 0.0001500 seconds
2014-03-20T17:17:38.912-0500: 31.367: Total time for which application threads were stopped: 0.0001260 seconds
2014-03-20T17:17:38.920-0500: 31.375: Total time for which application threads were stopped: 0.0002670 seconds
2014-03-20T17:17:38.933-0500: 31.388: Total time for which application threads were stopped: 0.0003650 seconds
2014-03-20T17:17:38.934-0500: 31.388: Total time for which application threads were stopped: 0.0003340 seconds
2014-03-20T17:17:38.934-0500: 31.389: Total time for which application threads were stopped: 0.0003970 seconds
2014-03-20T17:17:38.936-0500: 31.390: Total time for which application threads were stopped: 0.0004330 seconds
2014-03-20T17:17:38.937-0500: 31.391: Total time for which application threads were stopped: 0.0005280 seconds
2014-03-20T17:17:38.938-0500: 31.392: Total time for which application threads were stopped: 0.0004270 seconds
2014-03-20T17:17:38.938-0500: 31.393: Total time for which application threads were stopped: 0.0004060 seconds
2014-03-20T17:17:38.945-0500: 31.400: Total time for which application threads were stopped: 0.0005160 seconds
2014-03-20T17:17:38.948-0500: 31.402: Total time for which application threads were stopped: 0.0003330 seconds
2014-03-20T17:17:38.948-0500: 31.403: Total time for which application threads were stopped: 0.0002440 seconds
2014-03-20T17:17:38.951-0500: 31.406: Total time for which application threads were stopped: 0.0003700 seconds
2014-03-20T17:17:38.952-0500: 31.407: Total time for which application threads were stopped: 0.0002960 seconds
2014-03-20T17:17:38.954-0500: 31.408: Total time for which application threads were stopped: 0.0003200 seconds
2014-03-20T17:17:38.954-0500: 31.409: Total time for which application threads were stopped: 0.0003120 seconds
2014-03-20T17:17:38.958-0500: 31.413: Total time for which application threads were stopped: 0.0003360 seconds
2014-03-20T17:17:38.959-0500: 31.414: Total time for which application threads were stopped: 0.0002930 seconds
2014-03-20T17:17:38.975-0500: 31.429: Total time for which application threads were stopped: 0.0022040 seconds
2014-03-20T17:17:38.978-0500: 31.433: Total time for which application threads were stopped: 0.0004690 seconds
2014-03-20T17:17:39.002-0500: 31.457: Total time for which application threads were stopped: 0.0023820 seconds
2014-03-20T17:17:39.009-0500: 31.464: Total time for which application threads were stopped: 0.0004620 seconds
2014-03-20T17:17:39.010-0500: 31.465: Total time for which application threads were stopped: 0.0003250 seconds
2014-03-20T17:17:39.020-0500: 31.475: Total time for which application threads were stopped: 0.0003860 seconds
2014-03-20T17:17:39.688-0500: 32.143: Total time for which application threads were stopped: 0.0006690 seconds
2014-03-20T17:17:39.689-0500: 32.144: Total time for which application threads were stopped: 0.0002850 seconds
2014-03-20T17:17:39.690-0500: 32.144: Total time for which application threads were stopped: 0.0002190 seconds
2014-03-20T17:17:39.690-0500: 32.145: Total time for which application threads were stopped: 0.0001780 seconds
2014-03-20T17:17:39.691-0500: 32.145: Total time for which application threads were stopped: 0.0003420 seconds
2014-03-20T17:17:39.691-0500: 32.146: Total time for which application threads were stopped: 0.0003340 seconds
2014-03-20T17:17:39.692-0500: 32.146: Total time for which application threads were stopped: 0.0002230 seconds
2014-03-20T17:17:39.692-0500: 32.147: Total time for which application threads were stopped: 0.0002760 seconds
2014-03-20T17:17:39.693-0500: 32.148: Total time for which application threads were stopped: 0.0010780 seconds
2014-03-20T17:17:39.694-0500: 32.149: Total time for which application threads were stopped: 0.0002990 seconds
2014-03-20T17:17:39.695-0500: 32.150: Total time for which application threads were stopped: 0.0004620 seconds
2014-03-20T17:17:39.696-0500: 32.151: Total time for which application threads were stopped: 0.0003420 seconds
2014-03-20T17:17:39.701-0500: 32.155: Total time for which application threads were stopped: 0.0004050 seconds
2014-03-20T17:17:39.701-0500: 32.156: Total time for which application threads were stopped: 0.0003290 seconds
2014-03-20T17:17:39.702-0500: 32.157: Total time for which application threads were stopped: 0.0003010 seconds
2014-03-20T17:17:39.702-0500: 32.157: Total time for which application threads were stopped: 0.0002980 seconds
2014-03-20T17:17:39.703-0500: 32.158: Total time for which application threads were stopped: 0.0004330 seconds
2014-03-20T17:17:39.704-0500: 32.159: Total time for which application threads were stopped: 0.0003000 seconds
2014-03-20T17:17:39.710-0500: 32.165: Total time for which application threads were stopped: 0.0004150 seconds
2014-03-20T17:17:39.710-0500: 32.165: Total time for which application threads were stopped: 0.0002240 seconds
2014-03-20T17:17:39.711-0500: 32.165: Total time for which application threads were stopped: 0.0002290 seconds
2014-03-20T17:17:39.711-0500: 32.166: Total time for which application threads were stopped: 0.0002750 seconds
2014-03-20T17:17:39.712-0500: 32.167: Total time for which application threads were stopped: 0.0003000 seconds
2014-03-20T17:17:39.712-0500: 32.167: Total time for which application threads were stopped: 0.0002920 seconds
2014-03-20T17:17:39.714-0500: 32.168: Total time for which application threads were stopped: 0.0004160 seconds
2014-03-20T17:17:39.714-0500: 32.169: Total time for which application threads were stopped: 0.0001810 seconds
2014-03-20T17:17:39.714-0500: 32.169: Total time for which application threads were stopped: 0.0003540 seconds
2014-03-20T17:17:39.715-0500: 32.170: Total time for which application threads were stopped: 0.0003740 seconds
2014-03-20T17:17:39.715-0500: 32.170: Total time for which application threads were stopped: 0.0002010 seconds
2014-03-20T17:17:39.716-0500: 32.171: Total time for which application threads were stopped: 0.0003880 seconds
2014-03-20T17:17:39.720-0500: 32.175: Total time for which application threads were stopped: 0.0019660 seconds
2014-03-20T17:17:39.720-0500: 32.175: Total time for which application threads were stopped: 0.0002760 seconds
2014-03-20T17:17:39.727-0500: 32.182: Total time for which application threads were stopped: 0.0005290 seconds
2014-03-20T17:17:39.728-0500: 32.183: Total time for which application threads were stopped: 0.0003400 seconds
2014-03-20T17:17:39.743-0500: 32.198: Total time for which application threads were stopped: 0.0017430 seconds
2014-03-20T17:17:39.752-0500: 32.207: Total time for which application threads were stopped: 0.0005320 seconds
2014-03-20T17:17:39.768-0500: 32.222: Total time for which application threads were stopped: 0.0006560 seconds
2014-03-20T17:17:39.768-0500: 32.223: Total time for which application threads were stopped: 0.0004120 seconds
2014-03-20T17:17:39.777-0500: 32.232: Total time for which application threads were stopped: 0.0046990 seconds
2014-03-20T17:17:39.788-0500: 32.242: Total time for which application threads were stopped: 0.0008140 seconds
2014-03-20T17:17:39.788-0500: 32.243: Total time for which application threads were stopped: 0.0002240 seconds
2014-03-20T17:17:39.790-0500: 32.245: Total time for which application threads were stopped: 0.0003440 seconds
2014-03-20T17:17:39.810-0500: 32.265: Total time for which application threads were stopped: 0.0037940 seconds
2014-03-20T17:17:40.095-0500: 32.549: [GC
Desired survivor size 89128960 bytes, new threshold 7 (max 15)
 [PSYoungGen: 550686K->22967K(612352K)] 550766K->23055K(2010624K), 0.0346240 secs] [Times: user=0.31 sys=0.00, real=0.04 secs] 
2014-03-20T17:17:40.129-0500: 32.584: Total time for which application threads were stopped: 0.0358880 seconds
2014-03-20T17:17:40.131-0500: 32.586: Total time for which application threads were stopped: 0.0007590 seconds
2014-03-20T17:17:40.982-0500: 33.437: [GC
Desired survivor size 89128960 bytes, new threshold 7 (max 15)
 [PSYoungGen: 548279K->21844K(612352K)] 548367K->21940K(2010624K), 0.0292540 secs] [Times: user=0.37 sys=0.01, real=0.03 secs] 
2014-03-20T17:17:41.011-0500: 33.466: Total time for which application threads were stopped: 0.0307760 seconds
2014-03-20T17:17:41.012-0500: 33.467: Total time for which application threads were stopped: 0.0002960 seconds
2014-03-20T17:17:41.012-0500: 33.467: Total time for which application threads were stopped: 0.0001510 seconds
2014-03-20T17:17:41.012-0500: 33.467: Total time for which application threads were stopped: 0.0001320 seconds
2014-03-20T17:17:41.013-0500: 33.467: Total time for which application threads were stopped: 0.0001800 seconds
2014-03-20T17:17:41.013-0500: 33.468: Total time for which application threads were stopped: 0.0002010 seconds
2014-03-20T17:17:41.013-0500: 33.468: Total time for which application threads were stopped: 0.0001250 seconds
2014-03-20T17:17:41.697-0500: 34.152: [GC
Desired survivor size 27787264 bytes, new threshold 6 (max 15)
 [PSYoungGen: 547156K->22639K(612352K)] 547252K->22743K(2010624K), 0.0255020 secs] [Times: user=0.39 sys=0.00, real=0.03 secs] 
2014-03-20T17:17:41.723-0500: 34.178: Total time for which application threads were stopped: 0.0268720 seconds
2014-03-20T17:17:42.230-0500: 34.684: [GC
Desired survivor size 27262976 bytes, new threshold 5 (max 15)
 [PSYoungGen: 547951K->23494K(672768K)] 548055K->23606K(2071040K), 0.0274310 secs] [Times: user=0.34 sys=0.00, real=0.02 secs] 
2014-03-20T17:17:42.257-0500: 34.712: Total time for which application threads were stopped: 0.0285720 seconds
2014-03-20T17:17:42.831-0500: 35.286: [GC
Desired survivor size 30932992 bytes, new threshold 4 (max 15)
 [PSYoungGen: 669126K->6976K(652800K)] 669238K->23006K(2051072K), 0.0299830 secs] [Times: user=0.46 sys=0.00, real=0.03 secs] 
2014-03-20T17:17:42.861-0500: 35.316: Total time for which application threads were stopped: 0.0312530 seconds
2014-03-20T17:17:43.400-0500: 35.855: [GC
Desired survivor size 33554432 bytes, new threshold 3 (max 15)
 [PSYoungGen: 652608K->3808K(664064K)] 668638K->22428K(2062336K), 0.0061530 secs] [Times: user=0.06 sys=0.00, real=0.00 secs] 
2014-03-20T17:17:43.407-0500: 35.861: Total time for which application threads were stopped: 0.0069340 seconds
2014-03-20T17:17:43.948-0500: 36.403: [GC
Desired survivor size 35127296 bytes, new threshold 2 (max 15)
 [PSYoungGen: 637664K->2752K(636928K)] 656284K->21568K(2035200K), 0.0047120 secs] [Times: user=0.04 sys=0.00, real=0.01 secs] 
2014-03-20T17:17:43.953-0500: 36.408: Total time for which application threads were stopped: 0.0055810 seconds
2014-03-20T17:17:44.380-0500: 36.835: [GC
Desired survivor size 35127296 bytes, new threshold 1 (max 15)
 [PSYoungGen: 636608K->5536K(665088K)] 655424K->24512K(2063360K), 0.0054070 secs] [Times: user=0.05 sys=0.00, real=0.00 secs] 
2014-03-20T17:17:44.386-0500: 36.841: Total time for which application threads were stopped: 0.0061700 seconds
2014-03-20T17:17:44.800-0500: 37.254: [GC
Desired survivor size 35651584 bytes, new threshold 1 (max 15)
 [PSYoungGen: 636320K->4384K(635392K)] 655296K->23593K(2033664K), 0.0054600 secs] [Times: user=0.05 sys=0.00, real=0.00 secs] 
2014-03-20T17:17:44.805-0500: 37.260: Total time for which application threads were stopped: 0.0070160 seconds
2014-03-20T17:17:45.180-0500: 37.635: [GC
Desired survivor size 35651584 bytes, new threshold 1 (max 15)
 [PSYoungGen: 635168K->3232K(664576K)] 654377K->22617K(2062848K), 0.0054810 secs] [Times: user=0.05 sys=0.00, real=0.00 secs] 
2014-03-20T17:17:45.185-0500: 37.640: Total time for which application threads were stopped: 0.0067530 seconds
2014-03-20T17:17:45.554-0500: 38.009: [GC
Desired survivor size 35651584 bytes, new threshold 1 (max 15)
 [PSYoungGen: 632992K->2240K(664576K)] 652377K->21809K(2062848K), 0.0059450 secs] [Times: user=0.06 sys=0.00, real=0.01 secs] 
2014-03-20T17:17:45.560-0500: 38.015: Total time for which application threads were stopped: 0.0074570 seconds
2014-03-20T17:17:45.931-0500: 38.386: [GC
Desired survivor size 34603008 bytes, new threshold 1 (max 15)
 [PSYoungGen: 632000K->4960K(665600K)] 651569K->24657K(2063872K), 0.0058020 secs] [Times: user=0.05 sys=0.00, real=0.00 secs] 
2014-03-20T17:17:45.937-0500: 38.392: Total time for which application threads were stopped: 0.0065280 seconds
2014-03-20T17:17:46.288-0500: 38.742: [GC
Desired survivor size 34078720 bytes, new threshold 1 (max 15)
 [PSYoungGen: 635744K->3968K(664576K)] 655441K->23921K(2062848K), 0.0052650 secs] [Times: user=0.04 sys=0.00, real=0.01 secs] 
2014-03-20T17:17:46.293-0500: 38.748: Total time for which application threads were stopped: 0.0063280 seconds
2014-03-20T17:17:46.652-0500: 39.107: [GC
Desired survivor size 33030144 bytes, new threshold 1 (max 15)
 [PSYoungGen: 634752K->2976K(667136K)] 654705K->23221K(2065408K), 0.0056280 secs] [Times: user=0.05 sys=0.00, real=0.00 secs] 
2014-03-20T17:17:46.658-0500: 39.112: Total time for which application threads were stopped: 0.0063850 seconds
2014-03-20T17:17:47.010-0500: 39.465: [GC
Desired survivor size 32505856 bytes, new threshold 1 (max 15)
 [PSYoungGen: 636832K->2080K(666112K)] 657077K->22525K(2064384K), 0.0054980 secs] [Times: user=0.05 sys=0.00, real=0.01 secs] 
2014-03-20T17:17:47.016-0500: 39.470: Total time for which application threads were stopped: 0.0071750 seconds
2014-03-20T17:17:47.361-0500: 39.815: [GC
Desired survivor size 30932992 bytes, new threshold 1 (max 15)
 [PSYoungGen: 635936K->4960K(669184K)] 656381K->25581K(2067456K), 0.0056410 secs] [Times: user=0.05 sys=0.01, real=0.00 secs] 
2014-03-20T17:17:47.367-0500: 39.821: Total time for which application threads were stopped: 0.0064900 seconds
2014-03-20T17:17:47.725-0500: 40.179: [GC
Desired survivor size 29360128 bytes, new threshold 1 (max 15)
 [PSYoungGen: 642400K->4128K(667648K)] 663021K->24917K(2065920K), 0.0056970 secs] [Times: user=0.06 sys=0.00, real=0.01 secs] 
2014-03-20T17:17:47.731-0500: 40.185: Total time for which application threads were stopped: 0.0066470 seconds
2014-03-20T17:17:48.063-0500: 40.518: [GC
Desired survivor size 28311552 bytes, new threshold 1 (max 15)
 [PSYoungGen: 641568K->3264K(671744K)] 662357K->24133K(2070016K), 0.0066000 secs] [Times: user=0.05 sys=0.00, real=0.00 secs] 
2014-03-20T17:17:48.070-0500: 40.525: Total time for which application threads were stopped: 0.0075930 seconds
2014-03-20T17:17:48.424-0500: 40.878: [GC
Desired survivor size 27262976 bytes, new threshold 1 (max 15)
 [PSYoungGen: 646336K->2656K(670720K)] 667205K->23645K(2068992K), 0.0064110 secs] [Times: user=0.06 sys=0.00, real=0.01 secs] 
2014-03-20T17:17:48.430-0500: 40.885: Total time for which application threads were stopped: 0.0074640 seconds
2014-03-20T17:17:48.759-0500: 41.213: [GC
Desired survivor size 26214400 bytes, new threshold 1 (max 15)
 [PSYoungGen: 645728K->2144K(673792K)] 666717K->23237K(2072064K), 0.0063090 secs] [Times: user=0.05 sys=0.00, real=0.01 secs] 
2014-03-20T17:17:48.765-0500: 41.220: Total time for which application threads were stopped: 0.0072550 seconds
2014-03-20T17:17:49.103-0500: 41.558: [GC
Desired survivor size 24641536 bytes, new threshold 1 (max 15)
 [PSYoungGen: 649312K->5472K(672768K)] 670405K->26693K(2071040K), 0.0070480 secs] [Times: user=0.06 sys=0.00, real=0.00 secs] 
2014-03-20T17:17:49.110-0500: 41.565: Total time for which application threads were stopped: 0.0084080 seconds
2014-03-20T17:17:49.465-0500: 41.920: [GC
Desired survivor size 23068672 bytes, new threshold 1 (max 15)
 [PSYoungGen: 652640K->4864K(676864K)] 673861K->26205K(2075136K), 0.0066330 secs] [Times: user=0.06 sys=0.00, real=0.01 secs] 
2014-03-20T17:17:49.472-0500: 41.927: Total time for which application threads were stopped: 0.0083210 seconds
2014-03-20T17:17:49.826-0500: 42.280: [GC
Desired survivor size 22020096 bytes, new threshold 1 (max 15)
 [PSYoungGen: 657664K->4352K(675328K)] 679005K->25845K(2073600K), 0.0067100 secs] [Times: user=0.06 sys=0.00, real=0.01 secs] 
2014-03-20T17:17:49.833-0500: 42.287: Total time for which application threads were stopped: 0.0078870 seconds
2014-03-20T17:17:50.210-0500: 42.665: [GC
Desired survivor size 20971520 bytes, new threshold 1 (max 15)
 [PSYoungGen: 657152K->3968K(678912K)] 678645K->25517K(2077184K), 0.0079680 secs] [Times: user=0.05 sys=0.00, real=0.01 secs] 
2014-03-20T17:17:50.218-0500: 42.673: Total time for which application threads were stopped: 0.0088870 seconds
2014-03-20T17:17:50.572-0500: 43.026: [GC
Desired survivor size 19922944 bytes, new threshold 1 (max 15)
 [PSYoungGen: 661376K->3520K(677888K)] 682925K->25165K(2076160K), 0.0069390 secs] [Times: user=0.05 sys=0.00, real=0.00 secs] 
2014-03-20T17:17:50.579-0500: 43.034: Total time for which application threads were stopped: 0.0081920 seconds
2014-03-20T17:17:50.857-0500: 43.312: [GC
Desired survivor size 18874368 bytes, new threshold 1 (max 15)
 [PSYoungGen: 660928K->3040K(680960K)] 682573K->24805K(2079232K), 0.0067790 secs] [Times: user=0.06 sys=0.00, real=0.01 secs] 
2014-03-20T17:17:50.864-0500: 43.319: Total time for which application threads were stopped: 0.0078010 seconds
2014-03-20T17:17:51.154-0500: 43.608: [GC
Desired survivor size 18350080 bytes, new threshold 1 (max 15)
 [PSYoungGen: 664544K->2720K(679936K)] 686309K->24605K(2078208K), 0.0067820 secs] [Times: user=0.05 sys=0.00, real=0.01 secs] 
2014-03-20T17:17:51.161-0500: 43.615: Total time for which application threads were stopped: 0.0080800 seconds
2014-03-20T17:17:51.459-0500: 43.913: [GC
Desired survivor size 17301504 bytes, new threshold 1 (max 15)
 [PSYoungGen: 664224K->2336K(682496K)] 686109K->24325K(2080768K), 0.0073460 secs] [Times: user=0.05 sys=0.00, real=0.01 secs] 
2014-03-20T17:17:51.466-0500: 43.921: Total time for which application threads were stopped: 0.0082480 seconds
2014-03-20T17:17:51.773-0500: 44.228: [GC
Desired survivor size 16777216 bytes, new threshold 1 (max 15)
 [PSYoungGen: 666912K->2144K(681472K)] 688901K->24261K(2079744K), 0.0072000 secs] [Times: user=0.06 sys=0.00, real=0.01 secs] 
2014-03-20T17:17:51.780-0500: 44.235: Total time for which application threads were stopped: 0.0084250 seconds
2014-03-20T17:17:52.075-0500: 44.530: [GC
Desired survivor size 16252928 bytes, new threshold 1 (max 15)
 [PSYoungGen: 666720K->5696K(683520K)] 688837K->27949K(2081792K), 0.0076900 secs] [Times: user=0.06 sys=0.00, real=0.01 secs] 
2014-03-20T17:17:52.083-0500: 44.538: Total time for which application threads were stopped: 0.0086620 seconds
2014-03-20T17:17:52.391-0500: 44.846: [GC
Desired survivor size 15204352 bytes, new threshold 1 (max 15)
 [PSYoungGen: 672832K->5472K(683008K)] 695085K->27837K(2081280K), 0.0070100 secs] [Times: user=0.06 sys=0.00, real=0.00 secs] 
2014-03-20T17:17:52.398-0500: 44.853: Total time for which application threads were stopped: 0.0081920 seconds
2014-03-20T17:17:52.698-0500: 45.152: [GC
Desired survivor size 14155776 bytes, new threshold 1 (max 15)
 [PSYoungGen: 672608K->5376K(685568K)] 694973K->27869K(2083840K), 0.0071320 secs] [Times: user=0.05 sys=0.00, real=0.01 secs] 
2014-03-20T17:17:52.705-0500: 45.160: Total time for which application threads were stopped: 0.0081310 seconds
2014-03-20T17:17:53.022-0500: 45.477: [GC
Desired survivor size 13631488 bytes, new threshold 1 (max 15)
 [PSYoungGen: 676096K->5120K(684544K)] 698589K->27733K(2082816K), 0.0080970 secs] [Times: user=0.07 sys=0.00, real=0.01 secs] 
2014-03-20T17:17:53.030-0500: 45.485: Total time for which application threads were stopped: 0.0094360 seconds
2014-03-20T17:17:53.330-0500: 45.785: [GC
Desired survivor size 12582912 bytes, new threshold 1 (max 15)
 [PSYoungGen: 675840K->4800K(687104K)] 698453K->27541K(2085376K), 0.0073130 secs] [Times: user=0.05 sys=0.00, real=0.01 secs] 
2014-03-20T17:17:53.337-0500: 45.792: Total time for which application threads were stopped: 0.0091160 seconds
2014-03-20T17:17:53.674-0500: 46.128: [GC
Desired survivor size 12058624 bytes, new threshold 1 (max 15)
 [PSYoungGen: 678592K->4640K(686080K)] 701333K->27517K(2084352K), 0.0073990 secs] [Times: user=0.06 sys=0.00, real=0.01 secs] 
2014-03-20T17:17:53.681-0500: 46.136: Total time for which application threads were stopped: 0.0087370 seconds
2014-03-20T17:17:53.983-0500: 46.438: [GC
Desired survivor size 11534336 bytes, new threshold 1 (max 15)
 [PSYoungGen: 678432K->4640K(688128K)] 701309K->27653K(2086400K), 0.0071130 secs] [Times: user=0.05 sys=0.00, real=0.00 secs] 
2014-03-20T17:17:53.991-0500: 46.445: Total time for which application threads were stopped: 0.0081550 seconds
2014-03-20T17:17:54.301-0500: 46.755: [GC
Desired survivor size 11010048 bytes, new threshold 1 (max 15)
 [PSYoungGen: 680992K->4640K(687616K)] 704005K->27757K(2085888K), 0.0073540 secs] [Times: user=0.06 sys=0.00, real=0.01 secs] 
2014-03-20T17:17:54.308-0500: 46.763: Total time for which application threads were stopped: 0.0084990 seconds
2014-03-20T17:17:54.620-0500: 47.075: [GC
Desired survivor size 10485760 bytes, new threshold 1 (max 15)
 [PSYoungGen: 680992K->4608K(689152K)] 704109K->27845K(2087424K), 0.0079780 secs] [Times: user=0.05 sys=0.00, real=0.01 secs] 
2014-03-20T17:17:54.628-0500: 47.083: Total time for which application threads were stopped: 0.0163490 seconds
2014-03-20T17:17:54.954-0500: 47.409: [GC
Desired survivor size 9961472 bytes, new threshold 1 (max 15)
 [PSYoungGen: 683008K->4544K(688640K)] 706245K->27909K(2086912K), 0.0073430 secs] [Times: user=0.05 sys=0.01, real=0.01 secs] 
2014-03-20T17:17:54.961-0500: 47.416: Total time for which application threads were stopped: 0.0086770 seconds
2014-03-20T17:17:55.272-0500: 47.726: [GC
Desired survivor size 9437184 bytes, new threshold 1 (max 15)
 [PSYoungGen: 682944K->4512K(690176K)] 706309K->28021K(2088448K), 0.0073690 secs] [Times: user=0.05 sys=0.00, real=0.00 secs] 
2014-03-20T17:17:55.279-0500: 47.734: Total time for which application threads were stopped: 0.0083260 seconds
2014-03-20T17:17:55.599-0500: 48.054: [GC
Desired survivor size 8912896 bytes, new threshold 1 (max 15)
 [PSYoungGen: 684960K->4576K(689664K)] 708469K->28261K(2087936K), 0.0076070 secs] [Times: user=0.06 sys=0.00, real=0.01 secs] 
2014-03-20T17:17:55.607-0500: 48.062: Total time for which application threads were stopped: 0.0088340 seconds
2014-03-20T17:17:55.918-0500: 48.372: [GC
Desired survivor size 8912896 bytes, new threshold 1 (max 15)
 [PSYoungGen: 685024K->4672K(690688K)] 708709K->28469K(2088960K), 0.0073250 secs] [Times: user=0.04 sys=0.00, real=0.01 secs] 
2014-03-20T17:17:55.925-0500: 48.380: Total time for which application threads were stopped: 0.0082340 seconds
2014-03-20T17:17:56.244-0500: 48.699: [GC
Desired survivor size 8388608 bytes, new threshold 1 (max 15)
 [PSYoungGen: 686656K->4672K(690688K)] 710453K->28685K(2088960K), 0.0074810 secs] [Times: user=0.06 sys=0.00, real=0.01 secs] 
2014-03-20T17:17:56.252-0500: 48.707: Total time for which application threads were stopped: 0.0087930 seconds
2014-03-20T17:17:56.558-0500: 49.013: [GC
Desired survivor size 7864320 bytes, new threshold 1 (max 15)
 [PSYoungGen: 686656K->4736K(691712K)] 710669K->28957K(2089984K), 0.0066860 secs] [Times: user=0.06 sys=0.01, real=0.01 secs] 
2014-03-20T17:17:56.565-0500: 49.020: Total time for which application threads were stopped: 0.0078300 seconds
2014-03-20T17:17:56.879-0500: 49.333: [GC
Desired survivor size 7864320 bytes, new threshold 1 (max 15)
 [PSYoungGen: 688256K->4832K(691200K)] 712477K->29293K(2089472K), 0.0067420 secs] [Times: user=0.05 sys=0.00, real=0.01 secs] 
2014-03-20T17:17:56.886-0500: 49.340: Total time for which application threads were stopped: 0.0078130 seconds
2014-03-20T17:17:57.214-0500: 49.668: [GC
Desired survivor size 7340032 bytes, new threshold 1 (max 15)
 [PSYoungGen: 688352K->4864K(692224K)] 712813K->29701K(2090496K), 0.0076250 secs] [Times: user=0.05 sys=0.00, real=0.01 secs] 
2014-03-20T17:17:57.222-0500: 49.676: Total time for which application threads were stopped: 0.0087410 seconds
2014-03-20T17:17:57.549-0500: 50.003: [GC
Desired survivor size 7340032 bytes, new threshold 1 (max 15)
 [PSYoungGen: 689408K->5024K(691712K)] 714245K->30045K(2089984K), 0.0069930 secs] [Times: user=0.06 sys=0.00, real=0.01 secs] 
2014-03-20T17:17:57.556-0500: 50.011: Total time for which application threads were stopped: 0.0082040 seconds
2014-03-20T17:17:57.871-0500: 50.326: [GC
Desired survivor size 7340032 bytes, new threshold 1 (max 15)
 [PSYoungGen: 689568K->5056K(692224K)] 714589K->30261K(2090496K), 0.0069330 secs] [Times: user=0.06 sys=0.00, real=0.00 secs] 
2014-03-20T17:17:57.879-0500: 50.333: Total time for which application threads were stopped: 0.0082050 seconds
2014-03-20T17:17:58.197-0500: 50.652: [GC
Desired survivor size 7340032 bytes, new threshold 1 (max 15)
 [PSYoungGen: 690112K->5152K(692224K)] 715317K->30469K(2090496K), 0.0071970 secs] [Times: user=0.06 sys=0.00, real=0.01 secs] 
2014-03-20T17:17:58.205-0500: 50.659: Total time for which application threads were stopped: 0.0086030 seconds
2014-03-20T17:17:58.521-0500: 50.976: [GC
Desired survivor size 7340032 bytes, new threshold 1 (max 15)
 [PSYoungGen: 690208K->5248K(692224K)] 715525K->30693K(2090496K), 0.0074060 secs] [Times: user=0.06 sys=0.00, real=0.01 secs] 
2014-03-20T17:17:58.529-0500: 50.983: Total time for which application threads were stopped: 0.0085830 seconds
2014-03-20T17:17:58.851-0500: 51.306: [GC
Desired survivor size 7340032 bytes, new threshold 1 (max 15)
 [PSYoungGen: 690304K->5344K(692224K)] 715749K->30965K(2090496K), 0.0069570 secs] [Times: user=0.06 sys=0.00, real=0.01 secs] 
2014-03-20T17:17:58.858-0500: 51.313: Total time for which application threads were stopped: 0.0082170 seconds
2014-03-20T17:17:59.013-0500: 51.468: Total time for which application threads were stopped: 0.0007240 seconds
2014-03-20T17:17:59.014-0500: 51.468: Total time for which application threads were stopped: 0.0003160 seconds
2014-03-20T17:17:59.024-0500: 51.479: Total time for which application threads were stopped: 0.0004390 seconds
2014-03-20T17:17:59.026-0500: 51.480: Total time for which application threads were stopped: 0.0007950 seconds
2014-03-20T17:17:59.029-0500: 51.484: Total time for which application threads were stopped: 0.0004990 seconds
2014-03-20T17:17:59.030-0500: 51.484: Total time for which application threads were stopped: 0.0005130 seconds
2014-03-20T17:17:59.059-0500: 51.514: Total time for which application threads were stopped: 0.0006900 seconds
2014-03-20T17:17:59.085-0500: 51.540: Total time for which application threads were stopped: 0.0004870 seconds
2014-03-20T17:17:59.101-0500: 51.556: Total time for which application threads were stopped: 0.0008670 seconds
2014-03-20T17:17:59.107-0500: 51.562: Total time for which application threads were stopped: 0.0006580 seconds
2014-03-20T17:17:59.108-0500: 51.563: Total time for which application threads were stopped: 0.0002360 seconds
2014-03-20T17:17:59.108-0500: 51.563: Total time for which application threads were stopped: 0.0003520 seconds
2014-03-20T17:17:59.109-0500: 51.563: Total time for which application threads were stopped: 0.0003150 seconds
2014-03-20T17:17:59.112-0500: 51.566: Total time for which application threads were stopped: 0.0005670 seconds
2014-03-20T17:17:59.112-0500: 51.567: Total time for which application threads were stopped: 0.0004220 seconds
2014-03-20T17:17:59.114-0500: 51.568: Total time for which application threads were stopped: 0.0004540 seconds
2014-03-20T17:17:59.114-0500: 51.569: Total time for which application threads were stopped: 0.0003370 seconds
2014-03-20T17:17:59.114-0500: 51.569: Total time for which application threads were stopped: 0.0002610 seconds
2014-03-20T17:17:59.115-0500: 51.569: Total time for which application threads were stopped: 0.0003300 seconds
2014-03-20T17:17:59.115-0500: 51.570: Total time for which application threads were stopped: 0.0003070 seconds
2014-03-20T17:17:59.116-0500: 51.570: Total time for which application threads were stopped: 0.0003360 seconds
2014-03-20T17:17:59.120-0500: 51.575: Total time for which application threads were stopped: 0.0006990 seconds
2014-03-20T17:17:59.121-0500: 51.576: Total time for which application threads were stopped: 0.0004100 seconds
2014-03-20T17:17:59.121-0500: 51.576: Total time for which application threads were stopped: 0.0002980 seconds
2014-03-20T17:17:59.133-0500: 51.588: Total time for which application threads were stopped: 0.0006480 seconds
2014-03-20T17:17:59.134-0500: 51.589: Total time for which application threads were stopped: 0.0004500 seconds
2014-03-20T17:17:59.134-0500: 51.589: Total time for which application threads were stopped: 0.0002810 seconds
2014-03-20T17:17:59.135-0500: 51.589: Total time for which application threads were stopped: 0.0003160 seconds
2014-03-20T17:17:59.135-0500: 51.590: Total time for which application threads were stopped: 0.0003360 seconds
2014-03-20T17:17:59.136-0500: 51.590: Total time for which application threads were stopped: 0.0003210 seconds
2014-03-20T17:17:59.143-0500: 51.598: Total time for which application threads were stopped: 0.0063790 seconds
2014-03-20T17:17:59.207-0500: 51.661: [GC
Desired survivor size 6815744 bytes, new threshold 1 (max 15)
 [PSYoungGen: 690400K->5152K(692736K)] 716021K->30909K(2091008K), 0.0074440 secs] [Times: user=0.05 sys=0.01, real=0.01 secs] 
2014-03-20T17:17:59.214-0500: 51.669: Total time for which application threads were stopped: 0.0085020 seconds
2014-03-20T17:17:59.543-0500: 51.998: [GC
Desired survivor size 6815744 bytes, new threshold 1 (max 15)
 [PSYoungGen: 690720K->5184K(692224K)] 716477K->31117K(2090496K), 0.0073930 secs] [Times: user=0.06 sys=0.00, real=0.00 secs] 
2014-03-20T17:17:59.551-0500: 52.005: Total time for which application threads were stopped: 0.0086160 seconds
2014-03-20T17:17:59.871-0500: 52.326: [GC
Desired survivor size 6815744 bytes, new threshold 1 (max 15)
 [PSYoungGen: 690752K->5280K(692736K)] 716685K->31349K(2091008K), 0.0074940 secs] [Times: user=0.05 sys=0.00, real=0.01 secs] 
2014-03-20T17:17:59.879-0500: 52.333: Total time for which application threads were stopped: 0.0085530 seconds
2014-03-20T17:18:00.004-0500: 52.459: Total time for which application threads were stopped: 0.0008270 seconds
2014-03-20T17:18:00.012-0500: 52.467: Total time for which application threads were stopped: 0.0006740 seconds
2014-03-20T17:18:00.013-0500: 52.468: Total time for which application threads were stopped: 0.0003940 seconds
2014-03-20T17:18:00.204-0500: 52.659: [GC
Desired survivor size 6815744 bytes, new threshold 1 (max 15)
 [PSYoungGen: 691360K->5280K(692736K)] 717429K->31469K(2091008K), 0.0072820 secs] [Times: user=0.05 sys=0.00, real=0.00 secs] 
2014-03-20T17:18:00.211-0500: 52.666: Total time for which application threads were stopped: 0.0088610 seconds
2014-03-20T17:18:00.520-0500: 52.975: [GC
Desired survivor size 6815744 bytes, new threshold 1 (max 15)
 [PSYoungGen: 691360K->5312K(692736K)] 717549K->31645K(2091008K), 0.0073700 secs] [Times: user=0.05 sys=0.00, real=0.01 secs] 
2014-03-20T17:18:00.528-0500: 52.983: Total time for which application threads were stopped: 0.0084580 seconds
2014-03-20T17:18:00.844-0500: 53.298: [GC
Desired survivor size 6815744 bytes, new threshold 1 (max 15)
 [PSYoungGen: 691392K->5440K(692736K)] 717725K->31909K(2091008K), 0.0077240 secs] [Times: user=0.07 sys=0.01, real=0.00 secs] 
2014-03-20T17:18:00.852-0500: 53.306: Total time for which application threads were stopped: 0.0092020 seconds
2014-03-20T17:18:01.160-0500: 53.615: [GC
Desired survivor size 6815744 bytes, new threshold 1 (max 15)
 [PSYoungGen: 691520K->5568K(692736K)] 717989K->32181K(2091008K), 0.0075230 secs] [Times: user=0.06 sys=0.00, real=0.01 secs] 
2014-03-20T17:18:01.168-0500: 53.622: Total time for which application threads were stopped: 0.0086440 seconds
2014-03-20T17:18:01.510-0500: 53.965: [GC
Desired survivor size 6815744 bytes, new threshold 1 (max 15)
 [PSYoungGen: 691648K->5728K(692736K)] 718261K->32477K(2091008K), 0.0069960 secs] [Times: user=0.06 sys=0.00, real=0.01 secs] 
2014-03-20T17:18:01.517-0500: 53.972: Total time for which application threads were stopped: 0.0081390 seconds
2014-03-20T17:18:01.850-0500: 54.305: [GC
Desired survivor size 6815744 bytes, new threshold 1 (max 15)
 [PSYoungGen: 691808K->5824K(692736K)] 718557K->32677K(2091008K), 0.0071220 secs] [Times: user=0.05 sys=0.00, real=0.01 secs] 
2014-03-20T17:18:01.858-0500: 54.312: Total time for which application threads were stopped: 0.0081810 seconds
2014-03-20T17:18:02.177-0500: 54.632: [GC
Desired survivor size 7340032 bytes, new threshold 1 (max 15)
 [PSYoungGen: 691904K->5888K(692224K)] 718757K->32885K(2090496K), 0.0071430 secs] [Times: user=0.05 sys=0.00, real=0.01 secs] 
2014-03-20T17:18:02.185-0500: 54.640: Total time for which application threads were stopped: 0.0084150 seconds
2014-03-20T17:18:02.499-0500: 54.954: [GC
Desired survivor size 7340032 bytes, new threshold 1 (max 15)
 [PSYoungGen: 691968K->2112K(692224K)] 718965K->29237K(2090496K), 0.0066960 secs] [Times: user=0.05 sys=0.00, real=0.01 secs] 
2014-03-20T17:18:02.506-0500: 54.961: Total time for which application threads were stopped: 0.0077040 seconds
2014-03-20T17:18:02.820-0500: 55.275: [GC
Desired survivor size 7864320 bytes, new threshold 1 (max 15)
 [PSYoungGen: 687168K->2272K(687616K)] 714293K->29525K(2085888K), 0.0065710 secs] [Times: user=0.05 sys=0.00, real=0.01 secs] 
2014-03-20T17:18:02.827-0500: 55.282: Total time for which application threads were stopped: 0.0077460 seconds
2014-03-20T17:18:03.136-0500: 55.590: [GC
Desired survivor size 7864320 bytes, new threshold 1 (max 15)
 [PSYoungGen: 687328K->2432K(691712K)] 714581K->29797K(2089984K), 0.0070480 secs] [Times: user=0.06 sys=0.00, real=0.01 secs] 
2014-03-20T17:18:03.143-0500: 55.598: Total time for which application threads were stopped: 0.0079820 seconds
2014-03-20T17:18:03.453-0500: 55.908: [GC
Desired survivor size 7864320 bytes, new threshold 1 (max 15)
 [PSYoungGen: 686464K->2432K(691712K)] 713829K->29869K(2089984K), 0.0149620 secs] [Times: user=0.15 sys=0.00, real=0.01 secs] 
2014-03-20T17:18:03.468-0500: 55.923: Total time for which application threads were stopped: 0.0161450 seconds
2014-03-20T17:18:03.794-0500: 56.248: [GC
Desired survivor size 7864320 bytes, new threshold 1 (max 15)
 [PSYoungGen: 686464K->2592K(691712K)] 713901K->30165K(2089984K), 0.0066760 secs] [Times: user=0.05 sys=0.00, real=0.00 secs] 
2014-03-20T17:18:03.801-0500: 56.255: Total time for which application threads were stopped: 0.0077860 seconds
2014-03-20T17:18:04.113-0500: 56.568: [GC
Desired survivor size 7864320 bytes, new threshold 1 (max 15)
 [PSYoungGen: 686624K->2624K(691712K)] 714197K->30301K(2089984K), 0.0066980 secs] [Times: user=0.05 sys=0.00, real=0.00 secs] 
2014-03-20T17:18:04.120-0500: 56.575: Total time for which application threads were stopped: 0.0080850 seconds
2014-03-20T17:18:04.424-0500: 56.879: [GC
Desired survivor size 7864320 bytes, new threshold 1 (max 15)
 [PSYoungGen: 686656K->2752K(691712K)] 714333K->30541K(2089984K), 0.0067400 secs] [Times: user=0.06 sys=0.00, real=0.00 secs] 
2014-03-20T17:18:04.431-0500: 56.886: Total time for which application threads were stopped: 0.0078570 seconds
2014-03-20T17:18:04.740-0500: 57.195: [GC
Desired survivor size 7340032 bytes, new threshold 1 (max 15)
 [PSYoungGen: 686784K->2816K(691712K)] 714573K->30733K(2089984K), 0.0066800 secs] [Times: user=0.05 sys=0.00, real=0.01 secs] 
2014-03-20T17:18:04.747-0500: 57.201: Total time for which application threads were stopped: 0.0078670 seconds
2014-03-20T17:18:05.058-0500: 57.512: [GC
Desired survivor size 7340032 bytes, new threshold 1 (max 15)
 [PSYoungGen: 686848K->2880K(692224K)] 714765K->30933K(2090496K), 0.0066470 secs] [Times: user=0.05 sys=0.00, real=0.01 secs] 
2014-03-20T17:18:05.064-0500: 57.519: Total time for which application threads were stopped: 0.0076540 seconds
2014-03-20T17:18:05.386-0500: 57.841: [GC
Desired survivor size 7340032 bytes, new threshold 1 (max 15)
 [PSYoungGen: 687936K->2944K(692224K)] 715989K->31133K(2090496K), 0.0063020 secs] [Times: user=0.04 sys=0.00, real=0.01 secs] 
2014-03-20T17:18:05.393-0500: 57.847: Total time for which application threads were stopped: 0.0075310 seconds
2014-03-20T17:18:05.710-0500: 58.165: [GC
Desired survivor size 6815744 bytes, new threshold 1 (max 15)
 [PSYoungGen: 688000K->3136K(692736K)] 716189K->31445K(2091008K), 0.0070510 secs] [Times: user=0.05 sys=0.00, real=0.01 secs] 
2014-03-20T17:18:05.717-0500: 58.172: Total time for which application threads were stopped: 0.0080840 seconds
2014-03-20T17:18:06.046-0500: 58.501: [GC
Desired survivor size 6815744 bytes, new threshold 1 (max 15)
 [PSYoungGen: 688704K->3200K(692224K)] 717013K->31629K(2090496K), 0.0070960 secs] [Times: user=0.06 sys=0.00, real=0.01 secs] 
2014-03-20T17:18:06.053-0500: 58.508: Total time for which application threads were stopped: 0.0081340 seconds
2014-03-20T17:18:06.367-0500: 58.822: [GC
Desired survivor size 6291456 bytes, new threshold 1 (max 15)
 [PSYoungGen: 688768K->3296K(693248K)] 717197K->31845K(2091520K), 0.0066710 secs] [Times: user=0.05 sys=0.00, real=0.01 secs] 
2014-03-20T17:18:06.374-0500: 58.829: Total time for which application threads were stopped: 0.0076610 seconds
2014-03-20T17:18:06.695-0500: 59.149: [GC
Desired survivor size 6291456 bytes, new threshold 1 (max 15)
 [PSYoungGen: 689888K->3424K(692736K)] 718437K->32117K(2091008K), 0.0066290 secs] [Times: user=0.05 sys=0.00, real=0.00 secs] 
2014-03-20T17:18:06.701-0500: 59.156: Total time for which application threads were stopped: 0.0078550 seconds
2014-03-20T17:18:07.019-0500: 59.474: [GC
Desired survivor size 5767168 bytes, new threshold 1 (max 15)
 [PSYoungGen: 690016K->3584K(693760K)] 718709K->32413K(2092032K), 0.0071390 secs] [Times: user=0.06 sys=0.00, real=0.01 secs] 
2014-03-20T17:18:07.026-0500: 59.481: Total time for which application threads were stopped: 0.0081380 seconds
2014-03-20T17:18:07.332-0500: 59.787: [GC
Desired survivor size 5767168 bytes, new threshold 1 (max 15)
 [PSYoungGen: 691200K->3712K(693248K)] 720029K->32677K(2091520K), 0.0067940 secs] [Times: user=0.05 sys=0.00, real=0.01 secs] 
2014-03-20T17:18:07.339-0500: 59.794: Total time for which application threads were stopped: 0.0079590 seconds
2014-03-20T17:18:07.673-0500: 60.128: [GC
Desired survivor size 5767168 bytes, new threshold 1 (max 15)
 [PSYoungGen: 691328K->3840K(693760K)] 720293K->32949K(2092032K), 0.0069340 secs] [Times: user=0.06 sys=0.00, real=0.01 secs] 
2014-03-20T17:18:07.680-0500: 60.135: Total time for which application threads were stopped: 0.0081510 seconds
2014-03-20T17:18:08.001-0500: 60.456: [GC
Desired survivor size 5767168 bytes, new threshold 1 (max 15)
 [PSYoungGen: 691968K->4064K(693760K)] 721077K->33301K(2092032K), 0.0072580 secs] [Times: user=0.06 sys=0.00, real=0.01 secs] 
2014-03-20T17:18:08.009-0500: 60.464: Total time for which application threads were stopped: 0.0085950 seconds
2014-03-20T17:18:08.320-0500: 60.775: [GC
Desired survivor size 5767168 bytes, new threshold 1 (max 15)
 [PSYoungGen: 692192K->4224K(693760K)] 721429K->33597K(2092032K), 0.0072770 secs] [Times: user=0.06 sys=0.00, real=0.01 secs] 
2014-03-20T17:18:08.327-0500: 60.782: Total time for which application threads were stopped: 0.0084130 seconds
2014-03-20T17:18:08.647-0500: 61.102: [GC
Desired survivor size 5767168 bytes, new threshold 1 (max 15)
 [PSYoungGen: 692352K->4352K(693760K)] 721725K->33837K(2092032K), 0.0067010 secs] [Times: user=0.05 sys=0.00, real=0.01 secs] 
2014-03-20T17:18:08.654-0500: 61.109: Total time for which application threads were stopped: 0.0079090 seconds
2014-03-20T17:18:08.962-0500: 61.417: [GC
Desired survivor size 6291456 bytes, new threshold 1 (max 15)
 [PSYoungGen: 692480K->4512K(692736K)] 721965K->34133K(2091008K), 0.0069520 secs] [Times: user=0.06 sys=0.00, real=0.01 secs] 
2014-03-20T17:18:08.969-0500: 61.424: Total time for which application threads were stopped: 0.0079910 seconds
2014-03-20T17:18:09.281-0500: 61.735: [GC
Desired survivor size 6291456 bytes, new threshold 1 (max 15)
 [PSYoungGen: 691616K->4544K(693248K)] 721237K->34237K(2091520K), 0.0083110 secs] [Times: user=0.06 sys=0.00, real=0.01 secs] 
2014-03-20T17:18:09.289-0500: 61.744: Total time for which application threads were stopped: 0.0094980 seconds
2014-03-20T17:18:09.620-0500: 62.075: [GC
Desired survivor size 6291456 bytes, new threshold 1 (max 15)
 [PSYoungGen: 691648K->4704K(693248K)] 721341K->34533K(2091520K), 0.0073520 secs] [Times: user=0.07 sys=0.00, real=0.01 secs] 
2014-03-20T17:18:09.628-0500: 62.083: Total time for which application threads were stopped: 0.0084520 seconds
2014-03-20T17:18:09.937-0500: 62.392: [GC
Desired survivor size 6291456 bytes, new threshold 1 (max 15)
 [PSYoungGen: 691808K->4928K(693248K)] 721637K->34901K(2091520K), 0.0074970 secs] [Times: user=0.07 sys=0.00, real=0.01 secs] 
2014-03-20T17:18:09.945-0500: 62.400: Total time for which application threads were stopped: 0.0090440 seconds
2014-03-20T17:18:10.254-0500: 62.708: [GC
Desired survivor size 6815744 bytes, new threshold 1 (max 15)
 [PSYoungGen: 692032K->4992K(692224K)] 722005K->35061K(2090496K), 0.0076230 secs] [Times: user=0.07 sys=0.00, real=0.00 secs] 
2014-03-20T17:18:10.261-0500: 62.716: Total time for which application threads were stopped: 0.0086860 seconds
2014-03-20T17:18:10.575-0500: 63.030: [GC
Desired survivor size 6815744 bytes, new threshold 1 (max 15)
 [PSYoungGen: 691072K->5088K(692736K)] 721141K->35293K(2091008K), 0.0065820 secs] [Times: user=0.05 sys=0.00, real=0.00 secs] 
2014-03-20T17:18:10.582-0500: 63.036: Total time for which application threads were stopped: 0.0078980 seconds
2014-03-20T17:18:10.911-0500: 63.365: [GC
Desired survivor size 6815744 bytes, new threshold 1 (max 15)
 [PSYoungGen: 691168K->5280K(692736K)] 721373K->35621K(2091008K), 0.0070310 secs] [Times: user=0.06 sys=0.00, real=0.01 secs] 
2014-03-20T17:18:10.918-0500: 63.373: Total time for which application threads were stopped: 0.0080110 seconds
2014-03-20T17:18:11.233-0500: 63.687: [GC
Desired survivor size 7340032 bytes, new threshold 1 (max 15)
 [PSYoungGen: 691360K->5408K(691712K)] 721701K->35885K(2089984K), 0.0071040 secs] [Times: user=0.05 sys=0.00, real=0.01 secs] 
2014-03-20T17:18:11.240-0500: 63.695: Total time for which application threads were stopped: 0.0082990 seconds
2014-03-20T17:18:11.566-0500: 64.021: [GC
Desired survivor size 7340032 bytes, new threshold 1 (max 15)
 [PSYoungGen: 691488K->5408K(692224K)] 721965K->36005K(2090496K), 0.0067530 secs] [Times: user=0.05 sys=0.01, real=0.00 secs] 
2014-03-20T17:18:11.573-0500: 64.028: Total time for which application threads were stopped: 0.0076890 seconds
2014-03-20T17:18:11.888-0500: 64.343: [GC
Desired survivor size 7340032 bytes, new threshold 1 (max 15)
 [PSYoungGen: 690464K->5504K(692224K)] 721061K->36237K(2090496K), 0.0073560 secs] [Times: user=0.05 sys=0.00, real=0.01 secs] 
2014-03-20T17:18:11.896-0500: 64.351: Total time for which application threads were stopped: 0.0084390 seconds
2014-03-20T17:18:12.201-0500: 64.655: [GC
Desired survivor size 7340032 bytes, new threshold 1 (max 15)
 [PSYoungGen: 690560K->5632K(692224K)] 721293K->36493K(2090496K), 0.0074090 secs] [Times: user=0.06 sys=0.00, real=0.01 secs] 
2014-03-20T17:18:12.208-0500: 64.663: Total time for which application threads were stopped: 0.0084430 seconds
2014-03-20T17:18:12.525-0500: 64.980: [GC
Desired survivor size 7864320 bytes, new threshold 1 (max 15)
 [PSYoungGen: 690688K->5728K(691200K)] 721549K->36677K(2089472K), 0.0079040 secs] [Times: user=0.06 sys=0.00, real=0.01 secs] 
2014-03-20T17:18:12.533-0500: 64.988: Total time for which application threads were stopped: 0.0091060 seconds
2014-03-20T17:18:12.859-0500: 65.314: [GC
Desired survivor size 7864320 bytes, new threshold 1 (max 15)
 [PSYoungGen: 690784K->5792K(691712K)] 721733K->36869K(2089984K), 0.0070760 secs] [Times: user=0.06 sys=0.00, real=0.01 secs] 
2014-03-20T17:18:12.866-0500: 65.321: Total time for which application threads were stopped: 0.0082010 seconds
2014-03-20T17:18:13.176-0500: 65.631: [GC
Desired survivor size 7864320 bytes, new threshold 1 (max 15)
 [PSYoungGen: 689824K->2080K(691712K)] 720901K->33285K(2089984K), 0.0066230 secs] [Times: user=0.05 sys=0.00, real=0.00 secs] 
2014-03-20T17:18:13.183-0500: 65.638: Total time for which application threads were stopped: 0.0078160 seconds
2014-03-20T17:18:13.511-0500: 65.966: [GC
Desired survivor size 8388608 bytes, new threshold 1 (max 15)
 [PSYoungGen: 686112K->2112K(690688K)] 717317K->33389K(2088960K), 0.0078380 secs] [Times: user=0.05 sys=0.00, real=0.01 secs] 
2014-03-20T17:18:13.519-0500: 65.974: Total time for which application threads were stopped: 0.0089610 seconds
2014-03-20T17:18:13.822-0500: 66.276: [GC
Desired survivor size 8388608 bytes, new threshold 1 (max 15)
 [PSYoungGen: 685120K->2240K(691200K)] 716397K->33565K(2089472K), 0.0083000 secs] [Times: user=0.05 sys=0.00, real=0.01 secs] 
2014-03-20T17:18:13.830-0500: 66.285: Total time for which application threads were stopped: 0.0095160 seconds
2014-03-20T17:18:14.133-0500: 66.588: [GC
Desired survivor size 8388608 bytes, new threshold 1 (max 15)
 [PSYoungGen: 685248K->2368K(691200K)] 716573K->33837K(2089472K), 0.0063860 secs] [Times: user=0.05 sys=0.00, real=0.01 secs] 
2014-03-20T17:18:14.139-0500: 66.594: Total time for which application threads were stopped: 0.0074290 seconds
2014-03-20T17:18:14.453-0500: 66.908: [GC
Desired survivor size 7864320 bytes, new threshold 1 (max 15)
 [PSYoungGen: 685376K->2400K(691200K)] 716845K->33997K(2089472K), 0.0071630 secs] [Times: user=0.06 sys=0.00, real=0.01 secs] 
2014-03-20T17:18:14.460-0500: 66.915: Total time for which application threads were stopped: 0.0084010 seconds
2014-03-20T17:18:14.771-0500: 67.226: [GC
Desired survivor size 7864320 bytes, new threshold 1 (max 15)
 [PSYoungGen: 685408K->2496K(691712K)] 717005K->34213K(2089984K), 0.0068230 secs] [Times: user=0.05 sys=0.00, real=0.01 secs] 
2014-03-20T17:18:14.778-0500: 67.233: Total time for which application threads were stopped: 0.0080260 seconds
2014-03-20T17:18:15.099-0500: 67.554: [GC
Desired survivor size 7864320 bytes, new threshold 1 (max 15)
 [PSYoungGen: 686528K->2496K(691712K)] 718245K->34357K(2089984K), 0.0068890 secs] [Times: user=0.06 sys=0.00, real=0.01 secs] 
2014-03-20T17:18:15.106-0500: 67.561: Total time for which application threads were stopped: 0.0082720 seconds
2014-03-20T17:18:15.421-0500: 67.876: [GC
Desired survivor size 7340032 bytes, new threshold 1 (max 15)
 [PSYoungGen: 686528K->2528K(692224K)] 718389K->34509K(2090496K), 0.0069560 secs] [Times: user=0.05 sys=0.01, real=0.01 secs] 
2014-03-20T17:18:15.428-0500: 67.883: Total time for which application threads were stopped: 0.0081180 seconds
2014-03-20T17:18:15.763-0500: 68.217: [GC
Desired survivor size 7340032 bytes, new threshold 1 (max 15)
 [PSYoungGen: 687072K->2688K(691712K)] 719053K->34741K(2089984K), 0.0079930 secs] [Times: user=0.05 sys=0.01, real=0.01 secs] 
2014-03-20T17:18:15.771-0500: 68.226: Total time for which application threads were stopped: 0.0094560 seconds
2014-03-20T17:18:16.070-0500: 68.524: [GC
Desired survivor size 6815744 bytes, new threshold 1 (max 15)
 [PSYoungGen: 687232K->2752K(692736K)] 719285K->34877K(2091008K), 0.0076970 secs] [Times: user=0.05 sys=0.00, real=0.01 secs] 
2014-03-20T17:18:16.078-0500: 68.532: Total time for which application threads were stopped: 0.0086770 seconds
2014-03-20T17:18:16.397-0500: 68.851: [GC
Desired survivor size 6815744 bytes, new threshold 1 (max 15)
 [PSYoungGen: 688320K->2816K(692224K)] 720445K->35069K(2090496K), 0.0076700 secs] [Times: user=0.06 sys=0.00, real=0.01 secs] 
2014-03-20T17:18:16.404-0500: 68.859: Total time for which application threads were stopped: 0.0089190 seconds
2014-03-20T17:18:16.722-0500: 69.176: [GC
Desired survivor size 6291456 bytes, new threshold 1 (max 15)
 [PSYoungGen: 688384K->2928K(693248K)] 720637K->35317K(2091520K), 0.0069170 secs] [Times: user=0.04 sys=0.00, real=0.01 secs] 
2014-03-20T17:18:16.729-0500: 69.183: Total time for which application threads were stopped: 0.0082250 seconds
2014-03-20T17:18:17.046-0500: 69.501: [GC
Desired survivor size 6291456 bytes, new threshold 1 (max 15)
 [PSYoungGen: 689520K->3072K(692736K)] 721909K->35653K(2091008K), 0.0069210 secs] [Times: user=0.05 sys=0.00, real=0.00 secs] 
2014-03-20T17:18:17.053-0500: 69.508: Total time for which application threads were stopped: 0.0081310 seconds
2014-03-20T17:18:17.371-0500: 69.825: [GC
Desired survivor size 5767168 bytes, new threshold 1 (max 15)
 [PSYoungGen: 689664K->3184K(693760K)] 722245K->35845K(2092032K), 0.0086810 secs] [Times: user=0.07 sys=0.00, real=0.01 secs] 
2014-03-20T17:18:17.379-0500: 69.834: Total time for which application threads were stopped: 0.0097340 seconds
2014-03-20T17:18:17.710-0500: 70.165: [GC
Desired survivor size 5767168 bytes, new threshold 1 (max 15)
 [PSYoungGen: 690800K->3440K(693248K)] 723461K->36333K(2091520K), 0.0068740 secs] [Times: user=0.06 sys=0.00, real=0.01 secs] 
2014-03-20T17:18:17.717-0500: 70.172: Total time for which application threads were stopped: 0.0080350 seconds
2014-03-20T17:18:18.017-0500: 70.471: [GC
Desired survivor size 5767168 bytes, new threshold 1 (max 15)
 [PSYoungGen: 691056K->3472K(693760K)] 723949K->36573K(2092032K), 0.0074130 secs] [Times: user=0.06 sys=0.00, real=0.01 secs] 
2014-03-20T17:18:18.024-0500: 70.479: Total time for which application threads were stopped: 0.0084280 seconds
2014-03-20T17:18:18.333-0500: 70.788: [GC
Desired survivor size 5767168 bytes, new threshold 1 (max 15)
 [PSYoungGen: 691600K->3616K(693760K)] 724701K->36869K(2092032K), 0.0068980 secs] [Times: user=0.05 sys=0.00, real=0.01 secs] 
2014-03-20T17:18:18.341-0500: 70.795: Total time for which application threads were stopped: 0.0080470 seconds
2014-03-20T17:18:18.655-0500: 71.110: [GC
Desired survivor size 5767168 bytes, new threshold 1 (max 15)
 [PSYoungGen: 691744K->3904K(693760K)] 724997K->37373K(2092032K), 0.0079480 secs] [Times: user=0.06 sys=0.00, real=0.00 secs] 
2014-03-20T17:18:18.663-0500: 71.118: Total time for which application threads were stopped: 0.0089680 seconds
2014-03-20T17:18:18.976-0500: 71.430: [GC
Desired survivor size 5767168 bytes, new threshold 1 (max 15)
 [PSYoungGen: 692032K->3968K(693760K)] 725501K->37685K(2092032K), 0.0073160 secs] [Times: user=0.07 sys=0.00, real=0.00 secs] 
2014-03-20T17:18:18.983-0500: 71.438: Total time for which application threads were stopped: 0.0085870 seconds
2014-03-20T17:18:19.308-0500: 71.763: [GC
Desired survivor size 5767168 bytes, new threshold 1 (max 15)
 [PSYoungGen: 692096K->4112K(693760K)] 725813K->38046K(2092032K), 0.0068570 secs] [Times: user=0.05 sys=0.00, real=0.01 secs] 
2014-03-20T17:18:19.315-0500: 71.770: Total time for which application threads were stopped: 0.0079800 seconds
2014-03-20T17:18:19.646-0500: 72.101: [GC
Desired survivor size 5767168 bytes, new threshold 1 (max 15)
 [PSYoungGen: 692240K->4256K(693760K)] 726174K->38374K(2092032K), 0.0067990 secs] [Times: user=0.05 sys=0.00, real=0.00 secs] 
2014-03-20T17:18:19.653-0500: 72.108: Total time for which application threads were stopped: 0.0081300 seconds
2014-03-20T17:18:19.968-0500: 72.423: [GC
Desired survivor size 5767168 bytes, new threshold 1 (max 15)
 [PSYoungGen: 692384K->4448K(693760K)] 726502K->38734K(2092032K), 0.0065870 secs] [Times: user=0.05 sys=0.00, real=0.01 secs] 
2014-03-20T17:18:19.975-0500: 72.430: Total time for which application threads were stopped: 0.0076940 seconds
2014-03-20T17:18:20.291-0500: 72.746: [GC
Desired survivor size 6291456 bytes, new threshold 1 (max 15)
 [PSYoungGen: 692576K->4576K(692736K)] 726862K->39070K(2091008K), 0.0076070 secs] [Times: user=0.06 sys=0.00, real=0.01 secs] 
2014-03-20T17:18:20.299-0500: 72.753: Total time for which application threads were stopped: 0.0088560 seconds
2014-03-20T17:18:20.615-0500: 73.070: [GC
Desired survivor size 6291456 bytes, new threshold 1 (max 15)
 [PSYoungGen: 692704K->4832K(693248K)] 727198K->39470K(2091520K), 0.0078390 secs] [Times: user=0.06 sys=0.00, real=0.00 secs] 
2014-03-20T17:18:20.623-0500: 73.078: Total time for which application threads were stopped: 0.0089560 seconds
2014-03-20T17:18:20.946-0500: 73.401: [GC
Desired survivor size 6291456 bytes, new threshold 1 (max 15)
 [PSYoungGen: 691936K->4896K(693248K)] 726574K->39702K(2091520K), 0.0087490 secs] [Times: user=0.05 sys=0.00, real=0.00 secs] 
2014-03-20T17:18:20.955-0500: 73.410: Total time for which application threads were stopped: 0.0101380 seconds
2014-03-20T17:18:21.275-0500: 73.730: [GC
Desired survivor size 6815744 bytes, new threshold 1 (max 15)
 [PSYoungGen: 692000K->4992K(692224K)] 726806K->39854K(2090496K), 0.0094670 secs] [Times: user=0.07 sys=0.00, real=0.00 secs] 
2014-03-20T17:18:21.285-0500: 73.740: Total time for which application threads were stopped: 0.0107190 seconds
2014-03-20T17:18:21.615-0500: 74.070: [GC
Desired survivor size 6815744 bytes, new threshold 1 (max 15)
 [PSYoungGen: 691072K->5120K(692736K)] 725934K->40118K(2091008K), 0.0078250 secs] [Times: user=0.07 sys=0.00, real=0.00 secs] 
2014-03-20T17:18:21.623-0500: 74.078: Total time for which application threads were stopped: 0.0091500 seconds
2014-03-20T17:18:21.930-0500: 74.385: [GC
Desired survivor size 6815744 bytes, new threshold 1 (max 15)
 [PSYoungGen: 691200K->5184K(692736K)] 726198K->40318K(2091008K), 0.0073250 secs] [Times: user=0.06 sys=0.00, real=0.01 secs] 
2014-03-20T17:18:21.938-0500: 74.392: Total time for which application threads were stopped: 0.0083900 seconds
2014-03-20T17:18:22.255-0500: 74.709: [GC
Desired survivor size 7340032 bytes, new threshold 1 (max 15)
 [PSYoungGen: 691264K->5376K(691712K)] 726398K->40654K(2089984K), 0.0078960 secs] [Times: user=0.06 sys=0.00, real=0.01 secs] 
2014-03-20T17:18:22.263-0500: 74.717: Total time for which application threads were stopped: 0.0091620 seconds
2014-03-20T17:18:22.579-0500: 75.034: [GC
Desired survivor size 7340032 bytes, new threshold 1 (max 15)
 [PSYoungGen: 691456K->5408K(692224K)] 726734K->40830K(2090496K), 0.0073780 secs] [Times: user=0.06 sys=0.01, real=0.01 secs] 
2014-03-20T17:18:22.587-0500: 75.042: Total time for which application threads were stopped: 0.0085100 seconds
2014-03-20T17:18:22.899-0500: 75.353: [GC
Desired survivor size 7340032 bytes, new threshold 1 (max 15)
 [PSYoungGen: 690464K->5664K(692224K)] 725886K->41222K(2090496K), 0.0072250 secs] [Times: user=0.05 sys=0.00, real=0.01 secs] 
2014-03-20T17:18:22.906-0500: 75.361: Total time for which application threads were stopped: 0.0085030 seconds
2014-03-20T17:18:23.213-0500: 75.668: [GC
Desired survivor size 7864320 bytes, new threshold 1 (max 15)
 [PSYoungGen: 690720K->5600K(691200K)] 726278K->41302K(2089472K), 0.0075560 secs] [Times: user=0.05 sys=0.00, real=0.01 secs] 
2014-03-20T17:18:23.221-0500: 75.676: Total time for which application threads were stopped: 0.0087230 seconds
2014-03-20T17:18:23.558-0500: 76.013: [GC
Desired survivor size 7864320 bytes, new threshold 1 (max 15)
 [PSYoungGen: 689632K->5664K(691712K)] 725334K->41502K(2089984K), 0.0075750 secs] [Times: user=0.06 sys=0.00, real=0.01 secs] 
2014-03-20T17:18:23.566-0500: 76.020: Total time for which application threads were stopped: 0.0089130 seconds
2014-03-20T17:18:23.885-0500: 76.340: [GC
Desired survivor size 7864320 bytes, new threshold 1 (max 15)
 [PSYoungGen: 689696K->5792K(691712K)] 725534K->41742K(2089984K), 0.0079700 secs] [Times: user=0.05 sys=0.00, real=0.01 secs] 
2014-03-20T17:18:23.893-0500: 76.348: Total time for which application threads were stopped: 0.0090680 seconds
2014-03-20T17:18:24.219-0500: 76.674: [GC
Desired survivor size 7864320 bytes, new threshold 1 (max 15)
 [PSYoungGen: 689824K->5952K(691712K)] 725774K->42046K(2089984K), 0.0074300 secs] [Times: user=0.06 sys=0.00, real=0.01 secs] 
2014-03-20T17:18:24.227-0500: 76.681: Total time for which application threads were stopped: 0.0089380 seconds
2014-03-20T17:18:24.538-0500: 76.993: [GC
Desired survivor size 8388608 bytes, new threshold 1 (max 15)
 [PSYoungGen: 689984K->2144K(690688K)] 726078K->38374K(2088960K), 0.0073800 secs] [Times: user=0.06 sys=0.00, real=0.01 secs] 
2014-03-20T17:18:24.545-0500: 77.000: Total time for which application threads were stopped: 0.0084210 seconds
2014-03-20T17:18:24.861-0500: 77.316: [GC
Desired survivor size 8388608 bytes, new threshold 1 (max 15)
 [PSYoungGen: 685152K->2208K(691200K)] 721382K->38574K(2089472K), 0.0069720 secs] [Times: user=0.04 sys=0.00, real=0.01 secs] 
2014-03-20T17:18:24.868-0500: 77.323: Total time for which application threads were stopped: 0.0082240 seconds
2014-03-20T17:18:25.173-0500: 77.628: [GC
Desired survivor size 8388608 bytes, new threshold 1 (max 15)
 [PSYoungGen: 685216K->2336K(691200K)] 721582K->38830K(2089472K), 0.0070870 secs] [Times: user=0.05 sys=0.00, real=0.01 secs] 
2014-03-20T17:18:25.180-0500: 77.635: Total time for which application threads were stopped: 0.0083690 seconds
2014-03-20T17:18:25.494-0500: 77.949: [GC
Desired survivor size 8388608 bytes, new threshold 1 (max 15)
 [PSYoungGen: 685344K->2336K(691200K)] 721838K->38950K(2089472K), 0.0075940 secs] [Times: user=0.05 sys=0.00, real=0.01 secs] 
2014-03-20T17:18:25.502-0500: 77.957: Total time for which application threads were stopped: 0.0091130 seconds
2014-03-20T17:18:25.817-0500: 78.272: [GC
Desired survivor size 8388608 bytes, new threshold 1 (max 15)
 [PSYoungGen: 685344K->2464K(691200K)] 721958K->39222K(2089472K), 0.0071550 secs] [Times: user=0.06 sys=0.01, real=0.00 secs] 
2014-03-20T17:18:25.825-0500: 78.279: Total time for which application threads were stopped: 0.0082240 seconds
2014-03-20T17:18:26.150-0500: 78.604: [GC
Desired survivor size 7864320 bytes, new threshold 1 (max 15)
 [PSYoungGen: 685472K->2464K(691200K)] 722230K->39350K(2089472K), 0.0070700 secs] [Times: user=0.05 sys=0.00, real=0.01 secs] 
2014-03-20T17:18:26.157-0500: 78.612: Total time for which application threads were stopped: 0.0084330 seconds
2014-03-20T17:18:26.485-0500: 78.940: [GC
Desired survivor size 7864320 bytes, new threshold 1 (max 15)
 [PSYoungGen: 685472K->2592K(691712K)] 722358K->39598K(2089984K), 0.0072290 secs] [Times: user=0.05 sys=0.00, real=0.01 secs] 
2014-03-20T17:18:26.492-0500: 78.947: Total time for which application threads were stopped: 0.0081620 seconds
2014-03-20T17:18:26.806-0500: 79.261: [GC
Desired survivor size 7864320 bytes, new threshold 1 (max 15)
 [PSYoungGen: 686624K->2656K(691712K)] 723630K->39806K(2089984K), 0.0071310 secs] [Times: user=0.05 sys=0.00, real=0.01 secs] 
2014-03-20T17:18:26.813-0500: 79.268: Total time for which application threads were stopped: 0.0084290 seconds
2014-03-20T17:18:27.129-0500: 79.584: [GC
Desired survivor size 7340032 bytes, new threshold 1 (max 15)
 [PSYoungGen: 686688K->2720K(692224K)] 723838K->40006K(2090496K), 0.0071740 secs] [Times: user=0.06 sys=0.00, real=0.01 secs] 
2014-03-20T17:18:27.136-0500: 79.591: Total time for which application threads were stopped: 0.0082690 seconds
2014-03-20T17:18:27.462-0500: 79.916: [GC
Desired survivor size 7340032 bytes, new threshold 1 (max 15)
 [PSYoungGen: 687264K->2816K(691712K)] 724550K->40198K(2089984K), 0.0083830 secs] [Times: user=0.05 sys=0.00, real=0.01 secs] 
2014-03-20T17:18:27.470-0500: 79.925: Total time for which application threads were stopped: 0.0206230 seconds
2014-03-20T17:18:27.793-0500: 80.248: [GC
Desired survivor size 6815744 bytes, new threshold 1 (max 15)
 [PSYoungGen: 687360K->2976K(692736K)] 724742K->40454K(2091008K), 0.0072140 secs] [Times: user=0.03 sys=0.00, real=0.01 secs] 
2014-03-20T17:18:27.800-0500: 80.255: Total time for which application threads were stopped: 0.0083230 seconds
2014-03-20T17:18:28.114-0500: 80.569: [GC
Desired survivor size 6815744 bytes, new threshold 1 (max 15)
 [PSYoungGen: 688544K->3008K(692224K)] 726022K->40622K(2090496K), 0.0069950 secs] [Times: user=0.05 sys=0.00, real=0.01 secs] 
2014-03-20T17:18:28.121-0500: 80.576: Total time for which application threads were stopped: 0.0086000 seconds
2014-03-20T17:18:28.435-0500: 80.890: [GC
Desired survivor size 6291456 bytes, new threshold 1 (max 15)
 [PSYoungGen: 688576K->3104K(693248K)] 726190K->40854K(2091520K), 0.0069570 secs] [Times: user=0.05 sys=0.00, real=0.01 secs] 
2014-03-20T17:18:28.442-0500: 80.897: Total time for which application threads were stopped: 0.0081230 seconds
2014-03-20T17:18:28.753-0500: 81.208: [GC
Desired survivor size 6291456 bytes, new threshold 1 (max 15)
 [PSYoungGen: 689696K->3296K(692736K)] 727446K->41190K(2091008K), 0.0075270 secs] [Times: user=0.06 sys=0.00, real=0.01 secs] 
2014-03-20T17:18:28.761-0500: 81.215: Total time for which application threads were stopped: 0.0088780 seconds
2014-03-20T17:18:29.066-0500: 81.520: [GC
Desired survivor size 5767168 bytes, new threshold 1 (max 15)
 [PSYoungGen: 689888K->3456K(693760K)] 727782K->41486K(2092032K), 0.0076000 secs] [Times: user=0.06 sys=0.00, real=0.01 secs] 
2014-03-20T17:18:29.074-0500: 81.528: Total time for which application threads were stopped: 0.0087200 seconds
2014-03-20T17:18:29.420-0500: 81.874: [GC
Desired survivor size 5767168 bytes, new threshold 1 (max 15)
 [PSYoungGen: 691072K->3520K(693248K)] 729102K->41694K(2091520K), 0.0073810 secs] [Times: user=0.05 sys=0.00, real=0.01 secs] 
2014-03-20T17:18:29.427-0500: 81.882: Total time for which application threads were stopped: 0.0087080 seconds
2014-03-20T17:18:29.783-0500: 82.238: [GC
Desired survivor size 5767168 bytes, new threshold 1 (max 15)
 [PSYoungGen: 691136K->3616K(693760K)] 729310K->41894K(2092032K), 0.0079570 secs] [Times: user=0.04 sys=0.00, real=0.01 secs] 
2014-03-20T17:18:29.791-0500: 82.246: Total time for which application threads were stopped: 0.0089260 seconds
2014-03-20T17:18:30.122-0500: 82.576: [GC
Desired survivor size 5767168 bytes, new threshold 1 (max 15)
 [PSYoungGen: 691744K->3904K(693760K)] 730022K->42302K(2092032K), 0.0077000 secs] [Times: user=0.06 sys=0.01, real=0.01 secs] 
2014-03-20T17:18:30.130-0500: 82.584: Total time for which application threads were stopped: 0.0089880 seconds
2014-03-20T17:18:30.446-0500: 82.901: [GC
Desired survivor size 5767168 bytes, new threshold 1 (max 15)
 [PSYoungGen: 692032K->3968K(693760K)] 730430K->42510K(2092032K), 0.0076010 secs] [Times: user=0.06 sys=0.00, real=0.00 secs] 
2014-03-20T17:18:30.454-0500: 82.909: Total time for which application threads were stopped: 0.0086290 seconds
2014-03-20T17:18:30.455-0500: 82.910: Total time for which application threads were stopped: 0.0006390 seconds
2014-03-20T17:18:30.775-0500: 83.230: [GC
Desired survivor size 5767168 bytes, new threshold 1 (max 15)
 [PSYoungGen: 692096K->4192K(693760K)] 730638K->42870K(2092032K), 0.0071250 secs] [Times: user=0.06 sys=0.00, real=0.01 secs] 
2014-03-20T17:18:30.783-0500: 83.237: Total time for which application threads were stopped: 0.0084670 seconds
2014-03-20T17:18:31.087-0500: 83.542: [GC
Desired survivor size 5767168 bytes, new threshold 1 (max 15)
 [PSYoungGen: 692320K->4352K(693760K)] 730998K->43174K(2092032K), 0.0069520 secs] [Times: user=0.05 sys=0.00, real=0.00 secs] 
2014-03-20T17:18:31.094-0500: 83.549: Total time for which application threads were stopped: 0.0079870 seconds
2014-03-20T17:18:31.413-0500: 83.868: [GC
Desired survivor size 5767168 bytes, new threshold 1 (max 15)
 [PSYoungGen: 692480K->4448K(693760K)] 731302K->43406K(2092032K), 0.0078480 secs] [Times: user=0.06 sys=0.00, real=0.01 secs] 
2014-03-20T17:18:31.422-0500: 83.876: Total time for which application threads were stopped: 0.0091150 seconds
2014-03-20T17:18:31.737-0500: 84.192: [GC
Desired survivor size 6291456 bytes, new threshold 1 (max 15)
 [PSYoungGen: 692576K->4608K(692736K)] 731534K->43702K(2091008K), 0.0069330 secs] [Times: user=0.05 sys=0.00, real=0.00 secs] 
2014-03-20T17:18:31.745-0500: 84.199: Total time for which application threads were stopped: 0.0080430 seconds
2014-03-20T17:18:32.025-0500: 84.480: [GC
Desired survivor size 6291456 bytes, new threshold 1 (max 15)
 [PSYoungGen: 691712K->4736K(693248K)] 730806K->43966K(2091520K), 0.0067170 secs] [Times: user=0.05 sys=0.01, real=0.01 secs] 
2014-03-20T17:18:32.032-0500: 84.487: Total time for which application threads were stopped: 0.0079440 seconds
2014-03-20T17:18:32.326-0500: 84.781: [GC
Desired survivor size 6291456 bytes, new threshold 1 (max 15)
 [PSYoungGen: 691840K->4960K(693248K)] 731070K->44222K(2091520K), 0.0132470 secs] [Times: user=0.06 sys=0.00, real=0.01 secs] 
2014-03-20T17:18:32.340-0500: 84.795: Total time for which application threads were stopped: 0.0144010 seconds
2014-03-20T17:18:32.633-0500: 85.088: [GC
Desired survivor size 6815744 bytes, new threshold 1 (max 15)
 [PSYoungGen: 692064K->5056K(692224K)] 731326K->44454K(2090496K), 0.0073490 secs] [Times: user=0.06 sys=0.00, real=0.01 secs] 
2014-03-20T17:18:32.641-0500: 85.095: Total time for which application threads were stopped: 0.0085840 seconds
2014-03-20T17:18:32.940-0500: 85.395: [GC
Desired survivor size 6815744 bytes, new threshold 1 (max 15)
 [PSYoungGen: 692160K->5152K(692736K)] 731558K->44686K(2091008K), 0.0073350 secs] [Times: user=0.06 sys=0.00, real=0.01 secs] 
2014-03-20T17:18:32.947-0500: 85.402: Total time for which application threads were stopped: 0.0083900 seconds
2014-03-20T17:18:33.235-0500: 85.690: [GC
Desired survivor size 6815744 bytes, new threshold 1 (max 15)
 [PSYoungGen: 691232K->5312K(692736K)] 730766K->44990K(2091008K), 0.0072980 secs] [Times: user=0.06 sys=0.00, real=0.01 secs] 
2014-03-20T17:18:33.242-0500: 85.697: Total time for which application threads were stopped: 0.0086530 seconds
2014-03-20T17:18:33.556-0500: 86.010: [GC
Desired survivor size 7340032 bytes, new threshold 1 (max 15)
 [PSYoungGen: 691392K->5408K(691712K)] 731070K->45230K(2089984K), 0.0068620 secs] [Times: user=0.05 sys=0.00, real=0.01 secs] 
2014-03-20T17:18:33.563-0500: 86.017: Total time for which application threads were stopped: 0.0079990 seconds
2014-03-20T17:18:33.867-0500: 86.321: [GC
Desired survivor size 7340032 bytes, new threshold 1 (max 15)
 [PSYoungGen: 690464K->5568K(692224K)] 730286K->45526K(2090496K), 0.0073620 secs] [Times: user=0.05 sys=0.00, real=0.01 secs] 
2014-03-20T17:18:33.874-0500: 86.329: Total time for which application threads were stopped: 0.0087140 seconds
2014-03-20T17:18:34.166-0500: 86.621: [GC
Desired survivor size 7340032 bytes, new threshold 1 (max 15)
 [PSYoungGen: 690624K->5568K(692224K)] 730582K->45670K(2090496K), 0.0076570 secs] [Times: user=0.06 sys=0.00, real=0.01 secs] 
2014-03-20T17:18:34.174-0500: 86.629: Total time for which application threads were stopped: 0.0089380 seconds
2014-03-20T17:18:34.486-0500: 86.941: [GC
Desired survivor size 7864320 bytes, new threshold 1 (max 15)
 [PSYoungGen: 690624K->5728K(691200K)] 730726K->45974K(2089472K), 0.0074740 secs] [Times: user=0.05 sys=0.00, real=0.01 secs] 
2014-03-20T17:18:34.494-0500: 86.949: Total time for which application threads were stopped: 0.0087250 seconds
2014-03-20T17:18:34.821-0500: 87.276: [GC
Desired survivor size 7864320 bytes, new threshold 1 (max 15)
 [PSYoungGen: 690784K->5856K(691712K)] 731030K->46246K(2089984K), 0.0076520 secs] [Times: user=0.06 sys=0.00, real=0.01 secs] 
2014-03-20T17:18:34.829-0500: 87.284: Total time for which application threads were stopped: 0.0087360 seconds
2014-03-20T17:18:35.144-0500: 87.599: [GC
Desired survivor size 7864320 bytes, new threshold 1 (max 15)
 [PSYoungGen: 689888K->5856K(691712K)] 730278K->46374K(2089984K), 0.0077170 secs] [Times: user=0.05 sys=0.00, real=0.01 secs] 
2014-03-20T17:18:35.152-0500: 87.606: Total time for which application threads were stopped: 0.0089300 seconds
2014-03-20T17:18:35.463-0500: 87.917: [GC
Desired survivor size 8388608 bytes, new threshold 1 (max 15)
 [PSYoungGen: 689888K->2176K(690688K)] 730406K->42806K(2088960K), 0.0079060 secs] [Times: user=0.05 sys=0.00, real=0.01 secs] 
2014-03-20T17:18:35.471-0500: 87.925: Total time for which application threads were stopped: 0.0089030 seconds
2014-03-20T17:18:35.767-0500: 88.221: [GC
Desired survivor size 8388608 bytes, new threshold 1 (max 15)
 [PSYoungGen: 685184K->2176K(691200K)] 725814K->42910K(2089472K), 0.0072420 secs] [Times: user=0.04 sys=0.00, real=0.01 secs] 
2014-03-20T17:18:35.774-0500: 88.229: Total time for which application threads were stopped: 0.0085170 seconds
2014-03-20T17:18:36.082-0500: 88.537: [GC
Desired survivor size 8388608 bytes, new threshold 1 (max 15)
 [PSYoungGen: 685184K->2240K(691200K)] 725918K->43118K(2089472K), 0.0069880 secs] [Times: user=0.05 sys=0.00, real=0.01 secs] 
2014-03-20T17:18:36.089-0500: 88.544: Total time for which application threads were stopped: 0.0081170 seconds
2014-03-20T17:18:36.393-0500: 88.848: [GC
Desired survivor size 8388608 bytes, new threshold 1 (max 15)
 [PSYoungGen: 685248K->2400K(691200K)] 726126K->43390K(2089472K), 0.0068340 secs] [Times: user=0.05 sys=0.00, real=0.01 secs] 
2014-03-20T17:18:36.400-0500: 88.855: Total time for which application threads were stopped: 0.0081030 seconds
2014-03-20T17:18:36.704-0500: 89.158: [GC
Desired survivor size 8388608 bytes, new threshold 1 (max 15)
 [PSYoungGen: 685408K->2432K(691200K)] 726398K->43558K(2089472K), 0.0069710 secs] [Times: user=0.05 sys=0.00, real=0.01 secs] 
2014-03-20T17:18:36.711-0500: 89.166: Total time for which application threads were stopped: 0.0079820 seconds
2014-03-20T17:18:37.024-0500: 89.479: [GC
Desired survivor size 7864320 bytes, new threshold 1 (max 15)
 [PSYoungGen: 685440K->2432K(691200K)] 726566K->43686K(2089472K), 0.0070800 secs] [Times: user=0.05 sys=0.01, real=0.01 secs] 
2014-03-20T17:18:37.031-0500: 89.486: Total time for which application threads were stopped: 0.0084630 seconds
2014-03-20T17:18:37.348-0500: 89.803: [GC
Desired survivor size 7864320 bytes, new threshold 1 (max 15)
 [PSYoungGen: 685440K->2464K(691712K)] 726694K->43830K(2089984K), 0.0071410 secs] [Times: user=0.04 sys=0.00, real=0.00 secs] 
2014-03-20T17:18:37.356-0500: 89.810: Total time for which application threads were stopped: 0.0080250 seconds
2014-03-20T17:18:37.677-0500: 90.132: [GC
Desired survivor size 7864320 bytes, new threshold 1 (max 15)
 [PSYoungGen: 686496K->2656K(691712K)] 727862K->44158K(2089984K), 0.0074100 secs] [Times: user=0.05 sys=0.00, real=0.00 secs] 
2014-03-20T17:18:37.685-0500: 90.140: Total time for which application threads were stopped: 0.0086500 seconds
2014-03-20T17:18:37.993-0500: 90.448: [GC
Desired survivor size 7340032 bytes, new threshold 1 (max 15)
 [PSYoungGen: 686688K->2752K(692224K)] 728190K->44390K(2090496K), 0.0071930 secs] [Times: user=0.05 sys=0.00, real=0.01 secs] 
2014-03-20T17:18:38.000-0500: 90.455: Total time for which application threads were stopped: 0.0083330 seconds
2014-03-20T17:18:38.304-0500: 90.759: [GC
Desired survivor size 7340032 bytes, new threshold 1 (max 15)
 [PSYoungGen: 687296K->2816K(691712K)] 728934K->44598K(2089984K), 0.0069190 secs] [Times: user=0.05 sys=0.00, real=0.01 secs] 
2014-03-20T17:18:38.311-0500: 90.766: Total time for which application threads were stopped: 0.0081030 seconds
2014-03-20T17:18:38.612-0500: 91.067: [GC
Desired survivor size 6815744 bytes, new threshold 1 (max 15)
 [PSYoungGen: 687360K->2880K(692736K)] 729142K->44806K(2091008K), 0.0073330 secs] [Times: user=0.06 sys=0.01, real=0.01 secs] 
2014-03-20T17:18:38.620-0500: 91.075: Total time for which application threads were stopped: 0.0083560 seconds
2014-03-20T17:18:38.918-0500: 91.372: [GC
Desired survivor size 6815744 bytes, new threshold 1 (max 15)
 [PSYoungGen: 688448K->3008K(692224K)] 730374K->45078K(2090496K), 0.0070110 secs] [Times: user=0.05 sys=0.00, real=0.00 secs] 
2014-03-20T17:18:38.925-0500: 91.380: Total time for which application threads were stopped: 0.0081190 seconds
2014-03-20T17:18:38.958-0500: 91.413: Total time for which application threads were stopped: 0.0006310 seconds
2014-03-20T17:18:39.222-0500: 91.677: [GC
Desired survivor size 6291456 bytes, new threshold 1 (max 15)
 [PSYoungGen: 688576K->3072K(693248K)] 730646K->45278K(2091520K), 0.0071470 secs] [Times: user=0.06 sys=0.00, real=0.01 secs] 
2014-03-20T17:18:39.229-0500: 91.684: Total time for which application threads were stopped: 0.0081530 seconds
2014-03-20T17:18:39.569-0500: 92.024: [GC
Desired survivor size 6291456 bytes, new threshold 1 (max 15)
 [PSYoungGen: 689664K->3264K(692736K)] 731870K->45614K(2091008K), 0.0070130 secs] [Times: user=0.05 sys=0.01, real=0.00 secs] 
2014-03-20T17:18:39.576-0500: 92.031: Total time for which application threads were stopped: 0.0082290 seconds
2014-03-20T17:18:39.876-0500: 92.331: [GC
Desired survivor size 5767168 bytes, new threshold 1 (max 15)
 [PSYoungGen: 689856K->3392K(693760K)] 732206K->45886K(2092032K), 0.0069100 secs] [Times: user=0.05 sys=0.01, real=0.01 secs] 
2014-03-20T17:18:39.883-0500: 92.338: Total time for which application threads were stopped: 0.0080890 seconds
2014-03-20T17:18:40.182-0500: 92.636: [GC
Desired survivor size 5767168 bytes, new threshold 1 (max 15)
 [PSYoungGen: 691008K->3552K(693248K)] 733502K->46190K(2091520K), 0.0071040 secs] [Times: user=0.06 sys=0.00, real=0.01 secs] 
2014-03-20T17:18:40.189-0500: 92.644: Total time for which application threads were stopped: 0.0084160 seconds
2014-03-20T17:18:40.502-0500: 92.957: [GC
Desired survivor size 5767168 bytes, new threshold 1 (max 15)
 [PSYoungGen: 691168K->3712K(693760K)] 733806K->46494K(2092032K), 0.0068720 secs] [Times: user=0.06 sys=0.00, real=0.01 secs] 
2014-03-20T17:18:40.509-0500: 92.964: Total time for which application threads were stopped: 0.0079040 seconds
2014-03-20T17:18:40.804-0500: 93.259: [GC
Desired survivor size 5767168 bytes, new threshold 1 (max 15)
 [PSYoungGen: 691840K->3712K(693760K)] 734622K->46630K(2092032K), 0.0071010 secs] [Times: user=0.05 sys=0.00, real=0.01 secs] 
2014-03-20T17:18:40.811-0500: 93.266: Total time for which application threads were stopped: 0.0087090 seconds
2014-03-20T17:18:41.110-0500: 93.564: [GC
Desired survivor size 5767168 bytes, new threshold 1 (max 15)
 [PSYoungGen: 691840K->3904K(693760K)] 734758K->46966K(2092032K), 0.0068510 secs] [Times: user=0.06 sys=0.00, real=0.00 secs] 
2014-03-20T17:18:41.117-0500: 93.571: Total time for which application threads were stopped: 0.0078690 seconds
2014-03-20T17:18:41.415-0500: 93.869: [GC
Desired survivor size 5767168 bytes, new threshold 1 (max 15)
 [PSYoungGen: 692032K->4096K(693760K)] 735094K->47294K(2092032K), 0.0068020 secs] [Times: user=0.04 sys=0.00, real=0.01 secs] 
2014-03-20T17:18:41.422-0500: 93.876: Total time for which application threads were stopped: 0.0079400 seconds
2014-03-20T17:18:41.756-0500: 94.211: [GC
Desired survivor size 5767168 bytes, new threshold 1 (max 15)
 [PSYoungGen: 692224K->4352K(693760K)] 735422K->47686K(2092032K), 0.0071000 secs] [Times: user=0.05 sys=0.00, real=0.01 secs] 
2014-03-20T17:18:41.764-0500: 94.218: Total time for which application threads were stopped: 0.0081780 seconds
2014-03-20T17:18:42.078-0500: 94.533: [GC
Desired survivor size 5767168 bytes, new threshold 1 (max 15)
 [PSYoungGen: 692480K->4448K(693760K)] 735814K->47918K(2092032K), 0.0074670 secs] [Times: user=0.06 sys=0.00, real=0.00 secs] 
2014-03-20T17:18:42.086-0500: 94.541: Total time for which application threads were stopped: 0.0087030 seconds
2014-03-20T17:18:42.396-0500: 94.851: [GC
Desired survivor size 6291456 bytes, new threshold 1 (max 15)
 [PSYoungGen: 692576K->4672K(692736K)] 736046K->48286K(2091008K), 0.0078960 secs] [Times: user=0.07 sys=0.00, real=0.01 secs] 
2014-03-20T17:18:42.404-0500: 94.859: Total time for which application threads were stopped: 0.0090130 seconds
2014-03-20T17:18:42.709-0500: 95.163: [GC
Desired survivor size 6291456 bytes, new threshold 1 (max 15)
 [PSYoungGen: 691776K->4736K(693248K)] 735390K->48494K(2091520K), 0.0073360 secs] [Times: user=0.06 sys=0.00, real=0.00 secs] 
2014-03-20T17:18:42.716-0500: 95.171: Total time for which application threads were stopped: 0.0085720 seconds
2014-03-20T17:18:43.020-0500: 95.475: [GC
Desired survivor size 6291456 bytes, new threshold 1 (max 15)
 [PSYoungGen: 691840K->4832K(693248K)] 735598K->48726K(2091520K), 0.0079410 secs] [Times: user=0.06 sys=0.00, real=0.01 secs] 
2014-03-20T17:18:43.028-0500: 95.483: Total time for which application threads were stopped: 0.0091590 seconds
2014-03-20T17:18:43.333-0500: 95.787: [GC
Desired survivor size 6815744 bytes, new threshold 1 (max 15)
 [PSYoungGen: 691936K->4960K(692224K)] 735830K->48990K(2090496K), 0.0070680 secs] [Times: user=0.05 sys=0.00, real=0.01 secs] 
2014-03-20T17:18:43.340-0500: 95.795: Total time for which application threads were stopped: 0.0082120 seconds
2014-03-20T17:18:43.658-0500: 96.112: [GC
Desired survivor size 6815744 bytes, new threshold 1 (max 15)
 [PSYoungGen: 692064K->5152K(692736K)] 736094K->49326K(2091008K), 0.0067730 secs] [Times: user=0.06 sys=0.00, real=0.01 secs] 
2014-03-20T17:18:43.665-0500: 96.119: Total time for which application threads were stopped: 0.0078350 seconds
2014-03-20T17:18:43.965-0500: 96.420: [GC
Desired survivor size 6815744 bytes, new threshold 1 (max 15)
 [PSYoungGen: 691232K->5248K(692736K)] 735406K->49566K(2091008K), 0.0069180 secs] [Times: user=0.06 sys=0.00, real=0.01 secs] 
2014-03-20T17:18:43.972-0500: 96.427: Total time for which application threads were stopped: 0.0081080 seconds
2014-03-20T17:18:44.287-0500: 96.741: [GC
Desired survivor size 7340032 bytes, new threshold 1 (max 15)
 [PSYoungGen: 691328K->5376K(691712K)] 735646K->49838K(2089984K), 0.0067930 secs] [Times: user=0.06 sys=0.00, real=0.01 secs] 
2014-03-20T17:18:44.294-0500: 96.748: Total time for which application threads were stopped: 0.0078360 seconds
2014-03-20T17:18:44.614-0500: 97.069: [GC
Desired survivor size 7340032 bytes, new threshold 1 (max 15)
 [PSYoungGen: 690432K->5408K(692224K)] 734894K->49918K(2090496K), 0.0087940 secs] [Times: user=0.06 sys=0.01, real=0.01 secs] 
2014-03-20T17:18:44.623-0500: 97.078: Total time for which application threads were stopped: 0.0098930 seconds
2014-03-20T17:18:44.937-0500: 97.392: [GC
Desired survivor size 7340032 bytes, new threshold 1 (max 15)
 [PSYoungGen: 690464K->5600K(692224K)] 734974K->50174K(2090496K), 0.0071180 secs] [Times: user=0.05 sys=0.00, real=0.01 secs] 
2014-03-20T17:18:44.945-0500: 97.399: Total time for which application threads were stopped: 0.0081470 seconds
2014-03-20T17:18:45.240-0500: 97.694: [GC
Desired survivor size 7864320 bytes, new threshold 1 (max 15)
 [PSYoungGen: 690656K->5696K(691200K)] 735230K->50414K(2089472K), 0.0070860 secs] [Times: user=0.06 sys=0.00, real=0.00 secs] 
2014-03-20T17:18:45.247-0500: 97.702: Total time for which application threads were stopped: 0.0082000 seconds
2014-03-20T17:18:45.553-0500: 98.008: [GC
Desired survivor size 7864320 bytes, new threshold 1 (max 15)
 [PSYoungGen: 690752K->5920K(691712K)] 735470K->50750K(2089984K), 0.0066710 secs] [Times: user=0.04 sys=0.00, real=0.01 secs] 
2014-03-20T17:18:45.560-0500: 98.015: Total time for which application threads were stopped: 0.0077160 seconds
2014-03-20T17:18:45.861-0500: 98.316: [GC
Desired survivor size 7864320 bytes, new threshold 1 (max 15)
 [PSYoungGen: 689952K->5952K(691712K)] 734782K->50926K(2089984K), 0.0066990 secs] [Times: user=0.05 sys=0.00, real=0.00 secs] 
2014-03-20T17:18:45.868-0500: 98.323: Total time for which application threads were stopped: 0.0079360 seconds
2014-03-20T17:18:46.176-0500: 98.631: [GC
Desired survivor size 8388608 bytes, new threshold 1 (max 15)
 [PSYoungGen: 689984K->2176K(690688K)] 734958K->47222K(2088960K), 0.0075890 secs] [Times: user=0.05 sys=0.00, real=0.01 secs] 
2014-03-20T17:18:46.184-0500: 98.639: Total time for which application threads were stopped: 0.0087290 seconds
2014-03-20T17:18:46.501-0500: 98.955: [GC
Desired survivor size 8388608 bytes, new threshold 1 (max 15)
 [PSYoungGen: 685184K->2208K(691200K)] 730230K->47398K(2089472K), 0.0062230 secs] [Times: user=0.05 sys=0.00, real=0.00 secs] 
2014-03-20T17:18:46.507-0500: 98.962: Total time for which application threads were stopped: 0.0074950 seconds
2014-03-20T17:18:46.812-0500: 99.266: [GC
Desired survivor size 8388608 bytes, new threshold 1 (max 15)
 [PSYoungGen: 685216K->2240K(691200K)] 730406K->47566K(2089472K), 0.0068360 secs] [Times: user=0.06 sys=0.00, real=0.00 secs] 
2014-03-20T17:18:46.819-0500: 99.273: Total time for which application threads were stopped: 0.0078640 seconds
2014-03-20T17:18:47.120-0500: 99.575: [GC
Desired survivor size 8388608 bytes, new threshold 1 (max 15)
 [PSYoungGen: 685248K->2368K(691200K)] 730574K->47838K(2089472K), 0.0068550 secs] [Times: user=0.06 sys=0.00, real=0.00 secs] 
2014-03-20T17:18:47.127-0500: 99.582: Total time for which application threads were stopped: 0.0078780 seconds
2014-03-20T17:18:47.436-0500: 99.891: [GC
Desired survivor size 8388608 bytes, new threshold 1 (max 15)
 [PSYoungGen: 685376K->2400K(691200K)] 730846K->48014K(2089472K), 0.0062070 secs] [Times: user=0.05 sys=0.00, real=0.01 secs] 
2014-03-20T17:18:47.443-0500: 99.897: Total time for which application threads were stopped: 0.0071020 seconds
2014-03-20T17:18:47.763-0500: 100.218: [GC
Desired survivor size 7864320 bytes, new threshold 1 (max 15)
 [PSYoungGen: 685408K->2464K(691200K)] 731022K->48214K(2089472K), 0.0068120 secs] [Times: user=0.05 sys=0.00, real=0.01 secs] 
2014-03-20T17:18:47.770-0500: 100.225: Total time for which application threads were stopped: 0.0079640 seconds
2014-03-20T17:18:48.062-0500: 100.517: [GC
Desired survivor size 7864320 bytes, new threshold 1 (max 15)
 [PSYoungGen: 685472K->2496K(691712K)] 731222K->48382K(2089984K), 0.0065770 secs] [Times: user=0.05 sys=0.00, real=0.00 secs] 
2014-03-20T17:18:48.069-0500: 100.523: Total time for which application threads were stopped: 0.0074510 seconds
2014-03-20T17:18:48.366-0500: 100.821: [GC
Desired survivor size 7864320 bytes, new threshold 1 (max 15)
 [PSYoungGen: 686528K->2688K(691712K)] 732414K->48710K(2089984K), 0.0070900 secs] [Times: user=0.06 sys=0.00, real=0.01 secs] 
2014-03-20T17:18:48.374-0500: 100.828: Total time for which application threads were stopped: 0.0081320 seconds
2014-03-20T17:18:48.695-0500: 101.149: [GC
Desired survivor size 7340032 bytes, new threshold 1 (max 15)
 [PSYoungGen: 686720K->2688K(692224K)] 732742K->48846K(2090496K), 0.0069640 secs] [Times: user=0.06 sys=0.00, real=0.01 secs] 
2014-03-20T17:18:48.702-0500: 101.157: Total time for which application threads were stopped: 0.0078710 seconds
2014-03-20T17:18:49.003-0500: 101.458: [GC
Desired survivor size 7340032 bytes, new threshold 1 (max 15)
 [PSYoungGen: 687232K->2816K(691712K)] 733390K->49118K(2089984K), 0.0069090 secs] [Times: user=0.06 sys=0.00, real=0.01 secs] 
2014-03-20T17:18:49.010-0500: 101.465: Total time for which application threads were stopped: 0.0080940 seconds
2014-03-20T17:18:49.318-0500: 101.772: [GC
Desired survivor size 6815744 bytes, new threshold 1 (max 15)
 [PSYoungGen: 687360K->2944K(692736K)] 733662K->49374K(2091008K), 0.0069890 secs] [Times: user=0.06 sys=0.00, real=0.01 secs] 
2014-03-20T17:18:49.325-0500: 101.779: Total time for which application threads were stopped: 0.0081000 seconds
2014-03-20T17:18:49.637-0500: 102.092: [GC
Desired survivor size 6815744 bytes, new threshold 1 (max 15)
 [PSYoungGen: 688512K->2944K(692224K)] 734942K->49510K(2090496K), 0.0065060 secs] [Times: user=0.05 sys=0.00, real=0.01 secs] 
2014-03-20T17:18:49.644-0500: 102.099: Total time for which application threads were stopped: 0.0076620 seconds
2014-03-20T17:18:49.939-0500: 102.394: [GC
Desired survivor size 6291456 bytes, new threshold 1 (max 15)
 [PSYoungGen: 688512K->3136K(693248K)] 735078K->49846K(2091520K), 0.0065790 secs] [Times: user=0.05 sys=0.00, real=0.00 secs] 
2014-03-20T17:18:49.946-0500: 102.401: Total time for which application threads were stopped: 0.0076480 seconds
2014-03-20T17:18:50.250-0500: 102.705: [GC
Desired survivor size 6291456 bytes, new threshold 1 (max 15)
 [PSYoungGen: 689728K->3200K(692736K)] 736438K->50046K(2091008K), 0.0075940 secs] [Times: user=0.06 sys=0.00, real=0.00 secs] 
2014-03-20T17:18:50.258-0500: 102.712: Total time for which application threads were stopped: 0.0088420 seconds
2014-03-20T17:18:50.554-0500: 103.009: [GC
Desired survivor size 5767168 bytes, new threshold 1 (max 15)
 [PSYoungGen: 689792K->3424K(693760K)] 736638K->50406K(2092032K), 0.0074980 secs] [Times: user=0.06 sys=0.00, real=0.01 secs] 
2014-03-20T17:18:50.562-0500: 103.017: Total time for which application threads were stopped: 0.0087510 seconds
2014-03-20T17:18:50.880-0500: 103.335: [GC
Desired survivor size 5767168 bytes, new threshold 1 (max 15)
 [PSYoungGen: 691040K->3584K(693248K)] 738022K->50710K(2091520K), 0.0081000 secs] [Times: user=0.06 sys=0.00, real=0.00 secs] 
2014-03-20T17:18:50.888-0500: 103.343: Total time for which application threads were stopped: 0.0094460 seconds
2014-03-20T17:18:51.215-0500: 103.669: [GC
Desired survivor size 5767168 bytes, new threshold 1 (max 15)
 [PSYoungGen: 691200K->3616K(693760K)] 738326K->50838K(2092032K), 0.0075140 secs] [Times: user=0.04 sys=0.01, real=0.01 secs] 
2014-03-20T17:18:51.222-0500: 103.677: Total time for which application threads were stopped: 0.0085870 seconds
2014-03-20T17:18:51.574-0500: 104.029: [GC
Desired survivor size 5767168 bytes, new threshold 1 (max 15)
 [PSYoungGen: 691744K->3904K(693760K)] 738966K->51270K(2092032K), 0.0072350 secs] [Times: user=0.05 sys=0.00, real=0.01 secs] 
2014-03-20T17:18:51.582-0500: 104.036: Total time for which application threads were stopped: 0.0086820 seconds
2014-03-20T17:18:51.906-0500: 104.361: [GC
Desired survivor size 5767168 bytes, new threshold 1 (max 15)
 [PSYoungGen: 692032K->4032K(693760K)] 739398K->51558K(2092032K), 0.0076140 secs] [Times: user=0.06 sys=0.01, real=0.01 secs] 
2014-03-20T17:18:51.914-0500: 104.368: Total time for which application threads were stopped: 0.0086370 seconds
2014-03-20T17:18:52.232-0500: 104.687: [GC
Desired survivor size 5767168 bytes, new threshold 1 (max 15)
 [PSYoungGen: 692160K->4096K(693760K)] 739686K->51766K(2092032K), 0.0076210 secs] [Times: user=0.07 sys=0.01, real=0.01 secs] 
2014-03-20T17:18:52.240-0500: 104.695: Total time for which application threads were stopped: 0.0088650 seconds
2014-03-20T17:18:52.554-0500: 105.009: [GC
Desired survivor size 5767168 bytes, new threshold 1 (max 15)
 [PSYoungGen: 692224K->4320K(693760K)] 739894K->52134K(2092032K), 0.0070030 secs] [Times: user=0.06 sys=0.00, real=0.01 secs] 
2014-03-20T17:18:52.561-0500: 105.016: Total time for which application threads were stopped: 0.0080360 seconds
2014-03-20T17:18:52.879-0500: 105.334: [GC
Desired survivor size 5767168 bytes, new threshold 1 (max 15)
 [PSYoungGen: 692448K->4352K(693760K)] 740262K->52302K(2092032K), 0.0079230 secs] [Times: user=0.07 sys=0.00, real=0.01 secs] 
2014-03-20T17:18:52.887-0500: 105.342: Total time for which application threads were stopped: 0.0093620 seconds
2014-03-20T17:18:53.202-0500: 105.657: [GC
Desired survivor size 6291456 bytes, new threshold 1 (max 15)
 [PSYoungGen: 692480K->4640K(692736K)] 740430K->52718K(2091008K), 0.0067850 secs] [Times: user=0.05 sys=0.00, real=0.00 secs] 
2014-03-20T17:18:53.209-0500: 105.664: Total time for which application threads were stopped: 0.0078540 seconds
2014-03-20T17:18:53.543-0500: 105.998: [GC
Desired survivor size 6291456 bytes, new threshold 1 (max 15)
 [PSYoungGen: 691744K->4736K(693248K)] 739822K->52942K(2091520K), 0.0071940 secs] [Times: user=0.06 sys=0.00, real=0.01 secs] 
2014-03-20T17:18:53.550-0500: 106.005: Total time for which application threads were stopped: 0.0084640 seconds
2014-03-20T17:18:53.848-0500: 106.303: [GC
Desired survivor size 6291456 bytes, new threshold 1 (max 15)
 [PSYoungGen: 691840K->4928K(693248K)] 740046K->53278K(2091520K), 0.0067120 secs] [Times: user=0.05 sys=0.00, real=0.01 secs] 
2014-03-20T17:18:53.855-0500: 106.310: Total time for which application threads were stopped: 0.0077320 seconds
2014-03-20T17:18:54.164-0500: 106.618: [GC
Desired survivor size 6815744 bytes, new threshold 1 (max 15)
 [PSYoungGen: 692032K->5088K(692224K)] 740382K->53582K(2090496K), 0.0069300 secs] [Times: user=0.06 sys=0.00, real=0.01 secs] 
2014-03-20T17:18:54.171-0500: 106.625: Total time for which application threads were stopped: 0.0082050 seconds
2014-03-20T17:18:54.495-0500: 106.950: [GC
Desired survivor size 6815744 bytes, new threshold 1 (max 15)
 [PSYoungGen: 692192K->5120K(692736K)] 740686K->53750K(2091008K), 0.0067510 secs] [Times: user=0.05 sys=0.00, real=0.01 secs] 
2014-03-20T17:18:54.502-0500: 106.957: Total time for which application threads were stopped: 0.0076930 seconds
2014-03-20T17:18:54.817-0500: 107.272: [GC
Desired survivor size 6815744 bytes, new threshold 1 (max 15)
 [PSYoungGen: 691200K->5280K(692736K)] 739830K->54046K(2091008K), 0.0078390 secs] [Times: user=0.07 sys=0.00, real=0.01 secs] 
2014-03-20T17:18:54.825-0500: 107.280: Total time for which application threads were stopped: 0.0090600 seconds
2014-03-20T17:18:55.133-0500: 107.588: [GC
Desired survivor size 7340032 bytes, new threshold 1 (max 15)
 [PSYoungGen: 691360K->5376K(691712K)] 740126K->54286K(2089984K), 0.0075160 secs] [Times: user=0.06 sys=0.00, real=0.01 secs] 
2014-03-20T17:18:55.141-0500: 107.596: Total time for which application threads were stopped: 0.0086670 seconds
2014-03-20T17:18:55.463-0500: 107.918: [GC
Desired survivor size 7340032 bytes, new threshold 1 (max 15)
 [PSYoungGen: 690432K->5504K(692224K)] 739342K->54462K(2090496K), 0.0180240 secs] [Times: user=0.16 sys=0.01, real=0.02 secs] 
2014-03-20T17:18:55.481-0500: 107.936: Total time for which application threads were stopped: 0.0192850 seconds
2014-03-20T17:18:55.804-0500: 108.258: [GC
Desired survivor size 7340032 bytes, new threshold 1 (max 15)
 [PSYoungGen: 690560K->5632K(692224K)] 739518K->54734K(2090496K), 0.0075070 secs] [Times: user=0.06 sys=0.00, real=0.01 secs] 
2014-03-20T17:18:55.811-0500: 108.266: Total time for which application threads were stopped: 0.0085130 seconds
2014-03-20T17:18:56.113-0500: 108.568: [GC
Desired survivor size 7864320 bytes, new threshold 1 (max 15)
 [PSYoungGen: 690688K->5760K(691200K)] 739790K->55006K(2089472K), 0.0077800 secs] [Times: user=0.06 sys=0.01, real=0.01 secs] 
2014-03-20T17:18:56.121-0500: 108.576: Total time for which application threads were stopped: 0.0091200 seconds
2014-03-20T17:18:56.434-0500: 108.889: [GC
Desired survivor size 7864320 bytes, new threshold 1 (max 15)
 [PSYoungGen: 690816K->5760K(691712K)] 740062K->55142K(2089984K), 0.0078360 secs] [Times: user=0.06 sys=0.00, real=0.01 secs] 
2014-03-20T17:18:56.442-0500: 108.897: Total time for which application threads were stopped: 0.0090250 seconds
2014-03-20T17:18:56.760-0500: 109.215: [GC
Desired survivor size 7864320 bytes, new threshold 1 (max 15)
 [PSYoungGen: 689792K->5856K(691712K)] 739174K->55382K(2089984K), 0.0074490 secs] [Times: user=0.07 sys=0.00, real=0.01 secs] 
2014-03-20T17:18:56.767-0500: 109.222: Total time for which application threads were stopped: 0.0087930 seconds
2014-03-20T17:18:57.083-0500: 109.538: [GC
Desired survivor size 8388608 bytes, new threshold 1 (max 15)
 [PSYoungGen: 689888K->2176K(690688K)] 739414K->51838K(2088960K), 0.0071190 secs] [Times: user=0.06 sys=0.01, real=0.01 secs] 
2014-03-20T17:18:57.091-0500: 109.545: Total time for which application threads were stopped: 0.0082650 seconds
2014-03-20T17:18:57.398-0500: 109.853: [GC
Desired survivor size 8388608 bytes, new threshold 1 (max 15)
 [PSYoungGen: 685184K->2240K(691200K)] 734846K->52046K(2089472K), 0.0075330 secs] [Times: user=0.06 sys=0.01, real=0.01 secs] 
2014-03-20T17:18:57.406-0500: 109.861: Total time for which application threads were stopped: 0.0088580 seconds
2014-03-20T17:18:57.736-0500: 110.191: [GC
Desired survivor size 8388608 bytes, new threshold 1 (max 15)
 [PSYoungGen: 685248K->2272K(691200K)] 735054K->52222K(2089472K), 0.0066000 secs] [Times: user=0.05 sys=0.00, real=0.01 secs] 
2014-03-20T17:18:57.743-0500: 110.198: Total time for which application threads were stopped: 0.0077830 seconds
2014-03-20T17:18:58.051-0500: 110.506: [GC
Desired survivor size 8388608 bytes, new threshold 1 (max 15)
 [PSYoungGen: 685280K->2368K(691200K)] 735230K->52454K(2089472K), 0.0066990 secs] [Times: user=0.05 sys=0.00, real=0.00 secs] 
2014-03-20T17:18:58.058-0500: 110.513: Total time for which application threads were stopped: 0.0079310 seconds
2014-03-20T17:18:58.362-0500: 110.817: [GC
Desired survivor size 8388608 bytes, new threshold 1 (max 15)
 [PSYoungGen: 685376K->2368K(691200K)] 735462K->52510K(2089472K), 0.0089810 secs] [Times: user=0.06 sys=0.00, real=0.01 secs] 
2014-03-20T17:18:58.371-0500: 110.826: Total time for which application threads were stopped: 0.0099140 seconds
2014-03-20T17:18:58.680-0500: 111.135: [GC
Desired survivor size 7864320 bytes, new threshold 1 (max 15)
 [PSYoungGen: 685376K->2368K(691200K)] 735518K->52646K(2089472K), 0.0066950 secs] [Times: user=0.05 sys=0.00, real=0.00 secs] 
2014-03-20T17:18:58.687-0500: 111.142: Total time for which application threads were stopped: 0.0079020 seconds
2014-03-20T17:18:58.997-0500: 111.452: [GC
Desired survivor size 7864320 bytes, new threshold 1 (max 15)
 [PSYoungGen: 685376K->2592K(691712K)] 735654K->53014K(2089984K), 0.0068720 secs] [Times: user=0.04 sys=0.00, real=0.01 secs] 
2014-03-20T17:18:59.004-0500: 111.459: Total time for which application threads were stopped: 0.0080670 seconds
2014-03-20T17:18:59.013-0500: 111.468: Total time for which application threads were stopped: 0.0006140 seconds
2014-03-20T17:18:59.018-0500: 111.472: Total time for which application threads were stopped: 0.0008500 seconds
2014-03-20T17:18:59.018-0500: 111.473: Total time for which application threads were stopped: 0.0003520 seconds
2014-03-20T17:18:59.019-0500: 111.473: Total time for which application threads were stopped: 0.0002980 seconds
2014-03-20T17:18:59.318-0500: 111.773: [GC
Desired survivor size 7864320 bytes, new threshold 1 (max 15)
 [PSYoungGen: 686624K->2496K(691712K)] 737046K->53062K(2089984K), 0.0074180 secs] [Times: user=0.06 sys=0.01, real=0.01 secs] 
2014-03-20T17:18:59.326-0500: 111.780: Total time for which application threads were stopped: 0.0086090 seconds
2014-03-20T17:18:59.654-0500: 112.109: [GC
Desired survivor size 7340032 bytes, new threshold 1 (max 15)
 [PSYoungGen: 686528K->2528K(692224K)] 737094K->53262K(2090496K), 0.0065630 secs] [Times: user=0.05 sys=0.00, real=0.00 secs] 
2014-03-20T17:18:59.661-0500: 112.116: Total time for which application threads were stopped: 0.0076160 seconds
2014-03-20T17:18:59.971-0500: 112.426: [GC
Desired survivor size 7340032 bytes, new threshold 1 (max 15)
 [PSYoungGen: 687072K->2624K(691712K)] 737806K->53486K(2089984K), 0.0072300 secs] [Times: user=0.05 sys=0.01, real=0.00 secs] 
2014-03-20T17:18:59.979-0500: 112.434: Total time for which application threads were stopped: 0.0082620 seconds
2014-03-20T17:19:00.293-0500: 112.748: [GC
Desired survivor size 6815744 bytes, new threshold 1 (max 15)
 [PSYoungGen: 687168K->2720K(692736K)] 738030K->53790K(2091008K), 0.0068660 secs] [Times: user=0.05 sys=0.00, real=0.00 secs] 
2014-03-20T17:19:00.300-0500: 112.755: Total time for which application threads were stopped: 0.0087590 seconds
2014-03-20T17:19:00.616-0500: 113.071: [GC
Desired survivor size 6815744 bytes, new threshold 1 (max 15)
 [PSYoungGen: 688288K->2752K(692224K)] 739358K->54046K(2090496K), 0.0081690 secs] [Times: user=0.05 sys=0.01, real=0.01 secs] 
2014-03-20T17:19:00.625-0500: 113.079: Total time for which application threads were stopped: 0.0092070 seconds
2014-03-20T17:19:00.934-0500: 113.389: [GC
Desired survivor size 6291456 bytes, new threshold 1 (max 15)
 [PSYoungGen: 688320K->2880K(693248K)] 739614K->54318K(2091520K), 0.0072070 secs] [Times: user=0.07 sys=0.01, real=0.01 secs] 
2014-03-20T17:19:00.941-0500: 113.396: Total time for which application threads were stopped: 0.0083070 seconds
2014-03-20T17:19:01.258-0500: 113.713: [GC
Desired survivor size 6291456 bytes, new threshold 1 (max 15)
 [PSYoungGen: 689472K->3008K(692736K)] 740910K->54582K(2091008K), 0.0067540 secs] [Times: user=0.05 sys=0.00, real=0.01 secs] 
2014-03-20T17:19:01.265-0500: 113.719: Total time for which application threads were stopped: 0.0078400 seconds
2014-03-20T17:19:01.592-0500: 114.047: [GC
Desired survivor size 5767168 bytes, new threshold 1 (max 15)
 [PSYoungGen: 689600K->3104K(693760K)] 741174K->54822K(2092032K), 0.0070480 secs] [Times: user=0.05 sys=0.00, real=0.00 secs] 
2014-03-20T17:19:01.600-0500: 114.054: Total time for which application threads were stopped: 0.0081520 seconds
2014-03-20T17:19:01.920-0500: 114.375: [GC
Desired survivor size 5767168 bytes, new threshold 1 (max 15)
 [PSYoungGen: 690720K->3360K(693248K)] 742438K->55294K(2091520K), 0.0073400 secs] [Times: user=0.06 sys=0.00, real=0.01 secs] 
2014-03-20T17:19:01.927-0500: 114.382: Total time for which application threads were stopped: 0.0084660 seconds
2014-03-20T17:19:02.242-0500: 114.696: [GC
Desired survivor size 5767168 bytes, new threshold 1 (max 15)
 [PSYoungGen: 690976K->3424K(693760K)] 742910K->55590K(2092032K), 0.0071750 secs] [Times: user=0.06 sys=0.00, real=0.00 secs] 
2014-03-20T17:19:02.249-0500: 114.704: Total time for which application threads were stopped: 0.0080600 seconds
2014-03-20T17:19:02.564-0500: 115.018: [GC
Desired survivor size 5767168 bytes, new threshold 1 (max 15)
 [PSYoungGen: 691552K->3648K(693760K)] 743718K->55982K(2092032K), 0.0068880 secs] [Times: user=0.05 sys=0.00, real=0.00 secs] 
2014-03-20T17:19:02.571-0500: 115.025: Total time for which application threads were stopped: 0.0081030 seconds
2014-03-20T17:19:02.876-0500: 115.331: [GC
Desired survivor size 5767168 bytes, new threshold 1 (max 15)
 [PSYoungGen: 691776K->3840K(693760K)] 744110K->56382K(2092032K), 0.0071260 secs] [Times: user=0.06 sys=0.00, real=0.01 secs] 
2014-03-20T17:19:02.884-0500: 115.338: Total time for which application threads were stopped: 0.0082950 seconds
2014-03-20T17:19:03.187-0500: 115.642: [GC
Desired survivor size 5767168 bytes, new threshold 1 (max 15)
 [PSYoungGen: 691968K->4000K(693760K)] 744510K->56790K(2092032K), 0.0070160 secs] [Times: user=0.05 sys=0.00, real=0.01 secs] 
2014-03-20T17:19:03.195-0500: 115.649: Total time for which application threads were stopped: 0.0083030 seconds
2014-03-20T17:19:03.524-0500: 115.979: [GC
Desired survivor size 5767168 bytes, new threshold 1 (max 15)
 [PSYoungGen: 692128K->4064K(693760K)] 744918K->57062K(2092032K), 0.0073080 secs] [Times: user=0.05 sys=0.00, real=0.01 secs] 
2014-03-20T17:19:03.532-0500: 115.987: Total time for which application threads were stopped: 0.0084620 seconds
2014-03-20T17:19:03.840-0500: 116.295: [GC
Desired survivor size 5767168 bytes, new threshold 1 (max 15)
 [PSYoungGen: 692192K->4192K(693760K)] 745190K->57390K(2092032K), 0.0087910 secs] [Times: user=0.06 sys=0.00, real=0.01 secs] 
2014-03-20T17:19:03.849-0500: 116.304: Total time for which application threads were stopped: 0.0100080 seconds
2014-03-20T17:19:04.169-0500: 116.624: [GC
Desired survivor size 5767168 bytes, new threshold 1 (max 15)
 [PSYoungGen: 692320K->4352K(693760K)] 745518K->57694K(2092032K), 0.0072100 secs] [Times: user=0.05 sys=0.01, real=0.01 secs] 
2014-03-20T17:19:04.176-0500: 116.631: Total time for which application threads were stopped: 0.0083080 seconds
2014-03-20T17:19:04.502-0500: 116.957: [GC
Desired survivor size 6291456 bytes, new threshold 1 (max 15)
 [PSYoungGen: 692480K->4640K(693248K)] 745822K->58158K(2091520K), 0.0072110 secs] [Times: user=0.05 sys=0.01, real=0.00 secs] 
2014-03-20T17:19:04.510-0500: 116.965: Total time for which application threads were stopped: 0.0086910 seconds
2014-03-20T17:19:04.832-0500: 117.287: [GC
Desired survivor size 6291456 bytes, new threshold 1 (max 15)
 [PSYoungGen: 692768K->4704K(693248K)] 746286K->58486K(2091520K), 0.0075080 secs] [Times: user=0.05 sys=0.00, real=0.00 secs] 
2014-03-20T17:19:04.840-0500: 117.294: Total time for which application threads were stopped: 0.0088100 seconds
2014-03-20T17:19:05.150-0500: 117.605: [GC
Desired survivor size 6291456 bytes, new threshold 1 (max 15)
 [PSYoungGen: 691808K->4864K(693248K)] 745590K->58790K(2091520K), 0.0076900 secs] [Times: user=0.06 sys=0.00, real=0.01 secs] 
2014-03-20T17:19:05.158-0500: 117.613: Total time for which application threads were stopped: 0.0091640 seconds
2014-03-20T17:19:05.487-0500: 117.942: [GC
Desired survivor size 6815744 bytes, new threshold 1 (max 15)
 [PSYoungGen: 691968K->5056K(692224K)] 745894K->59222K(2090496K), 0.0085160 secs] [Times: user=0.06 sys=0.00, real=0.01 secs] 
2014-03-20T17:19:05.496-0500: 117.951: Total time for which application threads were stopped: 0.0095950 seconds
2014-03-20T17:19:05.813-0500: 118.268: [GC
Desired survivor size 6815744 bytes, new threshold 1 (max 15)
 [PSYoungGen: 691136K->5056K(692736K)] 745302K->59462K(2091008K), 0.0070750 secs] [Times: user=0.05 sys=0.00, real=0.00 secs] 
2014-03-20T17:19:05.820-0500: 118.275: Total time for which application threads were stopped: 0.0083490 seconds
2014-03-20T17:19:06.132-0500: 118.587: [GC
Desired survivor size 6815744 bytes, new threshold 1 (max 15)
 [PSYoungGen: 691136K->5184K(692736K)] 745542K->59718K(2091008K), 0.0074180 secs] [Times: user=0.06 sys=0.01, real=0.00 secs] 
2014-03-20T17:19:06.140-0500: 118.594: Total time for which application threads were stopped: 0.0085020 seconds
2014-03-20T17:19:06.461-0500: 118.916: [GC
Desired survivor size 7340032 bytes, new threshold 1 (max 15)
 [PSYoungGen: 691264K->5280K(691712K)] 745798K->59958K(2089984K), 0.0080650 secs] [Times: user=0.06 sys=0.00, real=0.01 secs] 
2014-03-20T17:19:06.469-0500: 118.924: Total time for which application threads were stopped: 0.0095510 seconds
2014-03-20T17:19:06.785-0500: 119.240: [GC
Desired survivor size 7340032 bytes, new threshold 1 (max 15)
 [PSYoungGen: 691360K->5440K(692224K)] 746038K->60254K(2090496K), 0.0071180 secs] [Times: user=0.05 sys=0.01, real=0.01 secs] 
2014-03-20T17:19:06.793-0500: 119.247: Total time for which application threads were stopped: 0.0081010 seconds
2014-03-20T17:19:07.104-0500: 119.559: [GC
Desired survivor size 7340032 bytes, new threshold 1 (max 15)
 [PSYoungGen: 690496K->5568K(692224K)] 745310K->60526K(2090496K), 0.0073980 secs] [Times: user=0.06 sys=0.00, real=0.00 secs] 
2014-03-20T17:19:07.111-0500: 119.566: Total time for which application threads were stopped: 0.0089070 seconds
2014-03-20T17:19:07.419-0500: 119.874: [GC
Desired survivor size 7864320 bytes, new threshold 1 (max 15)
 [PSYoungGen: 690624K->5600K(691200K)] 745582K->60694K(2089472K), 0.0072940 secs] [Times: user=0.06 sys=0.00, real=0.01 secs] 
2014-03-20T17:19:07.427-0500: 119.881: Total time for which application threads were stopped: 0.0085650 seconds
2014-03-20T17:19:07.741-0500: 120.196: [GC
Desired survivor size 7864320 bytes, new threshold 1 (max 15)
 [PSYoungGen: 689632K->5664K(691712K)] 744726K->60894K(2089984K), 0.0071830 secs] [Times: user=0.06 sys=0.00, real=0.01 secs] 
2014-03-20T17:19:07.749-0500: 120.203: Total time for which application threads were stopped: 0.0084800 seconds
2014-03-20T17:19:08.042-0500: 120.497: [GC
Desired survivor size 7864320 bytes, new threshold 1 (max 15)
 [PSYoungGen: 689696K->5760K(691712K)] 744926K->61134K(2089984K), 0.0072000 secs] [Times: user=0.06 sys=0.00, real=0.00 secs] 
2014-03-20T17:19:08.049-0500: 120.504: Total time for which application threads were stopped: 0.0083660 seconds
2014-03-20T17:19:08.356-0500: 120.811: [GC
Desired survivor size 7864320 bytes, new threshold 1 (max 15)
 [PSYoungGen: 689792K->5856K(691712K)] 745166K->61374K(2089984K), 0.0075960 secs] [Times: user=0.07 sys=0.00, real=0.01 secs] 
2014-03-20T17:19:08.364-0500: 120.818: Total time for which application threads were stopped: 0.0089460 seconds
2014-03-20T17:19:08.685-0500: 121.140: [GC
Desired survivor size 8388608 bytes, new threshold 1 (max 15)
 [PSYoungGen: 689888K->2048K(690688K)] 745406K->57710K(2088960K), 0.0068470 secs] [Times: user=0.05 sys=0.00, real=0.00 secs] 
2014-03-20T17:19:08.692-0500: 121.147: Total time for which application threads were stopped: 0.0079130 seconds
2014-03-20T17:19:08.997-0500: 121.452: [GC
Desired survivor size 8388608 bytes, new threshold 1 (max 15)
 [PSYoungGen: 685056K->2144K(691200K)] 740718K->57934K(2089472K), 0.0071700 secs] [Times: user=0.06 sys=0.00, real=0.01 secs] 
2014-03-20T17:19:09.005-0500: 121.459: Total time for which application threads were stopped: 0.0083210 seconds
2014-03-20T17:19:09.309-0500: 121.764: [GC
Desired survivor size 8388608 bytes, new threshold 1 (max 15)
 [PSYoungGen: 685152K->2240K(691200K)] 740942K->58158K(2089472K), 0.0071590 secs] [Times: user=0.05 sys=0.00, real=0.01 secs] 
2014-03-20T17:19:09.316-0500: 121.771: Total time for which application threads were stopped: 0.0082570 seconds
2014-03-20T17:19:09.649-0500: 122.104: [GC
Desired survivor size 8388608 bytes, new threshold 1 (max 15)
 [PSYoungGen: 685248K->2336K(691200K)] 741166K->58358K(2089472K), 0.0070630 secs] [Times: user=0.05 sys=0.00, real=0.01 secs] 
2014-03-20T17:19:09.656-0500: 122.111: Total time for which application threads were stopped: 0.0084640 seconds
2014-03-20T17:19:09.956-0500: 122.410: [GC
Desired survivor size 8388608 bytes, new threshold 1 (max 15)
 [PSYoungGen: 685344K->2368K(691200K)] 741366K->58510K(2089472K), 0.0073770 secs] [Times: user=0.06 sys=0.00, real=0.01 secs] 
2014-03-20T17:19:09.963-0500: 122.418: Total time for which application threads were stopped: 0.0084210 seconds
2014-03-20T17:19:10.269-0500: 122.724: [GC
Desired survivor size 7864320 bytes, new threshold 1 (max 15)
 [PSYoungGen: 685376K->2496K(691200K)] 741518K->58750K(2089472K), 0.0076180 secs] [Times: user=0.05 sys=0.01, real=0.01 secs] 
2014-03-20T17:19:10.277-0500: 122.732: Total time for which application threads were stopped: 0.0089020 seconds
2014-03-20T17:19:10.591-0500: 123.046: [GC
Desired survivor size 7864320 bytes, new threshold 1 (max 15)
 [PSYoungGen: 685504K->2496K(691712K)] 741758K->58886K(2089984K), 0.0071990 secs] [Times: user=0.05 sys=0.00, real=0.01 secs] 
2014-03-20T17:19:10.599-0500: 123.053: Total time for which application threads were stopped: 0.0081920 seconds
2014-03-20T17:19:10.921-0500: 123.376: [GC
Desired survivor size 7864320 bytes, new threshold 1 (max 15)
 [PSYoungGen: 686528K->2592K(691712K)] 742918K->59094K(2089984K), 0.0075770 secs] [Times: user=0.06 sys=0.00, real=0.01 secs] 
2014-03-20T17:19:10.929-0500: 123.384: Total time for which application threads were stopped: 0.0087900 seconds
2014-03-20T17:19:11.251-0500: 123.706: [GC
Desired survivor size 7340032 bytes, new threshold 1 (max 15)
 [PSYoungGen: 686624K->2688K(692224K)] 743126K->59310K(2090496K), 0.0074640 secs] [Times: user=0.06 sys=0.00, real=0.01 secs] 
2014-03-20T17:19:11.259-0500: 123.714: Total time for which application threads were stopped: 0.0085300 seconds
2014-03-20T17:19:11.579-0500: 124.034: [GC
Desired survivor size 7340032 bytes, new threshold 1 (max 15)
 [PSYoungGen: 687232K->2816K(691712K)] 743854K->59582K(2089984K), 0.0072930 secs] [Times: user=0.06 sys=0.01, real=0.01 secs] 
2014-03-20T17:19:11.586-0500: 124.041: Total time for which application threads were stopped: 0.0086010 seconds
2014-03-20T17:19:11.889-0500: 124.344: [GC
Desired survivor size 6815744 bytes, new threshold 1 (max 15)
 [PSYoungGen: 687360K->2880K(692736K)] 744126K->59774K(2091008K), 0.0077510 secs] [Times: user=0.06 sys=0.00, real=0.01 secs] 
2014-03-20T17:19:11.897-0500: 124.352: Total time for which application threads were stopped: 0.0088410 seconds
2014-03-20T17:19:12.199-0500: 124.654: [GC
Desired survivor size 6815744 bytes, new threshold 1 (max 15)
 [PSYoungGen: 688448K->2912K(692224K)] 745342K->59934K(2090496K), 0.0076160 secs] [Times: user=0.05 sys=0.00, real=0.01 secs] 
2014-03-20T17:19:12.207-0500: 124.662: Total time for which application threads were stopped: 0.0089240 seconds
2014-03-20T17:19:12.519-0500: 124.974: [GC
Desired survivor size 6291456 bytes, new threshold 1 (max 15)
 [PSYoungGen: 688480K->3136K(693248K)] 745502K->60302K(2091520K), 0.0076540 secs] [Times: user=0.05 sys=0.00, real=0.01 secs] 
2014-03-20T17:19:12.527-0500: 124.982: Total time for which application threads were stopped: 0.0086040 seconds
2014-03-20T17:19:12.837-0500: 125.292: [GC
Desired survivor size 6291456 bytes, new threshold 1 (max 15)
 [PSYoungGen: 689728K->3296K(692736K)] 746894K->60590K(2091008K), 0.0069220 secs] [Times: user=0.05 sys=0.00, real=0.01 secs] 
2014-03-20T17:19:12.845-0500: 125.299: Total time for which application threads were stopped: 0.0081040 seconds
2014-03-20T17:19:13.166-0500: 125.621: [GC
Desired survivor size 5767168 bytes, new threshold 1 (max 15)
 [PSYoungGen: 689888K->3328K(693760K)] 747182K->60742K(2092032K), 0.0072920 secs] [Times: user=0.06 sys=0.00, real=0.01 secs] 
2014-03-20T17:19:13.174-0500: 125.629: Total time for which application threads were stopped: 0.0082830 seconds
2014-03-20T17:19:13.502-0500: 125.956: [GC
Desired survivor size 5767168 bytes, new threshold 1 (max 15)
 [PSYoungGen: 690944K->3584K(693248K)] 748358K->61094K(2091520K), 0.0078960 secs] [Times: user=0.05 sys=0.00, real=0.01 secs] 
2014-03-20T17:19:13.510-0500: 125.964: Total time for which application threads were stopped: 0.0090630 seconds
2014-03-20T17:19:13.826-0500: 126.281: [GC
Desired survivor size 5767168 bytes, new threshold 1 (max 15)
 [PSYoungGen: 691200K->3712K(693760K)] 748710K->61366K(2092032K), 0.0070340 secs] [Times: user=0.06 sys=0.00, real=0.01 secs] 
2014-03-20T17:19:13.833-0500: 126.288: Total time for which application threads were stopped: 0.0081500 seconds
2014-03-20T17:19:14.137-0500: 126.592: [GC
Desired survivor size 5767168 bytes, new threshold 1 (max 15)
 [PSYoungGen: 691840K->3872K(693760K)] 749494K->61638K(2092032K), 0.0078240 secs] [Times: user=0.06 sys=0.01, real=0.01 secs] 
2014-03-20T17:19:14.146-0500: 126.600: Total time for which application threads were stopped: 0.0090590 seconds
2014-03-20T17:19:14.459-0500: 126.913: [GC
Desired survivor size 5767168 bytes, new threshold 1 (max 15)
 [PSYoungGen: 692000K->4000K(693760K)] 749766K->61902K(2092032K), 0.0074210 secs] [Times: user=0.07 sys=0.00, real=0.01 secs] 
2014-03-20T17:19:14.466-0500: 126.921: Total time for which application threads were stopped: 0.0085450 seconds
2014-03-20T17:19:14.784-0500: 127.239: [GC
Desired survivor size 5767168 bytes, new threshold 1 (max 15)
 [PSYoungGen: 692128K->4128K(693760K)] 750030K->62166K(2092032K), 0.0074810 secs] [Times: user=0.06 sys=0.01, real=0.00 secs] 
2014-03-20T17:19:14.792-0500: 127.246: Total time for which application threads were stopped: 0.0087490 seconds
2014-03-20T17:19:15.120-0500: 127.575: [GC
Desired survivor size 5767168 bytes, new threshold 1 (max 15)
 [PSYoungGen: 692256K->4224K(693760K)] 750294K->62390K(2092032K), 0.0070820 secs] [Times: user=0.05 sys=0.01, real=0.01 secs] 
2014-03-20T17:19:15.127-0500: 127.582: Total time for which application threads were stopped: 0.0084060 seconds
2014-03-20T17:19:15.467-0500: 127.921: [GC
Desired survivor size 5767168 bytes, new threshold 1 (max 15)
 [PSYoungGen: 692352K->4416K(693760K)] 750518K->62702K(2092032K), 0.0073100 secs] [Times: user=0.06 sys=0.00, real=0.01 secs] 
2014-03-20T17:19:15.474-0500: 127.929: Total time for which application threads were stopped: 0.0203590 seconds
2014-03-20T17:19:15.790-0500: 128.245: [GC
Desired survivor size 6291456 bytes, new threshold 1 (max 15)
 [PSYoungGen: 692544K->4576K(692736K)] 750830K->62974K(2091008K), 0.0071510 secs] [Times: user=0.06 sys=0.00, real=0.01 secs] 
2014-03-20T17:19:15.797-0500: 128.252: Total time for which application threads were stopped: 0.0082460 seconds
2014-03-20T17:19:16.123-0500: 128.577: [GC
Desired survivor size 6291456 bytes, new threshold 1 (max 15)
 [PSYoungGen: 691680K->4704K(693248K)] 750078K->63238K(2091520K), 0.0069500 secs] [Times: user=0.05 sys=0.01, real=0.01 secs] 
2014-03-20T17:19:16.130-0500: 128.585: Total time for which application threads were stopped: 0.0082540 seconds
2014-03-20T17:19:16.447-0500: 128.902: [GC
Desired survivor size 6291456 bytes, new threshold 1 (max 15)
 [PSYoungGen: 691808K->4864K(693248K)] 750342K->63542K(2091520K), 0.0076320 secs] [Times: user=0.06 sys=0.00, real=0.01 secs] 
2014-03-20T17:19:16.455-0500: 128.910: Total time for which application threads were stopped: 0.0086920 seconds
2014-03-20T17:19:16.772-0500: 129.226: [GC
Desired survivor size 6815744 bytes, new threshold 1 (max 15)
 [PSYoungGen: 691968K->5088K(692224K)] 750646K->63894K(2090496K), 0.0071770 secs] [Times: user=0.06 sys=0.00, real=0.01 secs] 
2014-03-20T17:19:16.779-0500: 129.234: Total time for which application threads were stopped: 0.0083800 seconds
2014-03-20T17:19:17.087-0500: 129.541: [GC
Desired survivor size 6815744 bytes, new threshold 1 (max 15)
 [PSYoungGen: 692192K->5248K(692736K)] 750998K->64182K(2091008K), 0.0072570 secs] [Times: user=0.06 sys=0.01, real=0.01 secs] 
2014-03-20T17:19:17.094-0500: 129.549: Total time for which application threads were stopped: 0.0084990 seconds
2014-03-20T17:19:17.408-0500: 129.863: [GC
Desired survivor size 7340032 bytes, new threshold 1 (max 15)
 [PSYoungGen: 691328K->5376K(691712K)] 750262K->64438K(2089984K), 0.0085320 secs] [Times: user=0.05 sys=0.00, real=0.01 secs] 
2014-03-20T17:19:17.417-0500: 129.872: Total time for which application threads were stopped: 0.0097740 seconds
2014-03-20T17:19:17.747-0500: 130.202: [GC
Desired survivor size 7340032 bytes, new threshold 1 (max 15)
 [PSYoungGen: 691456K->5504K(692224K)] 750518K->64710K(2090496K), 0.0070480 secs] [Times: user=0.05 sys=0.00, real=0.01 secs] 
2014-03-20T17:19:17.755-0500: 130.209: Total time for which application threads were stopped: 0.0081340 seconds
2014-03-20T17:19:18.062-0500: 130.517: [GC
Desired survivor size 7340032 bytes, new threshold 1 (max 15)
 [PSYoungGen: 690560K->5504K(692224K)] 749766K->64854K(2090496K), 0.0074890 secs] [Times: user=0.07 sys=0.00, real=0.01 secs] 
2014-03-20T17:19:18.070-0500: 130.525: Total time for which application threads were stopped: 0.0089550 seconds
2014-03-20T17:19:18.373-0500: 130.827: [GC
Desired survivor size 7864320 bytes, new threshold 1 (max 15)
 [PSYoungGen: 690560K->5632K(691200K)] 749910K->65046K(2089472K), 0.0093060 secs] [Times: user=0.06 sys=0.00, real=0.01 secs] 
2014-03-20T17:19:18.382-0500: 130.837: Total time for which application threads were stopped: 0.0104600 seconds
2014-03-20T17:19:18.701-0500: 131.156: [GC
Desired survivor size 7864320 bytes, new threshold 1 (max 15)
 [PSYoungGen: 689664K->5760K(691712K)] 749078K->65318K(2089984K), 0.0072610 secs] [Times: user=0.06 sys=0.00, real=0.01 secs] 
2014-03-20T17:19:18.709-0500: 131.164: Total time for which application threads were stopped: 0.0085620 seconds
2014-03-20T17:19:19.024-0500: 131.478: [GC
Desired survivor size 7864320 bytes, new threshold 1 (max 15)
 [PSYoungGen: 689792K->5824K(691712K)] 749350K->65518K(2089984K), 0.0074670 secs] [Times: user=0.06 sys=0.00, real=0.00 secs] 
2014-03-20T17:19:19.031-0500: 131.486: Total time for which application threads were stopped: 0.0086650 seconds
2014-03-20T17:19:19.337-0500: 131.792: [GC
Desired survivor size 7864320 bytes, new threshold 1 (max 15)
 [PSYoungGen: 689856K->5856K(691712K)] 749550K->65686K(2089984K), 0.0071440 secs] [Times: user=0.06 sys=0.00, real=0.01 secs] 
2014-03-20T17:19:19.344-0500: 131.799: Total time for which application threads were stopped: 0.0084030 seconds
2014-03-20T17:19:19.670-0500: 132.125: [GC
Desired survivor size 8388608 bytes, new threshold 1 (max 15)
 [PSYoungGen: 689888K->2112K(690688K)] 749718K->62046K(2088960K), 0.0071970 secs] [Times: user=0.05 sys=0.00, real=0.01 secs] 
2014-03-20T17:19:19.678-0500: 132.132: Total time for which application threads were stopped: 0.0086160 seconds
2014-03-20T17:19:20.006-0500: 132.461: [GC
Desired survivor size 8388608 bytes, new threshold 1 (max 15)
 [PSYoungGen: 685120K->2176K(691200K)] 745054K->62222K(2089472K), 0.0070950 secs] [Times: user=0.06 sys=0.00, real=0.00 secs] 
2014-03-20T17:19:20.014-0500: 132.468: Total time for which application threads were stopped: 0.0085050 seconds
2014-03-20T17:19:20.322-0500: 132.777: [GC
Desired survivor size 8388608 bytes, new threshold 1 (max 15)
 [PSYoungGen: 685184K->2240K(691200K)] 745230K->62406K(2089472K), 0.0074590 secs] [Times: user=0.05 sys=0.00, real=0.01 secs] 
2014-03-20T17:19:20.330-0500: 132.784: Total time for which application threads were stopped: 0.0085470 seconds
2014-03-20T17:19:20.643-0500: 133.098: [GC
Desired survivor size 8388608 bytes, new threshold 1 (max 15)
 [PSYoungGen: 685248K->2368K(691200K)] 745414K->62654K(2089472K), 0.0071690 secs] [Times: user=0.06 sys=0.00, real=0.01 secs] 
2014-03-20T17:19:20.651-0500: 133.105: Total time for which application threads were stopped: 0.0085100 seconds
2014-03-20T17:19:20.955-0500: 133.410: [GC
Desired survivor size 8388608 bytes, new threshold 1 (max 15)
 [PSYoungGen: 685376K->2464K(691200K)] 745662K->62862K(2089472K), 0.0076230 secs] [Times: user=0.05 sys=0.00, real=0.00 secs] 
2014-03-20T17:19:20.963-0500: 133.417: Total time for which application threads were stopped: 0.0086730 seconds
2014-03-20T17:19:21.275-0500: 133.730: [GC
Desired survivor size 7864320 bytes, new threshold 1 (max 15)
 [PSYoungGen: 685472K->2432K(691200K)] 745870K->62958K(2089472K), 0.0074020 secs] [Times: user=0.06 sys=0.00, real=0.00 secs] 
2014-03-20T17:19:21.283-0500: 133.738: Total time for which application threads were stopped: 0.0087140 seconds
2014-03-20T17:19:21.613-0500: 134.067: [GC
Desired survivor size 7864320 bytes, new threshold 1 (max 15)
 [PSYoungGen: 685440K->2560K(691712K)] 745966K->63214K(2089984K), 0.0075710 secs] [Times: user=0.06 sys=0.00, real=0.01 secs] 
2014-03-20T17:19:21.620-0500: 134.075: Total time for which application threads were stopped: 0.0086150 seconds
2014-03-20T17:19:21.935-0500: 134.390: [GC
Desired survivor size 7864320 bytes, new threshold 1 (max 15)
 [PSYoungGen: 686592K->2720K(691712K)] 747246K->63510K(2089984K), 0.0075620 secs] [Times: user=0.06 sys=0.01, real=0.00 secs] 
2014-03-20T17:19:21.943-0500: 134.397: Total time for which application threads were stopped: 0.0089480 seconds
2014-03-20T17:19:22.274-0500: 134.728: [GC
Desired survivor size 7340032 bytes, new threshold 1 (max 15)
 [PSYoungGen: 686752K->2688K(692224K)] 747542K->63582K(2090496K), 0.0078380 secs] [Times: user=0.06 sys=0.00, real=0.01 secs] 
2014-03-20T17:19:22.282-0500: 134.736: Total time for which application threads were stopped: 0.0089210 seconds
2014-03-20T17:19:22.600-0500: 135.055: [GC
Desired survivor size 7340032 bytes, new threshold 1 (max 15)
 [PSYoungGen: 687232K->2816K(691712K)] 748126K->63838K(2089984K), 0.0071860 secs] [Times: user=0.05 sys=0.00, real=0.01 secs] 
2014-03-20T17:19:22.607-0500: 135.062: Total time for which application threads were stopped: 0.0085070 seconds
2014-03-20T17:19:22.908-0500: 135.363: [GC
Desired survivor size 6815744 bytes, new threshold 1 (max 15)
 [PSYoungGen: 687360K->2912K(692736K)] 748382K->64070K(2091008K), 0.0071080 secs] [Times: user=0.06 sys=0.00, real=0.01 secs] 
2014-03-20T17:19:22.916-0500: 135.370: Total time for which application threads were stopped: 0.0082510 seconds
2014-03-20T17:19:23.224-0500: 135.679: [GC
Desired survivor size 6815744 bytes, new threshold 1 (max 15)
 [PSYoungGen: 688480K->2976K(692224K)] 749638K->64278K(2090496K), 0.0073500 secs] [Times: user=0.06 sys=0.01, real=0.01 secs] 
2014-03-20T17:19:23.231-0500: 135.686: Total time for which application threads were stopped: 0.0086700 seconds
2014-03-20T17:19:23.552-0500: 136.007: [GC
Desired survivor size 6291456 bytes, new threshold 1 (max 15)
 [PSYoungGen: 688544K->3040K(693248K)] 749846K->64478K(2091520K), 0.0071140 secs] [Times: user=0.06 sys=0.00, real=0.01 secs] 
2014-03-20T17:19:23.559-0500: 136.014: Total time for which application threads were stopped: 0.0084870 seconds
2014-03-20T17:19:23.872-0500: 136.326: [GC
Desired survivor size 6291456 bytes, new threshold 1 (max 15)
 [PSYoungGen: 689632K->3200K(692736K)] 751070K->64774K(2091008K), 0.0071100 secs] [Times: user=0.06 sys=0.00, real=0.01 secs] 
2014-03-20T17:19:23.879-0500: 136.334: Total time for which application threads were stopped: 0.0084000 seconds
2014-03-20T17:19:24.192-0500: 136.647: [GC
Desired survivor size 5767168 bytes, new threshold 1 (max 15)
 [PSYoungGen: 689792K->3456K(693760K)] 751366K->65158K(2092032K), 0.0076430 secs] [Times: user=0.06 sys=0.00, real=0.01 secs] 
2014-03-20T17:19:24.200-0500: 136.655: Total time for which application threads were stopped: 0.0087540 seconds
2014-03-20T17:19:24.512-0500: 136.967: [GC
Desired survivor size 5767168 bytes, new threshold 1 (max 15)
 [PSYoungGen: 691072K->3552K(693248K)] 752774K->65398K(2091520K), 0.0074700 secs] [Times: user=0.06 sys=0.00, real=0.01 secs] 
2014-03-20T17:19:24.520-0500: 136.975: Total time for which application threads were stopped: 0.0086870 seconds
2014-03-20T17:19:24.829-0500: 137.284: [GC
Desired survivor size 5767168 bytes, new threshold 1 (max 15)
 [PSYoungGen: 691168K->3680K(693760K)] 753014K->65646K(2092032K), 0.0072820 secs] [Times: user=0.05 sys=0.00, real=0.01 secs] 
2014-03-20T17:19:24.837-0500: 137.291: Total time for which application threads were stopped: 0.0082520 seconds
2014-03-20T17:19:25.144-0500: 137.599: [GC
Desired survivor size 5767168 bytes, new threshold 1 (max 15)
 [PSYoungGen: 691808K->3904K(693760K)] 753774K->65982K(2092032K), 0.0071220 secs] [Times: user=0.05 sys=0.00, real=0.01 secs] 
2014-03-20T17:19:25.151-0500: 137.606: Total time for which application threads were stopped: 0.0082570 seconds
2014-03-20T17:19:25.459-0500: 137.913: [GC
Desired survivor size 5767168 bytes, new threshold 1 (max 15)
 [PSYoungGen: 692032K->3968K(693760K)] 754110K->66158K(2092032K), 0.0095250 secs] [Times: user=0.06 sys=0.00, real=0.01 secs] 
2014-03-20T17:19:25.468-0500: 137.923: Total time for which application threads were stopped: 0.0108190 seconds
2014-03-20T17:19:25.792-0500: 138.246: [GC
Desired survivor size 5767168 bytes, new threshold 1 (max 15)
 [PSYoungGen: 692096K->4160K(693760K)] 754286K->66486K(2092032K), 0.0073630 secs] [Times: user=0.06 sys=0.00, real=0.01 secs] 
2014-03-20T17:19:25.799-0500: 138.254: Total time for which application threads were stopped: 0.0085730 seconds
2014-03-20T17:19:26.104-0500: 138.559: [GC
Desired survivor size 5767168 bytes, new threshold 1 (max 15)
 [PSYoungGen: 692288K->4288K(693760K)] 754614K->66758K(2092032K), 0.0072670 secs] [Times: user=0.05 sys=0.00, real=0.01 secs] 
2014-03-20T17:19:26.112-0500: 138.566: Total time for which application threads were stopped: 0.0085220 seconds
2014-03-20T17:19:26.431-0500: 138.886: [GC
Desired survivor size 6291456 bytes, new threshold 1 (max 15)
 [PSYoungGen: 692416K->4512K(692736K)] 754886K->67118K(2091008K), 0.0079010 secs] [Times: user=0.06 sys=0.00, real=0.01 secs] 
2014-03-20T17:19:26.439-0500: 138.894: Total time for which application threads were stopped: 0.0091050 seconds
2014-03-20T17:19:26.764-0500: 139.219: [GC
Desired survivor size 6291456 bytes, new threshold 1 (max 15)
 [PSYoungGen: 692640K->4640K(693248K)] 755246K->67382K(2091520K), 0.0074540 secs] [Times: user=0.06 sys=0.00, real=0.01 secs] 
2014-03-20T17:19:26.772-0500: 139.227: Total time for which application threads were stopped: 0.0085890 seconds
2014-03-20T17:19:27.083-0500: 139.537: [GC
Desired survivor size 6291456 bytes, new threshold 1 (max 15)
 [PSYoungGen: 691744K->4800K(693248K)] 754486K->67670K(2091520K), 0.0072460 secs] [Times: user=0.06 sys=0.00, real=0.01 secs] 
2014-03-20T17:19:27.090-0500: 139.545: Total time for which application threads were stopped: 0.0084990 seconds
2014-03-20T17:19:27.398-0500: 139.852: [GC
Desired survivor size 6815744 bytes, new threshold 1 (max 15)
 [PSYoungGen: 691904K->5024K(692224K)] 754774K->68030K(2090496K), 0.0075620 secs] [Times: user=0.06 sys=0.00, real=0.01 secs] 
2014-03-20T17:19:27.405-0500: 139.860: Total time for which application threads were stopped: 0.0087260 seconds
2014-03-20T17:19:27.738-0500: 140.193: [GC
Desired survivor size 6815744 bytes, new threshold 1 (max 15)
 [PSYoungGen: 691104K->5024K(692736K)] 754110K->68158K(2091008K), 0.0072570 secs] [Times: user=0.06 sys=0.00, real=0.01 secs] 
2014-03-20T17:19:27.746-0500: 140.200: Total time for which application threads were stopped: 0.0087810 seconds
2014-03-20T17:19:28.041-0500: 140.496: [GC
Desired survivor size 6815744 bytes, new threshold 1 (max 15)
 [PSYoungGen: 691104K->5120K(692736K)] 754238K->68398K(2091008K), 0.0070100 secs] [Times: user=0.05 sys=0.00, real=0.01 secs] 
2014-03-20T17:19:28.048-0500: 140.503: Total time for which application threads were stopped: 0.0081300 seconds
2014-03-20T17:19:28.355-0500: 140.810: [GC
Desired survivor size 6815744 bytes, new threshold 1 (max 15)
 [PSYoungGen: 691200K->5184K(692736K)] 754478K->68598K(2091008K), 0.0074660 secs] [Times: user=0.05 sys=0.00, real=0.00 secs] 
2014-03-20T17:19:28.363-0500: 140.818: Total time for which application threads were stopped: 0.0089320 seconds
2014-03-20T17:19:28.662-0500: 141.117: [GC
Desired survivor size 7340032 bytes, new threshold 1 (max 15)
 [PSYoungGen: 691264K->5376K(691712K)] 754678K->68934K(2089984K), 0.0079690 secs] [Times: user=0.06 sys=0.00, real=0.01 secs] 
2014-03-20T17:19:28.671-0500: 141.125: Total time for which application threads were stopped: 0.0091980 seconds
2014-03-20T17:19:28.983-0500: 141.437: [GC
Desired survivor size 7340032 bytes, new threshold 1 (max 15)
 [PSYoungGen: 690432K->5472K(692224K)] 753990K->69166K(2090496K), 0.0072140 secs] [Times: user=0.06 sys=0.00, real=0.01 secs] 
2014-03-20T17:19:28.990-0500: 141.445: Total time for which application threads were stopped: 0.0085470 seconds
2014-03-20T17:19:29.298-0500: 141.752: [GC
Desired survivor size 7340032 bytes, new threshold 1 (max 15)
 [PSYoungGen: 690528K->5536K(692224K)] 754222K->69358K(2090496K), 0.0077470 secs] [Times: user=0.06 sys=0.00, real=0.01 secs] 
2014-03-20T17:19:29.306-0500: 141.760: Total time for which application threads were stopped: 0.0088150 seconds
2014-03-20T17:19:29.639-0500: 142.094: [GC
Desired survivor size 7864320 bytes, new threshold 1 (max 15)
 [PSYoungGen: 690592K->5728K(691200K)] 754414K->69662K(2089472K), 0.0069020 secs] [Times: user=0.04 sys=0.00, real=0.01 secs] 
2014-03-20T17:19:29.646-0500: 142.101: Total time for which application threads were stopped: 0.0080440 seconds
2014-03-20T17:19:29.972-0500: 142.427: [GC
Desired survivor size 7864320 bytes, new threshold 1 (max 15)
 [PSYoungGen: 690784K->5824K(691712K)] 754718K->69902K(2089984K), 0.0074010 secs] [Times: user=0.05 sys=0.00, real=0.01 secs] 
2014-03-20T17:19:29.980-0500: 142.434: Total time for which application threads were stopped: 0.0084400 seconds
2014-03-20T17:19:30.310-0500: 142.765: [GC
Desired survivor size 7864320 bytes, new threshold 1 (max 15)
 [PSYoungGen: 689856K->5824K(691712K)] 753934K->70038K(2089984K), 0.0077110 secs] [Times: user=0.06 sys=0.01, real=0.01 secs] 
2014-03-20T17:19:30.318-0500: 142.773: Total time for which application threads were stopped: 0.0090070 seconds
2014-03-20T17:19:30.611-0500: 143.066: Total time for which application threads were stopped: 0.0007600 seconds
2014-03-20T17:19:30.643-0500: 143.098: [GC
Desired survivor size 8388608 bytes, new threshold 1 (max 15)
 [PSYoungGen: 689856K->2016K(690688K)] 754070K->66366K(2088960K), 0.0070080 secs] [Times: user=0.05 sys=0.00, real=0.01 secs] 
2014-03-20T17:19:30.651-0500: 143.105: Total time for which application threads were stopped: 0.0080530 seconds
2014-03-20T17:19:30.965-0500: 143.420: [GC
Desired survivor size 8388608 bytes, new threshold 1 (max 15)
 [PSYoungGen: 685024K->2080K(691200K)] 749374K->66566K(2089472K), 0.0078430 secs] [Times: user=0.06 sys=0.00, real=0.00 secs] 
2014-03-20T17:19:30.973-0500: 143.428: Total time for which application threads were stopped: 0.0090880 seconds
2014-03-20T17:19:31.292-0500: 143.747: [GC
Desired survivor size 8388608 bytes, new threshold 1 (max 15)
 [PSYoungGen: 685088K->2208K(691200K)] 749574K->66742K(2089472K), 0.0091170 secs] [Times: user=0.06 sys=0.01, real=0.01 secs] 
2014-03-20T17:19:31.301-0500: 143.756: Total time for which application threads were stopped: 0.0100200 seconds
2014-03-20T17:19:31.640-0500: 144.094: [GC
Desired survivor size 8388608 bytes, new threshold 1 (max 15)
 [PSYoungGen: 685216K->2240K(691200K)] 749750K->66902K(2089472K), 0.0074080 secs] [Times: user=0.06 sys=0.01, real=0.01 secs] 
2014-03-20T17:19:31.647-0500: 144.102: Total time for which application threads were stopped: 0.0086480 seconds
2014-03-20T17:19:31.953-0500: 144.408: [GC
Desired survivor size 8388608 bytes, new threshold 1 (max 15)
 [PSYoungGen: 685248K->2368K(691200K)] 749910K->67158K(2089472K), 0.0076020 secs] [Times: user=0.06 sys=0.00, real=0.01 secs] 
2014-03-20T17:19:31.961-0500: 144.416: Total time for which application threads were stopped: 0.0089290 seconds
2014-03-20T17:19:32.276-0500: 144.731: [GC
Desired survivor size 7864320 bytes, new threshold 1 (max 15)
 [PSYoungGen: 685376K->2400K(691200K)] 750166K->67310K(2089472K), 0.0076970 secs] [Times: user=0.07 sys=0.00, real=0.00 secs] 
2014-03-20T17:19:32.284-0500: 144.739: Total time for which application threads were stopped: 0.0089500 seconds
2014-03-20T17:19:32.595-0500: 145.049: [GC
Desired survivor size 7864320 bytes, new threshold 1 (max 15)
 [PSYoungGen: 685408K->2464K(691712K)] 750318K->67518K(2089984K), 0.0072370 secs] [Times: user=0.05 sys=0.00, real=0.01 secs] 
2014-03-20T17:19:32.602-0500: 145.057: Total time for which application threads were stopped: 0.0083030 seconds
2014-03-20T17:19:32.906-0500: 145.360: [GC
Desired survivor size 7864320 bytes, new threshold 1 (max 15)
 [PSYoungGen: 686496K->2496K(691712K)] 751550K->67670K(2089984K), 0.0078070 secs] [Times: user=0.07 sys=0.00, real=0.01 secs] 
2014-03-20T17:19:32.913-0500: 145.368: Total time for which application threads were stopped: 0.0089410 seconds
2014-03-20T17:19:33.223-0500: 145.678: [GC
Desired survivor size 7340032 bytes, new threshold 1 (max 15)
 [PSYoungGen: 686528K->2688K(692224K)] 751702K->68006K(2090496K), 0.0076690 secs] [Times: user=0.06 sys=0.00, real=0.01 secs] 
2014-03-20T17:19:33.231-0500: 145.685: Total time for which application threads were stopped: 0.0086760 seconds
2014-03-20T17:19:33.587-0500: 146.041: [GC
Desired survivor size 7340032 bytes, new threshold 1 (max 15)
 [PSYoungGen: 687232K->2784K(691712K)] 752550K->68214K(2089984K), 0.0084130 secs] [Times: user=0.06 sys=0.00, real=0.00 secs] 
2014-03-20T17:19:33.595-0500: 146.050: Total time for which application threads were stopped: 0.0098040 seconds
2014-03-20T17:19:33.917-0500: 146.372: [GC
Desired survivor size 6815744 bytes, new threshold 1 (max 15)
 [PSYoungGen: 687328K->2816K(692736K)] 752758K->68390K(2091008K), 0.0072660 secs] [Times: user=0.06 sys=0.01, real=0.00 secs] 
2014-03-20T17:19:33.925-0500: 146.380: Total time for which application threads were stopped: 0.0084170 seconds
2014-03-20T17:19:34.234-0500: 146.689: [GC
Desired survivor size 6815744 bytes, new threshold 1 (max 15)
 [PSYoungGen: 688384K->2976K(692224K)] 753958K->68694K(2090496K), 0.0072950 secs] [Times: user=0.06 sys=0.00, real=0.01 secs] 
2014-03-20T17:19:34.242-0500: 146.696: Total time for which application threads were stopped: 0.0085100 seconds
2014-03-20T17:19:34.566-0500: 147.020: [GC
Desired survivor size 6291456 bytes, new threshold 1 (max 15)
 [PSYoungGen: 688544K->3104K(693248K)] 754262K->68966K(2091520K), 0.0070670 secs] [Times: user=0.05 sys=0.01, real=0.01 secs] 
2014-03-20T17:19:34.573-0500: 147.028: Total time for which application threads were stopped: 0.0080480 seconds
2014-03-20T17:19:34.894-0500: 147.348: [GC
Desired survivor size 6291456 bytes, new threshold 1 (max 15)
 [PSYoungGen: 689696K->3168K(692736K)] 755558K->69158K(2091008K), 0.0075130 secs] [Times: user=0.06 sys=0.00, real=0.01 secs] 
2014-03-20T17:19:34.901-0500: 147.356: Total time for which application threads were stopped: 0.0088870 seconds
2014-03-20T17:19:35.207-0500: 147.662: [GC
Desired survivor size 5767168 bytes, new threshold 1 (max 15)
 [PSYoungGen: 689760K->3264K(693760K)] 755750K->69342K(2092032K), 0.0078320 secs] [Times: user=0.05 sys=0.00, real=0.00 secs] 
2014-03-20T17:19:35.215-0500: 147.670: Total time for which application threads were stopped: 0.0087000 seconds
2014-03-20T17:19:35.547-0500: 148.002: [GC
Desired survivor size 5767168 bytes, new threshold 1 (max 15)
 [PSYoungGen: 690880K->3488K(693248K)] 756958K->69702K(2091520K), 0.0078410 secs] [Times: user=0.06 sys=0.00, real=0.00 secs] 
2014-03-20T17:19:35.555-0500: 148.010: Total time for which application threads were stopped: 0.0090130 seconds
2014-03-20T17:19:35.876-0500: 148.330: [GC
Desired survivor size 5767168 bytes, new threshold 1 (max 15)
 [PSYoungGen: 691104K->3648K(693760K)] 757318K->69966K(2092032K), 0.0077100 secs] [Times: user=0.06 sys=0.00, real=0.01 secs] 
2014-03-20T17:19:35.883-0500: 148.338: Total time for which application threads were stopped: 0.0086760 seconds
2014-03-20T17:19:36.199-0500: 148.653: [GC
Desired survivor size 5767168 bytes, new threshold 1 (max 15)
 [PSYoungGen: 691776K->3936K(693760K)] 758094K->70398K(2092032K), 0.0075430 secs] [Times: user=0.06 sys=0.00, real=0.01 secs] 
2014-03-20T17:19:36.206-0500: 148.661: Total time for which application threads were stopped: 0.0088480 seconds
2014-03-20T17:19:36.534-0500: 148.989: [GC
Desired survivor size 5767168 bytes, new threshold 1 (max 15)
 [PSYoungGen: 692064K->3968K(693760K)] 758526K->70542K(2092032K), 0.0075810 secs] [Times: user=0.05 sys=0.00, real=0.01 secs] 
2014-03-20T17:19:36.542-0500: 148.997: Total time for which application threads were stopped: 0.0086130 seconds
2014-03-20T17:19:36.851-0500: 149.305: [GC
Desired survivor size 5767168 bytes, new threshold 1 (max 15)
 [PSYoungGen: 692096K->4160K(693760K)] 758670K->70862K(2092032K), 0.0079940 secs] [Times: user=0.06 sys=0.00, real=0.01 secs] 
2014-03-20T17:19:36.859-0500: 149.314: Total time for which application threads were stopped: 0.0093050 seconds
2014-03-20T17:19:37.167-0500: 149.622: [GC
Desired survivor size 5767168 bytes, new threshold 1 (max 15)
 [PSYoungGen: 692288K->4224K(693760K)] 758990K->70974K(2092032K), 0.0101340 secs] [Times: user=0.07 sys=0.00, real=0.01 secs] 
2014-03-20T17:19:37.177-0500: 149.632: Total time for which application threads were stopped: 0.0111620 seconds
2014-03-20T17:19:37.497-0500: 149.952: [GC
Desired survivor size 5767168 bytes, new threshold 1 (max 15)
 [PSYoungGen: 692352K->4448K(693760K)] 759102K->71342K(2092032K), 0.0078090 secs] [Times: user=0.06 sys=0.01, real=0.00 secs] 
2014-03-20T17:19:37.505-0500: 149.960: Total time for which application threads were stopped: 0.0089170 seconds
2014-03-20T17:19:37.827-0500: 150.282: [GC
Desired survivor size 6291456 bytes, new threshold 1 (max 15)
 [PSYoungGen: 692576K->4640K(692736K)] 759470K->71646K(2091008K), 0.0077710 secs] [Times: user=0.06 sys=0.00, real=0.00 secs] 
2014-03-20T17:19:37.835-0500: 150.290: Total time for which application threads were stopped: 0.0087740 seconds
2014-03-20T17:19:38.140-0500: 150.594: [GC
Desired survivor size 6291456 bytes, new threshold 1 (max 15)
 [PSYoungGen: 691744K->4832K(693248K)] 758750K->71950K(2091520K), 0.0078520 secs] [Times: user=0.05 sys=0.00, real=0.01 secs] 
2014-03-20T17:19:38.148-0500: 150.603: Total time for which application threads were stopped: 0.0091590 seconds
2014-03-20T17:19:38.449-0500: 150.903: [GC
Desired survivor size 6291456 bytes, new threshold 1 (max 15)
 [PSYoungGen: 691936K->4832K(693248K)] 759054K->72070K(2091520K), 0.0080290 secs] [Times: user=0.06 sys=0.00, real=0.01 secs] 
2014-03-20T17:19:38.457-0500: 150.912: Total time for which application threads were stopped: 0.0091230 seconds
2014-03-20T17:19:38.760-0500: 151.215: [GC
Desired survivor size 6815744 bytes, new threshold 1 (max 15)
 [PSYoungGen: 691936K->5024K(692224K)] 759174K->72382K(2090496K), 0.0073740 secs] [Times: user=0.06 sys=0.00, real=0.01 secs] 
2014-03-20T17:19:38.768-0500: 151.222: Total time for which application threads were stopped: 0.0086220 seconds
2014-03-20T17:19:38.963-0500: 151.418: Total time for which application threads were stopped: 0.0008830 seconds
2014-03-20T17:19:39.066-0500: 151.521: [GC
Desired survivor size 6815744 bytes, new threshold 1 (max 15)
 [PSYoungGen: 692128K->5184K(692736K)] 759486K->72686K(2091008K), 0.0066740 secs] [Times: user=0.05 sys=0.00, real=0.01 secs] 
2014-03-20T17:19:39.073-0500: 151.527: Total time for which application threads were stopped: 0.0078540 seconds
2014-03-20T17:19:39.372-0500: 151.827: [GC
Desired survivor size 7340032 bytes, new threshold 1 (max 15)
 [PSYoungGen: 691264K->5248K(691712K)] 758766K->72886K(2089984K), 0.0064660 secs] [Times: user=0.05 sys=0.00, real=0.01 secs] 
2014-03-20T17:19:39.379-0500: 151.833: Total time for which application threads were stopped: 0.0076620 seconds
2014-03-20T17:19:39.706-0500: 152.161: [GC
Desired survivor size 7340032 bytes, new threshold 1 (max 15)
 [PSYoungGen: 691328K->5376K(692224K)] 758966K->73158K(2090496K), 0.0064020 secs] [Times: user=0.06 sys=0.00, real=0.01 secs] 
2014-03-20T17:19:39.713-0500: 152.168: Total time for which application threads were stopped: 0.0072820 seconds
2014-03-20T17:19:40.033-0500: 152.488: [GC
Desired survivor size 7340032 bytes, new threshold 1 (max 15)
 [PSYoungGen: 690432K->5504K(692224K)] 758214K->73430K(2090496K), 0.0068310 secs] [Times: user=0.05 sys=0.00, real=0.01 secs] 
2014-03-20T17:19:40.040-0500: 152.495: Total time for which application threads were stopped: 0.0079990 seconds
2014-03-20T17:19:40.351-0500: 152.805: [GC
Desired survivor size 7340032 bytes, new threshold 1 (max 15)
 [PSYoungGen: 690560K->5632K(692224K)] 758486K->73702K(2090496K), 0.0074320 secs] [Times: user=0.06 sys=0.00, real=0.01 secs] 
2014-03-20T17:19:40.358-0500: 152.813: Total time for which application threads were stopped: 0.0086580 seconds
2014-03-20T17:19:40.675-0500: 153.130: [GC
Desired survivor size 7864320 bytes, new threshold 1 (max 15)
 [PSYoungGen: 690688K->5792K(691200K)] 758758K->74006K(2089472K), 0.0071820 secs] [Times: user=0.06 sys=0.00, real=0.01 secs] 
2014-03-20T17:19:40.683-0500: 153.137: Total time for which application threads were stopped: 0.0085260 seconds
2014-03-20T17:19:40.986-0500: 153.441: [GC
Desired survivor size 7864320 bytes, new threshold 1 (max 15)
 [PSYoungGen: 690848K->5856K(691712K)] 759062K->74206K(2089984K), 0.0070210 secs] [Times: user=0.05 sys=0.00, real=0.01 secs] 
2014-03-20T17:19:40.993-0500: 153.448: Total time for which application threads were stopped: 0.0081680 seconds
2014-03-20T17:19:41.292-0500: 153.746: [GC
Desired survivor size 7864320 bytes, new threshold 1 (max 15)
 [PSYoungGen: 689888K->5824K(691712K)] 758238K->74318K(2089984K), 0.0068980 secs] [Times: user=0.06 sys=0.00, real=0.01 secs] 
2014-03-20T17:19:41.299-0500: 153.754: Total time for which application threads were stopped: 0.0082300 seconds
2014-03-20T17:19:41.621-0500: 154.076: [GC
Desired survivor size 8388608 bytes, new threshold 1 (max 15)
 [PSYoungGen: 689856K->2144K(690688K)] 758350K->70774K(2088960K), 0.0064560 secs] [Times: user=0.05 sys=0.00, real=0.01 secs] 
2014-03-20T17:19:41.628-0500: 154.083: Total time for which application threads were stopped: 0.0075310 seconds
2014-03-20T17:19:41.942-0500: 154.397: [GC
Desired survivor size 8388608 bytes, new threshold 1 (max 15)
 [PSYoungGen: 685152K->2208K(691200K)] 753782K->70918K(2089472K), 0.0075190 secs] [Times: user=0.06 sys=0.01, real=0.01 secs] 
2014-03-20T17:19:41.950-0500: 154.404: Total time for which application threads were stopped: 0.0086780 seconds
2014-03-20T17:19:42.260-0500: 154.714: [GC
Desired survivor size 8388608 bytes, new threshold 1 (max 15)
 [PSYoungGen: 685216K->2208K(691200K)] 753926K->71046K(2089472K), 0.0062770 secs] [Times: user=0.05 sys=0.00, real=0.00 secs] 
2014-03-20T17:19:42.266-0500: 154.721: Total time for which application threads were stopped: 0.0072560 seconds
2014-03-20T17:19:42.563-0500: 155.018: [GC
Desired survivor size 8388608 bytes, new threshold 1 (max 15)
 [PSYoungGen: 685216K->2336K(691200K)] 754054K->71310K(2089472K), 0.0069850 secs] [Times: user=0.06 sys=0.01, real=0.01 secs] 
2014-03-20T17:19:42.571-0500: 155.025: Total time for which application threads were stopped: 0.0081980 seconds
2014-03-20T17:19:42.876-0500: 155.330: [GC
Desired survivor size 8388608 bytes, new threshold 1 (max 15)
 [PSYoungGen: 685344K->2336K(691200K)] 754318K->71454K(2089472K), 0.0064750 secs] [Times: user=0.04 sys=0.00, real=0.01 secs] 
2014-03-20T17:19:42.882-0500: 155.337: Total time for which application threads were stopped: 0.0076350 seconds
2014-03-20T17:19:43.187-0500: 155.642: [GC
Desired survivor size 7864320 bytes, new threshold 1 (max 15)
 [PSYoungGen: 685344K->2432K(691200K)] 754462K->71662K(2089472K), 0.0065310 secs] [Times: user=0.05 sys=0.01, real=0.00 secs] 
2014-03-20T17:19:43.194-0500: 155.649: Total time for which application threads were stopped: 0.0076480 seconds
2014-03-20T17:19:43.508-0500: 155.963: [GC
Desired survivor size 7864320 bytes, new threshold 1 (max 15)
 [PSYoungGen: 685440K->2560K(691712K)] 754670K->71926K(2089984K), 0.0071950 secs] [Times: user=0.06 sys=0.00, real=0.00 secs] 
2014-03-20T17:19:43.516-0500: 155.971: Total time for which application threads were stopped: 0.0083920 seconds
2014-03-20T17:19:43.828-0500: 156.283: [GC
Desired survivor size 7864320 bytes, new threshold 1 (max 15)
 [PSYoungGen: 686592K->2656K(691712K)] 755958K->72150K(2089984K), 0.0065070 secs] [Times: user=0.05 sys=0.00, real=0.00 secs] 
2014-03-20T17:19:43.835-0500: 156.289: Total time for which application threads were stopped: 0.0077200 seconds
2014-03-20T17:19:44.133-0500: 156.587: [GC
Desired survivor size 7340032 bytes, new threshold 1 (max 15)
 [PSYoungGen: 686688K->2624K(692224K)] 756182K->72254K(2090496K), 0.0065730 secs] [Times: user=0.05 sys=0.00, real=0.01 secs] 
2014-03-20T17:19:44.139-0500: 156.594: Total time for which application threads were stopped: 0.0075210 seconds
2014-03-20T17:19:44.462-0500: 156.917: [GC
Desired survivor size 7340032 bytes, new threshold 1 (max 15)
 [PSYoungGen: 687168K->2784K(691712K)] 756798K->72550K(2089984K), 0.0064120 secs] [Times: user=0.06 sys=0.00, real=0.01 secs] 
2014-03-20T17:19:44.469-0500: 156.924: Total time for which application threads were stopped: 0.0076400 seconds
2014-03-20T17:19:44.790-0500: 157.245: [GC
Desired survivor size 6815744 bytes, new threshold 1 (max 15)
 [PSYoungGen: 687328K->2816K(692736K)] 757094K->72710K(2091008K), 0.0070160 secs] [Times: user=0.05 sys=0.01, real=0.01 secs] 
2014-03-20T17:19:44.797-0500: 157.252: Total time for which application threads were stopped: 0.0080370 seconds
2014-03-20T17:19:45.100-0500: 157.555: [GC
Desired survivor size 6815744 bytes, new threshold 1 (max 15)
 [PSYoungGen: 688384K->3008K(692224K)] 758278K->73038K(2090496K), 0.0068740 secs] [Times: user=0.06 sys=0.00, real=0.00 secs] 
2014-03-20T17:19:45.107-0500: 157.562: Total time for which application threads were stopped: 0.0079710 seconds
2014-03-20T17:19:45.397-0500: 157.852: [GC
Desired survivor size 6291456 bytes, new threshold 1 (max 15)
 [PSYoungGen: 688576K->3136K(693248K)] 758606K->73310K(2091520K), 0.0064730 secs] [Times: user=0.04 sys=0.00, real=0.01 secs] 
2014-03-20T17:19:45.403-0500: 157.858: Total time for which application threads were stopped: 0.0074490 seconds
2014-03-20T17:19:45.710-0500: 158.165: [GC
Desired survivor size 6291456 bytes, new threshold 1 (max 15)
 [PSYoungGen: 689728K->3200K(692736K)] 759902K->73502K(2091008K), 0.0066850 secs] [Times: user=0.05 sys=0.00, real=0.00 secs] 
2014-03-20T17:19:45.717-0500: 158.172: Total time for which application threads were stopped: 0.0076310 seconds
2014-03-20T17:19:46.029-0500: 158.484: [GC
Desired survivor size 5767168 bytes, new threshold 1 (max 15)
 [PSYoungGen: 689792K->3392K(693760K)] 760094K->73838K(2092032K), 0.0067690 secs] [Times: user=0.06 sys=0.01, real=0.00 secs] 
2014-03-20T17:19:46.036-0500: 158.491: Total time for which application threads were stopped: 0.0076620 seconds
2014-03-20T17:19:46.332-0500: 158.786: [GC
Desired survivor size 5767168 bytes, new threshold 1 (max 15)
 [PSYoungGen: 691008K->3520K(693248K)] 761454K->74102K(2091520K), 0.0064070 secs] [Times: user=0.05 sys=0.00, real=0.00 secs] 
2014-03-20T17:19:46.338-0500: 158.793: Total time for which application threads were stopped: 0.0076300 seconds
2014-03-20T17:19:46.650-0500: 159.105: [GC
Desired survivor size 5767168 bytes, new threshold 1 (max 15)
 [PSYoungGen: 691136K->3648K(693760K)] 761718K->74350K(2092032K), 0.0083500 secs] [Times: user=0.05 sys=0.00, real=0.01 secs] 
2014-03-20T17:19:46.658-0500: 159.113: Total time for which application threads were stopped: 0.0093640 seconds
2014-03-20T17:19:46.956-0500: 159.411: [GC
Desired survivor size 5767168 bytes, new threshold 1 (max 15)
 [PSYoungGen: 691776K->3904K(693760K)] 762478K->74750K(2092032K), 0.0065540 secs] [Times: user=0.05 sys=0.00, real=0.01 secs] 
2014-03-20T17:19:46.963-0500: 159.418: Total time for which application threads were stopped: 0.0078990 seconds
2014-03-20T17:19:47.264-0500: 159.719: [GC
Desired survivor size 5767168 bytes, new threshold 1 (max 15)
 [PSYoungGen: 692032K->4032K(693760K)] 762878K->75022K(2092032K), 0.0070280 secs] [Times: user=0.06 sys=0.00, real=0.01 secs] 
2014-03-20T17:19:47.272-0500: 159.726: Total time for which application threads were stopped: 0.0081250 seconds
2014-03-20T17:19:47.589-0500: 160.043: [GC
Desired survivor size 5767168 bytes, new threshold 1 (max 15)
 [PSYoungGen: 692160K->4096K(693760K)] 763150K->75222K(2092032K), 0.0066270 secs] [Times: user=0.05 sys=0.00, real=0.00 secs] 
2014-03-20T17:19:47.595-0500: 160.050: Total time for which application threads were stopped: 0.0079120 seconds
2014-03-20T17:19:47.896-0500: 160.351: [GC
Desired survivor size 5767168 bytes, new threshold 1 (max 15)
 [PSYoungGen: 692224K->4352K(693760K)] 763350K->75574K(2092032K), 0.0074340 secs] [Times: user=0.06 sys=0.01, real=0.01 secs] 
2014-03-20T17:19:47.904-0500: 160.359: Total time for which application threads were stopped: 0.0085570 seconds
2014-03-20T17:19:48.204-0500: 160.658: [GC
Desired survivor size 6291456 bytes, new threshold 1 (max 15)
 [PSYoungGen: 692480K->4480K(692736K)] 763702K->75830K(2091008K), 0.0069580 secs] [Times: user=0.06 sys=0.00, real=0.01 secs] 
2014-03-20T17:19:48.211-0500: 160.665: Total time for which application threads were stopped: 0.0081650 seconds
2014-03-20T17:19:48.513-0500: 160.968: [GC
Desired survivor size 6291456 bytes, new threshold 1 (max 15)
 [PSYoungGen: 692608K->4576K(693248K)] 763958K->76070K(2091520K), 0.0071310 secs] [Times: user=0.06 sys=0.00, real=0.01 secs] 
2014-03-20T17:19:48.520-0500: 160.975: Total time for which application threads were stopped: 0.0081790 seconds
2014-03-20T17:19:48.821-0500: 161.275: [GC
Desired survivor size 6291456 bytes, new threshold 1 (max 15)
 [PSYoungGen: 691680K->4736K(693248K)] 763174K->76366K(2091520K), 0.0065880 secs] [Times: user=0.06 sys=0.00, real=0.00 secs] 
2014-03-20T17:19:48.827-0500: 161.282: Total time for which application threads were stopped: 0.0078780 seconds
2014-03-20T17:19:49.134-0500: 161.589: [GC
Desired survivor size 6291456 bytes, new threshold 1 (max 15)
 [PSYoungGen: 691840K->4832K(693248K)] 763470K->76590K(2091520K), 0.0075820 secs] [Times: user=0.06 sys=0.00, real=0.01 secs] 
2014-03-20T17:19:49.142-0500: 161.597: Total time for which application threads were stopped: 0.0086240 seconds
2014-03-20T17:19:49.454-0500: 161.909: [GC
Desired survivor size 6815744 bytes, new threshold 1 (max 15)
 [PSYoungGen: 691936K->4992K(692224K)] 763694K->76822K(2090496K), 0.0086190 secs] [Times: user=0.04 sys=0.00, real=0.01 secs] 
2014-03-20T17:19:49.463-0500: 161.918: Total time for which application threads were stopped: 0.0097260 seconds
2014-03-20T17:19:49.783-0500: 162.237: [GC
Desired survivor size 6815744 bytes, new threshold 1 (max 15)
 [PSYoungGen: 692096K->5248K(692736K)] 763926K->77134K(2091008K), 0.0106530 secs] [Times: user=0.07 sys=0.00, real=0.01 secs] 
2014-03-20T17:19:49.793-0500: 162.248: Total time for which application threads were stopped: 0.0117860 seconds
2014-03-20T17:19:50.093-0500: 162.548: [GC
Desired survivor size 7340032 bytes, new threshold 1 (max 15)
 [PSYoungGen: 691328K->5376K(691712K)] 763214K->77398K(2089984K), 0.0074940 secs] [Times: user=0.06 sys=0.00, real=0.01 secs] 
2014-03-20T17:19:50.101-0500: 162.556: Total time for which application threads were stopped: 0.0085970 seconds
2014-03-20T17:19:50.397-0500: 162.851: [GC
Desired survivor size 7340032 bytes, new threshold 1 (max 15)
 [PSYoungGen: 691456K->5376K(692224K)] 763478K->77534K(2090496K), 0.0076060 secs] [Times: user=0.06 sys=0.00, real=0.01 secs] 
2014-03-20T17:19:50.404-0500: 162.859: Total time for which application threads were stopped: 0.0085690 seconds
2014-03-20T17:19:50.702-0500: 163.157: [GC
Desired survivor size 7340032 bytes, new threshold 1 (max 15)
 [PSYoungGen: 690432K->5536K(692224K)] 762590K->77822K(2090496K), 0.0067920 secs] [Times: user=0.05 sys=0.00, real=0.01 secs] 
2014-03-20T17:19:50.709-0500: 163.164: Total time for which application threads were stopped: 0.0082690 seconds
2014-03-20T17:19:51.009-0500: 163.464: [GC
Desired survivor size 7340032 bytes, new threshold 1 (max 15)
 [PSYoungGen: 690592K->5568K(692224K)] 762878K->77982K(2090496K), 0.0068500 secs] [Times: user=0.05 sys=0.00, real=0.00 secs] 
2014-03-20T17:19:51.016-0500: 163.471: Total time for which application threads were stopped: 0.0078140 seconds
2014-03-20T17:19:51.335-0500: 163.790: [GC
Desired survivor size 7864320 bytes, new threshold 1 (max 15)
 [PSYoungGen: 690624K->5632K(690688K)] 763038K->78102K(2088960K), 0.0096080 secs] [Times: user=0.05 sys=0.00, real=0.01 secs] 
2014-03-20T17:19:51.345-0500: 163.800: Total time for which application threads were stopped: 0.0108690 seconds
2014-03-20T17:19:51.674-0500: 164.128: [GC
Desired survivor size 7864320 bytes, new threshold 1 (max 15)
 [PSYoungGen: 690688K->5824K(691712K)] 763158K->78438K(2089984K), 0.0076270 secs] [Times: user=0.07 sys=0.00, real=0.01 secs] 
2014-03-20T17:19:51.682-0500: 164.136: Total time for which application threads were stopped: 0.0087580 seconds
2014-03-20T17:19:51.983-0500: 164.437: [GC
Desired survivor size 7864320 bytes, new threshold 1 (max 15)
 [PSYoungGen: 689856K->5792K(691712K)] 762470K->78542K(2089984K), 0.0071410 secs] [Times: user=0.05 sys=0.00, real=0.01 secs] 
2014-03-20T17:19:51.990-0500: 164.445: Total time for which application threads were stopped: 0.0082860 seconds
2014-03-20T17:19:52.299-0500: 164.754: [GC
Desired survivor size 8388608 bytes, new threshold 1 (max 15)
 [PSYoungGen: 689824K->2208K(690688K)] 762574K->75078K(2088960K), 0.0073380 secs] [Times: user=0.06 sys=0.00, real=0.01 secs] 
2014-03-20T17:19:52.306-0500: 164.761: Total time for which application threads were stopped: 0.0085310 seconds
2014-03-20T17:19:52.614-0500: 165.069: [GC
Desired survivor size 8388608 bytes, new threshold 1 (max 15)
 [PSYoungGen: 685216K->2240K(691200K)] 758086K->75230K(2089472K), 0.0075420 secs] [Times: user=0.06 sys=0.00, real=0.01 secs] 
2014-03-20T17:19:52.622-0500: 165.077: Total time for which application threads were stopped: 0.0088460 seconds
2014-03-20T17:19:52.938-0500: 165.393: [GC
Desired survivor size 8388608 bytes, new threshold 1 (max 15)
 [PSYoungGen: 685248K->2240K(691200K)] 758238K->75374K(2089472K), 0.0070710 secs] [Times: user=0.05 sys=0.00, real=0.01 secs] 
2014-03-20T17:19:52.946-0500: 165.400: Total time for which application threads were stopped: 0.0081600 seconds
2014-03-20T17:19:53.258-0500: 165.712: [GC
Desired survivor size 8388608 bytes, new threshold 1 (max 15)
 [PSYoungGen: 685248K->2336K(691200K)] 758382K->75574K(2089472K), 0.0070680 secs] [Times: user=0.06 sys=0.00, real=0.01 secs] 
2014-03-20T17:19:53.265-0500: 165.720: Total time for which application threads were stopped: 0.0081110 seconds
2014-03-20T17:19:53.592-0500: 166.047: [GC
Desired survivor size 8388608 bytes, new threshold 1 (max 15)
 [PSYoungGen: 685344K->2336K(691200K)] 758582K->75718K(2089472K), 0.0071100 secs] [Times: user=0.06 sys=0.00, real=0.01 secs] 
2014-03-20T17:19:53.600-0500: 166.054: Total time for which application threads were stopped: 0.0081210 seconds
2014-03-20T17:19:53.904-0500: 166.359: [GC
Desired survivor size 7864320 bytes, new threshold 1 (max 15)
 [PSYoungGen: 685344K->2400K(691200K)] 758726K->75926K(2089472K), 0.0074000 secs] [Times: user=0.06 sys=0.00, real=0.01 secs] 
2014-03-20T17:19:53.911-0500: 166.366: Total time for which application threads were stopped: 0.0084740 seconds
2014-03-20T17:19:54.216-0500: 166.671: [GC
Desired survivor size 7864320 bytes, new threshold 1 (max 15)
 [PSYoungGen: 685408K->2592K(691712K)] 758934K->76254K(2089984K), 0.0070260 secs] [Times: user=0.06 sys=0.00, real=0.01 secs] 
2014-03-20T17:19:54.223-0500: 166.678: Total time for which application threads were stopped: 0.0080370 seconds
2014-03-20T17:19:54.541-0500: 166.996: [GC
Desired survivor size 7340032 bytes, new threshold 1 (max 15)
 [PSYoungGen: 686624K->2656K(691712K)] 760286K->76454K(2089984K), 0.0071410 secs] [Times: user=0.06 sys=0.00, real=0.00 secs] 
2014-03-20T17:19:54.549-0500: 167.003: Total time for which application threads were stopped: 0.0083270 seconds
2014-03-20T17:19:54.872-0500: 167.327: [GC
Desired survivor size 7340032 bytes, new threshold 1 (max 15)
 [PSYoungGen: 686688K->2720K(692224K)] 760486K->76638K(2090496K), 0.0069800 secs] [Times: user=0.05 sys=0.00, real=0.01 secs] 
2014-03-20T17:19:54.879-0500: 167.334: Total time for which application threads were stopped: 0.0081130 seconds
2014-03-20T17:19:55.194-0500: 167.648: [GC
Desired survivor size 7340032 bytes, new threshold 1 (max 15)
 [PSYoungGen: 687776K->2784K(692224K)] 761694K->76846K(2090496K), 0.0067200 secs] [Times: user=0.05 sys=0.01, real=0.01 secs] 
2014-03-20T17:19:55.201-0500: 167.655: Total time for which application threads were stopped: 0.0078710 seconds
2014-03-20T17:19:55.543-0500: 167.997: [GC
Desired survivor size 6815744 bytes, new threshold 1 (max 15)
 [PSYoungGen: 687840K->3008K(692736K)] 761902K->77198K(2091008K), 0.0072790 secs] [Times: user=0.06 sys=0.00, real=0.01 secs] 
2014-03-20T17:19:55.550-0500: 168.005: Total time for which application threads were stopped: 0.0083430 seconds
2014-03-20T17:19:55.848-0500: 168.302: [GC
Desired survivor size 6815744 bytes, new threshold 1 (max 15)
 [PSYoungGen: 688576K->3008K(692224K)] 762766K->77326K(2090496K), 0.0073630 secs] [Times: user=0.05 sys=0.00, real=0.01 secs] 
2014-03-20T17:19:55.855-0500: 168.310: Total time for which application threads were stopped: 0.0086110 seconds
2014-03-20T17:19:56.168-0500: 168.622: [GC
Desired survivor size 6291456 bytes, new threshold 1 (max 15)
 [PSYoungGen: 688576K->3136K(693248K)] 762894K->77566K(2091520K), 0.0065630 secs] [Times: user=0.05 sys=0.00, real=0.01 secs] 
2014-03-20T17:19:56.174-0500: 168.629: Total time for which application threads were stopped: 0.0078140 seconds
2014-03-20T17:19:56.477-0500: 168.932: [GC
Desired survivor size 6291456 bytes, new threshold 1 (max 15)
 [PSYoungGen: 689728K->3264K(692736K)] 764158K->77830K(2091008K), 0.0075710 secs] [Times: user=0.07 sys=0.00, real=0.01 secs] 
2014-03-20T17:19:56.485-0500: 168.940: Total time for which application threads were stopped: 0.0087700 seconds
2014-03-20T17:19:56.801-0500: 169.256: [GC
Desired survivor size 5767168 bytes, new threshold 1 (max 15)
 [PSYoungGen: 689856K->3392K(693760K)] 764422K->78102K(2092032K), 0.0072800 secs] [Times: user=0.06 sys=0.00, real=0.00 secs] 
2014-03-20T17:19:56.808-0500: 169.263: Total time for which application threads were stopped: 0.0082160 seconds
2014-03-20T17:19:57.121-0500: 169.576: [GC
Desired survivor size 5767168 bytes, new threshold 1 (max 15)
 [PSYoungGen: 691008K->3552K(693248K)] 765718K->78398K(2091520K), 0.0073020 secs] [Times: user=0.07 sys=0.00, real=0.00 secs] 
2014-03-20T17:19:57.129-0500: 169.583: Total time for which application threads were stopped: 0.0086650 seconds
2014-03-20T17:19:57.431-0500: 169.886: [GC
Desired survivor size 5767168 bytes, new threshold 1 (max 15)
 [PSYoungGen: 691168K->3680K(693760K)] 766014K->78662K(2092032K), 0.0072440 secs] [Times: user=0.06 sys=0.00, real=0.00 secs] 
2014-03-20T17:19:57.439-0500: 169.894: Total time for which application threads were stopped: 0.0081510 seconds
2014-03-20T17:19:57.784-0500: 170.239: [GC
Desired survivor size 5767168 bytes, new threshold 1 (max 15)
 [PSYoungGen: 691808K->3872K(693760K)] 766790K->78998K(2092032K), 0.0077920 secs] [Times: user=0.06 sys=0.00, real=0.01 secs] 
2014-03-20T17:19:57.792-0500: 170.247: Total time for which application threads were stopped: 0.0090330 seconds
2014-03-20T17:19:58.125-0500: 170.580: [GC
Desired survivor size 5767168 bytes, new threshold 1 (max 15)
 [PSYoungGen: 692000K->4064K(693760K)] 767126K->79326K(2092032K), 0.0068160 secs] [Times: user=0.05 sys=0.00, real=0.01 secs] 
2014-03-20T17:19:58.132-0500: 170.587: Total time for which application threads were stopped: 0.0078440 seconds
2014-03-20T17:19:58.440-0500: 170.894: [GC
Desired survivor size 5767168 bytes, new threshold 1 (max 15)
 [PSYoungGen: 692192K->4224K(693760K)] 767454K->79646K(2092032K), 0.0069080 secs] [Times: user=0.06 sys=0.01, real=0.00 secs] 
2014-03-20T17:19:58.447-0500: 170.901: Total time for which application threads were stopped: 0.0081190 seconds
2014-03-20T17:19:58.748-0500: 171.203: [GC
Desired survivor size 5767168 bytes, new threshold 1 (max 15)
 [PSYoungGen: 692352K->4288K(693760K)] 767774K->79846K(2092032K), 0.0074020 secs] [Times: user=0.05 sys=0.00, real=0.01 secs] 
2014-03-20T17:19:58.755-0500: 171.210: Total time for which application threads were stopped: 0.0083910 seconds
2014-03-20T17:19:59.069-0500: 171.523: [GC
Desired survivor size 5767168 bytes, new threshold 1 (max 15)
 [PSYoungGen: 692416K->4448K(693760K)] 767974K->80142K(2092032K), 0.0078470 secs] [Times: user=0.06 sys=0.01, real=0.01 secs] 
2014-03-20T17:19:59.077-0500: 171.531: Total time for which application threads were stopped: 0.0093400 seconds
2014-03-20T17:19:59.389-0500: 171.844: [GC
Desired survivor size 6291456 bytes, new threshold 1 (max 15)
 [PSYoungGen: 692576K->4576K(692736K)] 768270K->80438K(2091008K), 0.0079750 secs] [Times: user=0.07 sys=0.00, real=0.01 secs] 
2014-03-20T17:19:59.397-0500: 171.852: Total time for which application threads were stopped: 0.0091780 seconds
2014-03-20T17:19:59.728-0500: 172.183: [GC
Desired survivor size 6291456 bytes, new threshold 1 (max 15)
 [PSYoungGen: 691680K->4640K(693248K)] 767542K->80598K(2091520K), 0.0083340 secs] [Times: user=0.07 sys=0.01, real=0.01 secs] 
2014-03-20T17:19:59.737-0500: 172.192: Total time for which application threads were stopped: 0.0095900 seconds
2014-03-20T17:20:00.061-0500: 172.515: [GC
Desired survivor size 6291456 bytes, new threshold 1 (max 15)
 [PSYoungGen: 691744K->4832K(693248K)] 767702K->80934K(2091520K), 0.0076740 secs] [Times: user=0.06 sys=0.00, real=0.00 secs] 
2014-03-20T17:20:00.068-0500: 172.523: Total time for which application threads were stopped: 0.0087650 seconds
2014-03-20T17:20:00.387-0500: 172.842: [GC
Desired survivor size 6815744 bytes, new threshold 1 (max 15)
 [PSYoungGen: 691936K->4896K(692224K)] 768038K->81150K(2090496K), 0.0081470 secs] [Times: user=0.07 sys=0.00, real=0.01 secs] 
2014-03-20T17:20:00.395-0500: 172.850: Total time for which application threads were stopped: 0.0094150 seconds
2014-03-20T17:20:00.707-0500: 173.162: [GC
Desired survivor size 6815744 bytes, new threshold 1 (max 15)
 [PSYoungGen: 692000K->5120K(692736K)] 768254K->81518K(2091008K), 0.0078740 secs] [Times: user=0.07 sys=0.01, real=0.01 secs] 
2014-03-20T17:20:00.715-0500: 173.170: Total time for which application threads were stopped: 0.0089670 seconds
2014-03-20T17:20:01.031-0500: 173.486: [GC
Desired survivor size 6815744 bytes, new threshold 1 (max 15)
 [PSYoungGen: 691200K->5184K(692736K)] 767598K->81710K(2091008K), 0.0079480 secs] [Times: user=0.07 sys=0.00, real=0.00 secs] 
2014-03-20T17:20:01.039-0500: 173.494: Total time for which application threads were stopped: 0.0092310 seconds
2014-03-20T17:20:01.356-0500: 173.811: [GC
Desired survivor size 7340032 bytes, new threshold 1 (max 15)
 [PSYoungGen: 691264K->5312K(691712K)] 767790K->81982K(2089984K), 0.0082510 secs] [Times: user=0.06 sys=0.01, real=0.01 secs] 
2014-03-20T17:20:01.365-0500: 173.819: Total time for which application threads were stopped: 0.0094350 seconds
2014-03-20T17:20:01.702-0500: 174.157: [GC
Desired survivor size 7340032 bytes, new threshold 1 (max 15)
 [PSYoungGen: 690368K->5408K(692224K)] 767038K->82214K(2090496K), 0.0071270 secs] [Times: user=0.06 sys=0.00, real=0.00 secs] 
2014-03-20T17:20:01.710-0500: 174.164: Total time for which application threads were stopped: 0.0083580 seconds
2014-03-20T17:20:02.031-0500: 174.486: [GC
Desired survivor size 7340032 bytes, new threshold 1 (max 15)
 [PSYoungGen: 690464K->5472K(692224K)] 767270K->82414K(2090496K), 0.0074110 secs] [Times: user=0.06 sys=0.00, real=0.00 secs] 
2014-03-20T17:20:02.039-0500: 174.493: Total time for which application threads were stopped: 0.0085370 seconds
2014-03-20T17:20:02.366-0500: 174.821: [GC
Desired survivor size 7340032 bytes, new threshold 1 (max 15)
 [PSYoungGen: 690528K->5600K(692224K)] 767470K->82686K(2090496K), 0.0079740 secs] [Times: user=0.06 sys=0.00, real=0.01 secs] 
2014-03-20T17:20:02.374-0500: 174.829: Total time for which application threads were stopped: 0.0092900 seconds
2014-03-20T17:20:02.688-0500: 175.143: [GC
Desired survivor size 7864320 bytes, new threshold 1 (max 15)
 [PSYoungGen: 690656K->5696K(691200K)] 767742K->82918K(2089472K), 0.0078580 secs] [Times: user=0.06 sys=0.00, real=0.01 secs] 
2014-03-20T17:20:02.696-0500: 175.151: Total time for which application threads were stopped: 0.0089650 seconds
2014-03-20T17:20:03.005-0500: 175.460: [GC
Desired survivor size 7864320 bytes, new threshold 1 (max 15)
 [PSYoungGen: 689728K->5824K(691712K)] 766950K->83182K(2089984K), 0.0073000 secs] [Times: user=0.06 sys=0.00, real=0.01 secs] 
2014-03-20T17:20:03.013-0500: 175.467: Total time for which application threads were stopped: 0.0085700 seconds
2014-03-20T17:20:03.318-0500: 175.773: [GC
Desired survivor size 7864320 bytes, new threshold 1 (max 15)
 [PSYoungGen: 689856K->5824K(691712K)] 767214K->83246K(2089984K), 0.0098270 secs] [Times: user=0.03 sys=0.01, real=0.01 secs] 
2014-03-20T17:20:03.328-0500: 175.783: Total time for which application threads were stopped: 0.0109840 seconds
2014-03-20T17:20:03.663-0500: 176.118: [GC
Desired survivor size 8388608 bytes, new threshold 1 (max 15)
 [PSYoungGen: 689856K->2112K(686592K)] 767278K->79662K(2084864K), 0.0072570 secs] [Times: user=0.06 sys=0.00, real=0.01 secs] 
2014-03-20T17:20:03.671-0500: 176.125: Total time for which application threads were stopped: 0.0084620 seconds
2014-03-20T17:20:03.984-0500: 176.439: [GC
Desired survivor size 8388608 bytes, new threshold 1 (max 15)
 [PSYoungGen: 686144K->2208K(691200K)] 763694K->79886K(2089472K), 0.0074060 secs] [Times: user=0.06 sys=0.00, real=0.01 secs] 
2014-03-20T17:20:03.992-0500: 176.447: Total time for which application threads were stopped: 0.0085850 seconds
2014-03-20T17:20:04.298-0500: 176.752: [GC
Desired survivor size 8388608 bytes, new threshold 1 (max 15)
 [PSYoungGen: 685216K->2304K(691200K)] 762894K->80086K(2089472K), 0.0071800 secs] [Times: user=0.05 sys=0.00, real=0.01 secs] 
2014-03-20T17:20:04.305-0500: 176.760: Total time for which application threads were stopped: 0.0084840 seconds
2014-03-20T17:20:04.624-0500: 177.079: [GC
Desired survivor size 8388608 bytes, new threshold 1 (max 15)
 [PSYoungGen: 685312K->2368K(691200K)] 763094K->80270K(2089472K), 0.0069220 secs] [Times: user=0.05 sys=0.00, real=0.01 secs] 
2014-03-20T17:20:04.631-0500: 177.086: Total time for which application threads were stopped: 0.0079630 seconds
2014-03-20T17:20:04.948-0500: 177.403: [GC
Desired survivor size 8388608 bytes, new threshold 1 (max 15)
 [PSYoungGen: 685376K->2464K(691200K)] 763278K->80510K(2089472K), 0.0074490 secs] [Times: user=0.06 sys=0.00, real=0.01 secs] 
2014-03-20T17:20:04.956-0500: 177.410: Total time for which application threads were stopped: 0.0086810 seconds
2014-03-20T17:20:05.280-0500: 177.735: [GC
Desired survivor size 7864320 bytes, new threshold 1 (max 15)
 [PSYoungGen: 685472K->2560K(691712K)] 763518K->80734K(2089984K), 0.0071770 secs] [Times: user=0.06 sys=0.00, real=0.01 secs] 
2014-03-20T17:20:05.287-0500: 177.742: Total time for which application threads were stopped: 0.0081580 seconds
2014-03-20T17:20:05.613-0500: 178.067: [GC
Desired survivor size 7864320 bytes, new threshold 1 (max 15)
 [PSYoungGen: 686080K->2592K(691200K)] 764254K->80846K(2089472K), 0.0085480 secs] [Times: user=0.07 sys=0.01, real=0.01 secs] 
2014-03-20T17:20:05.621-0500: 178.076: Total time for which application threads were stopped: 0.0097150 seconds
2014-03-20T17:20:05.931-0500: 178.386: [GC
Desired survivor size 7340032 bytes, new threshold 1 (max 15)
 [PSYoungGen: 686112K->2592K(692224K)] 764366K->80958K(2090496K), 0.0074020 secs] [Times: user=0.05 sys=0.00, real=0.00 secs] 
2014-03-20T17:20:05.939-0500: 178.393: Total time for which application threads were stopped: 0.0083010 seconds
2014-03-20T17:20:06.266-0500: 178.721: [GC
Desired survivor size 7340032 bytes, new threshold 1 (max 15)
 [PSYoungGen: 687136K->2816K(691712K)] 765502K->81326K(2089984K), 0.0069600 secs] [Times: user=0.05 sys=0.00, real=0.01 secs] 
2014-03-20T17:20:06.273-0500: 178.728: Total time for which application threads were stopped: 0.0082220 seconds
2014-03-20T17:20:06.597-0500: 179.051: [GC
Desired survivor size 7340032 bytes, new threshold 1 (max 15)
 [PSYoungGen: 687360K->2848K(692224K)] 765870K->81478K(2090496K), 0.0079500 secs] [Times: user=0.05 sys=0.00, real=0.01 secs] 
2014-03-20T17:20:06.605-0500: 179.060: Total time for which application threads were stopped: 0.0090110 seconds
2014-03-20T17:20:06.943-0500: 179.397: [GC
Desired survivor size 6815744 bytes, new threshold 1 (max 15)
 [PSYoungGen: 687904K->2880K(692224K)] 766534K->81622K(2090496K), 0.0074950 secs] [Times: user=0.05 sys=0.00, real=0.00 secs] 
2014-03-20T17:20:06.950-0500: 179.405: Total time for which application threads were stopped: 0.0086580 seconds
2014-03-20T17:20:07.280-0500: 179.734: [GC
Desired survivor size 6815744 bytes, new threshold 1 (max 15)
 [PSYoungGen: 687936K->3040K(692736K)] 766678K->81926K(2091008K), 0.0070470 secs] [Times: user=0.06 sys=0.00, real=0.01 secs] 
2014-03-20T17:20:07.287-0500: 179.741: Total time for which application threads were stopped: 0.0082360 seconds
2014-03-20T17:20:07.617-0500: 180.072: [GC
Desired survivor size 6291456 bytes, new threshold 1 (max 15)
 [PSYoungGen: 689120K->3168K(692736K)] 768006K->82182K(2091008K), 0.0072170 secs] [Times: user=0.06 sys=0.00, real=0.01 secs] 
2014-03-20T17:20:07.625-0500: 180.080: Total time for which application threads were stopped: 0.0085240 seconds
2014-03-20T17:20:07.946-0500: 180.401: [GC
Desired survivor size 6291456 bytes, new threshold 1 (max 15)
 [PSYoungGen: 689248K->3328K(693248K)] 768262K->82462K(2091520K), 0.0069790 secs] [Times: user=0.05 sys=0.00, real=0.01 secs] 
2014-03-20T17:20:07.953-0500: 180.408: Total time for which application threads were stopped: 0.0080030 seconds
2014-03-20T17:20:08.272-0500: 180.727: [GC
Desired survivor size 5767168 bytes, new threshold 1 (max 15)
 [PSYoungGen: 690432K->3392K(693248K)] 769566K->82670K(2091520K), 0.0073600 secs] [Times: user=0.06 sys=0.00, real=0.00 secs] 
2014-03-20T17:20:08.280-0500: 180.734: Total time for which application threads were stopped: 0.0086250 seconds
2014-03-20T17:20:08.602-0500: 181.057: [GC
Desired survivor size 5767168 bytes, new threshold 1 (max 15)
 [PSYoungGen: 690496K->3520K(693760K)] 769774K->82918K(2092032K), 0.0075070 secs] [Times: user=0.05 sys=0.00, real=0.00 secs] 
2014-03-20T17:20:08.610-0500: 181.065: Total time for which application threads were stopped: 0.0086320 seconds
2014-03-20T17:20:08.935-0500: 181.389: [GC
Desired survivor size 5767168 bytes, new threshold 1 (max 15)
 [PSYoungGen: 691648K->3712K(693760K)] 771046K->83246K(2092032K), 0.0076840 secs] [Times: user=0.07 sys=0.01, real=0.01 secs] 
2014-03-20T17:20:08.942-0500: 181.397: Total time for which application threads were stopped: 0.0091160 seconds
2014-03-20T17:20:09.273-0500: 181.727: [GC
Desired survivor size 5767168 bytes, new threshold 1 (max 15)
 [PSYoungGen: 691840K->3840K(693760K)] 771374K->83518K(2092032K), 0.0073340 secs] [Times: user=0.06 sys=0.01, real=0.00 secs] 
2014-03-20T17:20:09.280-0500: 181.735: Total time for which application threads were stopped: 0.0083820 seconds
2014-03-20T17:20:09.614-0500: 182.069: [GC
Desired survivor size 5767168 bytes, new threshold 1 (max 15)
 [PSYoungGen: 691968K->4032K(693760K)] 771646K->83846K(2092032K), 0.0071830 secs] [Times: user=0.05 sys=0.00, real=0.01 secs] 
2014-03-20T17:20:09.622-0500: 182.076: Total time for which application threads were stopped: 0.0083860 seconds
2014-03-20T17:20:09.932-0500: 182.386: [GC
Desired survivor size 5767168 bytes, new threshold 1 (max 15)
 [PSYoungGen: 692160K->4224K(693760K)] 771974K->84166K(2092032K), 0.0073680 secs] [Times: user=0.06 sys=0.00, real=0.00 secs] 
2014-03-20T17:20:09.939-0500: 182.394: Total time for which application threads were stopped: 0.0087250 seconds
2014-03-20T17:20:10.322-0500: 182.776: [GC
Desired survivor size 5767168 bytes, new threshold 1 (max 15)
 [PSYoungGen: 692352K->4504K(693760K)] 772294K->84558K(2092032K), 0.0077600 secs] [Times: user=0.06 sys=0.00, real=0.00 secs] 
2014-03-20T17:20:10.330-0500: 182.784: Total time for which application threads were stopped: 0.0091880 seconds
2014-03-20T17:20:10.692-0500: 183.147: [GC
Desired survivor size 6291456 bytes, new threshold 1 (max 15)
 [PSYoungGen: 692632K->4812K(692736K)] 772686K->85002K(2091008K), 0.0074070 secs] [Times: user=0.06 sys=0.00, real=0.00 secs] 
2014-03-20T17:20:10.700-0500: 183.154: Total time for which application threads were stopped: 0.0093520 seconds
2014-03-20T17:20:11.041-0500: 183.495: [GC
Desired survivor size 6291456 bytes, new threshold 1 (max 15)
 [PSYoungGen: 691916K->4512K(693248K)] 772106K->85242K(2091520K), 0.0072990 secs] [Times: user=0.05 sys=0.00, real=0.01 secs] 
2014-03-20T17:20:11.048-0500: 183.503: Total time for which application threads were stopped: 0.0086080 seconds
2014-03-20T17:20:11.396-0500: 183.851: [GC
Desired survivor size 6291456 bytes, new threshold 1 (max 15)
 [PSYoungGen: 691616K->4704K(693248K)] 772346K->85578K(2091520K), 0.0072480 secs] [Times: user=0.05 sys=0.00, real=0.01 secs] 
2014-03-20T17:20:11.403-0500: 183.858: Total time for which application threads were stopped: 0.0082620 seconds
2014-03-20T17:20:11.739-0500: 184.194: [GC
Desired survivor size 6291456 bytes, new threshold 1 (max 15)
 [PSYoungGen: 691808K->4736K(693248K)] 772682K->85754K(2091520K), 0.0074620 secs] [Times: user=0.06 sys=0.00, real=0.01 secs] 
2014-03-20T17:20:11.747-0500: 184.201: Total time for which application threads were stopped: 0.0086270 seconds
2014-03-20T17:20:12.073-0500: 184.528: [GC
Desired survivor size 6815744 bytes, new threshold 1 (max 15)
 [PSYoungGen: 691840K->4960K(692224K)] 772858K->86122K(2090496K), 0.0075810 secs] [Times: user=0.06 sys=0.00, real=0.00 secs] 
2014-03-20T17:20:12.081-0500: 184.536: Total time for which application threads were stopped: 0.0088650 seconds
2014-03-20T17:20:12.402-0500: 184.856: [GC
Desired survivor size 6815744 bytes, new threshold 1 (max 15)
 [PSYoungGen: 691040K->5056K(692736K)] 772202K->86346K(2091008K), 0.0075760 secs] [Times: user=0.06 sys=0.00, real=0.01 secs] 
2014-03-20T17:20:12.410-0500: 184.864: Total time for which application threads were stopped: 0.0089560 seconds
2014-03-20T17:20:12.733-0500: 185.188: [GC
Desired survivor size 6815744 bytes, new threshold 1 (max 15)
 [PSYoungGen: 691136K->5120K(692736K)] 772426K->86554K(2091008K), 0.0074370 secs] [Times: user=0.06 sys=0.00, real=0.00 secs] 
2014-03-20T17:20:12.741-0500: 185.196: Total time for which application threads were stopped: 0.0085410 seconds
2014-03-20T17:20:13.065-0500: 185.520: [GC
Desired survivor size 6815744 bytes, new threshold 1 (max 15)
 [PSYoungGen: 691200K->5216K(692736K)] 772634K->86794K(2091008K), 0.0075320 secs] [Times: user=0.06 sys=0.00, real=0.01 secs] 
2014-03-20T17:20:13.073-0500: 185.528: Total time for which application threads were stopped: 0.0089350 seconds
2014-03-20T17:20:13.402-0500: 185.857: [GC
Desired survivor size 7340032 bytes, new threshold 1 (max 15)
 [PSYoungGen: 691296K->5440K(691712K)] 772874K->87162K(2089984K), 0.0074930 secs] [Times: user=0.05 sys=0.00, real=0.01 secs] 
2014-03-20T17:20:13.410-0500: 185.864: Total time for which application threads were stopped: 0.0085210 seconds
2014-03-20T17:20:13.748-0500: 186.203: [GC
Desired survivor size 7340032 bytes, new threshold 1 (max 15)
 [PSYoungGen: 690496K->5440K(692224K)] 772218K->87290K(2090496K), 0.0075880 secs] [Times: user=0.07 sys=0.00, real=0.01 secs] 
2014-03-20T17:20:13.756-0500: 186.210: Total time for which application threads were stopped: 0.0088590 seconds
2014-03-20T17:20:14.075-0500: 186.530: [GC
Desired survivor size 7340032 bytes, new threshold 1 (max 15)
 [PSYoungGen: 690496K->5536K(692224K)] 772346K->87522K(2090496K), 0.0076030 secs] [Times: user=0.06 sys=0.00, real=0.01 secs] 
2014-03-20T17:20:14.083-0500: 186.538: Total time for which application threads were stopped: 0.0087360 seconds
2014-03-20T17:20:14.407-0500: 186.862: [GC
Desired survivor size 7340032 bytes, new threshold 1 (max 15)
 [PSYoungGen: 690592K->5568K(692224K)] 772578K->87658K(2090496K), 0.0095760 secs] [Times: user=0.06 sys=0.00, real=0.01 secs] 
2014-03-20T17:20:14.417-0500: 186.871: Total time for which application threads were stopped: 0.0107650 seconds
2014-03-20T17:20:14.724-0500: 187.179: [GC
Desired survivor size 7864320 bytes, new threshold 1 (max 15)
 [PSYoungGen: 690624K->5760K(691200K)] 772714K->87978K(2089472K), 0.0075090 secs] [Times: user=0.06 sys=0.00, real=0.00 secs] 
2014-03-20T17:20:14.732-0500: 187.187: Total time for which application threads were stopped: 0.0086610 seconds
2014-03-20T17:20:15.052-0500: 187.506: [GC
Desired survivor size 7864320 bytes, new threshold 1 (max 15)
 [PSYoungGen: 689792K->5824K(691712K)] 772010K->88154K(2089984K), 0.0078570 secs] [Times: user=0.04 sys=0.00, real=0.01 secs] 
2014-03-20T17:20:15.060-0500: 187.514: Total time for which application threads were stopped: 0.0091390 seconds
2014-03-20T17:20:15.372-0500: 187.826: [GC
Desired survivor size 7864320 bytes, new threshold 1 (max 15)
 [PSYoungGen: 689856K->5920K(691712K)] 772186K->88370K(2089984K), 0.0078750 secs] [Times: user=0.05 sys=0.00, real=0.01 secs] 
2014-03-20T17:20:15.380-0500: 187.835: Total time for which application threads were stopped: 0.0090850 seconds
2014-03-20T17:20:15.721-0500: 188.176: [GC
Desired survivor size 8388608 bytes, new threshold 1 (max 15)
 [PSYoungGen: 689952K->2080K(686592K)] 772402K->84642K(2084864K), 0.0073660 secs] [Times: user=0.06 sys=0.00, real=0.01 secs] 
2014-03-20T17:20:15.728-0500: 188.183: Total time for which application threads were stopped: 0.0087020 seconds
2014-03-20T17:20:16.057-0500: 188.512: [GC
Desired survivor size 8388608 bytes, new threshold 1 (max 15)
 [PSYoungGen: 686112K->2144K(691200K)] 768674K->84826K(2089472K), 0.0071380 secs] [Times: user=0.05 sys=0.00, real=0.01 secs] 
2014-03-20T17:20:16.065-0500: 188.519: Total time for which application threads were stopped: 0.0080740 seconds
2014-03-20T17:20:16.397-0500: 188.851: [GC
Desired survivor size 8388608 bytes, new threshold 1 (max 15)
 [PSYoungGen: 685152K->2208K(691200K)] 767834K->85010K(2089472K), 0.0072410 secs] [Times: user=0.05 sys=0.01, real=0.01 secs] 
2014-03-20T17:20:16.404-0500: 188.859: Total time for which application threads were stopped: 0.0087050 seconds
2014-03-20T17:20:16.730-0500: 189.184: [GC
Desired survivor size 8388608 bytes, new threshold 1 (max 15)
 [PSYoungGen: 685216K->2208K(691200K)] 768018K->85154K(2089472K), 0.0070900 secs] [Times: user=0.05 sys=0.00, real=0.01 secs] 
2014-03-20T17:20:16.737-0500: 189.192: Total time for which application threads were stopped: 0.0080460 seconds
2014-03-20T17:20:17.066-0500: 189.521: [GC
Desired survivor size 8388608 bytes, new threshold 1 (max 15)
 [PSYoungGen: 685216K->2336K(691200K)] 768162K->85410K(2089472K), 0.0072550 secs] [Times: user=0.06 sys=0.00, real=0.01 secs] 
2014-03-20T17:20:17.073-0500: 189.528: Total time for which application threads were stopped: 0.0085340 seconds
2014-03-20T17:20:17.389-0500: 189.843: [GC
Desired survivor size 8388608 bytes, new threshold 1 (max 15)
 [PSYoungGen: 685344K->2432K(691200K)] 768418K->85634K(2089472K), 0.0072200 secs] [Times: user=0.06 sys=0.00, real=0.01 secs] 
2014-03-20T17:20:17.396-0500: 189.851: Total time for which application threads were stopped: 0.0082400 seconds
2014-03-20T17:20:17.729-0500: 190.184: [GC
Desired survivor size 7864320 bytes, new threshold 1 (max 15)
 [PSYoungGen: 685440K->2528K(691200K)] 768642K->85842K(2089472K), 0.0071770 secs] [Times: user=0.04 sys=0.00, real=0.01 secs] 
2014-03-20T17:20:17.737-0500: 190.191: Total time for which application threads were stopped: 0.0082930 seconds
2014-03-20T17:20:18.065-0500: 190.520: [GC
Desired survivor size 7864320 bytes, new threshold 1 (max 15)
 [PSYoungGen: 685536K->2560K(691712K)] 768850K->85994K(2089984K), 0.0072350 secs] [Times: user=0.05 sys=0.00, real=0.01 secs] 
2014-03-20T17:20:18.073-0500: 190.527: Total time for which application threads were stopped: 0.0085610 seconds
2014-03-20T17:20:18.391-0500: 190.846: [GC
Desired survivor size 7340032 bytes, new threshold 1 (max 15)
 [PSYoungGen: 686592K->2528K(691712K)] 770026K->86098K(2089984K), 0.0071430 secs] [Times: user=0.06 sys=0.00, real=0.01 secs] 
2014-03-20T17:20:18.398-0500: 190.853: Total time for which application threads were stopped: 0.0086180 seconds
2014-03-20T17:20:18.731-0500: 191.185: [GC
Desired survivor size 7340032 bytes, new threshold 1 (max 15)
 [PSYoungGen: 686560K->2528K(692224K)] 770130K->86226K(2090496K), 0.0070850 secs] [Times: user=0.06 sys=0.00, real=0.01 secs] 
2014-03-20T17:20:18.738-0500: 191.193: Total time for which application threads were stopped: 0.0080730 seconds
2014-03-20T17:20:19.060-0500: 191.514: [GC
Desired survivor size 6815744 bytes, new threshold 1 (max 15)
 [PSYoungGen: 687584K->2784K(692224K)] 771282K->86602K(2090496K), 0.0077920 secs] [Times: user=0.06 sys=0.00, real=0.01 secs] 
2014-03-20T17:20:19.068-0500: 191.522: Total time for which application threads were stopped: 0.0089270 seconds
2014-03-20T17:20:19.385-0500: 191.840: [GC
Desired survivor size 6815744 bytes, new threshold 1 (max 15)
 [PSYoungGen: 687840K->2816K(692736K)] 771658K->86754K(2091008K), 0.0070040 secs] [Times: user=0.05 sys=0.00, real=0.00 secs] 
2014-03-20T17:20:19.393-0500: 191.847: Total time for which application threads were stopped: 0.0079480 seconds
2014-03-20T17:20:19.724-0500: 192.178: [GC
Desired survivor size 6291456 bytes, new threshold 1 (max 15)
 [PSYoungGen: 688896K->3008K(692736K)] 772834K->87066K(2091008K), 0.0072520 secs] [Times: user=0.06 sys=0.01, real=0.00 secs] 
2014-03-20T17:20:19.731-0500: 192.186: Total time for which application threads were stopped: 0.0085380 seconds
2014-03-20T17:20:20.059-0500: 192.514: [GC
Desired survivor size 6291456 bytes, new threshold 1 (max 15)
 [PSYoungGen: 689088K->3040K(693248K)] 773146K->87210K(2091520K), 0.0074510 secs] [Times: user=0.06 sys=0.00, real=0.01 secs] 
2014-03-20T17:20:20.066-0500: 192.521: Total time for which application threads were stopped: 0.0084730 seconds
2014-03-20T17:20:20.382-0500: 192.837: [GC
Desired survivor size 5767168 bytes, new threshold 1 (max 15)
 [PSYoungGen: 690144K->3072K(693248K)] 774314K->87362K(2091520K), 0.0076000 secs] [Times: user=0.07 sys=0.00, real=0.01 secs] 
2014-03-20T17:20:20.390-0500: 192.844: Total time for which application threads were stopped: 0.0088550 seconds
2014-03-20T17:20:20.714-0500: 193.169: [GC
Desired survivor size 5767168 bytes, new threshold 1 (max 15)
 [PSYoungGen: 690176K->3264K(693760K)] 774466K->87690K(2092032K), 0.0073240 secs] [Times: user=0.06 sys=0.00, real=0.00 secs] 
2014-03-20T17:20:20.722-0500: 193.176: Total time for which application threads were stopped: 0.0085130 seconds
2014-03-20T17:20:21.049-0500: 193.503: [GC
Desired survivor size 5767168 bytes, new threshold 1 (max 15)
 [PSYoungGen: 691392K->3520K(693760K)] 775818K->88090K(2092032K), 0.0073710 secs] [Times: user=0.06 sys=0.00, real=0.01 secs] 
2014-03-20T17:20:21.056-0500: 193.511: Total time for which application threads were stopped: 0.0085950 seconds
2014-03-20T17:20:21.391-0500: 193.845: [GC
Desired survivor size 5767168 bytes, new threshold 1 (max 15)
 [PSYoungGen: 691648K->3552K(693760K)] 776218K->88258K(2092032K), 0.0074590 secs] [Times: user=0.06 sys=0.00, real=0.01 secs] 
2014-03-20T17:20:21.398-0500: 193.853: Total time for which application threads were stopped: 0.0085710 seconds
2014-03-20T17:20:21.745-0500: 194.200: [GC
Desired survivor size 5767168 bytes, new threshold 1 (max 15)
 [PSYoungGen: 691680K->3712K(693760K)] 776386K->88546K(2092032K), 0.0068740 secs] [Times: user=0.06 sys=0.00, real=0.00 secs] 
2014-03-20T17:20:21.752-0500: 194.207: Total time for which application threads were stopped: 0.0081650 seconds
2014-03-20T17:20:22.067-0500: 194.522: [GC
Desired survivor size 5767168 bytes, new threshold 1 (max 15)
 [PSYoungGen: 691840K->3840K(693760K)] 776674K->88810K(2092032K), 0.0071040 secs] [Times: user=0.06 sys=0.00, real=0.01 secs] 
2014-03-20T17:20:22.075-0500: 194.530: Total time for which application threads were stopped: 0.0082140 seconds
2014-03-20T17:20:22.398-0500: 194.853: [GC
Desired survivor size 5767168 bytes, new threshold 1 (max 15)
 [PSYoungGen: 691968K->3936K(693760K)] 776938K->89034K(2092032K), 0.0070050 secs] [Times: user=0.06 sys=0.00, real=0.01 secs] 
2014-03-20T17:20:22.406-0500: 194.860: Total time for which application threads were stopped: 0.0082360 seconds
2014-03-20T17:20:22.724-0500: 195.179: [GC
Desired survivor size 5767168 bytes, new threshold 1 (max 15)
 [PSYoungGen: 692064K->4096K(693760K)] 777162K->89322K(2092032K), 0.0077320 secs] [Times: user=0.06 sys=0.00, real=0.00 secs] 
2014-03-20T17:20:22.732-0500: 195.187: Total time for which application threads were stopped: 0.0087310 seconds
2014-03-20T17:20:23.046-0500: 195.500: [GC
Desired survivor size 5767168 bytes, new threshold 1 (max 15)
 [PSYoungGen: 692224K->4288K(693760K)] 777450K->89658K(2092032K), 0.0067940 secs] [Times: user=0.05 sys=0.00, real=0.00 secs] 
2014-03-20T17:20:23.053-0500: 195.507: Total time for which application threads were stopped: 0.0080780 seconds
2014-03-20T17:20:23.378-0500: 195.832: [GC
Desired survivor size 5767168 bytes, new threshold 1 (max 15)
 [PSYoungGen: 692416K->4384K(693760K)] 777786K->89890K(2092032K), 0.0075010 secs] [Times: user=0.06 sys=0.00, real=0.01 secs] 
2014-03-20T17:20:23.385-0500: 195.840: Total time for which application threads were stopped: 0.0085340 seconds
2014-03-20T17:20:23.719-0500: 196.174: [GC
Desired survivor size 6291456 bytes, new threshold 1 (max 15)
 [PSYoungGen: 692512K->4608K(692736K)] 778018K->90250K(2091008K), 0.0072520 secs] [Times: user=0.06 sys=0.00, real=0.01 secs] 
2014-03-20T17:20:23.726-0500: 196.181: Total time for which application threads were stopped: 0.0085710 seconds
2014-03-20T17:20:24.054-0500: 196.509: [GC
Desired survivor size 6291456 bytes, new threshold 1 (max 15)
 [PSYoungGen: 692736K->4608K(693248K)] 778378K->90394K(2091520K), 0.0073830 secs] [Times: user=0.06 sys=0.01, real=0.00 secs] 
2014-03-20T17:20:24.062-0500: 196.516: Total time for which application threads were stopped: 0.0083270 seconds
2014-03-20T17:20:24.391-0500: 196.846: [GC
Desired survivor size 6291456 bytes, new threshold 1 (max 15)
 [PSYoungGen: 691712K->4800K(693248K)] 777498K->90722K(2091520K), 0.0077610 secs] [Times: user=0.06 sys=0.00, real=0.01 secs] 
2014-03-20T17:20:24.399-0500: 196.854: Total time for which application threads were stopped: 0.0089490 seconds
2014-03-20T17:20:24.734-0500: 197.188: [GC
Desired survivor size 6815744 bytes, new threshold 1 (max 15)
 [PSYoungGen: 691904K->4928K(692224K)] 777826K->90978K(2090496K), 0.0074730 secs] [Times: user=0.06 sys=0.00, real=0.00 secs] 
2014-03-20T17:20:24.741-0500: 197.196: Total time for which application threads were stopped: 0.0085490 seconds
2014-03-20T17:20:25.055-0500: 197.509: [GC
Desired survivor size 6815744 bytes, new threshold 1 (max 15)
 [PSYoungGen: 691008K->4960K(692736K)] 777058K->91146K(2091008K), 0.0073980 secs] [Times: user=0.05 sys=0.01, real=0.00 secs] 
2014-03-20T17:20:25.062-0500: 197.517: Total time for which application threads were stopped: 0.0087240 seconds
2014-03-20T17:20:25.380-0500: 197.834: [GC
Desired survivor size 6815744 bytes, new threshold 1 (max 15)
 [PSYoungGen: 691040K->5120K(692736K)] 777226K->91450K(2091008K), 0.0073200 secs] [Times: user=0.05 sys=0.00, real=0.01 secs] 
2014-03-20T17:20:25.387-0500: 197.842: Total time for which application threads were stopped: 0.0084850 seconds
2014-03-20T17:20:25.712-0500: 198.166: [GC
Desired survivor size 6815744 bytes, new threshold 1 (max 15)
 [PSYoungGen: 691200K->5184K(692736K)] 777530K->91650K(2091008K), 0.0073820 secs] [Times: user=0.06 sys=0.00, real=0.01 secs] 
2014-03-20T17:20:25.719-0500: 198.174: Total time for which application threads were stopped: 0.0086840 seconds
2014-03-20T17:20:26.040-0500: 198.495: [GC
Desired survivor size 7340032 bytes, new threshold 1 (max 15)
 [PSYoungGen: 691264K->5312K(691712K)] 777730K->91914K(2089984K), 0.0072720 secs] [Times: user=0.06 sys=0.00, real=0.01 secs] 
2014-03-20T17:20:26.047-0500: 198.502: Total time for which application threads were stopped: 0.0085570 seconds
2014-03-20T17:20:26.366-0500: 198.820: [GC
Desired survivor size 7340032 bytes, new threshold 1 (max 15)
 [PSYoungGen: 690368K->5440K(692224K)] 776970K->92186K(2090496K), 0.0073000 secs] [Times: user=0.06 sys=0.00, real=0.00 secs] 
2014-03-20T17:20:26.373-0500: 198.828: Total time for which application threads were stopped: 0.0086750 seconds
2014-03-20T17:20:26.707-0500: 199.162: [GC
Desired survivor size 7340032 bytes, new threshold 1 (max 15)
 [PSYoungGen: 690496K->5504K(692224K)] 777242K->92386K(2090496K), 0.0071940 secs] [Times: user=0.06 sys=0.00, real=0.01 secs] 
2014-03-20T17:20:26.715-0500: 199.169: Total time for which application threads were stopped: 0.0082920 seconds
2014-03-20T17:20:27.042-0500: 199.497: [GC
Desired survivor size 7340032 bytes, new threshold 1 (max 15)
 [PSYoungGen: 690560K->5504K(692224K)] 777442K->92490K(2090496K), 0.0072840 secs] [Times: user=0.05 sys=0.00, real=0.01 secs] 
2014-03-20T17:20:27.050-0500: 199.504: Total time for which application threads were stopped: 0.0086150 seconds
2014-03-20T17:20:27.375-0500: 199.830: [GC
Desired survivor size 7864320 bytes, new threshold 1 (max 15)
 [PSYoungGen: 690560K->5664K(691200K)] 777546K->92778K(2089472K), 0.0098070 secs] [Times: user=0.06 sys=0.00, real=0.01 secs] 
2014-03-20T17:20:27.386-0500: 199.840: Total time for which application threads were stopped: 0.0110380 seconds
2014-03-20T17:20:27.731-0500: 200.186: [GC
Desired survivor size 7864320 bytes, new threshold 1 (max 15)
 [PSYoungGen: 689696K->5728K(691712K)] 776810K->92986K(2089984K), 0.0076200 secs] [Times: user=0.06 sys=0.01, real=0.01 secs] 
2014-03-20T17:20:27.739-0500: 200.194: Total time for which application threads were stopped: 0.0089240 seconds
2014-03-20T17:20:28.060-0500: 200.515: [GC
Desired survivor size 7864320 bytes, new threshold 1 (max 15)
 [PSYoungGen: 689760K->5792K(691712K)] 777018K->93194K(2089984K), 0.0067760 secs] [Times: user=0.06 sys=0.00, real=0.01 secs] 
2014-03-20T17:20:28.067-0500: 200.522: Total time for which application threads were stopped: 0.0076980 seconds
2014-03-20T17:20:28.398-0500: 200.853: [GC
Desired survivor size 7864320 bytes, new threshold 1 (max 15)
 [PSYoungGen: 689824K->5824K(691712K)] 777226K->93330K(2089984K), 0.0067240 secs] [Times: user=0.04 sys=0.00, real=0.01 secs] 
2014-03-20T17:20:28.405-0500: 200.860: Total time for which application threads were stopped: 0.0080130 seconds
2014-03-20T17:20:28.727-0500: 201.182: [GC
Desired survivor size 8388608 bytes, new threshold 1 (max 15)
 [PSYoungGen: 689856K->2016K(690688K)] 777362K->89658K(2088960K), 0.0069510 secs] [Times: user=0.06 sys=0.00, real=0.01 secs] 
2014-03-20T17:20:28.735-0500: 201.189: Total time for which application threads were stopped: 0.0079490 seconds
2014-03-20T17:20:29.068-0500: 201.523: [GC
Desired survivor size 8388608 bytes, new threshold 1 (max 15)
 [PSYoungGen: 685024K->2240K(691200K)] 772666K->90002K(2089472K), 0.0068270 secs] [Times: user=0.05 sys=0.00, real=0.01 secs] 
2014-03-20T17:20:29.075-0500: 201.530: Total time for which application threads were stopped: 0.0078580 seconds
2014-03-20T17:20:29.405-0500: 201.860: [GC
Desired survivor size 8388608 bytes, new threshold 1 (max 15)
 [PSYoungGen: 685248K->2208K(691200K)] 773010K->90106K(2089472K), 0.0069270 secs] [Times: user=0.05 sys=0.00, real=0.00 secs] 
2014-03-20T17:20:29.412-0500: 201.867: Total time for which application threads were stopped: 0.0079200 seconds
2014-03-20T17:20:29.763-0500: 202.218: [GC
Desired survivor size 8388608 bytes, new threshold 1 (max 15)
 [PSYoungGen: 685216K->2400K(691200K)] 773114K->90378K(2089472K), 0.0085340 secs] [Times: user=0.06 sys=0.00, real=0.01 secs] 
2014-03-20T17:20:29.772-0500: 202.227: Total time for which application threads were stopped: 0.0098760 seconds
2014-03-20T17:20:30.093-0500: 202.547: [GC
Desired survivor size 8388608 bytes, new threshold 1 (max 15)
 [PSYoungGen: 685408K->2400K(691200K)] 773386K->90602K(2089472K), 0.0070750 secs] [Times: user=0.06 sys=0.01, real=0.01 secs] 
2014-03-20T17:20:30.100-0500: 202.555: Total time for which application threads were stopped: 0.0081980 seconds
2014-03-20T17:20:30.419-0500: 202.873: [GC
Desired survivor size 7864320 bytes, new threshold 1 (max 15)
 [PSYoungGen: 685408K->2400K(691200K)] 773610K->90842K(2089472K), 0.0093430 secs] [Times: user=0.06 sys=0.00, real=0.01 secs] 
2014-03-20T17:20:30.428-0500: 202.883: Total time for which application threads were stopped: 0.0105220 seconds
2014-03-20T17:20:30.729-0500: 203.183: Total time for which application threads were stopped: 0.0009230 seconds
2014-03-20T17:20:30.745-0500: 203.200: [GC
Desired survivor size 7864320 bytes, new threshold 1 (max 15)
 [PSYoungGen: 685408K->2560K(691712K)] 773850K->91154K(2089984K), 0.0071500 secs] [Times: user=0.05 sys=0.00, real=0.00 secs] 
2014-03-20T17:20:30.752-0500: 203.207: Total time for which application threads were stopped: 0.0082870 seconds
2014-03-20T17:20:31.083-0500: 203.538: [GC
Desired survivor size 7864320 bytes, new threshold 1 (max 15)
 [PSYoungGen: 686592K->2496K(691712K)] 775186K->91282K(2089984K), 0.0075860 secs] [Times: user=0.06 sys=0.00, real=0.01 secs] 
2014-03-20T17:20:31.091-0500: 203.546: Total time for which application threads were stopped: 0.0087880 seconds
2014-03-20T17:20:31.429-0500: 203.884: [GC
Desired survivor size 7340032 bytes, new threshold 1 (max 15)
 [PSYoungGen: 686528K->2560K(692224K)] 775314K->91482K(2090496K), 0.0068640 secs] [Times: user=0.06 sys=0.01, real=0.01 secs] 
2014-03-20T17:20:31.436-0500: 203.891: Total time for which application threads were stopped: 0.0079130 seconds
2014-03-20T17:20:31.773-0500: 204.228: [GC
Desired survivor size 7340032 bytes, new threshold 1 (max 15)
 [PSYoungGen: 687104K->2880K(691712K)] 776026K->91906K(2089984K), 0.0069220 secs] [Times: user=0.06 sys=0.00, real=0.01 secs] 
2014-03-20T17:20:31.780-0500: 204.235: Total time for which application threads were stopped: 0.0080510 seconds
2014-03-20T17:20:32.106-0500: 204.561: [GC
Desired survivor size 6815744 bytes, new threshold 1 (max 15)
 [PSYoungGen: 687424K->2752K(692736K)] 776450K->92146K(2091008K), 0.0077280 secs] [Times: user=0.06 sys=0.00, real=0.00 secs] 
2014-03-20T17:20:32.114-0500: 204.569: Total time for which application threads were stopped: 0.0087290 seconds
2014-03-20T17:20:32.445-0500: 204.900: [GC
Desired survivor size 6815744 bytes, new threshold 1 (max 15)
 [PSYoungGen: 688320K->2880K(692224K)] 777714K->92522K(2090496K), 0.0071610 secs] [Times: user=0.06 sys=0.00, real=0.01 secs] 
2014-03-20T17:20:32.452-0500: 204.907: Total time for which application threads were stopped: 0.0086160 seconds
2014-03-20T17:20:32.765-0500: 205.220: [GC
Desired survivor size 6291456 bytes, new threshold 1 (max 15)
 [PSYoungGen: 688448K->2976K(693248K)] 778090K->92730K(2091520K), 0.0069050 secs] [Times: user=0.06 sys=0.00, real=0.01 secs] 
2014-03-20T17:20:32.772-0500: 205.227: Total time for which application threads were stopped: 0.0079150 seconds
2014-03-20T17:20:33.097-0500: 205.552: [GC
Desired survivor size 6291456 bytes, new threshold 1 (max 15)
 [PSYoungGen: 689568K->3072K(692736K)] 779322K->92962K(2091008K), 0.0067380 secs] [Times: user=0.06 sys=0.00, real=0.00 secs] 
2014-03-20T17:20:33.104-0500: 205.559: Total time for which application threads were stopped: 0.0078660 seconds
2014-03-20T17:20:33.432-0500: 205.887: [GC
Desired survivor size 5767168 bytes, new threshold 1 (max 15)
 [PSYoungGen: 689664K->3136K(693760K)] 779554K->93258K(2092032K), 0.0068600 secs] [Times: user=0.05 sys=0.01, real=0.01 secs] 
2014-03-20T17:20:33.439-0500: 205.894: Total time for which application threads were stopped: 0.0080570 seconds
2014-03-20T17:20:33.786-0500: 206.241: [GC
Desired survivor size 5767168 bytes, new threshold 1 (max 15)
 [PSYoungGen: 690752K->3392K(693248K)] 780874K->93634K(2091520K), 0.0070040 secs] [Times: user=0.05 sys=0.00, real=0.00 secs] 
2014-03-20T17:20:33.793-0500: 206.248: Total time for which application threads were stopped: 0.0082090 seconds
2014-03-20T17:20:34.125-0500: 206.580: [GC
Desired survivor size 5767168 bytes, new threshold 1 (max 15)
 [PSYoungGen: 691008K->3552K(693760K)] 781250K->93930K(2092032K), 0.0067390 secs] [Times: user=0.05 sys=0.00, real=0.01 secs] 
2014-03-20T17:20:34.132-0500: 206.587: Total time for which application threads were stopped: 0.0079780 seconds
2014-03-20T17:20:34.448-0500: 206.903: [GC
Desired survivor size 5767168 bytes, new threshold 1 (max 15)
 [PSYoungGen: 691680K->3680K(693760K)] 782058K->94306K(2092032K), 0.0074510 secs] [Times: user=0.07 sys=0.00, real=0.01 secs] 
2014-03-20T17:20:34.456-0500: 206.910: Total time for which application threads were stopped: 0.0086110 seconds
2014-03-20T17:20:34.787-0500: 207.242: [GC
Desired survivor size 5767168 bytes, new threshold 1 (max 15)
 [PSYoungGen: 691808K->3936K(693760K)] 782434K->94810K(2092032K), 0.0073610 secs] [Times: user=0.07 sys=0.00, real=0.00 secs] 
2014-03-20T17:20:34.795-0500: 207.250: Total time for which application threads were stopped: 0.0084130 seconds
2014-03-20T17:20:35.130-0500: 207.585: [GC
Desired survivor size 5767168 bytes, new threshold 1 (max 15)
 [PSYoungGen: 692064K->3904K(693760K)] 782938K->95114K(2092032K), 0.0073280 secs] [Times: user=0.05 sys=0.01, real=0.01 secs] 
2014-03-20T17:20:35.138-0500: 207.592: Total time for which application threads were stopped: 0.0086700 seconds
2014-03-20T17:20:35.452-0500: 207.907: [GC
Desired survivor size 5767168 bytes, new threshold 1 (max 15)
 [PSYoungGen: 692032K->4000K(693760K)] 783242K->95362K(2092032K), 0.0073810 secs] [Times: user=0.06 sys=0.00, real=0.01 secs] 
2014-03-20T17:20:35.460-0500: 207.915: Total time for which application threads were stopped: 0.0083670 seconds
2014-03-20T17:20:35.792-0500: 208.247: [GC
Desired survivor size 5767168 bytes, new threshold 1 (max 15)
 [PSYoungGen: 692128K->4096K(693760K)] 783490K->95602K(2092032K), 0.0072220 secs] [Times: user=0.06 sys=0.00, real=0.01 secs] 
2014-03-20T17:20:35.800-0500: 208.255: Total time for which application threads were stopped: 0.0084080 seconds
2014-03-20T17:20:36.122-0500: 208.577: [GC
Desired survivor size 5767168 bytes, new threshold 1 (max 15)
 [PSYoungGen: 692224K->4480K(693760K)] 783730K->96122K(2092032K), 0.0071640 secs] [Times: user=0.06 sys=0.00, real=0.01 secs] 
2014-03-20T17:20:36.129-0500: 208.584: Total time for which application threads were stopped: 0.0081700 seconds
2014-03-20T17:20:36.436-0500: 208.891: [GC
Desired survivor size 6291456 bytes, new threshold 1 (max 15)
 [PSYoungGen: 692608K->4768K(693248K)] 784250K->96682K(2091520K), 0.0077640 secs] [Times: user=0.06 sys=0.00, real=0.00 secs] 
2014-03-20T17:20:36.444-0500: 208.899: Total time for which application threads were stopped: 0.0090850 seconds
2014-03-20T17:20:36.768-0500: 209.223: [GC
Desired survivor size 6291456 bytes, new threshold 1 (max 15)
 [PSYoungGen: 692896K->4480K(693248K)] 784810K->96810K(2091520K), 0.0073740 secs] [Times: user=0.06 sys=0.00, real=0.01 secs] 
2014-03-20T17:20:36.776-0500: 209.230: Total time for which application threads were stopped: 0.0083350 seconds
2014-03-20T17:20:37.099-0500: 209.554: [GC
Desired survivor size 6291456 bytes, new threshold 1 (max 15)
 [PSYoungGen: 691584K->4672K(693248K)] 783914K->97154K(2091520K), 0.0075940 secs] [Times: user=0.06 sys=0.00, real=0.01 secs] 
2014-03-20T17:20:37.107-0500: 209.562: Total time for which application threads were stopped: 0.0087180 seconds
2014-03-20T17:20:37.428-0500: 209.883: [GC
Desired survivor size 6291456 bytes, new threshold 1 (max 15)
 [PSYoungGen: 691776K->4864K(693248K)] 784258K->97490K(2091520K), 0.0078990 secs] [Times: user=0.07 sys=0.00, real=0.01 secs] 
2014-03-20T17:20:37.436-0500: 209.891: Total time for which application threads were stopped: 0.0090590 seconds
2014-03-20T17:20:37.764-0500: 210.219: [GC
Desired survivor size 6815744 bytes, new threshold 1 (max 15)
 [PSYoungGen: 691968K->4960K(692224K)] 784594K->97834K(2090496K), 0.0078180 secs] [Times: user=0.07 sys=0.00, real=0.01 secs] 
2014-03-20T17:20:37.772-0500: 210.227: Total time for which application threads were stopped: 0.0092400 seconds
2014-03-20T17:20:38.104-0500: 210.559: [GC
Desired survivor size 6815744 bytes, new threshold 1 (max 15)
 [PSYoungGen: 692064K->5152K(692736K)] 784938K->98170K(2091008K), 0.0072220 secs] [Times: user=0.06 sys=0.00, real=0.01 secs] 
2014-03-20T17:20:38.111-0500: 210.566: Total time for which application threads were stopped: 0.0084040 seconds
2014-03-20T17:20:38.430-0500: 210.885: [GC
Desired survivor size 6815744 bytes, new threshold 1 (max 15)
 [PSYoungGen: 691232K->5216K(692736K)] 784250K->98378K(2091008K), 0.0075810 secs] [Times: user=0.06 sys=0.00, real=0.01 secs] 
2014-03-20T17:20:38.438-0500: 210.893: Total time for which application threads were stopped: 0.0090020 seconds
2014-03-20T17:20:38.760-0500: 211.214: [GC
Desired survivor size 7340032 bytes, new threshold 1 (max 15)
 [PSYoungGen: 691296K->5312K(691712K)] 784458K->98602K(2089984K), 0.0081570 secs] [Times: user=0.07 sys=0.00, real=0.01 secs] 
2014-03-20T17:20:38.768-0500: 211.223: Total time for which application threads were stopped: 0.0093110 seconds
2014-03-20T17:20:38.967-0500: 211.422: Total time for which application threads were stopped: 0.0009380 seconds
2014-03-20T17:20:39.085-0500: 211.539: [GC
Desired survivor size 7340032 bytes, new threshold 1 (max 15)
 [PSYoungGen: 690368K->5408K(692224K)] 783658K->98842K(2090496K), 0.0074170 secs] [Times: user=0.06 sys=0.00, real=0.01 secs] 
2014-03-20T17:20:39.092-0500: 211.547: Total time for which application threads were stopped: 0.0085150 seconds
2014-03-20T17:20:39.410-0500: 211.864: [GC
Desired survivor size 7340032 bytes, new threshold 1 (max 15)
 [PSYoungGen: 690464K->5472K(692224K)] 783898K->98994K(2090496K), 0.0074970 secs] [Times: user=0.05 sys=0.00, real=0.01 secs] 
2014-03-20T17:20:39.417-0500: 211.872: Total time for which application threads were stopped: 0.0085370 seconds
2014-03-20T17:20:39.745-0500: 212.200: [GC
Desired survivor size 7340032 bytes, new threshold 1 (max 15)
 [PSYoungGen: 690528K->5568K(692224K)] 784050K->99234K(2090496K), 0.0074050 secs] [Times: user=0.06 sys=0.00, real=0.01 secs] 
2014-03-20T17:20:39.753-0500: 212.207: Total time for which application threads were stopped: 0.0088780 seconds
2014-03-20T17:20:40.076-0500: 212.531: [GC
Desired survivor size 7864320 bytes, new threshold 1 (max 15)
 [PSYoungGen: 690624K->5696K(691200K)] 784290K->99474K(2089472K), 0.0075550 secs] [Times: user=0.05 sys=0.01, real=0.00 secs] 
2014-03-20T17:20:40.084-0500: 212.539: Total time for which application threads were stopped: 0.0086460 seconds
2014-03-20T17:20:40.406-0500: 212.861: [GC
Desired survivor size 7864320 bytes, new threshold 1 (max 15)
 [PSYoungGen: 689728K->5792K(691712K)] 783506K->99666K(2089984K), 0.0078770 secs] [Times: user=0.05 sys=0.00, real=0.00 secs] 
2014-03-20T17:20:40.414-0500: 212.869: Total time for which application threads were stopped: 0.0090260 seconds
2014-03-20T17:20:40.747-0500: 213.202: [GC
Desired survivor size 7864320 bytes, new threshold 1 (max 15)
 [PSYoungGen: 689824K->5760K(691712K)] 783698K->99730K(2089984K), 0.0088870 secs] [Times: user=0.06 sys=0.00, real=0.01 secs] 
2014-03-20T17:20:40.757-0500: 213.211: Total time for which application threads were stopped: 0.0100550 seconds
2014-03-20T17:20:41.082-0500: 213.537: [GC
Desired survivor size 7864320 bytes, new threshold 1 (max 15)
 [PSYoungGen: 689792K->5824K(691712K)] 783762K->99882K(2089984K), 0.0077800 secs] [Times: user=0.05 sys=0.00, real=0.01 secs] 
2014-03-20T17:20:41.090-0500: 213.545: Total time for which application threads were stopped: 0.0092540 seconds
2014-03-20T17:20:41.416-0500: 213.871: [GC
Desired survivor size 8388608 bytes, new threshold 1 (max 15)
 [PSYoungGen: 689856K->2112K(690688K)] 783914K->96298K(2088960K), 0.0070790 secs] [Times: user=0.06 sys=0.00, real=0.00 secs] 
2014-03-20T17:20:41.424-0500: 213.878: Total time for which application threads were stopped: 0.0081500 seconds
2014-03-20T17:20:41.761-0500: 214.216: [GC
Desired survivor size 8388608 bytes, new threshold 1 (max 15)
 [PSYoungGen: 685120K->2144K(691200K)] 779306K->96458K(2089472K), 0.0071010 secs] [Times: user=0.06 sys=0.00, real=0.01 secs] 
2014-03-20T17:20:41.768-0500: 214.223: Total time for which application threads were stopped: 0.0082790 seconds
2014-03-20T17:20:42.095-0500: 214.549: [GC
Desired survivor size 8388608 bytes, new threshold 1 (max 15)
 [PSYoungGen: 685152K->2208K(691200K)] 779466K->96634K(2089472K), 0.0071260 secs] [Times: user=0.05 sys=0.00, real=0.01 secs] 
2014-03-20T17:20:42.102-0500: 214.557: Total time for which application threads were stopped: 0.0081610 seconds
2014-03-20T17:20:42.436-0500: 214.891: [GC
Desired survivor size 8388608 bytes, new threshold 1 (max 15)
 [PSYoungGen: 685216K->2304K(691200K)] 779642K->96858K(2089472K), 0.0073010 secs] [Times: user=0.06 sys=0.00, real=0.01 secs] 
2014-03-20T17:20:42.443-0500: 214.898: Total time for which application threads were stopped: 0.0086090 seconds
2014-03-20T17:20:42.767-0500: 215.221: [GC
Desired survivor size 8388608 bytes, new threshold 1 (max 15)
 [PSYoungGen: 685312K->2368K(691200K)] 779866K->97050K(2089472K), 0.0077950 secs] [Times: user=0.06 sys=0.00, real=0.00 secs] 
2014-03-20T17:20:42.775-0500: 215.230: Total time for which application threads were stopped: 0.0089990 seconds
2014-03-20T17:20:43.105-0500: 215.559: [GC
Desired survivor size 8388608 bytes, new threshold 1 (max 15)
 [PSYoungGen: 685376K->2400K(691200K)] 780058K->97210K(2089472K), 0.0071270 secs] [Times: user=0.06 sys=0.00, real=0.01 secs] 
2014-03-20T17:20:43.112-0500: 215.567: Total time for which application threads were stopped: 0.0084510 seconds
2014-03-20T17:20:43.429-0500: 215.883: [GC
Desired survivor size 7864320 bytes, new threshold 1 (max 15)
 [PSYoungGen: 685408K->2496K(691712K)] 780218K->97442K(2089984K), 0.0072660 secs] [Times: user=0.06 sys=0.00, real=0.01 secs] 
2014-03-20T17:20:43.436-0500: 215.891: Total time for which application threads were stopped: 0.0082540 seconds
2014-03-20T17:20:43.767-0500: 216.221: [GC
Desired survivor size 7864320 bytes, new threshold 1 (max 15)
 [PSYoungGen: 686016K->2496K(691200K)] 780962K->97562K(2089472K), 0.0071590 secs] [Times: user=0.06 sys=0.00, real=0.00 secs] 
2014-03-20T17:20:43.774-0500: 216.229: Total time for which application threads were stopped: 0.0084040 seconds
2014-03-20T17:20:44.097-0500: 216.552: [GC
Desired survivor size 7340032 bytes, new threshold 1 (max 15)
 [PSYoungGen: 686016K->2592K(692224K)] 781082K->97786K(2090496K), 0.0070870 secs] [Times: user=0.05 sys=0.00, real=0.00 secs] 
2014-03-20T17:20:44.105-0500: 216.559: Total time for which application threads were stopped: 0.0082380 seconds
2014-03-20T17:20:44.422-0500: 216.877: [GC
Desired survivor size 7340032 bytes, new threshold 1 (max 15)
 [PSYoungGen: 687136K->2592K(691712K)] 782330K->97906K(2089984K), 0.0079580 secs] [Times: user=0.06 sys=0.00, real=0.01 secs] 
2014-03-20T17:20:44.430-0500: 216.885: Total time for which application threads were stopped: 0.0091310 seconds
2014-03-20T17:20:44.775-0500: 217.230: [GC
Desired survivor size 6815744 bytes, new threshold 1 (max 15)
 [PSYoungGen: 687136K->2752K(692736K)] 782450K->98194K(2091008K), 0.0074750 secs] [Times: user=0.06 sys=0.00, real=0.01 secs] 
2014-03-20T17:20:44.783-0500: 217.238: Total time for which application threads were stopped: 0.0087220 seconds
2014-03-20T17:20:45.120-0500: 217.575: [GC
Desired survivor size 6815744 bytes, new threshold 1 (max 15)
 [PSYoungGen: 688320K->2848K(692224K)] 783762K->98386K(2090496K), 0.0079820 secs] [Times: user=0.04 sys=0.00, real=0.01 secs] 
2014-03-20T17:20:45.128-0500: 217.583: Total time for which application threads were stopped: 0.0093440 seconds
2014-03-20T17:20:45.449-0500: 217.904: [GC
Desired survivor size 6291456 bytes, new threshold 1 (max 15)
 [PSYoungGen: 688416K->2944K(693248K)] 783954K->98586K(2091520K), 0.0074260 secs] [Times: user=0.05 sys=0.00, real=0.00 secs] 
2014-03-20T17:20:45.456-0500: 217.911: Total time for which application threads were stopped: 0.0084150 seconds
2014-03-20T17:20:45.796-0500: 218.250: [GC
Desired survivor size 6291456 bytes, new threshold 1 (max 15)
 [PSYoungGen: 689536K->3008K(692736K)] 785178K->98770K(2091008K), 0.0073770 secs] [Times: user=0.05 sys=0.00, real=0.01 secs] 
2014-03-20T17:20:45.803-0500: 218.258: Total time for which application threads were stopped: 0.0087150 seconds
2014-03-20T17:20:46.123-0500: 218.578: [GC
Desired survivor size 5767168 bytes, new threshold 1 (max 15)
 [PSYoungGen: 689600K->3200K(693760K)] 785362K->99066K(2092032K), 0.0075910 secs] [Times: user=0.05 sys=0.00, real=0.01 secs] 
2014-03-20T17:20:46.131-0500: 218.586: Total time for which application threads were stopped: 0.0086020 seconds
2014-03-20T17:20:46.452-0500: 218.907: [GC
Desired survivor size 5767168 bytes, new threshold 1 (max 15)
 [PSYoungGen: 690816K->3264K(693248K)] 786682K->99266K(2091520K), 0.0073800 secs] [Times: user=0.05 sys=0.00, real=0.01 secs] 
2014-03-20T17:20:46.460-0500: 218.915: Total time for which application threads were stopped: 0.0086580 seconds
2014-03-20T17:20:46.785-0500: 219.240: [GC
Desired survivor size 5767168 bytes, new threshold 1 (max 15)
 [PSYoungGen: 690880K->3520K(693760K)] 786882K->99666K(2092032K), 0.0073370 secs] [Times: user=0.06 sys=0.00, real=0.01 secs] 
2014-03-20T17:20:46.792-0500: 219.247: Total time for which application threads were stopped: 0.0083460 seconds
2014-03-20T17:20:47.115-0500: 219.570: [GC
Desired survivor size 5767168 bytes, new threshold 1 (max 15)
 [PSYoungGen: 691648K->3552K(693760K)] 787794K->99834K(2092032K), 0.0078030 secs] [Times: user=0.05 sys=0.00, real=0.01 secs] 
2014-03-20T17:20:47.123-0500: 219.578: Total time for which application threads were stopped: 0.0091560 seconds
2014-03-20T17:20:47.454-0500: 219.909: [GC
Desired survivor size 5767168 bytes, new threshold 1 (max 15)
 [PSYoungGen: 691680K->3744K(693760K)] 787962K->100146K(2092032K), 0.0083200 secs] [Times: user=0.07 sys=0.00, real=0.01 secs] 
2014-03-20T17:20:47.463-0500: 219.917: Total time for which application threads were stopped: 0.0092420 seconds
2014-03-20T17:20:47.804-0500: 220.259: [GC
Desired survivor size 5767168 bytes, new threshold 1 (max 15)
 [PSYoungGen: 691872K->3904K(693760K)] 788274K->100442K(2092032K), 0.0076360 secs] [Times: user=0.06 sys=0.00, real=0.01 secs] 
2014-03-20T17:20:47.812-0500: 220.267: Total time for which application threads were stopped: 0.0090390 seconds
2014-03-20T17:20:48.138-0500: 220.593: [GC
Desired survivor size 5767168 bytes, new threshold 1 (max 15)
 [PSYoungGen: 692032K->4032K(693760K)] 788570K->100706K(2092032K), 0.0068460 secs] [Times: user=0.05 sys=0.00, real=0.00 secs] 
2014-03-20T17:20:48.145-0500: 220.600: Total time for which application threads were stopped: 0.0078360 seconds
2014-03-20T17:20:48.475-0500: 220.929: [GC
Desired survivor size 5767168 bytes, new threshold 1 (max 15)
 [PSYoungGen: 692160K->4160K(693760K)] 788834K->100970K(2092032K), 0.0068120 secs] [Times: user=0.06 sys=0.01, real=0.01 secs] 
2014-03-20T17:20:48.482-0500: 220.936: Total time for which application threads were stopped: 0.0079430 seconds
2014-03-20T17:20:48.812-0500: 221.267: [GC
Desired survivor size 5767168 bytes, new threshold 1 (max 15)
 [PSYoungGen: 692288K->4256K(693760K)] 789098K->101178K(2092032K), 0.0076480 secs] [Times: user=0.06 sys=0.00, real=0.01 secs] 
2014-03-20T17:20:48.820-0500: 221.275: Total time for which application threads were stopped: 0.0087230 seconds
2014-03-20T17:20:49.153-0500: 221.607: [GC
Desired survivor size 5767168 bytes, new threshold 1 (max 15)
 [PSYoungGen: 692384K->4480K(693760K)] 789306K->101538K(2092032K), 0.0075380 secs] [Times: user=0.07 sys=0.00, real=0.01 secs] 
2014-03-20T17:20:49.161-0500: 221.615: Total time for which application threads were stopped: 0.0089230 seconds
2014-03-20T17:20:49.490-0500: 221.945: [GC
Desired survivor size 6291456 bytes, new threshold 1 (max 15)
 [PSYoungGen: 692608K->4576K(692736K)] 789666K->101706K(2091008K), 0.0098400 secs] [Times: user=0.05 sys=0.00, real=0.01 secs] 
2014-03-20T17:20:49.500-0500: 221.955: Total time for which application threads were stopped: 0.0133590 seconds
2014-03-20T17:20:49.846-0500: 222.300: [GC
Desired survivor size 6291456 bytes, new threshold 1 (max 15)
 [PSYoungGen: 691680K->4608K(693248K)] 788810K->101810K(2091520K), 0.0088610 secs] [Times: user=0.05 sys=0.00, real=0.01 secs] 
2014-03-20T17:20:49.855-0500: 222.310: Total time for which application threads were stopped: 0.0102480 seconds
2014-03-20T17:20:50.182-0500: 222.637: [GC
Desired survivor size 6291456 bytes, new threshold 1 (max 15)
 [PSYoungGen: 691712K->4800K(693248K)] 788914K->102138K(2091520K), 0.0072710 secs] [Times: user=0.06 sys=0.00, real=0.01 secs] 
2014-03-20T17:20:50.190-0500: 222.644: Total time for which application threads were stopped: 0.0083360 seconds
2014-03-20T17:20:50.517-0500: 222.971: [GC
Desired survivor size 6291456 bytes, new threshold 1 (max 15)
 [PSYoungGen: 691904K->4864K(693248K)] 789242K->102330K(2091520K), 0.0072930 secs] [Times: user=0.06 sys=0.00, real=0.01 secs] 
2014-03-20T17:20:50.524-0500: 222.979: Total time for which application threads were stopped: 0.0085280 seconds
2014-03-20T17:20:50.861-0500: 223.316: [GC
Desired survivor size 6815744 bytes, new threshold 1 (max 15)
 [PSYoungGen: 691968K->4992K(692224K)] 789434K->102586K(2090496K), 0.0076960 secs] [Times: user=0.06 sys=0.00, real=0.01 secs] 
2014-03-20T17:20:50.869-0500: 223.324: Total time for which application threads were stopped: 0.0087880 seconds
2014-03-20T17:20:51.196-0500: 223.651: [GC
Desired survivor size 6815744 bytes, new threshold 1 (max 15)
 [PSYoungGen: 691072K->5120K(692736K)] 788666K->102850K(2091008K), 0.0090160 secs] [Times: user=0.07 sys=0.00, real=0.01 secs] 
2014-03-20T17:20:51.206-0500: 223.660: Total time for which application threads were stopped: 0.0104710 seconds
2014-03-20T17:20:51.565-0500: 224.020: [GC
Desired survivor size 6815744 bytes, new threshold 1 (max 15)
 [PSYoungGen: 691200K->5248K(692736K)] 788930K->103114K(2091008K), 0.0075950 secs] [Times: user=0.06 sys=0.00, real=0.01 secs] 
2014-03-20T17:20:51.573-0500: 224.027: Total time for which application threads were stopped: 0.0087610 seconds
2014-03-20T17:20:51.894-0500: 224.349: [GC
Desired survivor size 7340032 bytes, new threshold 1 (max 15)
 [PSYoungGen: 691328K->5344K(691712K)] 789194K->103338K(2089984K), 0.0087330 secs] [Times: user=0.06 sys=0.00, real=0.01 secs] 
2014-03-20T17:20:51.903-0500: 224.358: Total time for which application threads were stopped: 0.0101060 seconds
2014-03-20T17:20:52.238-0500: 224.693: [GC
Desired survivor size 7340032 bytes, new threshold 1 (max 15)
 [PSYoungGen: 691424K->5504K(692224K)] 789418K->103634K(2090496K), 0.0075360 secs] [Times: user=0.06 sys=0.00, real=0.01 secs] 
2014-03-20T17:20:52.246-0500: 224.700: Total time for which application threads were stopped: 0.0085700 seconds
2014-03-20T17:20:52.577-0500: 225.032: [GC
Desired survivor size 7340032 bytes, new threshold 1 (max 15)
 [PSYoungGen: 690560K->5504K(692224K)] 788690K->103770K(2090496K), 0.0081630 secs] [Times: user=0.06 sys=0.00, real=0.01 secs] 
2014-03-20T17:20:52.586-0500: 225.040: Total time for which application threads were stopped: 0.0096640 seconds
2014-03-20T17:20:52.904-0500: 225.359: [GC
Desired survivor size 7340032 bytes, new threshold 1 (max 15)
 [PSYoungGen: 690560K->5664K(692224K)] 788826K->104066K(2090496K), 0.0074780 secs] [Times: user=0.06 sys=0.00, real=0.01 secs] 
2014-03-20T17:20:52.912-0500: 225.367: Total time for which application threads were stopped: 0.0087160 seconds
2014-03-20T17:20:53.234-0500: 225.689: [GC
Desired survivor size 7864320 bytes, new threshold 1 (max 15)
 [PSYoungGen: 690720K->5728K(691200K)] 789122K->104266K(2089472K), 0.0075570 secs] [Times: user=0.06 sys=0.00, real=0.01 secs] 
2014-03-20T17:20:53.242-0500: 225.696: Total time for which application threads were stopped: 0.0087530 seconds
2014-03-20T17:20:53.589-0500: 226.044: [GC
Desired survivor size 7864320 bytes, new threshold 1 (max 15)
 [PSYoungGen: 690784K->5824K(691712K)] 789322K->104498K(2089984K), 0.0079370 secs] [Times: user=0.06 sys=0.00, real=0.00 secs] 
2014-03-20T17:20:53.598-0500: 226.052: Total time for which application threads were stopped: 0.0088920 seconds
2014-03-20T17:20:53.914-0500: 226.368: [GC
Desired survivor size 7864320 bytes, new threshold 1 (max 15)
 [PSYoungGen: 689856K->2080K(691712K)] 788530K->100890K(2089984K), 0.0073240 secs] [Times: user=0.05 sys=0.01, real=0.01 secs] 
2014-03-20T17:20:53.921-0500: 226.376: Total time for which application threads were stopped: 0.0085020 seconds
2014-03-20T17:20:54.242-0500: 226.697: [GC
Desired survivor size 8388608 bytes, new threshold 1 (max 15)
 [PSYoungGen: 686112K->2080K(690688K)] 784922K->100994K(2088960K), 0.0084450 secs] [Times: user=0.06 sys=0.00, real=0.01 secs] 
2014-03-20T17:20:54.251-0500: 226.706: Total time for which application threads were stopped: 0.0094610 seconds
2014-03-20T17:20:54.571-0500: 227.026: [GC
Desired survivor size 8388608 bytes, new threshold 1 (max 15)
 [PSYoungGen: 685088K->2112K(691200K)] 784002K->101138K(2089472K), 0.0070200 secs] [Times: user=0.06 sys=0.00, real=0.01 secs] 
2014-03-20T17:20:54.578-0500: 227.033: Total time for which application threads were stopped: 0.0083310 seconds
2014-03-20T17:20:54.899-0500: 227.353: [GC
Desired survivor size 8388608 bytes, new threshold 1 (max 15)
 [PSYoungGen: 685120K->2240K(691200K)] 784146K->101394K(2089472K), 0.0074840 secs] [Times: user=0.06 sys=0.00, real=0.00 secs] 
2014-03-20T17:20:54.906-0500: 227.361: Total time for which application threads were stopped: 0.0084970 seconds
2014-03-20T17:20:55.233-0500: 227.688: [GC
Desired survivor size 8388608 bytes, new threshold 1 (max 15)
 [PSYoungGen: 685248K->2336K(691200K)] 784402K->101626K(2089472K), 0.0074230 secs] [Times: user=0.06 sys=0.00, real=0.01 secs] 
2014-03-20T17:20:55.240-0500: 227.695: Total time for which application threads were stopped: 0.0087060 seconds
2014-03-20T17:20:55.563-0500: 228.018: [GC
Desired survivor size 7864320 bytes, new threshold 1 (max 15)
 [PSYoungGen: 685344K->2368K(691712K)] 784634K->101754K(2089984K), 0.0075270 secs] [Times: user=0.05 sys=0.00, real=0.01 secs] 
2014-03-20T17:20:55.571-0500: 228.026: Total time for which application threads were stopped: 0.0084580 seconds
2014-03-20T17:20:55.900-0500: 228.355: [GC
Desired survivor size 7864320 bytes, new threshold 1 (max 15)
 [PSYoungGen: 685888K->2432K(691200K)] 785274K->101938K(2089472K), 0.0069920 secs] [Times: user=0.05 sys=0.00, real=0.00 secs] 
2014-03-20T17:20:55.908-0500: 228.362: Total time for which application threads were stopped: 0.0083780 seconds
2014-03-20T17:20:56.230-0500: 228.685: [GC
Desired survivor size 7340032 bytes, new threshold 1 (max 15)
 [PSYoungGen: 685952K->2496K(692224K)] 785458K->102138K(2090496K), 0.0074150 secs] [Times: user=0.06 sys=0.00, real=0.00 secs] 
2014-03-20T17:20:56.238-0500: 228.692: Total time for which application threads were stopped: 0.0086450 seconds
2014-03-20T17:20:56.553-0500: 229.008: [GC
Desired survivor size 7340032 bytes, new threshold 1 (max 15)
 [PSYoungGen: 687040K->2528K(691712K)] 786682K->102306K(2089984K), 0.0073740 secs] [Times: user=0.06 sys=0.00, real=0.01 secs] 
2014-03-20T17:20:56.561-0500: 229.016: Total time for which application threads were stopped: 0.0086600 seconds
2014-03-20T17:20:56.890-0500: 229.344: [GC
Desired survivor size 7340032 bytes, new threshold 1 (max 15)
 [PSYoungGen: 687072K->2624K(692224K)] 786850K->102522K(2090496K), 0.0078480 secs] [Times: user=0.06 sys=0.00, real=0.00 secs] 
2014-03-20T17:20:56.898-0500: 229.352: Total time for which application threads were stopped: 0.0088130 seconds
2014-03-20T17:20:57.228-0500: 229.682: [GC
Desired survivor size 6815744 bytes, new threshold 1 (max 15)
 [PSYoungGen: 687680K->2688K(692224K)] 787578K->102722K(2090496K), 0.0071210 secs] [Times: user=0.06 sys=0.00, real=0.01 secs] 
2014-03-20T17:20:57.235-0500: 229.690: Total time for which application threads were stopped: 0.0083310 seconds
2014-03-20T17:20:57.565-0500: 230.020: [GC
Desired survivor size 6815744 bytes, new threshold 1 (max 15)
 [PSYoungGen: 687744K->2784K(692736K)] 787778K->102930K(2091008K), 0.0069950 secs] [Times: user=0.06 sys=0.01, real=0.01 secs] 
2014-03-20T17:20:57.572-0500: 230.027: Total time for which application threads were stopped: 0.0082820 seconds
2014-03-20T17:20:57.892-0500: 230.347: [GC
Desired survivor size 6291456 bytes, new threshold 1 (max 15)
 [PSYoungGen: 688864K->2880K(692736K)] 789010K->103162K(2091008K), 0.0066890 secs] [Times: user=0.05 sys=0.00, real=0.00 secs] 
2014-03-20T17:20:57.899-0500: 230.354: Total time for which application threads were stopped: 0.0076940 seconds
2014-03-20T17:20:58.231-0500: 230.686: [GC
Desired survivor size 6291456 bytes, new threshold 1 (max 15)
 [PSYoungGen: 688960K->3040K(693248K)] 789242K->103450K(2091520K), 0.0073430 secs] [Times: user=0.05 sys=0.00, real=0.00 secs] 
2014-03-20T17:20:58.239-0500: 230.693: Total time for which application threads were stopped: 0.0083210 seconds
2014-03-20T17:20:58.563-0500: 231.018: [GC
Desired survivor size 5767168 bytes, new threshold 1 (max 15)
 [PSYoungGen: 690144K->3104K(693248K)] 790554K->103642K(2091520K), 0.0069880 secs] [Times: user=0.06 sys=0.00, real=0.01 secs] 
2014-03-20T17:20:58.570-0500: 231.025: Total time for which application threads were stopped: 0.0080200 seconds
2014-03-20T17:20:58.891-0500: 231.346: [GC
Desired survivor size 5767168 bytes, new threshold 1 (max 15)
 [PSYoungGen: 690208K->3168K(693760K)] 790746K->103842K(2092032K), 0.0067790 secs] [Times: user=0.05 sys=0.00, real=0.00 secs] 
2014-03-20T17:20:58.898-0500: 231.353: Total time for which application threads were stopped: 0.0077450 seconds
2014-03-20T17:20:59.232-0500: 231.687: [GC
Desired survivor size 5242880 bytes, new threshold 1 (max 15)
 [PSYoungGen: 691296K->3392K(693760K)] 791970K->104202K(2092032K), 0.0073940 secs] [Times: user=0.06 sys=0.00, real=0.01 secs] 
2014-03-20T17:20:59.240-0500: 231.695: Total time for which application threads were stopped: 0.0087070 seconds
2014-03-20T17:20:59.576-0500: 232.031: [GC
Desired survivor size 5242880 bytes, new threshold 1 (max 15)
 [PSYoungGen: 691520K->3488K(694272K)] 792330K->104466K(2092544K), 0.0073760 secs] [Times: user=0.06 sys=0.01, real=0.01 secs] 
2014-03-20T17:20:59.584-0500: 232.038: Total time for which application threads were stopped: 0.0085300 seconds
2014-03-20T17:20:59.914-0500: 232.369: [GC
Desired survivor size 5242880 bytes, new threshold 1 (max 15)
 [PSYoungGen: 692640K->3712K(694272K)] 793618K->104818K(2092544K), 0.0071310 secs] [Times: user=0.06 sys=0.00, real=0.01 secs] 
2014-03-20T17:20:59.922-0500: 232.376: Total time for which application threads were stopped: 0.0082240 seconds
2014-03-20T17:21:00.246-0500: 232.700: [GC
Desired survivor size 5242880 bytes, new threshold 1 (max 15)
 [PSYoungGen: 692864K->3776K(694272K)] 793970K->105026K(2092544K), 0.0066690 secs] [Times: user=0.06 sys=0.00, real=0.01 secs] 
2014-03-20T17:21:00.253-0500: 232.707: Total time for which application threads were stopped: 0.0076530 seconds
2014-03-20T17:21:00.577-0500: 233.031: [GC
Desired survivor size 5767168 bytes, new threshold 1 (max 15)
 [PSYoungGen: 692928K->3968K(693248K)] 794178K->105354K(2091520K), 0.0081550 secs] [Times: user=0.06 sys=0.00, real=0.01 secs] 
2014-03-20T17:21:00.585-0500: 233.040: Total time for which application threads were stopped: 0.0093930 seconds
2014-03-20T17:21:00.912-0500: 233.367: [GC
Desired survivor size 5767168 bytes, new threshold 1 (max 15)
 [PSYoungGen: 693120K->4096K(693760K)] 794506K->105618K(2092032K), 0.0077120 secs] [Times: user=0.06 sys=0.00, real=0.01 secs] 
2014-03-20T17:21:00.920-0500: 233.375: Total time for which application threads were stopped: 0.0088810 seconds
2014-03-20T17:21:01.247-0500: 233.702: [GC
Desired survivor size 5767168 bytes, new threshold 1 (max 15)
 [PSYoungGen: 692224K->4224K(693760K)] 793746K->105890K(2092032K), 0.0071780 secs] [Times: user=0.05 sys=0.00, real=0.01 secs] 
2014-03-20T17:21:01.254-0500: 233.709: Total time for which application threads were stopped: 0.0083760 seconds
2014-03-20T17:21:01.587-0500: 234.042: [GC
Desired survivor size 5767168 bytes, new threshold 1 (max 15)
 [PSYoungGen: 692352K->4352K(693760K)] 794018K->106162K(2092032K), 0.0070420 secs] [Times: user=0.05 sys=0.01, real=0.01 secs] 
2014-03-20T17:21:01.594-0500: 234.049: Total time for which application threads were stopped: 0.0082470 seconds
2014-03-20T17:21:01.931-0500: 234.385: [GC
Desired survivor size 5767168 bytes, new threshold 1 (max 15)
 [PSYoungGen: 692480K->4480K(693760K)] 794290K->106426K(2092032K), 0.0070130 secs] [Times: user=0.06 sys=0.01, real=0.00 secs] 
2014-03-20T17:21:01.938-0500: 234.393: Total time for which application threads were stopped: 0.0083270 seconds
2014-03-20T17:21:02.268-0500: 234.723: [GC
Desired survivor size 6291456 bytes, new threshold 1 (max 15)
 [PSYoungGen: 692608K->4640K(692736K)] 794554K->106714K(2091008K), 0.0072820 secs] [Times: user=0.06 sys=0.00, real=0.01 secs] 
2014-03-20T17:21:02.276-0500: 234.731: Total time for which application threads were stopped: 0.0083750 seconds
2014-03-20T17:21:02.596-0500: 235.050: [GC
Desired survivor size 6291456 bytes, new threshold 1 (max 15)
 [PSYoungGen: 691744K->4832K(693248K)] 793818K->106986K(2091520K), 0.0103560 secs] [Times: user=0.06 sys=0.00, real=0.01 secs] 
2014-03-20T17:21:02.606-0500: 235.061: Total time for which application threads were stopped: 0.0115770 seconds
2014-03-20T17:21:02.926-0500: 235.380: [GC
Desired survivor size 6291456 bytes, new threshold 1 (max 15)
 [PSYoungGen: 691936K->4896K(693248K)] 794090K->107186K(2091520K), 0.0079100 secs] [Times: user=0.06 sys=0.00, real=0.01 secs] 
2014-03-20T17:21:02.934-0500: 235.388: Total time for which application threads were stopped: 0.0089310 seconds
2014-03-20T17:21:03.258-0500: 235.713: [GC
Desired survivor size 6815744 bytes, new threshold 1 (max 15)
 [PSYoungGen: 692000K->5024K(692224K)] 794290K->107450K(2090496K), 0.0074150 secs] [Times: user=0.06 sys=0.01, real=0.01 secs] 
2014-03-20T17:21:03.266-0500: 235.720: Total time for which application threads were stopped: 0.0089220 seconds
2014-03-20T17:21:03.600-0500: 236.054: [GC
Desired survivor size 6815744 bytes, new threshold 1 (max 15)
 [PSYoungGen: 692128K->5120K(692736K)] 794554K->107682K(2091008K), 0.0076460 secs] [Times: user=0.07 sys=0.00, real=0.00 secs] 
2014-03-20T17:21:03.608-0500: 236.062: Total time for which application threads were stopped: 0.0087470 seconds
2014-03-20T17:21:03.932-0500: 236.387: [GC
Desired survivor size 6815744 bytes, new threshold 1 (max 15)
 [PSYoungGen: 691200K->5216K(692736K)] 793762K->107922K(2091008K), 0.0075460 secs] [Times: user=0.06 sys=0.00, real=0.01 secs] 
2014-03-20T17:21:03.940-0500: 236.395: Total time for which application threads were stopped: 0.0090910 seconds
2014-03-20T17:21:04.265-0500: 236.719: [GC
Desired survivor size 7340032 bytes, new threshold 1 (max 15)
 [PSYoungGen: 691296K->5280K(691712K)] 794002K->108114K(2089984K), 0.0073910 secs] [Times: user=0.05 sys=0.00, real=0.01 secs] 
2014-03-20T17:21:04.272-0500: 236.727: Total time for which application threads were stopped: 0.0084310 seconds
2014-03-20T17:21:04.597-0500: 237.051: [GC
Desired survivor size 7340032 bytes, new threshold 1 (max 15)
 [PSYoungGen: 690336K->5408K(692224K)] 793170K->108370K(2090496K), 0.0073110 secs] [Times: user=0.06 sys=0.00, real=0.01 secs] 
2014-03-20T17:21:04.604-0500: 237.059: Total time for which application threads were stopped: 0.0086580 seconds
2014-03-20T17:21:04.923-0500: 237.378: [GC
Desired survivor size 7340032 bytes, new threshold 1 (max 15)
 [PSYoungGen: 690464K->5504K(692224K)] 793426K->108602K(2090496K), 0.0078280 secs] [Times: user=0.07 sys=0.00, real=0.01 secs] 
2014-03-20T17:21:04.931-0500: 237.386: Total time for which application threads were stopped: 0.0087690 seconds
2014-03-20T17:21:05.254-0500: 237.709: [GC
Desired survivor size 7340032 bytes, new threshold 1 (max 15)
 [PSYoungGen: 690560K->5664K(692224K)] 793658K->108890K(2090496K), 0.0081040 secs] [Times: user=0.06 sys=0.00, real=0.01 secs] 
2014-03-20T17:21:05.262-0500: 237.717: Total time for which application threads were stopped: 0.0095790 seconds
2014-03-20T17:21:05.604-0500: 238.059: [GC
Desired survivor size 7864320 bytes, new threshold 1 (max 15)
 [PSYoungGen: 690720K->5760K(691200K)] 793946K->109114K(2089472K), 0.0079960 secs] [Times: user=0.07 sys=0.00, real=0.01 secs] 
2014-03-20T17:21:05.612-0500: 238.067: Total time for which application threads were stopped: 0.0091480 seconds
2014-03-20T17:21:05.948-0500: 238.403: [GC
Desired survivor size 7864320 bytes, new threshold 1 (max 15)
 [PSYoungGen: 689792K->5664K(691712K)] 793146K->109154K(2089984K), 0.0074220 secs] [Times: user=0.06 sys=0.00, real=0.01 secs] 
2014-03-20T17:21:05.956-0500: 238.410: Total time for which application threads were stopped: 0.0087640 seconds
2014-03-20T17:21:06.274-0500: 238.729: [GC
Desired survivor size 7864320 bytes, new threshold 1 (max 15)
 [PSYoungGen: 689696K->5824K(691712K)] 793186K->109450K(2089984K), 0.0075080 secs] [Times: user=0.06 sys=0.00, real=0.01 secs] 
2014-03-20T17:21:06.282-0500: 238.736: Total time for which application threads were stopped: 0.0086320 seconds
2014-03-20T17:21:06.606-0500: 239.060: [GC
Desired survivor size 8388608 bytes, new threshold 1 (max 15)
 [PSYoungGen: 689856K->2048K(686080K)] 793482K->105802K(2084352K), 0.0069060 secs] [Times: user=0.05 sys=0.01, real=0.01 secs] 
2014-03-20T17:21:06.613-0500: 239.067: Total time for which application threads were stopped: 0.0080890 seconds
2014-03-20T17:21:06.941-0500: 239.396: [GC
Desired survivor size 8388608 bytes, new threshold 1 (max 15)
 [PSYoungGen: 686080K->2176K(691200K)] 789834K->106010K(2089472K), 0.0079300 secs] [Times: user=0.06 sys=0.00, real=0.00 secs] 
2014-03-20T17:21:06.949-0500: 239.404: Total time for which application threads were stopped: 0.0089680 seconds
2014-03-20T17:21:07.261-0500: 239.715: [GC
Desired survivor size 8388608 bytes, new threshold 1 (max 15)
 [PSYoungGen: 685184K->2176K(691200K)] 789018K->106146K(2089472K), 0.0070760 secs] [Times: user=0.06 sys=0.00, real=0.00 secs] 
2014-03-20T17:21:07.268-0500: 239.723: Total time for which application threads were stopped: 0.0081990 seconds
2014-03-20T17:21:07.605-0500: 240.060: [GC
Desired survivor size 8388608 bytes, new threshold 1 (max 15)
 [PSYoungGen: 685184K->2272K(691200K)] 789154K->106354K(2089472K), 0.0070170 secs] [Times: user=0.06 sys=0.00, real=0.01 secs] 
2014-03-20T17:21:07.612-0500: 240.067: Total time for which application threads were stopped: 0.0081310 seconds
2014-03-20T17:21:07.944-0500: 240.398: [GC
Desired survivor size 8388608 bytes, new threshold 1 (max 15)
 [PSYoungGen: 685280K->2304K(691200K)] 789362K->106506K(2089472K), 0.0069060 secs] [Times: user=0.06 sys=0.00, real=0.01 secs] 
2014-03-20T17:21:07.951-0500: 240.405: Total time for which application threads were stopped: 0.0083330 seconds
2014-03-20T17:21:08.271-0500: 240.726: [GC
Desired survivor size 7864320 bytes, new threshold 1 (max 15)
 [PSYoungGen: 685312K->2272K(691712K)] 789514K->106618K(2089984K), 0.0070180 secs] [Times: user=0.06 sys=0.00, real=0.00 secs] 
2014-03-20T17:21:08.278-0500: 240.733: Total time for which application threads were stopped: 0.0080390 seconds
2014-03-20T17:21:08.601-0500: 241.055: [GC
Desired survivor size 7864320 bytes, new threshold 1 (max 15)
 [PSYoungGen: 685792K->2432K(691200K)] 790138K->106898K(2089472K), 0.0070510 secs] [Times: user=0.06 sys=0.00, real=0.00 secs] 
2014-03-20T17:21:08.608-0500: 241.063: Total time for which application threads were stopped: 0.0084790 seconds
2014-03-20T17:21:08.921-0500: 241.376: [GC
Desired survivor size 7864320 bytes, new threshold 1 (max 15)
 [PSYoungGen: 685952K->2432K(691712K)] 790418K->107010K(2089984K), 0.0070350 secs] [Times: user=0.05 sys=0.00, real=0.00 secs] 
2014-03-20T17:21:08.928-0500: 241.383: Total time for which application threads were stopped: 0.0080340 seconds
2014-03-20T17:21:09.260-0500: 241.715: [GC
Desired survivor size 7340032 bytes, new threshold 1 (max 15)
 [PSYoungGen: 686464K->2528K(691712K)] 791042K->107226K(2089984K), 0.0065150 secs] [Times: user=0.05 sys=0.00, real=0.01 secs] 
2014-03-20T17:21:09.267-0500: 241.721: Total time for which application threads were stopped: 0.0075850 seconds
2014-03-20T17:21:09.596-0500: 242.051: [GC
Desired survivor size 7340032 bytes, new threshold 1 (max 15)
 [PSYoungGen: 686560K->2592K(692224K)] 791258K->107426K(2090496K), 0.0072670 secs] [Times: user=0.06 sys=0.00, real=0.01 secs] 
2014-03-20T17:21:09.603-0500: 242.058: Total time for which application threads were stopped: 0.0081990 seconds
2014-03-20T17:21:09.925-0500: 242.380: [GC
Desired survivor size 6815744 bytes, new threshold 1 (max 15)
 [PSYoungGen: 687648K->2720K(692224K)] 792482K->107682K(2090496K), 0.0067490 secs] [Times: user=0.06 sys=0.00, real=0.01 secs] 
2014-03-20T17:21:09.932-0500: 242.387: Total time for which application threads were stopped: 0.0078790 seconds
2014-03-20T17:21:10.257-0500: 242.712: [GC
Desired survivor size 6815744 bytes, new threshold 1 (max 15)
 [PSYoungGen: 687776K->2816K(692736K)] 792738K->107914K(2091008K), 0.0070450 secs] [Times: user=0.06 sys=0.00, real=0.01 secs] 
2014-03-20T17:21:10.264-0500: 242.719: Total time for which application threads were stopped: 0.0079310 seconds
2014-03-20T17:21:10.585-0500: 243.040: [GC
Desired survivor size 6291456 bytes, new threshold 1 (max 15)
 [PSYoungGen: 688896K->2656K(692736K)] 793994K->107882K(2091008K), 0.0070380 secs] [Times: user=0.06 sys=0.00, real=0.01 secs] 
2014-03-20T17:21:10.593-0500: 243.047: Total time for which application threads were stopped: 0.0082170 seconds
2014-03-20T17:21:10.920-0500: 243.375: [GC
Desired survivor size 6291456 bytes, new threshold 1 (max 15)
 [PSYoungGen: 688736K->2752K(693248K)] 793962K->108106K(2091520K), 0.0073270 secs] [Times: user=0.06 sys=0.00, real=0.01 secs] 
2014-03-20T17:21:10.928-0500: 243.382: Total time for which application threads were stopped: 0.0082490 seconds
2014-03-20T17:21:11.251-0500: 243.705: [GC
Desired survivor size 5767168 bytes, new threshold 1 (max 15)
 [PSYoungGen: 689856K->2880K(693248K)] 795210K->108370K(2091520K), 0.0069230 secs] [Times: user=0.05 sys=0.01, real=0.01 secs] 
2014-03-20T17:21:11.258-0500: 243.713: Total time for which application threads were stopped: 0.0083320 seconds
2014-03-20T17:21:11.594-0500: 244.049: [GC
Desired survivor size 5767168 bytes, new threshold 1 (max 15)
 [PSYoungGen: 689984K->2944K(693760K)] 795474K->108546K(2092032K), 0.0069370 secs] [Times: user=0.06 sys=0.00, real=0.01 secs] 
2014-03-20T17:21:11.602-0500: 244.056: Total time for which application threads were stopped: 0.0081410 seconds
2014-03-20T17:21:11.926-0500: 244.380: [GC
Desired survivor size 5767168 bytes, new threshold 1 (max 15)
 [PSYoungGen: 691072K->3136K(693760K)] 796674K->108858K(2092032K), 0.0073790 secs] [Times: user=0.06 sys=0.00, real=0.01 secs] 
2014-03-20T17:21:11.933-0500: 244.388: Total time for which application threads were stopped: 0.0085970 seconds
2014-03-20T17:21:12.265-0500: 244.720: [GC
Desired survivor size 5242880 bytes, new threshold 1 (max 15)
 [PSYoungGen: 691264K->3264K(694272K)] 796986K->109114K(2092544K), 0.0075310 secs] [Times: user=0.07 sys=0.00, real=0.01 secs] 
2014-03-20T17:21:12.273-0500: 244.728: Total time for which application threads were stopped: 0.0085840 seconds
2014-03-20T17:21:12.590-0500: 245.045: [GC
Desired survivor size 5242880 bytes, new threshold 1 (max 15)
 [PSYoungGen: 691904K->3488K(693760K)] 797754K->109418K(2092032K), 0.0074640 secs] [Times: user=0.06 sys=0.00, real=0.01 secs] 
2014-03-20T17:21:12.598-0500: 245.053: Total time for which application threads were stopped: 0.0086710 seconds
2014-03-20T17:21:12.935-0500: 245.390: [GC
Desired survivor size 5242880 bytes, new threshold 1 (max 15)
 [PSYoungGen: 692128K->3648K(694272K)] 798058K->109714K(2092544K), 0.0070020 secs] [Times: user=0.06 sys=0.00, real=0.01 secs] 
2014-03-20T17:21:12.943-0500: 245.397: Total time for which application threads were stopped: 0.0081310 seconds
2014-03-20T17:21:13.269-0500: 245.724: [GC
Desired survivor size 5242880 bytes, new threshold 1 (max 15)
 [PSYoungGen: 692800K->3776K(694272K)] 798866K->109922K(2092544K), 0.0076010 secs] [Times: user=0.05 sys=0.00, real=0.01 secs] 
2014-03-20T17:21:13.277-0500: 245.732: Total time for which application threads were stopped: 0.0087540 seconds
2014-03-20T17:21:13.626-0500: 246.080: [GC
Desired survivor size 5242880 bytes, new threshold 1 (max 15)
 [PSYoungGen: 692928K->3904K(694272K)] 799074K->110130K(2092544K), 0.0067310 secs] [Times: user=0.05 sys=0.00, real=0.01 secs] 
2014-03-20T17:21:13.633-0500: 246.087: Total time for which application threads were stopped: 0.0077790 seconds
2014-03-20T17:21:13.956-0500: 246.411: [GC
Desired survivor size 5767168 bytes, new threshold 1 (max 15)
 [PSYoungGen: 693056K->3936K(693248K)] 799282K->110274K(2091520K), 0.0073050 secs] [Times: user=0.06 sys=0.00, real=0.01 secs] 
2014-03-20T17:21:13.964-0500: 246.419: Total time for which application threads were stopped: 0.0086560 seconds
2014-03-20T17:21:14.300-0500: 246.755: [GC
Desired survivor size 5767168 bytes, new threshold 1 (max 15)
 [PSYoungGen: 693088K->4320K(693760K)] 799426K->110754K(2092032K), 0.0079890 secs] [Times: user=0.07 sys=0.00, real=0.01 secs] 
2014-03-20T17:21:14.308-0500: 246.763: Total time for which application threads were stopped: 0.0091190 seconds
2014-03-20T17:21:14.644-0500: 247.099: [GC
Desired survivor size 5767168 bytes, new threshold 1 (max 15)
 [PSYoungGen: 692448K->4448K(693760K)] 798882K->111018K(2092032K), 0.0069060 secs] [Times: user=0.06 sys=0.00, real=0.01 secs] 
2014-03-20T17:21:14.652-0500: 247.106: Total time for which application threads were stopped: 0.0083490 seconds
2014-03-20T17:21:14.972-0500: 247.427: [GC
Desired survivor size 6291456 bytes, new threshold 1 (max 15)
 [PSYoungGen: 692576K->4544K(692736K)] 799146K->111258K(2091008K), 0.0076660 secs] [Times: user=0.06 sys=0.00, real=0.00 secs] 
2014-03-20T17:21:14.980-0500: 247.435: Total time for which application threads were stopped: 0.0089110 seconds
2014-03-20T17:21:15.297-0500: 247.752: [GC
Desired survivor size 6291456 bytes, new threshold 1 (max 15)
 [PSYoungGen: 691648K->4768K(693248K)] 798362K->111618K(2091520K), 0.0075400 secs] [Times: user=0.07 sys=0.00, real=0.01 secs] 
2014-03-20T17:21:15.305-0500: 247.760: Total time for which application threads were stopped: 0.0087940 seconds
2014-03-20T17:21:15.630-0500: 248.085: [GC
Desired survivor size 6291456 bytes, new threshold 1 (max 15)
 [PSYoungGen: 691872K->4768K(693248K)] 798722K->111746K(2091520K), 0.0073550 secs] [Times: user=0.06 sys=0.01, real=0.01 secs] 
2014-03-20T17:21:15.638-0500: 248.092: Total time for which application threads were stopped: 0.0084910 seconds
2014-03-20T17:21:15.981-0500: 248.436: [GC
Desired survivor size 6815744 bytes, new threshold 1 (max 15)
 [PSYoungGen: 691872K->4864K(692224K)] 798850K->111970K(2090496K), 0.0072440 secs] [Times: user=0.06 sys=0.00, real=0.00 secs] 
2014-03-20T17:21:15.989-0500: 248.444: Total time for which application threads were stopped: 0.0086590 seconds
2014-03-20T17:21:16.351-0500: 248.806: [GC
Desired survivor size 6815744 bytes, new threshold 1 (max 15)
 [PSYoungGen: 691968K->4960K(692736K)] 799074K->112202K(2091008K), 0.0073430 secs] [Times: user=0.06 sys=0.00, real=0.00 secs] 
2014-03-20T17:21:16.359-0500: 248.814: Total time for which application threads were stopped: 0.0085020 seconds
2014-03-20T17:21:16.709-0500: 249.164: [GC
Desired survivor size 6815744 bytes, new threshold 1 (max 15)
 [PSYoungGen: 691040K->5088K(692736K)] 798282K->112466K(2091008K), 0.0072350 secs] [Times: user=0.06 sys=0.00, real=0.01 secs] 
2014-03-20T17:21:16.717-0500: 249.171: Total time for which application threads were stopped: 0.0084420 seconds
2014-03-20T17:21:17.058-0500: 249.512: [GC
Desired survivor size 6815744 bytes, new threshold 1 (max 15)
 [PSYoungGen: 691168K->5216K(692736K)] 798546K->112722K(2091008K), 0.0069800 secs] [Times: user=0.05 sys=0.00, real=0.01 secs] 
2014-03-20T17:21:17.065-0500: 249.520: Total time for which application threads were stopped: 0.0082310 seconds
2014-03-20T17:21:17.411-0500: 249.866: [GC
Desired survivor size 7340032 bytes, new threshold 1 (max 15)
 [PSYoungGen: 691296K->5344K(691712K)] 798802K->112986K(2089984K), 0.0073260 secs] [Times: user=0.06 sys=0.00, real=0.01 secs] 
2014-03-20T17:21:17.419-0500: 249.873: Total time for which application threads were stopped: 0.0085640 seconds
2014-03-20T17:21:17.767-0500: 250.222: [GC
Desired survivor size 7340032 bytes, new threshold 1 (max 15)
 [PSYoungGen: 691424K->5504K(692224K)] 799066K->113282K(2090496K), 0.0076260 secs] [Times: user=0.07 sys=0.00, real=0.01 secs] 
2014-03-20T17:21:17.775-0500: 250.230: Total time for which application threads were stopped: 0.0086160 seconds
2014-03-20T17:21:18.128-0500: 250.583: [GC
Desired survivor size 7340032 bytes, new threshold 1 (max 15)
 [PSYoungGen: 690560K->5504K(692224K)] 798338K->113418K(2090496K), 0.0075830 secs] [Times: user=0.07 sys=0.00, real=0.01 secs] 
2014-03-20T17:21:18.136-0500: 250.591: Total time for which application threads were stopped: 0.0087050 seconds
2014-03-20T17:21:18.491-0500: 250.946: [GC
Desired survivor size 7864320 bytes, new threshold 1 (max 15)
 [PSYoungGen: 690558K->5664K(691200K)] 798473K->113722K(2089472K), 0.0074830 secs] [Times: user=0.06 sys=0.00, real=0.01 secs] 
2014-03-20T17:21:18.499-0500: 250.954: Total time for which application threads were stopped: 0.0086920 seconds
2014-03-20T17:21:18.847-0500: 251.302: [GC
Desired survivor size 7864320 bytes, new threshold 1 (max 15)
 [PSYoungGen: 689696K->5632K(691712K)] 797754K->113818K(2089984K), 0.0068940 secs] [Times: user=0.05 sys=0.00, real=0.01 secs] 
2014-03-20T17:21:18.854-0500: 251.309: Total time for which application threads were stopped: 0.0081780 seconds
2014-03-20T17:21:19.206-0500: 251.661: [GC
Desired survivor size 7864320 bytes, new threshold 1 (max 15)
 [PSYoungGen: 689664K->5792K(691712K)] 797850K->114114K(2089984K), 0.0073210 secs] [Times: user=0.06 sys=0.00, real=0.01 secs] 
2014-03-20T17:21:19.214-0500: 251.669: Total time for which application threads were stopped: 0.0083610 seconds
2014-03-20T17:21:19.570-0500: 252.024: [GC
Desired survivor size 7864320 bytes, new threshold 1 (max 15)
 [PSYoungGen: 689824K->5888K(691712K)] 798146K->114346K(2089984K), 0.0069570 secs] [Times: user=0.05 sys=0.00, real=0.01 secs] 
2014-03-20T17:21:19.577-0500: 252.031: Total time for which application threads were stopped: 0.0081040 seconds
2014-03-20T17:21:19.920-0500: 252.375: [GC
Desired survivor size 7864320 bytes, new threshold 1 (max 15)
 [PSYoungGen: 689920K->5792K(691712K)] 798378K->114394K(2089984K), 0.0071630 secs] [Times: user=0.06 sys=0.00, real=0.01 secs] 
2014-03-20T17:21:19.928-0500: 252.383: Total time for which application threads were stopped: 0.0082540 seconds
2014-03-20T17:21:20.276-0500: 252.730: [GC
Desired survivor size 8388608 bytes, new threshold 1 (max 15)
 [PSYoungGen: 689824K->2144K(686592K)] 798426K->110874K(2084864K), 0.0073650 secs] [Times: user=0.07 sys=0.00, real=0.01 secs] 
2014-03-20T17:21:20.283-0500: 252.738: Total time for which application threads were stopped: 0.0086120 seconds
2014-03-20T17:21:20.631-0500: 253.085: [GC
Desired survivor size 8388608 bytes, new threshold 1 (max 15)
 [PSYoungGen: 686176K->2080K(691200K)] 794906K->110946K(2089472K), 0.0074780 secs] [Times: user=0.07 sys=0.00, real=0.01 secs] 
2014-03-20T17:21:20.638-0500: 253.093: Total time for which application threads were stopped: 0.0084740 seconds
2014-03-20T17:21:20.977-0500: 253.432: [GC
Desired survivor size 8388608 bytes, new threshold 1 (max 15)
 [PSYoungGen: 685088K->2240K(691200K)] 793954K->111218K(2089472K), 0.0073990 secs] [Times: user=0.06 sys=0.00, real=0.01 secs] 
2014-03-20T17:21:20.985-0500: 253.440: Total time for which application threads were stopped: 0.0086770 seconds
2014-03-20T17:21:21.333-0500: 253.788: [GC
Desired survivor size 8388608 bytes, new threshold 1 (max 15)
 [PSYoungGen: 685248K->2240K(691200K)] 794226K->111362K(2089472K), 0.0070990 secs] [Times: user=0.06 sys=0.00, real=0.00 secs] 
2014-03-20T17:21:21.340-0500: 253.795: Total time for which application threads were stopped: 0.0082170 seconds
2014-03-20T17:21:21.696-0500: 254.150: [GC
Desired survivor size 8388608 bytes, new threshold 1 (max 15)
 [PSYoungGen: 685248K->2336K(691200K)] 794370K->111594K(2089472K), 0.0068270 secs] [Times: user=0.06 sys=0.00, real=0.01 secs] 
2014-03-20T17:21:21.703-0500: 254.157: Total time for which application threads were stopped: 0.0079920 seconds
2014-03-20T17:21:22.046-0500: 254.500: [GC
Desired survivor size 8388608 bytes, new threshold 1 (max 15)
 [PSYoungGen: 685344K->2400K(691200K)] 794602K->111786K(2089472K), 0.0070360 secs] [Times: user=0.06 sys=0.01, real=0.01 secs] 
2014-03-20T17:21:22.053-0500: 254.508: Total time for which application threads were stopped: 0.0080820 seconds
2014-03-20T17:21:22.400-0500: 254.855: [GC
Desired survivor size 7864320 bytes, new threshold 1 (max 15)
 [PSYoungGen: 685408K->2464K(691200K)] 794794K->111970K(2089472K), 0.0069720 secs] [Times: user=0.06 sys=0.00, real=0.01 secs] 
2014-03-20T17:21:22.407-0500: 254.862: Total time for which application threads were stopped: 0.0084010 seconds
2014-03-20T17:21:22.755-0500: 255.209: [GC
Desired survivor size 7864320 bytes, new threshold 1 (max 15)
 [PSYoungGen: 685472K->2496K(691712K)] 794978K->112146K(2089984K), 0.0079370 secs] [Times: user=0.06 sys=0.00, real=0.01 secs] 
2014-03-20T17:21:22.763-0500: 255.218: Total time for which application threads were stopped: 0.0089670 seconds
2014-03-20T17:21:23.105-0500: 255.560: [GC
Desired survivor size 7340032 bytes, new threshold 1 (max 15)
 [PSYoungGen: 686528K->2560K(691712K)] 796178K->112346K(2089984K), 0.0073200 secs] [Times: user=0.07 sys=0.00, real=0.01 secs] 
2014-03-20T17:21:23.113-0500: 255.567: Total time for which application threads were stopped: 0.0084320 seconds
2014-03-20T17:21:23.460-0500: 255.914: [GC
Desired survivor size 7340032 bytes, new threshold 1 (max 15)
 [PSYoungGen: 686592K->2624K(692224K)] 796378K->112546K(2090496K), 0.0069690 secs] [Times: user=0.05 sys=0.00, real=0.01 secs] 
2014-03-20T17:21:23.467-0500: 255.922: Total time for which application threads were stopped: 0.0080660 seconds
2014-03-20T17:21:23.829-0500: 256.284: [GC
Desired survivor size 7340032 bytes, new threshold 1 (max 15)
 [PSYoungGen: 687680K->2688K(692224K)] 797602K->112746K(2090496K), 0.0064730 secs] [Times: user=0.05 sys=0.00, real=0.01 secs] 
2014-03-20T17:21:23.836-0500: 256.291: Total time for which application threads were stopped: 0.0075930 seconds
2014-03-20T17:21:24.175-0500: 256.629: [GC
Desired survivor size 6815744 bytes, new threshold 1 (max 15)
 [PSYoungGen: 687744K->2848K(692736K)] 797802K->113018K(2091008K), 0.0070480 secs] [Times: user=0.06 sys=0.00, real=0.00 secs] 
2014-03-20T17:21:24.182-0500: 256.637: Total time for which application threads were stopped: 0.0083320 seconds
2014-03-20T17:21:24.521-0500: 256.976: [GC
Desired survivor size 6291456 bytes, new threshold 1 (max 15)
 [PSYoungGen: 688416K->2944K(692224K)] 798586K->113250K(2090496K), 0.0071860 secs] [Times: user=0.07 sys=0.01, real=0.01 secs] 
2014-03-20T17:21:24.528-0500: 256.983: Total time for which application threads were stopped: 0.0085200 seconds
2014-03-20T17:21:24.876-0500: 257.331: [GC
Desired survivor size 6291456 bytes, new threshold 1 (max 15)
 [PSYoungGen: 688512K->3008K(693248K)] 798818K->113450K(2091520K), 0.0069380 secs] [Times: user=0.06 sys=0.01, real=0.01 secs] 
2014-03-20T17:21:24.883-0500: 257.338: Total time for which application threads were stopped: 0.0078580 seconds
2014-03-20T17:21:25.233-0500: 257.687: [GC
Desired survivor size 5767168 bytes, new threshold 1 (max 15)
 [PSYoungGen: 690112K->3104K(693248K)] 800554K->113682K(2091520K), 0.0067550 secs] [Times: user=0.05 sys=0.00, real=0.01 secs] 
2014-03-20T17:21:25.239-0500: 257.694: Total time for which application threads were stopped: 0.0079160 seconds
2014-03-20T17:21:25.592-0500: 258.046: [GC
Desired survivor size 5767168 bytes, new threshold 1 (max 15)
 [PSYoungGen: 690208K->3264K(693760K)] 800786K->113986K(2092032K), 0.0070880 secs] [Times: user=0.06 sys=0.00, real=0.01 secs] 
2014-03-20T17:21:25.599-0500: 258.054: Total time for which application threads were stopped: 0.0081640 seconds
2014-03-20T17:21:25.947-0500: 258.401: [GC
Desired survivor size 5767168 bytes, new threshold 1 (max 15)
 [PSYoungGen: 691392K->3424K(693760K)] 802114K->114282K(2092032K), 0.0075190 secs] [Times: user=0.07 sys=0.00, real=0.01 secs] 
2014-03-20T17:21:25.954-0500: 258.409: Total time for which application threads were stopped: 0.0087480 seconds
2014-03-20T17:21:26.308-0500: 258.763: [GC
Desired survivor size 5767168 bytes, new threshold 1 (max 15)
 [PSYoungGen: 691552K->3520K(693760K)] 802410K->114506K(2092032K), 0.0069220 secs] [Times: user=0.06 sys=0.00, real=0.01 secs] 
2014-03-20T17:21:26.315-0500: 258.770: Total time for which application threads were stopped: 0.0081310 seconds
2014-03-20T17:21:26.660-0500: 259.115: [GC
Desired survivor size 5767168 bytes, new threshold 1 (max 15)
 [PSYoungGen: 691648K->3776K(693760K)] 802634K->114906K(2092032K), 0.0071490 secs] [Times: user=0.06 sys=0.00, real=0.01 secs] 
2014-03-20T17:21:26.668-0500: 259.122: Total time for which application threads were stopped: 0.0083130 seconds
2014-03-20T17:21:27.018-0500: 259.473: [GC
Desired survivor size 5767168 bytes, new threshold 1 (max 15)
 [PSYoungGen: 691904K->3744K(693760K)] 803034K->115010K(2092032K), 0.0073780 secs] [Times: user=0.07 sys=0.00, real=0.01 secs] 
2014-03-20T17:21:27.026-0500: 259.480: Total time for which application threads were stopped: 0.0085240 seconds
2014-03-20T17:21:27.373-0500: 259.828: [GC
Desired survivor size 5767168 bytes, new threshold 1 (max 15)
 [PSYoungGen: 691872K->3904K(693760K)] 803138K->115298K(2092032K), 0.0080060 secs] [Times: user=0.06 sys=0.00, real=0.00 secs] 
2014-03-20T17:21:27.381-0500: 259.836: Total time for which application threads were stopped: 0.0090930 seconds
2014-03-20T17:21:27.753-0500: 260.208: [GC
Desired survivor size 5767168 bytes, new threshold 1 (max 15)
 [PSYoungGen: 692032K->4032K(693760K)] 803426K->115562K(2092032K), 0.0075090 secs] [Times: user=0.07 sys=0.01, real=0.01 secs] 
2014-03-20T17:21:27.761-0500: 260.215: Total time for which application threads were stopped: 0.0085190 seconds
2014-03-20T17:21:28.115-0500: 260.570: [GC
Desired survivor size 5767168 bytes, new threshold 1 (max 15)
 [PSYoungGen: 692160K->4288K(693760K)] 803690K->115954K(2092032K), 0.0082310 secs] [Times: user=0.06 sys=0.00, real=0.01 secs] 
2014-03-20T17:21:28.124-0500: 260.578: Total time for which application threads were stopped: 0.0094200 seconds
2014-03-20T17:21:28.475-0500: 260.929: [GC
Desired survivor size 5767168 bytes, new threshold 1 (max 15)
 [PSYoungGen: 692416K->4448K(693760K)] 804082K->116250K(2092032K), 0.0067150 secs] [Times: user=0.05 sys=0.01, real=0.00 secs] 
2014-03-20T17:21:28.481-0500: 260.936: Total time for which application threads were stopped: 0.0077770 seconds
2014-03-20T17:21:28.819-0500: 261.274: [GC
Desired survivor size 6291456 bytes, new threshold 1 (max 15)
 [PSYoungGen: 692576K->4448K(692736K)] 804378K->116386K(2091008K), 0.0071090 secs] [Times: user=0.05 sys=0.01, real=0.01 secs] 
2014-03-20T17:21:28.827-0500: 261.281: Total time for which application threads were stopped: 0.0082930 seconds
2014-03-20T17:21:29.177-0500: 261.631: [GC
Desired survivor size 6291456 bytes, new threshold 1 (max 15)
 [PSYoungGen: 692576K->4544K(693248K)] 804514K->116618K(2091520K), 0.0072810 secs] [Times: user=0.06 sys=0.00, real=0.01 secs] 
2014-03-20T17:21:29.184-0500: 261.639: Total time for which application threads were stopped: 0.0097550 seconds
2014-03-20T17:21:29.545-0500: 261.999: [GC
Desired survivor size 6291456 bytes, new threshold 1 (max 15)
 [PSYoungGen: 691648K->4768K(693248K)] 803722K->116938K(2091520K), 0.0073220 secs] [Times: user=0.06 sys=0.00, real=0.00 secs] 
2014-03-20T17:21:29.552-0500: 262.007: Total time for which application threads were stopped: 0.0086990 seconds
2014-03-20T17:21:29.914-0500: 262.368: [GC
Desired survivor size 6291456 bytes, new threshold 1 (max 15)
 [PSYoungGen: 691872K->4864K(693248K)] 804042K->117170K(2091520K), 0.0077940 secs] [Times: user=0.06 sys=0.00, real=0.00 secs] 
2014-03-20T17:21:29.922-0500: 262.377: Total time for which application threads were stopped: 0.0088210 seconds
2014-03-20T17:21:30.291-0500: 262.746: [GC
Desired survivor size 6815744 bytes, new threshold 1 (max 15)
 [PSYoungGen: 691968K->4928K(692224K)] 804274K->117394K(2090496K), 0.0070260 secs] [Times: user=0.05 sys=0.00, real=0.01 secs] 
2014-03-20T17:21:30.298-0500: 262.753: Total time for which application threads were stopped: 0.0083810 seconds
2014-03-20T17:21:30.650-0500: 263.104: [GC
Desired survivor size 6815744 bytes, new threshold 1 (max 15)
 [PSYoungGen: 692032K->5120K(692736K)] 804498K->117722K(2091008K), 0.0071880 secs] [Times: user=0.06 sys=0.00, real=0.01 secs] 
2014-03-20T17:21:30.657-0500: 263.112: Total time for which application threads were stopped: 0.0083130 seconds
2014-03-20T17:21:30.827-0500: 263.281: Total time for which application threads were stopped: 0.0008790 seconds
2014-03-20T17:21:31.012-0500: 263.467: [GC
Desired survivor size 6815744 bytes, new threshold 1 (max 15)
 [PSYoungGen: 691200K->5344K(692736K)] 803802K->118082K(2091008K), 0.0077870 secs] [Times: user=0.07 sys=0.00, real=0.01 secs] 
2014-03-20T17:21:31.020-0500: 263.475: Total time for which application threads were stopped: 0.0088990 seconds
2014-03-20T17:21:31.372-0500: 263.827: [GC
Desired survivor size 7340032 bytes, new threshold 1 (max 15)
 [PSYoungGen: 691424K->5376K(691712K)] 804162K->118258K(2089984K), 0.0073230 secs] [Times: user=0.06 sys=0.01, real=0.01 secs] 
2014-03-20T17:21:31.380-0500: 263.835: Total time for which application threads were stopped: 0.0085350 seconds
2014-03-20T17:21:31.740-0500: 264.195: [GC
Desired survivor size 7340032 bytes, new threshold 1 (max 15)
 [PSYoungGen: 690432K->5408K(692224K)] 803314K->118418K(2090496K), 0.0074420 secs] [Times: user=0.06 sys=0.00, real=0.01 secs] 
2014-03-20T17:21:31.748-0500: 264.202: Total time for which application threads were stopped: 0.0085240 seconds
2014-03-20T17:21:32.093-0500: 264.548: [GC
Desired survivor size 7340032 bytes, new threshold 1 (max 15)
 [PSYoungGen: 690464K->5472K(692224K)] 803474K->118618K(2090496K), 0.0071070 secs] [Times: user=0.06 sys=0.00, real=0.01 secs] 
2014-03-20T17:21:32.100-0500: 264.555: Total time for which application threads were stopped: 0.0082600 seconds
2014-03-20T17:21:32.437-0500: 264.891: [GC
Desired survivor size 7340032 bytes, new threshold 1 (max 15)
 [PSYoungGen: 690528K->5600K(692224K)] 803674K->118882K(2090496K), 0.0076580 secs] [Times: user=0.06 sys=0.00, real=0.01 secs] 
2014-03-20T17:21:32.445-0500: 264.899: Total time for which application threads were stopped: 0.0086040 seconds
2014-03-20T17:21:32.798-0500: 265.253: [GC
Desired survivor size 7864320 bytes, new threshold 1 (max 15)
 [PSYoungGen: 690656K->5696K(691200K)] 803938K->119106K(2089472K), 0.0070060 secs] [Times: user=0.05 sys=0.00, real=0.01 secs] 
2014-03-20T17:21:32.805-0500: 265.260: Total time for which application threads were stopped: 0.0082340 seconds
2014-03-20T17:21:33.143-0500: 265.598: [GC
Desired survivor size 7864320 bytes, new threshold 1 (max 15)
 [PSYoungGen: 689728K->5728K(691712K)] 803138K->119274K(2089984K), 0.0071500 secs] [Times: user=0.06 sys=0.00, real=0.01 secs] 
2014-03-20T17:21:33.150-0500: 265.605: Total time for which application threads were stopped: 0.0081520 seconds
2014-03-20T17:21:33.508-0500: 265.963: [GC
Desired survivor size 7864320 bytes, new threshold 1 (max 15)
 [PSYoungGen: 689760K->5760K(691712K)] 803306K->119410K(2089984K), 0.0104660 secs] [Times: user=0.07 sys=0.00, real=0.01 secs] 
2014-03-20T17:21:33.519-0500: 265.974: Total time for which application threads were stopped: 0.0126560 seconds
2014-03-20T17:21:33.851-0500: 266.306: [GC
Desired survivor size 7864320 bytes, new threshold 1 (max 15)
 [PSYoungGen: 689792K->5952K(691712K)] 803442K->119730K(2089984K), 0.0110820 secs] [Times: user=0.06 sys=0.00, real=0.01 secs] 
2014-03-20T17:21:33.862-0500: 266.317: Total time for which application threads were stopped: 0.0122180 seconds
2014-03-20T17:21:34.191-0500: 266.646: [GC
Desired survivor size 8388608 bytes, new threshold 1 (max 15)
 [PSYoungGen: 689984K->2016K(690688K)] 803762K->115938K(2088960K), 0.0077880 secs] [Times: user=0.06 sys=0.00, real=0.01 secs] 
2014-03-20T17:21:34.199-0500: 266.654: Total time for which application threads were stopped: 0.0090760 seconds
2014-03-20T17:21:34.547-0500: 267.001: [GC
Desired survivor size 8388608 bytes, new threshold 1 (max 15)
 [PSYoungGen: 685024K->2080K(691200K)] 798946K->116138K(2089472K), 0.0081540 secs] [Times: user=0.06 sys=0.00, real=0.01 secs] 
2014-03-20T17:21:34.555-0500: 267.010: Total time for which application threads were stopped: 0.0091540 seconds
2014-03-20T17:21:34.912-0500: 267.366: [GC
Desired survivor size 8388608 bytes, new threshold 1 (max 15)
 [PSYoungGen: 685088K->2176K(691200K)] 799146K->116378K(2089472K), 0.0071730 secs] [Times: user=0.05 sys=0.01, real=0.01 secs] 
2014-03-20T17:21:34.919-0500: 267.374: Total time for which application threads were stopped: 0.0083400 seconds
2014-03-20T17:21:35.269-0500: 267.724: [GC
Desired survivor size 8388608 bytes, new threshold 1 (max 15)
 [PSYoungGen: 685184K->2304K(691200K)] 799386K->116650K(2089472K), 0.0073400 secs] [Times: user=0.06 sys=0.01, real=0.01 secs] 
2014-03-20T17:21:35.277-0500: 267.731: Total time for which application threads were stopped: 0.0082370 seconds
2014-03-20T17:21:35.635-0500: 268.089: [GC
Desired survivor size 8388608 bytes, new threshold 1 (max 15)
 [PSYoungGen: 685312K->2336K(691200K)] 799658K->116826K(2089472K), 0.0075960 secs] [Times: user=0.06 sys=0.00, real=0.00 secs] 
2014-03-20T17:21:35.642-0500: 268.097: Total time for which application threads were stopped: 0.0088380 seconds
2014-03-20T17:21:35.988-0500: 268.443: [GC
Desired survivor size 8388608 bytes, new threshold 1 (max 15)
 [PSYoungGen: 685344K->2400K(691200K)] 799834K->117010K(2089472K), 0.0072120 secs] [Times: user=0.06 sys=0.00, real=0.01 secs] 
2014-03-20T17:21:35.996-0500: 268.450: Total time for which application threads were stopped: 0.0085700 seconds
2014-03-20T17:21:36.344-0500: 268.798: [GC
Desired survivor size 7864320 bytes, new threshold 1 (max 15)
 [PSYoungGen: 685408K->2432K(691712K)] 800018K->117170K(2089984K), 0.0070360 secs] [Times: user=0.05 sys=0.00, real=0.01 secs] 
2014-03-20T17:21:36.351-0500: 268.806: Total time for which application threads were stopped: 0.0082680 seconds
2014-03-20T17:21:36.703-0500: 269.158: [GC
Desired survivor size 7864320 bytes, new threshold 1 (max 15)
 [PSYoungGen: 685952K->2464K(691200K)] 800690K->117338K(2089472K), 0.0074920 secs] [Times: user=0.06 sys=0.00, real=0.01 secs] 
2014-03-20T17:21:36.711-0500: 269.166: Total time for which application threads were stopped: 0.0085640 seconds
2014-03-20T17:21:37.057-0500: 269.512: [GC
Desired survivor size 7340032 bytes, new threshold 1 (max 15)
 [PSYoungGen: 685984K->2592K(692224K)] 800858K->117594K(2090496K), 0.0069710 secs] [Times: user=0.06 sys=0.00, real=0.01 secs] 
2014-03-20T17:21:37.064-0500: 269.519: Total time for which application threads were stopped: 0.0081700 seconds
2014-03-20T17:21:37.417-0500: 269.871: [GC
Desired survivor size 7340032 bytes, new threshold 1 (max 15)
 [PSYoungGen: 687136K->2592K(691712K)] 802138K->117722K(2089984K), 0.0071440 secs] [Times: user=0.06 sys=0.00, real=0.00 secs] 
2014-03-20T17:21:37.424-0500: 269.879: Total time for which application threads were stopped: 0.0083070 seconds
2014-03-20T17:21:37.778-0500: 270.233: [GC
Desired survivor size 6815744 bytes, new threshold 1 (max 15)
 [PSYoungGen: 687136K->2720K(692736K)] 802266K->117994K(2091008K), 0.0074270 secs] [Times: user=0.07 sys=0.00, real=0.01 secs] 
2014-03-20T17:21:37.786-0500: 270.241: Total time for which application threads were stopped: 0.0086560 seconds
2014-03-20T17:21:38.134-0500: 270.589: [GC
Desired survivor size 6815744 bytes, new threshold 1 (max 15)
 [PSYoungGen: 688288K->2816K(692224K)] 803562K->118218K(2090496K), 0.0072150 secs] [Times: user=0.06 sys=0.00, real=0.01 secs] 
2014-03-20T17:21:38.141-0500: 270.596: Total time for which application threads were stopped: 0.0082900 seconds
2014-03-20T17:21:38.496-0500: 270.951: [GC
Desired survivor size 6291456 bytes, new threshold 1 (max 15)
 [PSYoungGen: 688384K->2944K(693248K)] 803786K->118458K(2091520K), 0.0074890 secs] [Times: user=0.06 sys=0.00, real=0.00 secs] 
2014-03-20T17:21:38.504-0500: 270.959: Total time for which application threads were stopped: 0.0091090 seconds
2014-03-20T17:21:38.844-0500: 271.298: [GC
Desired survivor size 6291456 bytes, new threshold 1 (max 15)
 [PSYoungGen: 689536K->3008K(692736K)] 805050K->118618K(2091008K), 0.0093660 secs] [Times: user=0.05 sys=0.01, real=0.01 secs] 
2014-03-20T17:21:38.853-0500: 271.308: Total time for which application threads were stopped: 0.0103830 seconds
2014-03-20T17:21:38.968-0500: 271.423: Total time for which application threads were stopped: 0.0007560 seconds
2014-03-20T17:21:39.197-0500: 271.651: [GC
Desired survivor size 5767168 bytes, new threshold 1 (max 15)
 [PSYoungGen: 689600K->3136K(693760K)] 805210K->118882K(2092032K), 0.0083120 secs] [Times: user=0.06 sys=0.00, real=0.00 secs] 
2014-03-20T17:21:39.205-0500: 271.660: Total time for which application threads were stopped: 0.0095420 seconds
2014-03-20T17:21:39.564-0500: 272.019: [GC
Desired survivor size 5767168 bytes, new threshold 1 (max 15)
 [PSYoungGen: 690752K->3232K(693248K)] 806498K->119098K(2091520K), 0.0074180 secs] [Times: user=0.05 sys=0.01, real=0.01 secs] 
2014-03-20T17:21:39.572-0500: 272.026: Total time for which application threads were stopped: 0.0082940 seconds
2014-03-20T17:21:39.909-0500: 272.364: [GC
Desired survivor size 5767168 bytes, new threshold 1 (max 15)
 [PSYoungGen: 690848K->3360K(693760K)] 806714K->119314K(2092032K), 0.0096110 secs] [Times: user=0.06 sys=0.00, real=0.01 secs] 
2014-03-20T17:21:39.919-0500: 272.374: Total time for which application threads were stopped: 0.0107370 seconds
2014-03-20T17:21:40.273-0500: 272.728: [GC
Desired survivor size 5767168 bytes, new threshold 1 (max 15)
 [PSYoungGen: 691488K->3552K(693760K)] 807442K->119642K(2092032K), 0.0076380 secs] [Times: user=0.06 sys=0.00, real=0.01 secs] 
2014-03-20T17:21:40.281-0500: 272.735: Total time for which application threads were stopped: 0.0087040 seconds
2014-03-20T17:21:40.624-0500: 273.079: [GC
Desired survivor size 5242880 bytes, new threshold 1 (max 15)
 [PSYoungGen: 691680K->3552K(694272K)] 807770K->119778K(2092544K), 0.0073110 secs] [Times: user=0.05 sys=0.01, real=0.01 secs] 
2014-03-20T17:21:40.631-0500: 273.086: Total time for which application threads were stopped: 0.0084460 seconds
2014-03-20T17:21:40.976-0500: 273.430: [GC
Desired survivor size 5242880 bytes, new threshold 1 (max 15)
 [PSYoungGen: 692192K->3840K(693760K)] 808418K->120194K(2092032K), 0.0077430 secs] [Times: user=0.06 sys=0.00, real=0.00 secs] 
2014-03-20T17:21:40.983-0500: 273.438: Total time for which application threads were stopped: 0.0086840 seconds
2014-03-20T17:21:41.334-0500: 273.789: [GC
Desired survivor size 5767168 bytes, new threshold 1 (max 15)
 [PSYoungGen: 692480K->3872K(693248K)] 808834K->120314K(2091520K), 0.0072970 secs] [Times: user=0.04 sys=0.00, real=0.01 secs] 
2014-03-20T17:21:41.341-0500: 273.796: Total time for which application threads were stopped: 0.0084980 seconds
2014-03-20T17:21:41.697-0500: 274.151: [GC
Desired survivor size 5767168 bytes, new threshold 1 (max 15)
 [PSYoungGen: 692000K->4160K(693760K)] 808442K->120738K(2092032K), 0.0074530 secs] [Times: user=0.06 sys=0.00, real=0.00 secs] 
2014-03-20T17:21:41.704-0500: 274.159: Total time for which application threads were stopped: 0.0084650 seconds
2014-03-20T17:21:42.056-0500: 274.510: [GC
Desired survivor size 5767168 bytes, new threshold 1 (max 15)
 [PSYoungGen: 692288K->4256K(693760K)] 808866K->120978K(2092032K), 0.0073860 secs] [Times: user=0.06 sys=0.01, real=0.00 secs] 
2014-03-20T17:21:42.063-0500: 274.518: Total time for which application threads were stopped: 0.0087130 seconds
2014-03-20T17:21:42.410-0500: 274.864: [GC
Desired survivor size 5767168 bytes, new threshold 1 (max 15)
 [PSYoungGen: 692384K->4320K(693760K)] 809106K->121186K(2092032K), 0.0073110 secs] [Times: user=0.05 sys=0.00, real=0.01 secs] 
2014-03-20T17:21:42.417-0500: 274.872: Total time for which application threads were stopped: 0.0083640 seconds
2014-03-20T17:21:42.759-0500: 275.213: [GC
Desired survivor size 5767168 bytes, new threshold 1 (max 15)
 [PSYoungGen: 692448K->4544K(693760K)] 809314K->121538K(2092032K), 0.0074820 secs] [Times: user=0.07 sys=0.00, real=0.01 secs] 
2014-03-20T17:21:42.766-0500: 275.221: Total time for which application threads were stopped: 0.0085910 seconds
2014-03-20T17:21:43.109-0500: 275.564: [GC
Desired survivor size 6291456 bytes, new threshold 1 (max 15)
 [PSYoungGen: 692672K->4640K(693248K)] 809666K->121770K(2091520K), 0.0073230 secs] [Times: user=0.06 sys=0.00, real=0.01 secs] 
2014-03-20T17:21:43.117-0500: 275.571: Total time for which application threads were stopped: 0.0083180 seconds
2014-03-20T17:21:43.461-0500: 275.915: [GC
Desired survivor size 6291456 bytes, new threshold 1 (max 15)
 [PSYoungGen: 692768K->4928K(693248K)] 809898K->122202K(2091520K), 0.0074460 secs] [Times: user=0.06 sys=0.00, real=0.01 secs] 
2014-03-20T17:21:43.468-0500: 275.923: Total time for which application threads were stopped: 0.0086810 seconds
2014-03-20T17:21:43.820-0500: 276.274: [GC
Desired survivor size 6815744 bytes, new threshold 1 (max 15)
 [PSYoungGen: 692032K->4960K(692224K)] 809306K->122378K(2090496K), 0.0074270 secs] [Times: user=0.06 sys=0.00, real=0.01 secs] 
2014-03-20T17:21:43.827-0500: 276.282: Total time for which application threads were stopped: 0.0084260 seconds
2014-03-20T17:21:44.169-0500: 276.624: [GC
Desired survivor size 6815744 bytes, new threshold 1 (max 15)
 [PSYoungGen: 692064K->4992K(692736K)] 809482K->122530K(2091008K), 0.0075790 secs] [Times: user=0.06 sys=0.00, real=0.01 secs] 
2014-03-20T17:21:44.177-0500: 276.632: Total time for which application threads were stopped: 0.0088850 seconds
2014-03-20T17:21:44.533-0500: 276.987: [GC
Desired survivor size 6815744 bytes, new threshold 1 (max 15)
 [PSYoungGen: 691072K->5120K(692736K)] 808610K->122778K(2091008K), 0.0080360 secs] [Times: user=0.06 sys=0.00, real=0.01 secs] 
2014-03-20T17:21:44.541-0500: 276.996: Total time for which application threads were stopped: 0.0090060 seconds
2014-03-20T17:21:44.897-0500: 277.352: [GC
Desired survivor size 6815744 bytes, new threshold 1 (max 15)
 [PSYoungGen: 691200K->5248K(692736K)] 808858K->123050K(2091008K), 0.0078310 secs] [Times: user=0.07 sys=0.00, real=0.00 secs] 
2014-03-20T17:21:44.905-0500: 277.360: Total time for which application threads were stopped: 0.0091310 seconds
2014-03-20T17:21:45.250-0500: 277.704: [GC
Desired survivor size 7340032 bytes, new threshold 1 (max 15)
 [PSYoungGen: 691328K->5440K(691712K)] 809130K->123386K(2089984K), 0.0070650 secs] [Times: user=0.06 sys=0.00, real=0.01 secs] 
2014-03-20T17:21:45.257-0500: 277.712: Total time for which application threads were stopped: 0.0083390 seconds
2014-03-20T17:21:45.608-0500: 278.063: [GC
Desired survivor size 7340032 bytes, new threshold 1 (max 15)
 [PSYoungGen: 691520K->5536K(692224K)] 809466K->123586K(2090496K), 0.0071480 secs] [Times: user=0.05 sys=0.00, real=0.00 secs] 
2014-03-20T17:21:45.616-0500: 278.070: Total time for which application threads were stopped: 0.0084830 seconds
2014-03-20T17:21:45.959-0500: 278.414: [GC
Desired survivor size 7340032 bytes, new threshold 1 (max 15)
 [PSYoungGen: 690592K->5472K(692224K)] 808642K->123602K(2090496K), 0.0090970 secs] [Times: user=0.06 sys=0.00, real=0.01 secs] 
2014-03-20T17:21:45.968-0500: 278.423: Total time for which application threads were stopped: 0.0102720 seconds
2014-03-20T17:21:46.315-0500: 278.770: [GC
Desired survivor size 7864320 bytes, new threshold 1 (max 15)
 [PSYoungGen: 690528K->5664K(691200K)] 808658K->123938K(2089472K), 0.0076280 secs] [Times: user=0.07 sys=0.00, real=0.01 secs] 
2014-03-20T17:21:46.323-0500: 278.778: Total time for which application threads were stopped: 0.0088870 seconds
2014-03-20T17:21:46.668-0500: 279.122: [GC
Desired survivor size 7864320 bytes, new threshold 1 (max 15)
 [PSYoungGen: 689696K->5696K(691712K)] 807970K->124106K(2089984K), 0.0079360 secs] [Times: user=0.06 sys=0.00, real=0.00 secs] 
2014-03-20T17:21:46.676-0500: 279.131: Total time for which application threads were stopped: 0.0090310 seconds
2014-03-20T17:21:47.012-0500: 279.467: [GC
Desired survivor size 7864320 bytes, new threshold 1 (max 15)
 [PSYoungGen: 689728K->5856K(691712K)] 808138K->124378K(2089984K), 0.0073570 secs] [Times: user=0.06 sys=0.00, real=0.01 secs] 
2014-03-20T17:21:47.020-0500: 279.474: Total time for which application threads were stopped: 0.0087020 seconds
2014-03-20T17:21:47.367-0500: 279.822: [GC
Desired survivor size 7864320 bytes, new threshold 1 (max 15)
 [PSYoungGen: 689888K->5824K(691712K)] 808410K->124482K(2089984K), 0.0074450 secs] [Times: user=0.07 sys=0.00, real=0.00 secs] 
2014-03-20T17:21:47.375-0500: 279.829: Total time for which application threads were stopped: 0.0085320 seconds
2014-03-20T17:21:47.740-0500: 280.194: [GC
Desired survivor size 8388608 bytes, new threshold 1 (max 15)
 [PSYoungGen: 689856K->2080K(690688K)] 808514K->120834K(2088960K), 0.0070240 secs] [Times: user=0.05 sys=0.01, real=0.01 secs] 
2014-03-20T17:21:47.747-0500: 280.202: Total time for which application threads were stopped: 0.0082350 seconds
2014-03-20T17:21:48.099-0500: 280.553: [GC
Desired survivor size 8388608 bytes, new threshold 1 (max 15)
 [PSYoungGen: 685088K->2144K(691200K)] 803842K->121042K(2089472K), 0.0073210 secs] [Times: user=0.06 sys=0.01, real=0.01 secs] 
2014-03-20T17:21:48.106-0500: 280.561: Total time for which application threads were stopped: 0.0083950 seconds
2014-03-20T17:21:48.458-0500: 280.913: [GC
Desired survivor size 8388608 bytes, new threshold 1 (max 15)
 [PSYoungGen: 685152K->2208K(691200K)] 804050K->121218K(2089472K), 0.0067860 secs] [Times: user=0.06 sys=0.00, real=0.00 secs] 
2014-03-20T17:21:48.465-0500: 280.920: Total time for which application threads were stopped: 0.0080800 seconds
2014-03-20T17:21:48.801-0500: 281.256: [GC
Desired survivor size 8388608 bytes, new threshold 1 (max 15)
 [PSYoungGen: 685216K->2240K(691200K)] 804226K->121386K(2089472K), 0.0069530 secs] [Times: user=0.06 sys=0.00, real=0.01 secs] 
2014-03-20T17:21:48.808-0500: 281.263: Total time for which application threads were stopped: 0.0080030 seconds
2014-03-20T17:21:49.158-0500: 281.613: [GC
Desired survivor size 8388608 bytes, new threshold 1 (max 15)
 [PSYoungGen: 685248K->2336K(691200K)] 804394K->121618K(2089472K), 0.0068130 secs] [Times: user=0.06 sys=0.00, real=0.00 secs] 
2014-03-20T17:21:49.165-0500: 281.620: Total time for which application threads were stopped: 0.0079920 seconds
2014-03-20T17:21:49.506-0500: 281.961: [GC
Desired survivor size 8388608 bytes, new threshold 1 (max 15)
 [PSYoungGen: 685344K->2336K(691200K)] 804626K->121706K(2089472K), 0.0077040 secs] [Times: user=0.04 sys=0.00, real=0.00 secs] 
2014-03-20T17:21:49.514-0500: 281.969: Total time for which application threads were stopped: 0.0086140 seconds
2014-03-20T17:21:49.868-0500: 282.322: [GC
Desired survivor size 7864320 bytes, new threshold 1 (max 15)
 [PSYoungGen: 685344K->2400K(691712K)] 804714K->121890K(2089984K), 0.0067540 secs] [Times: user=0.06 sys=0.00, real=0.00 secs] 
2014-03-20T17:21:49.875-0500: 282.329: Total time for which application threads were stopped: 0.0080570 seconds
2014-03-20T17:21:50.218-0500: 282.673: [GC
Desired survivor size 7864320 bytes, new threshold 1 (max 15)
 [PSYoungGen: 685920K->2464K(691200K)] 805410K->122042K(2089472K), 0.0078410 secs] [Times: user=0.05 sys=0.00, real=0.00 secs] 
2014-03-20T17:21:50.226-0500: 282.681: Total time for which application threads were stopped: 0.0088510 seconds
2014-03-20T17:21:50.562-0500: 283.017: [GC
Desired survivor size 7340032 bytes, new threshold 1 (max 15)
 [PSYoungGen: 685984K->2528K(692224K)] 805562K->122250K(2090496K), 0.0068610 secs] [Times: user=0.06 sys=0.00, real=0.01 secs] 
2014-03-20T17:21:50.569-0500: 283.024: Total time for which application threads were stopped: 0.0079660 seconds
2014-03-20T17:21:50.912-0500: 283.366: [GC
Desired survivor size 7340032 bytes, new threshold 1 (max 15)
 [PSYoungGen: 687072K->2656K(691712K)] 806794K->122482K(2089984K), 0.0072070 secs] [Times: user=0.07 sys=0.00, real=0.01 secs] 
2014-03-20T17:21:50.919-0500: 283.374: Total time for which application threads were stopped: 0.0082730 seconds
2014-03-20T17:21:51.275-0500: 283.730: [GC
Desired survivor size 6815744 bytes, new threshold 1 (max 15)
 [PSYoungGen: 687200K->2624K(692736K)] 807026K->122546K(2091008K), 0.0071090 secs] [Times: user=0.04 sys=0.00, real=0.01 secs] 
2014-03-20T17:21:51.283-0500: 283.737: Total time for which application threads were stopped: 0.0085280 seconds
2014-03-20T17:21:51.649-0500: 284.104: [GC
Desired survivor size 6815744 bytes, new threshold 1 (max 15)
 [PSYoungGen: 688192K->2848K(692224K)] 808114K->122906K(2090496K), 0.0072420 secs] [Times: user=0.06 sys=0.00, real=0.00 secs] 
2014-03-20T17:21:51.657-0500: 284.112: Total time for which application threads were stopped: 0.0081760 seconds
2014-03-20T17:21:52.012-0500: 284.466: [GC
Desired survivor size 6291456 bytes, new threshold 1 (max 15)
 [PSYoungGen: 688416K->2912K(693248K)] 808474K->123074K(2091520K), 0.0070980 secs] [Times: user=0.05 sys=0.00, real=0.01 secs] 
2014-03-20T17:21:52.019-0500: 284.474: Total time for which application threads were stopped: 0.0083280 seconds
2014-03-20T17:21:52.365-0500: 284.820: [GC
Desired survivor size 6291456 bytes, new threshold 1 (max 15)
 [PSYoungGen: 689504K->2944K(692736K)] 809666K->123210K(2091008K), 0.0070950 secs] [Times: user=0.06 sys=0.00, real=0.01 secs] 
2014-03-20T17:21:52.372-0500: 284.827: Total time for which application threads were stopped: 0.0080890 seconds
2014-03-20T17:21:52.724-0500: 285.179: [GC
Desired survivor size 5767168 bytes, new threshold 1 (max 15)
 [PSYoungGen: 689536K->3232K(693760K)] 809802K->123634K(2092032K), 0.0071700 secs] [Times: user=0.06 sys=0.00, real=0.01 secs] 
2014-03-20T17:21:52.731-0500: 285.186: Total time for which application threads were stopped: 0.0084470 seconds
2014-03-20T17:21:53.079-0500: 285.534: [GC
Desired survivor size 5767168 bytes, new threshold 1 (max 15)
 [PSYoungGen: 690848K->3264K(693248K)] 811250K->123802K(2091520K), 0.0072790 secs] [Times: user=0.07 sys=0.00, real=0.00 secs] 
2014-03-20T17:21:53.087-0500: 285.541: Total time for which application threads were stopped: 0.0083140 seconds
2014-03-20T17:21:53.440-0500: 285.894: [GC
Desired survivor size 5767168 bytes, new threshold 1 (max 15)
 [PSYoungGen: 690880K->3392K(693760K)] 811418K->124018K(2092032K), 0.0076340 secs] [Times: user=0.06 sys=0.00, real=0.01 secs] 
2014-03-20T17:21:53.448-0500: 285.902: Total time for which application threads were stopped: 0.0090390 seconds
2014-03-20T17:21:53.810-0500: 286.265: [GC
Desired survivor size 5767168 bytes, new threshold 1 (max 15)
 [PSYoungGen: 691520K->3616K(693760K)] 812146K->124378K(2092032K), 0.0071500 secs] [Times: user=0.05 sys=0.00, real=0.01 secs] 
2014-03-20T17:21:53.817-0500: 286.272: Total time for which application threads were stopped: 0.0081320 seconds
2014-03-20T17:21:54.157-0500: 286.612: [GC
Desired survivor size 5767168 bytes, new threshold 1 (max 15)
 [PSYoungGen: 691744K->3648K(693760K)] 812506K->124530K(2092032K), 0.0074570 secs] [Times: user=0.07 sys=0.01, real=0.00 secs] 
2014-03-20T17:21:54.165-0500: 286.620: Total time for which application threads were stopped: 0.0086930 seconds
2014-03-20T17:21:54.523-0500: 286.977: [GC
Desired survivor size 5767168 bytes, new threshold 1 (max 15)
 [PSYoungGen: 691776K->3776K(693760K)] 812658K->124786K(2092032K), 0.0076240 secs] [Times: user=0.06 sys=0.00, real=0.01 secs] 
2014-03-20T17:21:54.530-0500: 286.985: Total time for which application threads were stopped: 0.0085630 seconds
2014-03-20T17:21:54.868-0500: 287.323: [GC
Desired survivor size 5767168 bytes, new threshold 1 (max 15)
 [PSYoungGen: 691904K->3936K(693760K)] 812914K->125090K(2092032K), 0.0068530 secs] [Times: user=0.05 sys=0.00, real=0.00 secs] 
2014-03-20T17:21:54.875-0500: 287.330: Total time for which application threads were stopped: 0.0079370 seconds
2014-03-20T17:21:55.221-0500: 287.676: [GC
Desired survivor size 5767168 bytes, new threshold 1 (max 15)
 [PSYoungGen: 692064K->4096K(693760K)] 813218K->125386K(2092032K), 0.0070090 secs] [Times: user=0.06 sys=0.00, real=0.01 secs] 
2014-03-20T17:21:55.228-0500: 287.683: Total time for which application threads were stopped: 0.0080340 seconds
2014-03-20T17:21:55.577-0500: 288.032: [GC
Desired survivor size 5767168 bytes, new threshold 1 (max 15)
 [PSYoungGen: 692224K->4128K(693760K)] 813514K->125562K(2092032K), 0.0071070 secs] [Times: user=0.06 sys=0.00, real=0.00 secs] 
2014-03-20T17:21:55.585-0500: 288.039: Total time for which application threads were stopped: 0.0083940 seconds
2014-03-20T17:21:55.938-0500: 288.393: [GC
Desired survivor size 5767168 bytes, new threshold 1 (max 15)
 [PSYoungGen: 692256K->4416K(693760K)] 813690K->125978K(2092032K), 0.0076120 secs] [Times: user=0.07 sys=0.00, real=0.00 secs] 
2014-03-20T17:21:55.946-0500: 288.401: Total time for which application threads were stopped: 0.0088530 seconds
2014-03-20T17:21:56.287-0500: 288.742: [GC
Desired survivor size 6291456 bytes, new threshold 1 (max 15)
 [PSYoungGen: 692544K->4544K(692736K)] 814106K->126234K(2091008K), 0.0073920 secs] [Times: user=0.07 sys=0.00, real=0.00 secs] 
2014-03-20T17:21:56.295-0500: 288.750: Total time for which application threads were stopped: 0.0085980 seconds
2014-03-20T17:21:56.637-0500: 289.092: [GC
Desired survivor size 6291456 bytes, new threshold 1 (max 15)
 [PSYoungGen: 691648K->4704K(693248K)] 813338K->126514K(2091520K), 0.0078080 secs] [Times: user=0.06 sys=0.00, real=0.00 secs] 
2014-03-20T17:21:56.645-0500: 289.100: Total time for which application threads were stopped: 0.0089370 seconds
2014-03-20T17:21:56.995-0500: 289.450: [GC
Desired survivor size 6291456 bytes, new threshold 1 (max 15)
 [PSYoungGen: 691808K->4864K(693248K)] 813618K->126810K(2091520K), 0.0070880 secs] [Times: user=0.06 sys=0.00, real=0.01 secs] 
2014-03-20T17:21:57.002-0500: 289.457: Total time for which application threads were stopped: 0.0083900 seconds
2014-03-20T17:21:57.351-0500: 289.806: [GC
Desired survivor size 6291456 bytes, new threshold 1 (max 15)
 [PSYoungGen: 691968K->4832K(693248K)] 813914K->126906K(2091520K), 0.0080200 secs] [Times: user=0.06 sys=0.00, real=0.01 secs] 
2014-03-20T17:21:57.360-0500: 289.814: Total time for which application threads were stopped: 0.0091670 seconds
2014-03-20T17:21:57.706-0500: 290.161: [GC
Desired survivor size 6815744 bytes, new threshold 1 (max 15)
 [PSYoungGen: 691936K->4992K(692224K)] 814010K->127210K(2090496K), 0.0082150 secs] [Times: user=0.07 sys=0.00, real=0.01 secs] 
2014-03-20T17:21:57.715-0500: 290.169: Total time for which application threads were stopped: 0.0094550 seconds
2014-03-20T17:21:58.065-0500: 290.520: [GC
Desired survivor size 6815744 bytes, new threshold 1 (max 15)
 [PSYoungGen: 691072K->5056K(692736K)] 813290K->127418K(2091008K), 0.0079980 secs] [Times: user=0.07 sys=0.00, real=0.01 secs] 
2014-03-20T17:21:58.074-0500: 290.528: Total time for which application threads were stopped: 0.0090540 seconds
2014-03-20T17:21:58.427-0500: 290.882: [GC
Desired survivor size 6815744 bytes, new threshold 1 (max 15)
 [PSYoungGen: 691136K->5248K(692736K)] 813498K->127746K(2091008K), 0.0078200 secs] [Times: user=0.07 sys=0.00, real=0.01 secs] 
2014-03-20T17:21:58.435-0500: 290.890: Total time for which application threads were stopped: 0.0091000 seconds
2014-03-20T17:21:58.790-0500: 291.245: [GC
Desired survivor size 7340032 bytes, new threshold 1 (max 15)
 [PSYoungGen: 691328K->5408K(691712K)] 813826K->128042K(2089984K), 0.0078270 secs] [Times: user=0.07 sys=0.00, real=0.00 secs] 
2014-03-20T17:21:58.798-0500: 291.253: Total time for which application threads were stopped: 0.0089060 seconds
2014-03-20T17:21:59.153-0500: 291.608: [GC
Desired survivor size 7340032 bytes, new threshold 1 (max 15)
 [PSYoungGen: 691488K->5472K(692224K)] 814122K->128242K(2090496K), 0.0072280 secs] [Times: user=0.06 sys=0.01, real=0.01 secs] 
2014-03-20T17:21:59.161-0500: 291.615: Total time for which application threads were stopped: 0.0084480 seconds
2014-03-20T17:21:59.522-0500: 291.977: [GC
Desired survivor size 7340032 bytes, new threshold 1 (max 15)
 [PSYoungGen: 690528K->5472K(692224K)] 813298K->128362K(2090496K), 0.0085910 secs] [Times: user=0.05 sys=0.00, real=0.01 secs] 
2014-03-20T17:21:59.531-0500: 291.986: Total time for which application threads were stopped: 0.0095460 seconds
2014-03-20T17:21:59.880-0500: 292.335: [GC
Desired survivor size 7340032 bytes, new threshold 1 (max 15)
 [PSYoungGen: 690528K->5536K(692224K)] 813418K->128570K(2090496K), 0.0067700 secs] [Times: user=0.05 sys=0.00, real=0.00 secs] 
2014-03-20T17:21:59.887-0500: 292.342: Total time for which application threads were stopped: 0.0079180 seconds
2014-03-20T17:22:00.233-0500: 292.688: [GC
Desired survivor size 7864320 bytes, new threshold 1 (max 15)
 [PSYoungGen: 690592K->5568K(690688K)] 813626K->128746K(2088960K), 0.0073630 secs] [Times: user=0.06 sys=0.00, real=0.01 secs] 
2014-03-20T17:22:00.241-0500: 292.696: Total time for which application threads were stopped: 0.0084300 seconds
2014-03-20T17:22:00.580-0500: 293.035: [GC
Desired survivor size 7864320 bytes, new threshold 1 (max 15)
 [PSYoungGen: 690624K->5728K(691712K)] 813802K->129042K(2089984K), 0.0082550 secs] [Times: user=0.07 sys=0.00, real=0.01 secs] 
2014-03-20T17:22:00.589-0500: 293.044: Total time for which application threads were stopped: 0.0095490 seconds
2014-03-20T17:22:00.933-0500: 293.388: [GC
Desired survivor size 7864320 bytes, new threshold 1 (max 15)
 [PSYoungGen: 689760K->5760K(691712K)] 813074K->129202K(2089984K), 0.0074340 secs] [Times: user=0.06 sys=0.00, real=0.01 secs] 
2014-03-20T17:22:00.941-0500: 293.396: Total time for which application threads were stopped: 0.0085130 seconds
2014-03-20T17:22:01.276-0500: 293.731: [GC
Desired survivor size 7864320 bytes, new threshold 1 (max 15)
 [PSYoungGen: 689792K->5856K(691712K)] 813234K->129426K(2089984K), 0.0072310 secs] [Times: user=0.06 sys=0.01, real=0.01 secs] 
2014-03-20T17:22:01.284-0500: 293.738: Total time for which application threads were stopped: 0.0088080 seconds
2014-03-20T17:22:01.637-0500: 294.091: [GC
Desired survivor size 8388608 bytes, new threshold 1 (max 15)
 [PSYoungGen: 689888K->2016K(686080K)] 813458K->125722K(2084352K), 0.0078200 secs] [Times: user=0.06 sys=0.00, real=0.01 secs] 
2014-03-20T17:22:01.645-0500: 294.100: Total time for which application threads were stopped: 0.0088580 seconds
2014-03-20T17:22:01.995-0500: 294.450: [GC
Desired survivor size 8388608 bytes, new threshold 1 (max 15)
 [PSYoungGen: 686048K->2080K(691200K)] 809754K->125906K(2089472K), 0.0071840 secs] [Times: user=0.06 sys=0.00, real=0.01 secs] 
2014-03-20T17:22:02.002-0500: 294.457: Total time for which application threads were stopped: 0.0083680 seconds
2014-03-20T17:22:02.353-0500: 294.808: [GC
Desired survivor size 8388608 bytes, new threshold 1 (max 15)
 [PSYoungGen: 685088K->2144K(691200K)] 808914K->126106K(2089472K), 0.0071750 secs] [Times: user=0.05 sys=0.01, real=0.01 secs] 
2014-03-20T17:22:02.361-0500: 294.815: Total time for which application threads were stopped: 0.0082560 seconds
2014-03-20T17:22:02.716-0500: 295.171: [GC
Desired survivor size 8388608 bytes, new threshold 1 (max 15)
 [PSYoungGen: 685152K->2240K(691200K)] 809114K->126338K(2089472K), 0.0068470 secs] [Times: user=0.05 sys=0.01, real=0.01 secs] 
2014-03-20T17:22:02.723-0500: 295.178: Total time for which application threads were stopped: 0.0079930 seconds
2014-03-20T17:22:03.066-0500: 295.521: [GC
Desired survivor size 8388608 bytes, new threshold 1 (max 15)
 [PSYoungGen: 685248K->2368K(691200K)] 809346K->126594K(2089472K), 0.0073120 secs] [Times: user=0.06 sys=0.00, real=0.01 secs] 
2014-03-20T17:22:03.073-0500: 295.528: Total time for which application threads were stopped: 0.0083610 seconds
2014-03-20T17:22:03.414-0500: 295.869: [GC
Desired survivor size 8388608 bytes, new threshold 1 (max 15)
 [PSYoungGen: 685376K->2336K(691200K)] 809602K->126698K(2089472K), 0.0069920 secs] [Times: user=0.06 sys=0.00, real=0.01 secs] 
2014-03-20T17:22:03.421-0500: 295.876: Total time for which application threads were stopped: 0.0082510 seconds
2014-03-20T17:22:03.779-0500: 296.234: [GC
Desired survivor size 7864320 bytes, new threshold 1 (max 15)
 [PSYoungGen: 685344K->2400K(691200K)] 809706K->126898K(2089472K), 0.0079030 secs] [Times: user=0.07 sys=0.00, real=0.00 secs] 
2014-03-20T17:22:03.787-0500: 296.242: Total time for which application threads were stopped: 0.0089390 seconds
2014-03-20T17:22:04.129-0500: 296.583: [GC
Desired survivor size 7864320 bytes, new threshold 1 (max 15)
 [PSYoungGen: 685408K->2496K(691712K)] 809906K->127130K(2089984K), 0.0067340 secs] [Times: user=0.05 sys=0.00, real=0.01 secs] 
2014-03-20T17:22:04.136-0500: 296.590: Total time for which application threads were stopped: 0.0077460 seconds
2014-03-20T17:22:04.482-0500: 296.937: [GC
Desired survivor size 7340032 bytes, new threshold 1 (max 15)
 [PSYoungGen: 686528K->2496K(691712K)] 811162K->127274K(2089984K), 0.0083450 secs] [Times: user=0.06 sys=0.00, real=0.01 secs] 
2014-03-20T17:22:04.491-0500: 296.945: Total time for which application threads were stopped: 0.0093830 seconds
2014-03-20T17:22:04.846-0500: 297.301: [GC
Desired survivor size 7340032 bytes, new threshold 1 (max 15)
 [PSYoungGen: 686528K->2592K(692224K)] 811306K->127482K(2090496K), 0.0074630 secs] [Times: user=0.06 sys=0.00, real=0.01 secs] 
2014-03-20T17:22:04.854-0500: 297.308: Total time for which application threads were stopped: 0.0085250 seconds
2014-03-20T17:22:05.195-0500: 297.650: [GC
Desired survivor size 6815744 bytes, new threshold 1 (max 15)
 [PSYoungGen: 687648K->2656K(692224K)] 812538K->127650K(2090496K), 0.0067630 secs] [Times: user=0.05 sys=0.00, real=0.01 secs] 
2014-03-20T17:22:05.202-0500: 297.657: Total time for which application threads were stopped: 0.0080600 seconds
2014-03-20T17:22:05.565-0500: 298.020: [GC
Desired survivor size 6815744 bytes, new threshold 1 (max 15)
 [PSYoungGen: 687712K->2816K(692736K)] 812706K->127922K(2091008K), 0.0071650 secs] [Times: user=0.06 sys=0.01, real=0.01 secs] 
2014-03-20T17:22:05.572-0500: 298.027: Total time for which application threads were stopped: 0.0084580 seconds
2014-03-20T17:22:05.918-0500: 298.372: [GC
Desired survivor size 6291456 bytes, new threshold 1 (max 15)
 [PSYoungGen: 688896K->2848K(692736K)] 814002K->128074K(2091008K), 0.0083530 secs] [Times: user=0.07 sys=0.00, real=0.01 secs] 
2014-03-20T17:22:05.926-0500: 298.381: Total time for which application threads were stopped: 0.0095270 seconds
2014-03-20T17:22:06.262-0500: 298.717: [GC
Desired survivor size 6291456 bytes, new threshold 1 (max 15)
 [PSYoungGen: 688928K->2976K(693248K)] 814154K->128330K(2091520K), 0.0071900 secs] [Times: user=0.06 sys=0.00, real=0.01 secs] 
2014-03-20T17:22:06.269-0500: 298.724: Total time for which application threads were stopped: 0.0084340 seconds
2014-03-20T17:22:06.619-0500: 299.074: [GC
Desired survivor size 5767168 bytes, new threshold 1 (max 15)
 [PSYoungGen: 690080K->3168K(693248K)] 815434K->128658K(2091520K), 0.0071810 secs] [Times: user=0.06 sys=0.00, real=0.01 secs] 
2014-03-20T17:22:06.626-0500: 299.081: Total time for which application threads were stopped: 0.0081550 seconds
2014-03-20T17:22:06.980-0500: 299.435: [GC
Desired survivor size 5767168 bytes, new threshold 1 (max 15)
 [PSYoungGen: 690272K->3328K(693760K)] 815762K->128954K(2092032K), 0.0075970 secs] [Times: user=0.07 sys=0.00, real=0.00 secs] 
2014-03-20T17:22:06.988-0500: 299.442: Total time for which application threads were stopped: 0.0088180 seconds
2014-03-20T17:22:07.339-0500: 299.794: [GC
Desired survivor size 5767168 bytes, new threshold 1 (max 15)
 [PSYoungGen: 691456K->3360K(693760K)] 817082K->129098K(2092032K), 0.0071300 secs] [Times: user=0.05 sys=0.00, real=0.00 secs] 
2014-03-20T17:22:07.347-0500: 299.801: Total time for which application threads were stopped: 0.0082770 seconds
2014-03-20T17:22:07.700-0500: 300.155: [GC
Desired survivor size 5767168 bytes, new threshold 1 (max 15)
 [PSYoungGen: 691488K->3584K(693760K)] 817226K->129458K(2092032K), 0.0068830 secs] [Times: user=0.05 sys=0.00, real=0.00 secs] 
2014-03-20T17:22:07.707-0500: 300.162: Total time for which application threads were stopped: 0.0080710 seconds
2014-03-20T17:22:08.054-0500: 300.508: [GC
Desired survivor size 5767168 bytes, new threshold 1 (max 15)
 [PSYoungGen: 691712K->3680K(693760K)] 817586K->129674K(2092032K), 0.0076110 secs] [Times: user=0.07 sys=0.00, real=0.01 secs] 
2014-03-20T17:22:08.062-0500: 300.516: Total time for which application threads were stopped: 0.0085140 seconds
2014-03-20T17:22:08.400-0500: 300.855: [GC
Desired survivor size 5767168 bytes, new threshold 1 (max 15)
 [PSYoungGen: 691808K->3840K(693760K)] 817802K->129978K(2092032K), 0.0071970 secs] [Times: user=0.06 sys=0.00, real=0.00 secs] 
2014-03-20T17:22:08.408-0500: 300.862: Total time for which application threads were stopped: 0.0082640 seconds
2014-03-20T17:22:08.752-0500: 301.207: [GC
Desired survivor size 5767168 bytes, new threshold 1 (max 15)
 [PSYoungGen: 691968K->3936K(693760K)] 818106K->130210K(2092032K), 0.0070240 secs] [Times: user=0.05 sys=0.00, real=0.01 secs] 
2014-03-20T17:22:08.759-0500: 301.214: Total time for which application threads were stopped: 0.0081490 seconds
2014-03-20T17:22:09.110-0500: 301.565: [GC
Desired survivor size 5767168 bytes, new threshold 1 (max 15)
 [PSYoungGen: 692064K->4096K(693760K)] 818338K->130514K(2092032K), 0.0076460 secs] [Times: user=0.07 sys=0.00, real=0.00 secs] 
2014-03-20T17:22:09.118-0500: 301.573: Total time for which application threads were stopped: 0.0088310 seconds
2014-03-20T17:22:09.466-0500: 301.921: [GC
Desired survivor size 5767168 bytes, new threshold 1 (max 15)
 [PSYoungGen: 692224K->4320K(693760K)] 818642K->130866K(2092032K), 0.0072620 secs] [Times: user=0.06 sys=0.00, real=0.01 secs] 
2014-03-20T17:22:09.474-0500: 301.928: Total time for which application threads were stopped: 0.0083770 seconds
2014-03-20T17:22:09.830-0500: 302.284: [GC
Desired survivor size 5767168 bytes, new threshold 1 (max 15)
 [PSYoungGen: 692448K->4448K(693760K)] 818994K->131130K(2092032K), 0.0073930 secs] [Times: user=0.06 sys=0.00, real=0.00 secs] 
2014-03-20T17:22:09.837-0500: 302.292: Total time for which application threads were stopped: 0.0087190 seconds
2014-03-20T17:22:10.188-0500: 302.643: [GC
Desired survivor size 6291456 bytes, new threshold 1 (max 15)
 [PSYoungGen: 692576K->4544K(692736K)] 819258K->131362K(2091008K), 0.0079060 secs] [Times: user=0.07 sys=0.00, real=0.01 secs] 
2014-03-20T17:22:10.196-0500: 302.651: Total time for which application threads were stopped: 0.0089260 seconds
2014-03-20T17:22:10.542-0500: 302.997: [GC
Desired survivor size 6291456 bytes, new threshold 1 (max 15)
 [PSYoungGen: 692672K->4672K(693248K)] 819490K->131626K(2091520K), 0.0071670 secs] [Times: user=0.05 sys=0.01, real=0.00 secs] 
2014-03-20T17:22:10.549-0500: 303.004: Total time for which application threads were stopped: 0.0085040 seconds
2014-03-20T17:22:10.898-0500: 303.353: [GC
Desired survivor size 6291456 bytes, new threshold 1 (max 15)
 [PSYoungGen: 691776K->4864K(693248K)] 818730K->131954K(2091520K), 0.0073420 secs] [Times: user=0.06 sys=0.01, real=0.01 secs] 
2014-03-20T17:22:10.905-0500: 303.360: Total time for which application threads were stopped: 0.0083750 seconds
2014-03-20T17:22:11.248-0500: 303.703: [GC
Desired survivor size 6815744 bytes, new threshold 1 (max 15)
 [PSYoungGen: 691968K->4960K(692224K)] 819058K->132194K(2090496K), 0.0079640 secs] [Times: user=0.07 sys=0.00, real=0.01 secs] 
2014-03-20T17:22:11.256-0500: 303.711: Total time for which application threads were stopped: 0.0092280 seconds
2014-03-20T17:22:11.619-0500: 304.073: [GC
Desired survivor size 6815744 bytes, new threshold 1 (max 15)
 [PSYoungGen: 691040K->5056K(692736K)] 818274K->132426K(2091008K), 0.0074100 secs] [Times: user=0.06 sys=0.01, real=0.01 secs] 
2014-03-20T17:22:11.626-0500: 304.081: Total time for which application threads were stopped: 0.0085400 seconds
2014-03-20T17:22:11.973-0500: 304.427: [GC
Desired survivor size 6815744 bytes, new threshold 1 (max 15)
 [PSYoungGen: 691136K->5120K(692736K)] 818506K->132634K(2091008K), 0.0072750 secs] [Times: user=0.05 sys=0.01, real=0.01 secs] 
2014-03-20T17:22:11.980-0500: 304.435: Total time for which application threads were stopped: 0.0086820 seconds
2014-03-20T17:22:12.326-0500: 304.780: [GC
Desired survivor size 7340032 bytes, new threshold 1 (max 15)
 [PSYoungGen: 691200K->5312K(691712K)] 818714K->132954K(2089984K), 0.0077470 secs] [Times: user=0.07 sys=0.01, real=0.01 secs] 
2014-03-20T17:22:12.334-0500: 304.788: Total time for which application threads were stopped: 0.0087510 seconds
2014-03-20T17:22:12.679-0500: 305.134: [GC
Desired survivor size 7340032 bytes, new threshold 1 (max 15)
 [PSYoungGen: 691392K->5376K(692224K)] 819034K->133154K(2090496K), 0.0073480 secs] [Times: user=0.06 sys=0.00, real=0.01 secs] 
2014-03-20T17:22:12.686-0500: 305.141: Total time for which application threads were stopped: 0.0086750 seconds
2014-03-20T17:22:13.033-0500: 305.488: [GC
Desired survivor size 7340032 bytes, new threshold 1 (max 15)
 [PSYoungGen: 690432K->5504K(692224K)] 818210K->133418K(2090496K), 0.0071400 secs] [Times: user=0.05 sys=0.01, real=0.01 secs] 
2014-03-20T17:22:13.040-0500: 305.495: Total time for which application threads were stopped: 0.0082590 seconds
2014-03-20T17:22:13.388-0500: 305.843: [GC
Desired survivor size 7340032 bytes, new threshold 1 (max 15)
 [PSYoungGen: 690560K->5536K(692224K)] 818474K->133594K(2090496K), 0.0071040 secs] [Times: user=0.06 sys=0.00, real=0.01 secs] 
2014-03-20T17:22:13.396-0500: 305.850: Total time for which application threads were stopped: 0.0083710 seconds
2014-03-20T17:22:13.748-0500: 306.203: [GC
Desired survivor size 7864320 bytes, new threshold 1 (max 15)
 [PSYoungGen: 690592K->5664K(691200K)] 818650K->133858K(2089472K), 0.0073800 secs] [Times: user=0.07 sys=0.00, real=0.01 secs] 
2014-03-20T17:22:13.756-0500: 306.211: Total time for which application threads were stopped: 0.0084510 seconds
2014-03-20T17:22:14.100-0500: 306.555: [GC
Desired survivor size 7864320 bytes, new threshold 1 (max 15)
 [PSYoungGen: 690720K->5728K(691712K)] 818914K->134066K(2089984K), 0.0075510 secs] [Times: user=0.07 sys=0.01, real=0.00 secs] 
2014-03-20T17:22:14.108-0500: 306.563: Total time for which application threads were stopped: 0.0087550 seconds
2014-03-20T17:22:14.455-0500: 306.910: [GC
Desired survivor size 7864320 bytes, new threshold 1 (max 15)
 [PSYoungGen: 689760K->5856K(691712K)] 818098K->134314K(2089984K), 0.0076220 secs] [Times: user=0.07 sys=0.00, real=0.01 secs] 
2014-03-20T17:22:14.463-0500: 306.918: Total time for which application threads were stopped: 0.0088650 seconds
2014-03-20T17:22:14.799-0500: 307.253: [GC
Desired survivor size 7864320 bytes, new threshold 1 (max 15)
 [PSYoungGen: 689888K->5856K(691712K)] 818346K->134426K(2089984K), 0.0070860 secs] [Times: user=0.06 sys=0.00, real=0.01 secs] 
2014-03-20T17:22:14.806-0500: 307.261: Total time for which application threads were stopped: 0.0082420 seconds
2014-03-20T17:22:15.157-0500: 307.612: [GC
Desired survivor size 8388608 bytes, new threshold 1 (max 15)
 [PSYoungGen: 689888K->2048K(686080K)] 818458K->130746K(2084352K), 0.0064870 secs] [Times: user=0.05 sys=0.01, real=0.01 secs] 
2014-03-20T17:22:15.164-0500: 307.618: Total time for which application threads were stopped: 0.0073480 seconds
2014-03-20T17:22:15.510-0500: 307.965: [GC
Desired survivor size 8388608 bytes, new threshold 1 (max 15)
 [PSYoungGen: 686080K->2144K(691200K)] 814778K->130938K(2089472K), 0.0101170 secs] [Times: user=0.07 sys=0.00, real=0.02 secs] 
2014-03-20T17:22:15.520-0500: 307.975: Total time for which application threads were stopped: 0.0113240 seconds
2014-03-20T17:22:15.873-0500: 308.328: [GC
Desired survivor size 8388608 bytes, new threshold 1 (max 15)
 [PSYoungGen: 685152K->2144K(691200K)] 813946K->131066K(2089472K), 0.0077520 secs] [Times: user=0.05 sys=0.00, real=0.01 secs] 
2014-03-20T17:22:15.881-0500: 308.336: Total time for which application threads were stopped: 0.0086500 seconds
2014-03-20T17:22:16.222-0500: 308.677: [GC
Desired survivor size 8388608 bytes, new threshold 1 (max 15)
 [PSYoungGen: 685152K->2144K(691200K)] 814074K->131194K(2089472K), 0.0073580 secs] [Times: user=0.06 sys=0.01, real=0.00 secs] 
2014-03-20T17:22:16.230-0500: 308.685: Total time for which application threads were stopped: 0.0085370 seconds
2014-03-20T17:22:16.580-0500: 309.035: [GC
Desired survivor size 8388608 bytes, new threshold 1 (max 15)
 [PSYoungGen: 685152K->2336K(691200K)] 814202K->131514K(2089472K), 0.0067500 secs] [Times: user=0.06 sys=0.00, real=0.00 secs] 
2014-03-20T17:22:16.587-0500: 309.042: Total time for which application threads were stopped: 0.0077310 seconds
2014-03-20T17:22:16.929-0500: 309.383: [GC
Desired survivor size 8388608 bytes, new threshold 1 (max 15)
 [PSYoungGen: 685344K->2272K(691200K)] 814522K->131594K(2089472K), 0.0069250 secs] [Times: user=0.05 sys=0.00, real=0.01 secs] 
2014-03-20T17:22:16.936-0500: 309.390: Total time for which application threads were stopped: 0.0081330 seconds
2014-03-20T17:22:17.285-0500: 309.740: [GC
Desired survivor size 7864320 bytes, new threshold 1 (max 15)
 [PSYoungGen: 685280K->2336K(691200K)] 814602K->131802K(2089472K), 0.0078850 secs] [Times: user=0.07 sys=0.00, real=0.01 secs] 
2014-03-20T17:22:17.294-0500: 309.748: Total time for which application threads were stopped: 0.0089020 seconds
2014-03-20T17:22:17.655-0500: 310.110: [GC
Desired survivor size 7864320 bytes, new threshold 1 (max 15)
 [PSYoungGen: 685344K->2400K(691712K)] 814810K->131994K(2089984K), 0.0073870 secs] [Times: user=0.06 sys=0.00, real=0.01 secs] 
2014-03-20T17:22:17.663-0500: 310.118: Total time for which application threads were stopped: 0.0084820 seconds
2014-03-20T17:22:18.007-0500: 310.461: [GC
Desired survivor size 7340032 bytes, new threshold 1 (max 15)
 [PSYoungGen: 686432K->2464K(691712K)] 816026K->132186K(2089984K), 0.0076160 secs] [Times: user=0.07 sys=0.00, real=0.01 secs] 
2014-03-20T17:22:18.014-0500: 310.469: Total time for which application threads were stopped: 0.0087660 seconds
2014-03-20T17:22:18.358-0500: 310.812: [GC
Desired survivor size 7340032 bytes, new threshold 1 (max 15)
 [PSYoungGen: 686496K->2464K(692224K)] 816218K->132322K(2090496K), 0.0066120 secs] [Times: user=0.05 sys=0.00, real=0.01 secs] 
2014-03-20T17:22:18.364-0500: 310.819: Total time for which application threads were stopped: 0.0076700 seconds
2014-03-20T17:22:18.699-0500: 311.154: [GC
Desired survivor size 7340032 bytes, new threshold 1 (max 15)
 [PSYoungGen: 687520K->2656K(692224K)] 817378K->132650K(2090496K), 0.0070500 secs] [Times: user=0.05 sys=0.00, real=0.01 secs] 
2014-03-20T17:22:18.706-0500: 311.161: Total time for which application threads were stopped: 0.0081290 seconds
2014-03-20T17:22:19.045-0500: 311.499: [GC
Desired survivor size 6815744 bytes, new threshold 1 (max 15)
 [PSYoungGen: 687712K->2720K(692736K)] 817706K->132858K(2091008K), 0.0070790 secs] [Times: user=0.06 sys=0.00, real=0.01 secs] 
2014-03-20T17:22:19.052-0500: 311.507: Total time for which application threads were stopped: 0.0083320 seconds
2014-03-20T17:22:19.412-0500: 311.867: [GC
Desired survivor size 6291456 bytes, new threshold 1 (max 15)
 [PSYoungGen: 688288K->2784K(692224K)] 818426K->133050K(2090496K), 0.0069180 secs] [Times: user=0.06 sys=0.00, real=0.00 secs] 
2014-03-20T17:22:19.419-0500: 311.874: Total time for which application threads were stopped: 0.0080620 seconds
2014-03-20T17:22:19.771-0500: 312.226: [GC
Desired survivor size 6291456 bytes, new threshold 1 (max 15)
 [PSYoungGen: 688352K->2976K(693248K)] 818618K->133346K(2091520K), 0.0068490 secs] [Times: user=0.05 sys=0.01, real=0.00 secs] 
2014-03-20T17:22:19.778-0500: 312.233: Total time for which application threads were stopped: 0.0079800 seconds
2014-03-20T17:22:20.123-0500: 312.578: [GC
Desired survivor size 5767168 bytes, new threshold 1 (max 15)
 [PSYoungGen: 690080K->2976K(693248K)] 820450K->133490K(2091520K), 0.0066390 secs] [Times: user=0.05 sys=0.00, real=0.00 secs] 
2014-03-20T17:22:20.130-0500: 312.585: Total time for which application threads were stopped: 0.0074640 seconds
2014-03-20T17:22:20.472-0500: 312.926: [GC
Desired survivor size 5767168 bytes, new threshold 1 (max 15)
 [PSYoungGen: 690080K->3264K(693760K)] 820594K->133914K(2092032K), 0.0074370 secs] [Times: user=0.06 sys=0.00, real=0.00 secs] 
2014-03-20T17:22:20.479-0500: 312.934: Total time for which application threads were stopped: 0.0085720 seconds
2014-03-20T17:22:20.817-0500: 313.272: [GC
Desired survivor size 5767168 bytes, new threshold 1 (max 15)
 [PSYoungGen: 691392K->3360K(693760K)] 822042K->134154K(2092032K), 0.0069320 secs] [Times: user=0.06 sys=0.00, real=0.01 secs] 
2014-03-20T17:22:20.825-0500: 313.279: Total time for which application threads were stopped: 0.0078650 seconds
2014-03-20T17:22:21.171-0500: 313.626: [GC
Desired survivor size 5767168 bytes, new threshold 1 (max 15)
 [PSYoungGen: 691488K->3552K(693760K)] 822282K->134490K(2092032K), 0.0074240 secs] [Times: user=0.06 sys=0.00, real=0.00 secs] 
2014-03-20T17:22:21.179-0500: 313.634: Total time for which application threads were stopped: 0.0086960 seconds
2014-03-20T17:22:21.528-0500: 313.982: [GC
Desired survivor size 5767168 bytes, new threshold 1 (max 15)
 [PSYoungGen: 691680K->3648K(693760K)] 822618K->134666K(2092032K), 0.0082820 secs] [Times: user=0.06 sys=0.00, real=0.01 secs] 
2014-03-20T17:22:21.536-0500: 313.991: Total time for which application threads were stopped: 0.0102260 seconds
2014-03-20T17:22:21.885-0500: 314.339: [GC
Desired survivor size 5767168 bytes, new threshold 1 (max 15)
 [PSYoungGen: 691776K->3808K(693760K)] 822794K->134962K(2092032K), 0.0076060 secs] [Times: user=0.06 sys=0.00, real=0.01 secs] 
2014-03-20T17:22:21.893-0500: 314.347: Total time for which application threads were stopped: 0.0087650 seconds
2014-03-20T17:22:22.234-0500: 314.689: [GC
Desired survivor size 5767168 bytes, new threshold 1 (max 15)
 [PSYoungGen: 691936K->3904K(693760K)] 823090K->135170K(2092032K), 0.0085560 secs] [Times: user=0.06 sys=0.00, real=0.01 secs] 
2014-03-20T17:22:22.243-0500: 314.698: Total time for which application threads were stopped: 0.0095580 seconds
2014-03-20T17:22:22.576-0500: 315.031: [GC
Desired survivor size 5767168 bytes, new threshold 1 (max 15)
 [PSYoungGen: 692032K->3968K(693760K)] 823298K->135378K(2092032K), 0.0073660 secs] [Times: user=0.06 sys=0.01, real=0.01 secs] 
2014-03-20T17:22:22.584-0500: 315.038: Total time for which application threads were stopped: 0.0089330 seconds
2014-03-20T17:22:22.896-0500: 315.351: [GC
Desired survivor size 5767168 bytes, new threshold 1 (max 15)
 [PSYoungGen: 692096K->4256K(693760K)] 823506K->135810K(2092032K), 0.0078570 secs] [Times: user=0.07 sys=0.00, real=0.01 secs] 
2014-03-20T17:22:22.904-0500: 315.359: Total time for which application threads were stopped: 0.0090030 seconds
2014-03-20T17:22:23.213-0500: 315.667: [GC
Desired survivor size 5767168 bytes, new threshold 1 (max 15)
 [PSYoungGen: 692384K->4352K(693760K)] 823938K->136050K(2092032K), 0.0077320 secs] [Times: user=0.07 sys=0.00, real=0.00 secs] 
2014-03-20T17:22:23.221-0500: 315.675: Total time for which application threads were stopped: 0.0090000 seconds
2014-03-20T17:22:23.600-0500: 316.055: [GC
Desired survivor size 6291456 bytes, new threshold 1 (max 15)
 [PSYoungGen: 692480K->4480K(692736K)] 824178K->136314K(2091008K), 0.0076080 secs] [Times: user=0.06 sys=0.01, real=0.01 secs] 
2014-03-20T17:22:23.608-0500: 316.063: Total time for which application threads were stopped: 0.0086280 seconds
2014-03-20T17:22:23.978-0500: 316.433: [GC
Desired survivor size 6291456 bytes, new threshold 1 (max 15)
 [PSYoungGen: 692608K->4640K(693248K)] 824442K->136602K(2091520K), 0.0080360 secs] [Times: user=0.05 sys=0.00, real=0.01 secs] 
2014-03-20T17:22:23.986-0500: 316.441: Total time for which application threads were stopped: 0.0092790 seconds
2014-03-20T17:22:24.354-0500: 316.809: [GC
Desired survivor size 6291456 bytes, new threshold 1 (max 15)
 [PSYoungGen: 691744K->4736K(693248K)] 823706K->136842K(2091520K), 0.0074940 secs] [Times: user=0.06 sys=0.00, real=0.00 secs] 
2014-03-20T17:22:24.362-0500: 316.816: Total time for which application threads were stopped: 0.0085190 seconds
2014-03-20T17:22:24.747-0500: 317.202: [GC
Desired survivor size 6291456 bytes, new threshold 1 (max 15)
 [PSYoungGen: 691840K->4832K(693248K)] 823946K->137074K(2091520K), 0.0074830 secs] [Times: user=0.07 sys=0.00, real=0.01 secs] 
2014-03-20T17:22:24.755-0500: 317.209: Total time for which application threads were stopped: 0.0087390 seconds
2014-03-20T17:22:25.118-0500: 317.573: [GC
Desired survivor size 6815744 bytes, new threshold 1 (max 15)
 [PSYoungGen: 691936K->5024K(692224K)] 824178K->137402K(2090496K), 0.0076860 secs] [Times: user=0.07 sys=0.00, real=0.01 secs] 
2014-03-20T17:22:25.126-0500: 317.581: Total time for which application threads were stopped: 0.0086470 seconds
2014-03-20T17:22:25.492-0500: 317.947: [GC
Desired survivor size 6815744 bytes, new threshold 1 (max 15)
 [PSYoungGen: 692128K->5152K(692736K)] 824506K->137650K(2091008K), 0.0100910 secs] [Times: user=0.06 sys=0.00, real=0.02 secs] 
2014-03-20T17:22:25.502-0500: 317.957: Total time for which application threads were stopped: 0.0113360 seconds
2014-03-20T17:22:25.870-0500: 318.325: [GC
Desired survivor size 7340032 bytes, new threshold 1 (max 15)
 [PSYoungGen: 691232K->5280K(691712K)] 823730K->137842K(2089984K), 0.0093460 secs] [Times: user=0.04 sys=0.00, real=0.01 secs] 
2014-03-20T17:22:25.880-0500: 318.335: Total time for which application threads were stopped: 0.0104400 seconds
2014-03-20T17:22:26.244-0500: 318.698: [GC
Desired survivor size 7340032 bytes, new threshold 1 (max 15)
 [PSYoungGen: 691360K->5344K(692224K)] 823922K->138034K(2090496K), 0.0072830 secs] [Times: user=0.06 sys=0.01, real=0.00 secs] 
2014-03-20T17:22:26.251-0500: 318.706: Total time for which application threads were stopped: 0.0085010 seconds
2014-03-20T17:22:26.616-0500: 319.070: [GC
Desired survivor size 7340032 bytes, new threshold 1 (max 15)
 [PSYoungGen: 690400K->5440K(692224K)] 823090K->138258K(2090496K), 0.0074390 secs] [Times: user=0.06 sys=0.00, real=0.01 secs] 
2014-03-20T17:22:26.623-0500: 319.078: Total time for which application threads were stopped: 0.0084810 seconds
2014-03-20T17:22:27.008-0500: 319.463: [GC
Desired survivor size 7340032 bytes, new threshold 1 (max 15)
 [PSYoungGen: 690496K->5440K(692224K)] 823314K->138402K(2090496K), 0.0075090 secs] [Times: user=0.06 sys=0.00, real=0.01 secs] 
2014-03-20T17:22:27.016-0500: 319.471: Total time for which application threads were stopped: 0.0088940 seconds
2014-03-20T17:22:27.395-0500: 319.850: [GC
Desired survivor size 7864320 bytes, new threshold 1 (max 15)
 [PSYoungGen: 690496K->5664K(691200K)] 823458K->138722K(2089472K), 0.0078700 secs] [Times: user=0.04 sys=0.01, real=0.01 secs] 
2014-03-20T17:22:27.403-0500: 319.858: Total time for which application threads were stopped: 0.0089550 seconds
2014-03-20T17:22:27.784-0500: 320.238: [GC
Desired survivor size 7864320 bytes, new threshold 1 (max 15)
 [PSYoungGen: 690720K->5664K(691712K)] 823778K->138866K(2089984K), 0.0075190 secs] [Times: user=0.06 sys=0.00, real=0.00 secs] 
2014-03-20T17:22:27.791-0500: 320.246: Total time for which application threads were stopped: 0.0086660 seconds
2014-03-20T17:22:28.149-0500: 320.604: [GC
Desired survivor size 7864320 bytes, new threshold 1 (max 15)
 [PSYoungGen: 689696K->5728K(691712K)] 822898K->139066K(2089984K), 0.0074140 secs] [Times: user=0.06 sys=0.01, real=0.01 secs] 
2014-03-20T17:22:28.157-0500: 320.611: Total time for which application threads were stopped: 0.0084990 seconds
2014-03-20T17:22:28.489-0500: 320.944: [GC
Desired survivor size 7864320 bytes, new threshold 1 (max 15)
 [PSYoungGen: 689760K->5856K(691712K)] 823098K->139330K(2089984K), 0.0075710 secs] [Times: user=0.07 sys=0.00, real=0.01 secs] 
2014-03-20T17:22:28.497-0500: 320.952: Total time for which application threads were stopped: 0.0088080 seconds
2014-03-20T17:22:28.846-0500: 321.301: [GC
Desired survivor size 8388608 bytes, new threshold 1 (max 15)
 [PSYoungGen: 689888K->2048K(686080K)] 823362K->135618K(2084352K), 0.0092060 secs] [Times: user=0.07 sys=0.00, real=0.01 secs] 
2014-03-20T17:22:28.856-0500: 321.310: Total time for which application threads were stopped: 0.0102470 seconds
2014-03-20T17:22:29.228-0500: 321.683: [GC
Desired survivor size 8388608 bytes, new threshold 1 (max 15)
 [PSYoungGen: 686080K->2112K(691200K)] 819650K->135770K(2089472K), 0.0085300 secs] [Times: user=0.05 sys=0.00, real=0.01 secs] 
2014-03-20T17:22:29.237-0500: 321.692: Total time for which application threads were stopped: 0.0098790 seconds
2014-03-20T17:22:29.614-0500: 322.068: [GC
Desired survivor size 8388608 bytes, new threshold 1 (max 15)
 [PSYoungGen: 685120K->2080K(691200K)] 818778K->135834K(2089472K), 0.0081370 secs] [Times: user=0.05 sys=0.01, real=0.00 secs] 
2014-03-20T17:22:29.622-0500: 322.077: Total time for which application threads were stopped: 0.0091030 seconds
2014-03-20T17:22:29.982-0500: 322.437: [GC
Desired survivor size 8388608 bytes, new threshold 1 (max 15)
 [PSYoungGen: 685088K->2208K(691200K)] 818842K->136074K(2089472K), 0.0086170 secs] [Times: user=0.06 sys=0.00, real=0.01 secs] 
2014-03-20T17:22:29.991-0500: 322.446: Total time for which application threads were stopped: 0.0098160 seconds
2014-03-20T17:22:30.389-0500: 322.844: [GC
Desired survivor size 8388608 bytes, new threshold 1 (max 15)
 [PSYoungGen: 685216K->2272K(691200K)] 819082K->136298K(2089472K), 0.0076140 secs] [Times: user=0.06 sys=0.00, real=0.01 secs] 
2014-03-20T17:22:30.397-0500: 322.851: Total time for which application threads were stopped: 0.0086160 seconds
2014-03-20T17:22:30.769-0500: 323.224: [GC
Desired survivor size 7864320 bytes, new threshold 1 (max 15)
 [PSYoungGen: 685280K->2304K(691712K)] 819306K->136418K(2089984K), 0.0080160 secs] [Times: user=0.06 sys=0.00, real=0.01 secs] 
2014-03-20T17:22:30.778-0500: 323.232: Total time for which application threads were stopped: 0.0092570 seconds
2014-03-20T17:22:30.943-0500: 323.398: Total time for which application threads were stopped: 0.0006660 seconds
2014-03-20T17:22:31.160-0500: 323.615: [GC
Desired survivor size 7864320 bytes, new threshold 1 (max 15)
 [PSYoungGen: 685824K->2336K(691200K)] 819938K->136594K(2089472K), 0.0071140 secs] [Times: user=0.06 sys=0.00, real=0.01 secs] 
2014-03-20T17:22:31.168-0500: 323.622: Total time for which application threads were stopped: 0.0080740 seconds
2014-03-20T17:22:31.527-0500: 323.981: [GC
Desired survivor size 7864320 bytes, new threshold 1 (max 15)
 [PSYoungGen: 685856K->2368K(691712K)] 820114K->136738K(2089984K), 0.0084020 secs] [Times: user=0.07 sys=0.00, real=0.01 secs] 
2014-03-20T17:22:31.535-0500: 323.990: Total time for which application threads were stopped: 0.0095940 seconds
2014-03-20T17:22:31.877-0500: 324.331: [GC
Desired survivor size 7340032 bytes, new threshold 1 (max 15)
 [PSYoungGen: 686400K->2528K(691712K)] 820770K->137026K(2089984K), 0.0073970 secs] [Times: user=0.06 sys=0.00, real=0.01 secs] 
2014-03-20T17:22:31.884-0500: 324.339: Total time for which application threads were stopped: 0.0085010 seconds
2014-03-20T17:22:32.251-0500: 324.706: [GC
Desired survivor size 7340032 bytes, new threshold 1 (max 15)
 [PSYoungGen: 686560K->2560K(692224K)] 821058K->137194K(2090496K), 0.0075820 secs] [Times: user=0.06 sys=0.00, real=0.01 secs] 
2014-03-20T17:22:32.259-0500: 324.714: Total time for which application threads were stopped: 0.0087400 seconds
2014-03-20T17:22:32.634-0500: 325.089: [GC
Desired survivor size 6815744 bytes, new threshold 1 (max 15)
 [PSYoungGen: 687616K->2720K(692224K)] 822250K->137490K(2090496K), 0.0071040 secs] [Times: user=0.06 sys=0.01, real=0.00 secs] 
2014-03-20T17:22:32.641-0500: 325.096: Total time for which application threads were stopped: 0.0081960 seconds
2014-03-20T17:22:33.012-0500: 325.467: [GC
Desired survivor size 6815744 bytes, new threshold 1 (max 15)
 [PSYoungGen: 687776K->2720K(692736K)] 822546K->137618K(2091008K), 0.0069420 secs] [Times: user=0.06 sys=0.00, real=0.01 secs] 
2014-03-20T17:22:33.020-0500: 325.474: Total time for which application threads were stopped: 0.0080040 seconds
2014-03-20T17:22:33.378-0500: 325.833: [GC
Desired survivor size 6291456 bytes, new threshold 1 (max 15)
 [PSYoungGen: 688800K->2880K(692736K)] 823698K->137890K(2091008K), 0.0074970 secs] [Times: user=0.07 sys=0.00, real=0.01 secs] 
2014-03-20T17:22:33.386-0500: 325.840: Total time for which application threads were stopped: 0.0084800 seconds
2014-03-20T17:22:33.788-0500: 326.242: [GC
Desired survivor size 6291456 bytes, new threshold 1 (max 15)
 [PSYoungGen: 688960K->2976K(693248K)] 823970K->138122K(2091520K), 0.0069860 secs] [Times: user=0.06 sys=0.00, real=0.01 secs] 
2014-03-20T17:22:33.795-0500: 326.250: Total time for which application threads were stopped: 0.0082100 seconds
2014-03-20T17:22:34.173-0500: 326.628: [GC
Desired survivor size 5767168 bytes, new threshold 1 (max 15)
 [PSYoungGen: 690080K->3104K(693248K)] 825226K->138386K(2091520K), 0.0074320 secs] [Times: user=0.07 sys=0.01, real=0.00 secs] 
2014-03-20T17:22:34.181-0500: 326.636: Total time for which application threads were stopped: 0.0084470 seconds
2014-03-20T17:22:34.552-0500: 327.007: [GC
Desired survivor size 5767168 bytes, new threshold 1 (max 15)
 [PSYoungGen: 690208K->3296K(693760K)] 825490K->138682K(2092032K), 0.0076920 secs] [Times: user=0.05 sys=0.00, real=0.01 secs] 
2014-03-20T17:22:34.560-0500: 327.015: Total time for which application threads were stopped: 0.0088550 seconds
2014-03-20T17:22:34.923-0500: 327.377: [GC
Desired survivor size 5767168 bytes, new threshold 1 (max 15)
 [PSYoungGen: 691424K->3328K(693760K)] 826810K->138850K(2092032K), 0.0071050 secs] [Times: user=0.05 sys=0.01, real=0.01 secs] 
2014-03-20T17:22:34.930-0500: 327.385: Total time for which application threads were stopped: 0.0080970 seconds
2014-03-20T17:22:35.300-0500: 327.755: [GC
Desired survivor size 5242880 bytes, new threshold 1 (max 15)
 [PSYoungGen: 691456K->3392K(694272K)] 826978K->139058K(2092544K), 0.0067180 secs] [Times: user=0.06 sys=0.00, real=0.01 secs] 
2014-03-20T17:22:35.307-0500: 327.762: Total time for which application threads were stopped: 0.0077470 seconds
2014-03-20T17:22:35.695-0500: 328.150: [GC
Desired survivor size 5242880 bytes, new threshold 1 (max 15)
 [PSYoungGen: 692032K->3680K(693760K)] 827698K->139482K(2092032K), 0.0071950 secs] [Times: user=0.06 sys=0.00, real=0.00 secs] 
2014-03-20T17:22:35.703-0500: 328.157: Total time for which application threads were stopped: 0.0081630 seconds
2014-03-20T17:22:36.064-0500: 328.519: [GC
Desired survivor size 5242880 bytes, new threshold 1 (max 15)
 [PSYoungGen: 692320K->3776K(694272K)] 828122K->139706K(2092544K), 0.0071950 secs] [Times: user=0.06 sys=0.00, real=0.00 secs] 
2014-03-20T17:22:36.072-0500: 328.526: Total time for which application threads were stopped: 0.0083110 seconds
2014-03-20T17:22:36.431-0500: 328.886: [GC
Desired survivor size 5767168 bytes, new threshold 1 (max 15)
 [PSYoungGen: 692928K->3872K(693248K)] 828858K->139938K(2091520K), 0.0068760 secs] [Times: user=0.06 sys=0.01, real=0.01 secs] 
2014-03-20T17:22:36.438-0500: 328.893: Total time for which application threads were stopped: 0.0078840 seconds
2014-03-20T17:22:36.797-0500: 329.251: [GC
Desired survivor size 5767168 bytes, new threshold 1 (max 15)
 [PSYoungGen: 693024K->4160K(693760K)] 829090K->140370K(2092032K), 0.0068730 secs] [Times: user=0.05 sys=0.01, real=0.00 secs] 
2014-03-20T17:22:36.804-0500: 329.259: Total time for which application threads were stopped: 0.0080780 seconds
2014-03-20T17:22:37.188-0500: 329.643: [GC
Desired survivor size 5767168 bytes, new threshold 1 (max 15)
 [PSYoungGen: 692288K->4224K(693760K)] 828498K->140570K(2092032K), 0.0071360 secs] [Times: user=0.06 sys=0.00, real=0.01 secs] 
2014-03-20T17:22:37.195-0500: 329.650: Total time for which application threads were stopped: 0.0083300 seconds
2014-03-20T17:22:37.570-0500: 330.025: [GC
Desired survivor size 5767168 bytes, new threshold 1 (max 15)
 [PSYoungGen: 692352K->4416K(693760K)] 828698K->140898K(2092032K), 0.0071830 secs] [Times: user=0.06 sys=0.00, real=0.01 secs] 
2014-03-20T17:22:37.578-0500: 330.033: Total time for which application threads were stopped: 0.0083620 seconds
2014-03-20T17:22:37.945-0500: 330.399: [GC
Desired survivor size 6291456 bytes, new threshold 1 (max 15)
 [PSYoungGen: 692544K->4576K(692736K)] 829026K->141194K(2091008K), 0.0074090 secs] [Times: user=0.07 sys=0.00, real=0.00 secs] 
2014-03-20T17:22:37.952-0500: 330.407: Total time for which application threads were stopped: 0.0085240 seconds
2014-03-20T17:22:38.328-0500: 330.783: [GC
Desired survivor size 6291456 bytes, new threshold 1 (max 15)
 [PSYoungGen: 692704K->4672K(693248K)] 829322K->141434K(2091520K), 0.0071800 secs] [Times: user=0.06 sys=0.00, real=0.01 secs] 
2014-03-20T17:22:38.335-0500: 330.790: Total time for which application threads were stopped: 0.0084890 seconds
2014-03-20T17:22:38.710-0500: 331.165: [GC
Desired survivor size 6291456 bytes, new threshold 1 (max 15)
 [PSYoungGen: 691776K->4768K(693248K)] 828538K->141666K(2091520K), 0.0069970 secs] [Times: user=0.06 sys=0.00, real=0.01 secs] 
2014-03-20T17:22:38.717-0500: 331.172: Total time for which application threads were stopped: 0.0081240 seconds
2014-03-20T17:22:38.969-0500: 331.423: Total time for which application threads were stopped: 0.0009750 seconds
2014-03-20T17:22:39.098-0500: 331.552: [GC
Desired survivor size 6815744 bytes, new threshold 1 (max 15)
 [PSYoungGen: 691872K->4928K(692224K)] 828770K->141954K(2090496K), 0.0072890 secs] [Times: user=0.06 sys=0.00, real=0.01 secs] 
2014-03-20T17:22:39.105-0500: 331.560: Total time for which application threads were stopped: 0.0083740 seconds
2014-03-20T17:22:39.468-0500: 331.923: [GC
Desired survivor size 6815744 bytes, new threshold 1 (max 15)
 [PSYoungGen: 691008K->5024K(692736K)] 828034K->142170K(2091008K), 0.0105050 secs] [Times: user=0.06 sys=0.01, real=0.01 secs] 
2014-03-20T17:22:39.479-0500: 331.933: Total time for which application threads were stopped: 0.0116980 seconds
2014-03-20T17:22:39.839-0500: 332.294: [GC
Desired survivor size 6815744 bytes, new threshold 1 (max 15)
 [PSYoungGen: 691104K->5120K(692736K)] 828250K->142402K(2091008K), 0.0077900 secs] [Times: user=0.06 sys=0.00, real=0.01 secs] 
2014-03-20T17:22:39.847-0500: 332.302: Total time for which application threads were stopped: 0.0090400 seconds
2014-03-20T17:22:40.218-0500: 332.672: [GC
Desired survivor size 6815744 bytes, new threshold 1 (max 15)
 [PSYoungGen: 691200K->5184K(692736K)] 828482K->142594K(2091008K), 0.0074670 secs] [Times: user=0.06 sys=0.00, real=0.01 secs] 
2014-03-20T17:22:40.225-0500: 332.680: Total time for which application threads were stopped: 0.0085360 seconds
2014-03-20T17:22:40.588-0500: 333.043: [GC
Desired survivor size 7340032 bytes, new threshold 1 (max 15)
 [PSYoungGen: 691264K->5312K(691712K)] 828674K->142858K(2089984K), 0.0075270 secs] [Times: user=0.06 sys=0.00, real=0.01 secs] 
2014-03-20T17:22:40.596-0500: 333.051: Total time for which application threads were stopped: 0.0087950 seconds
2014-03-20T17:22:40.945-0500: 333.399: [GC
Desired survivor size 7340032 bytes, new threshold 1 (max 15)
 [PSYoungGen: 690368K->5472K(692224K)] 827914K->143146K(2090496K), 0.0076060 secs] [Times: user=0.06 sys=0.00, real=0.00 secs] 
2014-03-20T17:22:40.952-0500: 333.407: Total time for which application threads were stopped: 0.0086660 seconds
2014-03-20T17:22:41.310-0500: 333.765: [GC
Desired survivor size 7340032 bytes, new threshold 1 (max 15)
 [PSYoungGen: 690528K->5632K(692224K)] 828202K->143442K(2090496K), 0.0074420 secs] [Times: user=0.06 sys=0.00, real=0.01 secs] 
2014-03-20T17:22:41.318-0500: 333.773: Total time for which application threads were stopped: 0.0085420 seconds
2014-03-20T17:22:41.690-0500: 334.145: [GC
Desired survivor size 7864320 bytes, new threshold 1 (max 15)
 [PSYoungGen: 690688K->5568K(690688K)] 828498K->143506K(2088960K), 0.0074380 secs] [Times: user=0.06 sys=0.00, real=0.01 secs] 
2014-03-20T17:22:41.698-0500: 334.152: Total time for which application threads were stopped: 0.0084140 seconds
2014-03-20T17:22:42.057-0500: 334.511: [GC
Desired survivor size 7864320 bytes, new threshold 1 (max 15)
 [PSYoungGen: 690624K->5696K(691712K)] 828562K->143770K(2089984K), 0.0073300 secs] [Times: user=0.06 sys=0.00, real=0.00 secs] 
2014-03-20T17:22:42.064-0500: 334.519: Total time for which application threads were stopped: 0.0085110 seconds
2014-03-20T17:22:42.431-0500: 334.886: [GC
Desired survivor size 7864320 bytes, new threshold 1 (max 15)
 [PSYoungGen: 689728K->5600K(691712K)] 827802K->143810K(2089984K), 0.0075510 secs] [Times: user=0.07 sys=0.00, real=0.01 secs] 
2014-03-20T17:22:42.439-0500: 334.894: Total time for which application threads were stopped: 0.0086580 seconds
2014-03-20T17:22:42.811-0500: 335.266: [GC
Desired survivor size 7864320 bytes, new threshold 1 (max 15)
 [PSYoungGen: 689632K->5760K(691712K)] 827842K->144098K(2089984K), 0.0069350 secs] [Times: user=0.06 sys=0.00, real=0.01 secs] 
2014-03-20T17:22:42.818-0500: 335.273: Total time for which application threads were stopped: 0.0082490 seconds
2014-03-20T17:22:43.185-0500: 335.640: [GC
Desired survivor size 8388608 bytes, new threshold 1 (max 15)
 [PSYoungGen: 689792K->1984K(686080K)] 828130K->140466K(2084352K), 0.0071630 secs] [Times: user=0.06 sys=0.00, real=0.00 secs] 
2014-03-20T17:22:43.192-0500: 335.647: Total time for which application threads were stopped: 0.0081240 seconds
2014-03-20T17:22:43.567-0500: 336.022: [GC
Desired survivor size 8388608 bytes, new threshold 1 (max 15)
 [PSYoungGen: 686016K->2080K(691200K)] 824498K->140682K(2089472K), 0.0071070 secs] [Times: user=0.05 sys=0.00, real=0.00 secs] 
2014-03-20T17:22:43.574-0500: 336.029: Total time for which application threads were stopped: 0.0084560 seconds
2014-03-20T17:22:43.938-0500: 336.393: [GC
Desired survivor size 8388608 bytes, new threshold 1 (max 15)
 [PSYoungGen: 685088K->2112K(691200K)] 823690K->140834K(2089472K), 0.0072210 secs] [Times: user=0.05 sys=0.01, real=0.01 secs] 
2014-03-20T17:22:43.945-0500: 336.400: Total time for which application threads were stopped: 0.0082680 seconds
2014-03-20T17:22:44.301-0500: 336.756: [GC
Desired survivor size 8388608 bytes, new threshold 1 (max 15)
 [PSYoungGen: 685120K->2240K(691200K)] 823842K->141098K(2089472K), 0.0070710 secs] [Times: user=0.06 sys=0.00, real=0.01 secs] 
2014-03-20T17:22:44.308-0500: 336.763: Total time for which application threads were stopped: 0.0081980 seconds
2014-03-20T17:22:44.656-0500: 337.111: [GC
Desired survivor size 8388608 bytes, new threshold 1 (max 15)
 [PSYoungGen: 685248K->2208K(691200K)] 824106K->141202K(2089472K), 0.0073210 secs] [Times: user=0.06 sys=0.00, real=0.00 secs] 
2014-03-20T17:22:44.664-0500: 337.119: Total time for which application threads were stopped: 0.0083510 seconds
2014-03-20T17:22:45.026-0500: 337.480: [GC
Desired survivor size 7864320 bytes, new threshold 1 (max 15)
 [PSYoungGen: 685216K->2272K(691712K)] 824210K->141402K(2089984K), 0.0074520 secs] [Times: user=0.06 sys=0.00, real=0.00 secs] 
2014-03-20T17:22:45.033-0500: 337.488: Total time for which application threads were stopped: 0.0086650 seconds
2014-03-20T17:22:45.368-0500: 337.823: [GC
Desired survivor size 7864320 bytes, new threshold 1 (max 15)
 [PSYoungGen: 685792K->2336K(691200K)] 824922K->141602K(2089472K), 0.0076390 secs] [Times: user=0.06 sys=0.00, real=0.01 secs] 
2014-03-20T17:22:45.376-0500: 337.830: Total time for which application threads were stopped: 0.0086640 seconds
2014-03-20T17:22:45.712-0500: 338.167: [GC
Desired survivor size 7864320 bytes, new threshold 1 (max 15)
 [PSYoungGen: 685856K->2400K(691712K)] 825122K->141786K(2089984K), 0.0073630 secs] [Times: user=0.06 sys=0.00, real=0.01 secs] 
2014-03-20T17:22:45.720-0500: 338.174: Total time for which application threads were stopped: 0.0084650 seconds
2014-03-20T17:22:46.051-0500: 338.505: [GC
Desired survivor size 7340032 bytes, new threshold 1 (max 15)
 [PSYoungGen: 686432K->2624K(691712K)] 825818K->142130K(2089984K), 0.0072690 secs] [Times: user=0.06 sys=0.00, real=0.01 secs] 
2014-03-20T17:22:46.058-0500: 338.513: Total time for which application threads were stopped: 0.0083580 seconds
2014-03-20T17:22:46.433-0500: 338.888: [GC
Desired survivor size 7340032 bytes, new threshold 1 (max 15)
 [PSYoungGen: 686656K->2528K(692224K)] 826162K->142154K(2090496K), 0.0076750 secs] [Times: user=0.07 sys=0.00, real=0.01 secs] 
2014-03-20T17:22:46.441-0500: 338.896: Total time for which application threads were stopped: 0.0088130 seconds
2014-03-20T17:22:46.816-0500: 339.271: [GC
Desired survivor size 6815744 bytes, new threshold 1 (max 15)
 [PSYoungGen: 687584K->2656K(692224K)] 827210K->142410K(2090496K), 0.0078280 secs] [Times: user=0.07 sys=0.00, real=0.00 secs] 
2014-03-20T17:22:46.824-0500: 339.279: Total time for which application threads were stopped: 0.0088180 seconds
2014-03-20T17:22:47.190-0500: 339.644: [GC
Desired survivor size 6815744 bytes, new threshold 1 (max 15)
 [PSYoungGen: 687712K->2784K(692736K)] 827466K->142650K(2091008K), 0.0070680 secs] [Times: user=0.05 sys=0.00, real=0.01 secs] 
2014-03-20T17:22:47.197-0500: 339.652: Total time for which application threads were stopped: 0.0082530 seconds
2014-03-20T17:22:47.564-0500: 340.019: [GC
Desired survivor size 6291456 bytes, new threshold 1 (max 15)
 [PSYoungGen: 688864K->2848K(692736K)] 828730K->142850K(2091008K), 0.0078140 secs] [Times: user=0.06 sys=0.00, real=0.01 secs] 
2014-03-20T17:22:47.572-0500: 340.027: Total time for which application threads were stopped: 0.0088360 seconds
2014-03-20T17:22:47.939-0500: 340.394: [GC
Desired survivor size 6291456 bytes, new threshold 1 (max 15)
 [PSYoungGen: 688928K->3008K(693248K)] 828930K->143146K(2091520K), 0.0072060 secs] [Times: user=0.06 sys=0.00, real=0.01 secs] 
2014-03-20T17:22:47.946-0500: 340.401: Total time for which application threads were stopped: 0.0082560 seconds
2014-03-20T17:22:48.304-0500: 340.759: [GC
Desired survivor size 5767168 bytes, new threshold 1 (max 15)
 [PSYoungGen: 690112K->3072K(693248K)] 830250K->143314K(2091520K), 0.0086670 secs] [Times: user=0.07 sys=0.00, real=0.01 secs] 
2014-03-20T17:22:48.313-0500: 340.768: Total time for which application threads were stopped: 0.0097310 seconds
2014-03-20T17:22:48.675-0500: 341.129: [GC
Desired survivor size 5767168 bytes, new threshold 1 (max 15)
 [PSYoungGen: 690176K->3200K(693760K)] 830418K->143570K(2092032K), 0.0073750 secs] [Times: user=0.06 sys=0.00, real=0.01 secs] 
2014-03-20T17:22:48.682-0500: 341.137: Total time for which application threads were stopped: 0.0086580 seconds
2014-03-20T17:22:49.046-0500: 341.501: [GC
Desired survivor size 5767168 bytes, new threshold 1 (max 15)
 [PSYoungGen: 691328K->3296K(693760K)] 831698K->143762K(2092032K), 0.0087290 secs] [Times: user=0.05 sys=0.00, real=0.01 secs] 
2014-03-20T17:22:49.055-0500: 341.510: Total time for which application threads were stopped: 0.0098040 seconds
2014-03-20T17:22:49.412-0500: 341.867: [GC
Desired survivor size 5242880 bytes, new threshold 1 (max 15)
 [PSYoungGen: 691424K->3520K(694272K)] 831890K->144106K(2092544K), 0.0075200 secs] [Times: user=0.05 sys=0.01, real=0.01 secs] 
2014-03-20T17:22:49.420-0500: 341.875: Total time for which application threads were stopped: 0.0088870 seconds
2014-03-20T17:22:49.799-0500: 342.254: [GC
Desired survivor size 5242880 bytes, new threshold 1 (max 15)
 [PSYoungGen: 692160K->3712K(693760K)] 832746K->144378K(2092032K), 0.0080810 secs] [Times: user=0.05 sys=0.00, real=0.01 secs] 
2014-03-20T17:22:49.807-0500: 342.262: Total time for which application threads were stopped: 0.0091040 seconds
2014-03-20T17:22:50.170-0500: 342.624: [GC
Desired survivor size 5242880 bytes, new threshold 1 (max 15)
 [PSYoungGen: 692352K->3744K(694272K)] 833018K->144546K(2092544K), 0.0074410 secs] [Times: user=0.06 sys=0.01, real=0.01 secs] 
2014-03-20T17:22:50.177-0500: 342.632: Total time for which application threads were stopped: 0.0086490 seconds
2014-03-20T17:22:50.538-0500: 342.992: [GC
Desired survivor size 5767168 bytes, new threshold 1 (max 15)
 [PSYoungGen: 692896K->4032K(693248K)] 833698K->144970K(2091520K), 0.0075040 secs] [Times: user=0.05 sys=0.00, real=0.00 secs] 
2014-03-20T17:22:50.545-0500: 343.000: Total time for which application threads were stopped: 0.0086210 seconds
2014-03-20T17:22:50.893-0500: 343.348: [GC
Desired survivor size 5767168 bytes, new threshold 1 (max 15)
 [PSYoungGen: 693184K->4032K(693760K)] 834122K->145106K(2092032K), 0.0075470 secs] [Times: user=0.06 sys=0.00, real=0.01 secs] 
2014-03-20T17:22:50.901-0500: 343.356: Total time for which application threads were stopped: 0.0087700 seconds
2014-03-20T17:22:51.270-0500: 343.725: [GC
Desired survivor size 5767168 bytes, new threshold 1 (max 15)
 [PSYoungGen: 692160K->4192K(693760K)] 833234K->145394K(2092032K), 0.0077640 secs] [Times: user=0.06 sys=0.00, real=0.01 secs] 
2014-03-20T17:22:51.278-0500: 343.733: Total time for which application threads were stopped: 0.0087910 seconds
2014-03-20T17:22:51.668-0500: 344.123: [GC
Desired survivor size 5767168 bytes, new threshold 1 (max 15)
 [PSYoungGen: 692320K->4352K(693760K)] 833522K->145690K(2092032K), 0.0072770 secs] [Times: user=0.05 sys=0.00, real=0.00 secs] 
2014-03-20T17:22:51.676-0500: 344.130: Total time for which application threads were stopped: 0.0085000 seconds
2014-03-20T17:22:52.052-0500: 344.507: [GC
Desired survivor size 5767168 bytes, new threshold 1 (max 15)
 [PSYoungGen: 692480K->4480K(693760K)] 833818K->145962K(2092032K), 0.0076680 secs] [Times: user=0.06 sys=0.00, real=0.01 secs] 
2014-03-20T17:22:52.060-0500: 344.515: Total time for which application threads were stopped: 0.0087720 seconds
2014-03-20T17:22:52.425-0500: 344.880: [GC
Desired survivor size 6291456 bytes, new threshold 1 (max 15)
 [PSYoungGen: 692608K->4704K(692736K)] 834090K->146322K(2091008K), 0.0073330 secs] [Times: user=0.06 sys=0.00, real=0.01 secs] 
2014-03-20T17:22:52.433-0500: 344.887: Total time for which application threads were stopped: 0.0084720 seconds
2014-03-20T17:22:52.786-0500: 345.241: [GC
Desired survivor size 6291456 bytes, new threshold 1 (max 15)
 [PSYoungGen: 691808K->4736K(693248K)] 833426K->146490K(2091520K), 0.0074650 secs] [Times: user=0.06 sys=0.00, real=0.01 secs] 
2014-03-20T17:22:52.794-0500: 345.248: Total time for which application threads were stopped: 0.0085280 seconds
2014-03-20T17:22:53.161-0500: 345.615: [GC
Desired survivor size 6291456 bytes, new threshold 1 (max 15)
 [PSYoungGen: 691840K->4896K(693248K)] 833594K->146794K(2091520K), 0.0076170 secs] [Times: user=0.06 sys=0.01, real=0.01 secs] 
2014-03-20T17:22:53.169-0500: 345.623: Total time for which application threads were stopped: 0.0088210 seconds
2014-03-20T17:22:53.556-0500: 346.010: [GC
Desired survivor size 6815744 bytes, new threshold 1 (max 15)
 [PSYoungGen: 692000K->5024K(692224K)] 833898K->147058K(2090496K), 0.0079640 secs] [Times: user=0.07 sys=0.00, real=0.01 secs] 
2014-03-20T17:22:53.564-0500: 346.019: Total time for which application threads were stopped: 0.0090570 seconds
2014-03-20T17:22:53.917-0500: 346.372: [GC
Desired survivor size 6815744 bytes, new threshold 1 (max 15)
 [PSYoungGen: 692128K->5088K(692736K)] 834162K->147250K(2091008K), 0.0073100 secs] [Times: user=0.06 sys=0.01, real=0.00 secs] 
2014-03-20T17:22:53.925-0500: 346.380: Total time for which application threads were stopped: 0.0086210 seconds
2014-03-20T17:22:54.274-0500: 346.729: [GC
Desired survivor size 6815744 bytes, new threshold 1 (max 15)
 [PSYoungGen: 691168K->5280K(692736K)] 833330K->147578K(2091008K), 0.0077150 secs] [Times: user=0.06 sys=0.01, real=0.01 secs] 
2014-03-20T17:22:54.282-0500: 346.737: Total time for which application threads were stopped: 0.0088190 seconds
2014-03-20T17:22:54.662-0500: 347.117: [GC
Desired survivor size 7340032 bytes, new threshold 1 (max 15)
 [PSYoungGen: 691360K->5312K(691712K)] 833658K->147754K(2089984K), 0.0076280 secs] [Times: user=0.07 sys=0.01, real=0.01 secs] 
2014-03-20T17:22:54.670-0500: 347.124: Total time for which application threads were stopped: 0.0087760 seconds
2014-03-20T17:22:55.031-0500: 347.486: [GC
Desired survivor size 7340032 bytes, new threshold 1 (max 15)
 [PSYoungGen: 690368K->5440K(692224K)] 832810K->148026K(2090496K), 0.0074470 secs] [Times: user=0.06 sys=0.00, real=0.01 secs] 
2014-03-20T17:22:55.039-0500: 347.494: Total time for which application threads were stopped: 0.0084930 seconds
2014-03-20T17:22:55.397-0500: 347.852: [GC
Desired survivor size 7340032 bytes, new threshold 1 (max 15)
 [PSYoungGen: 690496K->5504K(692224K)] 833082K->148226K(2090496K), 0.0075520 secs] [Times: user=0.06 sys=0.00, real=0.00 secs] 
2014-03-20T17:22:55.405-0500: 347.859: Total time for which application threads were stopped: 0.0087280 seconds
2014-03-20T17:22:55.792-0500: 348.246: [GC
Desired survivor size 7864320 bytes, new threshold 1 (max 15)
 [PSYoungGen: 690560K->5664K(691200K)] 833282K->148522K(2089472K), 0.0075350 secs] [Times: user=0.06 sys=0.00, real=0.01 secs] 
2014-03-20T17:22:55.799-0500: 348.254: Total time for which application threads were stopped: 0.0085980 seconds
2014-03-20T17:22:56.172-0500: 348.626: [GC
Desired survivor size 7864320 bytes, new threshold 1 (max 15)
 [PSYoungGen: 690720K->5728K(691712K)] 833578K->148714K(2089984K), 0.0072910 secs] [Times: user=0.05 sys=0.00, real=0.01 secs] 
2014-03-20T17:22:56.179-0500: 348.634: Total time for which application threads were stopped: 0.0084900 seconds
2014-03-20T17:22:56.543-0500: 348.997: [GC
Desired survivor size 7864320 bytes, new threshold 1 (max 15)
 [PSYoungGen: 689760K->5728K(691712K)] 832746K->148850K(2089984K), 0.0073760 secs] [Times: user=0.06 sys=0.00, real=0.01 secs] 
2014-03-20T17:22:56.550-0500: 349.005: Total time for which application threads were stopped: 0.0085350 seconds
2014-03-20T17:22:56.916-0500: 349.371: [GC
Desired survivor size 7864320 bytes, new threshold 1 (max 15)
 [PSYoungGen: 689760K->5824K(691712K)] 832882K->149082K(2089984K), 0.0076780 secs] [Times: user=0.06 sys=0.00, real=0.01 secs] 
2014-03-20T17:22:56.924-0500: 349.379: Total time for which application threads were stopped: 0.0089330 seconds
2014-03-20T17:22:57.293-0500: 349.748: [GC
Desired survivor size 8388608 bytes, new threshold 1 (max 15)
 [PSYoungGen: 689856K->2080K(686592K)] 833114K->145450K(2084864K), 0.0075180 secs] [Times: user=0.06 sys=0.00, real=0.01 secs] 
2014-03-20T17:22:57.301-0500: 349.756: Total time for which application threads were stopped: 0.0084930 seconds
2014-03-20T17:22:57.666-0500: 350.120: [GC
Desired survivor size 8388608 bytes, new threshold 1 (max 15)
 [PSYoungGen: 686112K->2144K(691200K)] 829482K->145650K(2089472K), 0.0075830 secs] [Times: user=0.05 sys=0.00, real=0.01 secs] 
2014-03-20T17:22:57.673-0500: 350.128: Total time for which application threads were stopped: 0.0087320 seconds
2014-03-20T17:22:58.035-0500: 350.489: [GC
Desired survivor size 8388608 bytes, new threshold 1 (max 15)
 [PSYoungGen: 685152K->2208K(691200K)] 828658K->145826K(2089472K), 0.0077970 secs] [Times: user=0.06 sys=0.00, real=0.01 secs] 
2014-03-20T17:22:58.043-0500: 350.497: Total time for which application threads were stopped: 0.0088040 seconds
2014-03-20T17:22:58.387-0500: 350.842: [GC
Desired survivor size 8388608 bytes, new threshold 1 (max 15)
 [PSYoungGen: 685216K->2336K(691200K)] 828834K->146098K(2089472K), 0.0070730 secs] [Times: user=0.06 sys=0.00, real=0.00 secs] 
2014-03-20T17:22:58.394-0500: 350.849: Total time for which application threads were stopped: 0.0083350 seconds
2014-03-20T17:22:58.754-0500: 351.209: [GC
Desired survivor size 8388608 bytes, new threshold 1 (max 15)
 [PSYoungGen: 685344K->2272K(691200K)] 829106K->146170K(2089472K), 0.0070670 secs] [Times: user=0.06 sys=0.01, real=0.01 secs] 
2014-03-20T17:22:58.762-0500: 351.216: Total time for which application threads were stopped: 0.0080100 seconds
2014-03-20T17:22:59.129-0500: 351.584: [GC
Desired survivor size 7864320 bytes, new threshold 1 (max 15)
 [PSYoungGen: 685280K->2400K(691712K)] 829178K->146426K(2089984K), 0.0073250 secs] [Times: user=0.06 sys=0.01, real=0.00 secs] 
2014-03-20T17:22:59.136-0500: 351.591: Total time for which application threads were stopped: 0.0084060 seconds
2014-03-20T17:22:59.507-0500: 351.962: [GC
Desired survivor size 7864320 bytes, new threshold 1 (max 15)
 [PSYoungGen: 685920K->2464K(691200K)] 829946K->146626K(2089472K), 0.0096660 secs] [Times: user=0.06 sys=0.01, real=0.00 secs] 
2014-03-20T17:22:59.517-0500: 351.972: Total time for which application threads were stopped: 0.0107390 seconds
2014-03-20T17:22:59.888-0500: 352.343: [GC
Desired survivor size 7864320 bytes, new threshold 1 (max 15)
 [PSYoungGen: 685984K->2592K(691712K)] 830146K->146890K(2089984K), 0.0069600 secs] [Times: user=0.06 sys=0.00, real=0.00 secs] 
2014-03-20T17:22:59.895-0500: 352.350: Total time for which application threads were stopped: 0.0080870 seconds
2014-03-20T17:23:00.265-0500: 352.719: [GC
Desired survivor size 7340032 bytes, new threshold 1 (max 15)
 [PSYoungGen: 686624K->2592K(691712K)] 830922K->147026K(2089984K), 0.0068590 secs] [Times: user=0.06 sys=0.00, real=0.01 secs] 
2014-03-20T17:23:00.272-0500: 352.726: Total time for which application threads were stopped: 0.0079090 seconds
2014-03-20T17:23:00.639-0500: 353.094: [GC
Desired survivor size 7340032 bytes, new threshold 1 (max 15)
 [PSYoungGen: 686624K->2592K(692224K)] 831058K->147170K(2090496K), 0.0074600 secs] [Times: user=0.06 sys=0.01, real=0.00 secs] 
2014-03-20T17:23:00.647-0500: 353.101: Total time for which application threads were stopped: 0.0087830 seconds
2014-03-20T17:23:01.007-0500: 353.462: [GC
Desired survivor size 6815744 bytes, new threshold 1 (max 15)
 [PSYoungGen: 687648K->2720K(692224K)] 832226K->147434K(2090496K), 0.0069600 secs] [Times: user=0.06 sys=0.00, real=0.00 secs] 
2014-03-20T17:23:01.015-0500: 353.469: Total time for which application threads were stopped: 0.0080590 seconds
2014-03-20T17:23:01.371-0500: 353.825: [GC
Desired survivor size 6815744 bytes, new threshold 1 (max 15)
 [PSYoungGen: 687776K->2784K(692736K)] 832490K->147634K(2091008K), 0.0071750 secs] [Times: user=0.05 sys=0.00, real=0.01 secs] 
2014-03-20T17:23:01.378-0500: 353.833: Total time for which application threads were stopped: 0.0083540 seconds
2014-03-20T17:23:01.753-0500: 354.208: [GC
Desired survivor size 6291456 bytes, new threshold 1 (max 15)
 [PSYoungGen: 688864K->2912K(692736K)] 833714K->147882K(2091008K), 0.0068120 secs] [Times: user=0.06 sys=0.01, real=0.01 secs] 
2014-03-20T17:23:01.761-0500: 354.215: Total time for which application threads were stopped: 0.0079870 seconds
2014-03-20T17:23:02.123-0500: 354.577: [GC
Desired survivor size 6291456 bytes, new threshold 1 (max 15)
 [PSYoungGen: 688992K->3008K(693248K)] 833962K->148074K(2091520K), 0.0071650 secs] [Times: user=0.04 sys=0.00, real=0.01 secs] 
2014-03-20T17:23:02.130-0500: 354.585: Total time for which application threads were stopped: 0.0084210 seconds
2014-03-20T17:23:02.503-0500: 354.957: [GC
Desired survivor size 5767168 bytes, new threshold 1 (max 15)
 [PSYoungGen: 690112K->3040K(693248K)] 835178K->148242K(2091520K), 0.0068890 secs] [Times: user=0.06 sys=0.01, real=0.01 secs] 
2014-03-20T17:23:02.510-0500: 354.964: Total time for which application threads were stopped: 0.0077860 seconds
2014-03-20T17:23:02.876-0500: 355.331: [GC
Desired survivor size 5767168 bytes, new threshold 1 (max 15)
 [PSYoungGen: 690144K->3296K(693760K)] 835346K->148626K(2092032K), 0.0073580 secs] [Times: user=0.06 sys=0.00, real=0.01 secs] 
2014-03-20T17:23:02.884-0500: 355.339: Total time for which application threads were stopped: 0.0084670 seconds
2014-03-20T17:23:03.254-0500: 355.709: [GC
Desired survivor size 5767168 bytes, new threshold 1 (max 15)
 [PSYoungGen: 691424K->3360K(693760K)] 836754K->148826K(2092032K), 0.0071850 secs] [Times: user=0.06 sys=0.00, real=0.01 secs] 
2014-03-20T17:23:03.261-0500: 355.716: Total time for which application threads were stopped: 0.0082440 seconds
2014-03-20T17:23:03.646-0500: 356.101: [GC
Desired survivor size 5767168 bytes, new threshold 1 (max 15)
 [PSYoungGen: 691488K->3520K(693760K)] 836954K->149122K(2092032K), 0.0074220 secs] [Times: user=0.06 sys=0.00, real=0.01 secs] 
2014-03-20T17:23:03.654-0500: 356.109: Total time for which application threads were stopped: 0.0085730 seconds
2014-03-20T17:23:04.046-0500: 356.501: [GC
Desired survivor size 5242880 bytes, new threshold 1 (max 15)
 [PSYoungGen: 691648K->3616K(693760K)] 837250K->149354K(2092032K), 0.0073010 secs] [Times: user=0.05 sys=0.00, real=0.01 secs] 
2014-03-20T17:23:04.053-0500: 356.508: Total time for which application threads were stopped: 0.0082140 seconds
2014-03-20T17:23:04.453-0500: 356.907: [GC
Desired survivor size 5242880 bytes, new threshold 1 (max 15)
 [PSYoungGen: 691744K->3840K(694272K)] 837482K->149714K(2092544K), 0.0078270 secs] [Times: user=0.06 sys=0.00, real=0.01 secs] 
2014-03-20T17:23:04.461-0500: 356.915: Total time for which application threads were stopped: 0.0092410 seconds
2014-03-20T17:23:04.812-0500: 357.267: [GC
Desired survivor size 5767168 bytes, new threshold 1 (max 15)
 [PSYoungGen: 692992K->3936K(693248K)] 838866K->149946K(2091520K), 0.0073630 secs] [Times: user=0.06 sys=0.00, real=0.01 secs] 
2014-03-20T17:23:04.819-0500: 357.274: Total time for which application threads were stopped: 0.0084120 seconds
2014-03-20T17:23:05.173-0500: 357.628: [GC
Desired survivor size 5767168 bytes, new threshold 1 (max 15)
 [PSYoungGen: 693088K->4128K(693760K)] 839098K->150274K(2092032K), 0.0080410 secs] [Times: user=0.06 sys=0.01, real=0.01 secs] 
2014-03-20T17:23:05.181-0500: 357.636: Total time for which application threads were stopped: 0.0093000 seconds
2014-03-20T17:23:05.565-0500: 358.020: [GC
Desired survivor size 5767168 bytes, new threshold 1 (max 15)
 [PSYoungGen: 692256K->4224K(693760K)] 838402K->150514K(2092032K), 0.0074730 secs] [Times: user=0.06 sys=0.00, real=0.01 secs] 
2014-03-20T17:23:05.573-0500: 358.027: Total time for which application threads were stopped: 0.0084750 seconds
2014-03-20T17:23:05.935-0500: 358.390: [GC
Desired survivor size 5767168 bytes, new threshold 1 (max 15)
 [PSYoungGen: 692352K->4416K(693760K)] 838642K->150850K(2092032K), 0.0079500 secs] [Times: user=0.07 sys=0.01, real=0.01 secs] 
2014-03-20T17:23:05.943-0500: 358.398: Total time for which application threads were stopped: 0.0090860 seconds
2014-03-20T17:23:06.300-0500: 358.754: [GC
Desired survivor size 6291456 bytes, new threshold 1 (max 15)
 [PSYoungGen: 692544K->4480K(692736K)] 838978K->151042K(2091008K), 0.0078500 secs] [Times: user=0.07 sys=0.00, real=0.00 secs] 
2014-03-20T17:23:06.308-0500: 358.762: Total time for which application threads were stopped: 0.0087350 seconds
2014-03-20T17:23:06.663-0500: 359.118: [GC
Desired survivor size 6291456 bytes, new threshold 1 (max 15)
 [PSYoungGen: 692608K->4672K(693248K)] 839170K->151338K(2091520K), 0.0113790 secs] [Times: user=0.06 sys=0.00, real=0.01 secs] 
2014-03-20T17:23:06.675-0500: 359.129: Total time for which application threads were stopped: 0.0124690 seconds
2014-03-20T17:23:07.041-0500: 359.496: [GC
Desired survivor size 6291456 bytes, new threshold 1 (max 15)
 [PSYoungGen: 691776K->4736K(693248K)] 838442K->151482K(2091520K), 0.0089820 secs] [Times: user=0.06 sys=0.00, real=0.01 secs] 
2014-03-20T17:23:07.051-0500: 359.505: Total time for which application threads were stopped: 0.0099270 seconds
2014-03-20T17:23:07.401-0500: 359.856: [GC
Desired survivor size 6291456 bytes, new threshold 1 (max 15)
 [PSYoungGen: 691840K->4928K(693248K)] 838586K->151818K(2091520K), 0.0074070 secs] [Times: user=0.06 sys=0.00, real=0.01 secs] 
2014-03-20T17:23:07.409-0500: 359.863: Total time for which application threads were stopped: 0.0085260 seconds
2014-03-20T17:23:07.770-0500: 360.225: [GC
Desired survivor size 6815744 bytes, new threshold 1 (max 15)
 [PSYoungGen: 692032K->4992K(692224K)] 838922K->152018K(2090496K), 0.0073580 secs] [Times: user=0.06 sys=0.00, real=0.00 secs] 
2014-03-20T17:23:07.778-0500: 360.233: Total time for which application threads were stopped: 0.0083220 seconds
2014-03-20T17:23:08.154-0500: 360.609: [GC
Desired survivor size 6815744 bytes, new threshold 1 (max 15)
 [PSYoungGen: 692096K->5216K(692736K)] 839122K->152378K(2091008K), 0.0074220 secs] [Times: user=0.06 sys=0.01, real=0.01 secs] 
2014-03-20T17:23:08.162-0500: 360.617: Total time for which application threads were stopped: 0.0086440 seconds
2014-03-20T17:23:08.539-0500: 360.994: [GC
Desired survivor size 6815744 bytes, new threshold 1 (max 15)
 [PSYoungGen: 691296K->5280K(692736K)] 838458K->152578K(2091008K), 0.0075500 secs] [Times: user=0.06 sys=0.00, real=0.00 secs] 
2014-03-20T17:23:08.547-0500: 361.001: Total time for which application threads were stopped: 0.0088740 seconds
2014-03-20T17:23:08.899-0500: 361.354: [GC
Desired survivor size 7340032 bytes, new threshold 1 (max 15)
 [PSYoungGen: 691360K->5344K(691712K)] 838658K->152778K(2089984K), 0.0073460 secs] [Times: user=0.06 sys=0.00, real=0.00 secs] 
2014-03-20T17:23:08.907-0500: 361.362: Total time for which application threads were stopped: 0.0086900 seconds
2014-03-20T17:23:09.270-0500: 361.725: [GC
Desired survivor size 7340032 bytes, new threshold 1 (max 15)
 [PSYoungGen: 690400K->5408K(692224K)] 837834K->152970K(2090496K), 0.0077260 secs] [Times: user=0.07 sys=0.00, real=0.01 secs] 
2014-03-20T17:23:09.278-0500: 361.733: Total time for which application threads were stopped: 0.0087520 seconds
2014-03-20T17:23:09.658-0500: 362.113: [GC
Desired survivor size 7340032 bytes, new threshold 1 (max 15)
 [PSYoungGen: 690464K->5568K(692224K)] 838026K->153266K(2090496K), 0.0077350 secs] [Times: user=0.06 sys=0.00, real=0.01 secs] 
2014-03-20T17:23:09.666-0500: 362.121: Total time for which application threads were stopped: 0.0089600 seconds
2014-03-20T17:23:10.019-0500: 362.473: [GC
Desired survivor size 7864320 bytes, new threshold 1 (max 15)
 [PSYoungGen: 690624K->5632K(690688K)] 838322K->153474K(2088960K), 0.0072820 secs] [Times: user=0.05 sys=0.00, real=0.01 secs] 
2014-03-20T17:23:10.026-0500: 362.481: Total time for which application threads were stopped: 0.0083560 seconds
2014-03-20T17:23:10.378-0500: 362.833: [GC
Desired survivor size 7864320 bytes, new threshold 1 (max 15)
 [PSYoungGen: 690688K->5728K(691712K)] 838530K->153706K(2089984K), 0.0073890 secs] [Times: user=0.06 sys=0.00, real=0.01 secs] 
2014-03-20T17:23:10.386-0500: 362.840: Total time for which application threads were stopped: 0.0087520 seconds
2014-03-20T17:23:10.743-0500: 363.197: [GC
Desired survivor size 7864320 bytes, new threshold 1 (max 15)
 [PSYoungGen: 689760K->5792K(691712K)] 837738K->153898K(2089984K), 0.0075110 secs] [Times: user=0.07 sys=0.00, real=0.01 secs] 
2014-03-20T17:23:10.750-0500: 363.205: Total time for which application threads were stopped: 0.0085480 seconds
2014-03-20T17:23:11.113-0500: 363.568: [GC
Desired survivor size 7864320 bytes, new threshold 1 (max 15)
 [PSYoungGen: 689824K->5856K(691712K)] 837930K->154098K(2089984K), 0.0073050 secs] [Times: user=0.06 sys=0.00, real=0.01 secs] 
2014-03-20T17:23:11.121-0500: 363.575: Total time for which application threads were stopped: 0.0085200 seconds
2014-03-20T17:23:11.475-0500: 363.930: [GC
Desired survivor size 8388608 bytes, new threshold 1 (max 15)
 [PSYoungGen: 689888K->2112K(686592K)] 838130K->150482K(2084864K), 0.0080860 secs] [Times: user=0.06 sys=0.00, real=0.01 secs] 
2014-03-20T17:23:11.484-0500: 363.938: Total time for which application threads were stopped: 0.0091980 seconds
2014-03-20T17:23:11.850-0500: 364.305: [GC
Desired survivor size 8388608 bytes, new threshold 1 (max 15)
 [PSYoungGen: 686144K->2112K(691200K)] 834514K->150618K(2089472K), 0.0072350 secs] [Times: user=0.05 sys=0.00, real=0.00 secs] 
2014-03-20T17:23:11.858-0500: 364.312: Total time for which application threads were stopped: 0.0084400 seconds
2014-03-20T17:23:12.207-0500: 364.662: [GC
Desired survivor size 8388608 bytes, new threshold 1 (max 15)
 [PSYoungGen: 685120K->2176K(691200K)] 833626K->150802K(2089472K), 0.0077100 secs] [Times: user=0.06 sys=0.00, real=0.01 secs] 
2014-03-20T17:23:12.215-0500: 364.670: Total time for which application threads were stopped: 0.0086470 seconds
2014-03-20T17:23:12.576-0500: 365.031: [GC
Desired survivor size 8388608 bytes, new threshold 1 (max 15)
 [PSYoungGen: 685184K->2240K(691200K)] 833810K->151002K(2089472K), 0.0074070 secs] [Times: user=0.05 sys=0.00, real=0.01 secs] 
2014-03-20T17:23:12.584-0500: 365.038: Total time for which application threads were stopped: 0.0085360 seconds
2014-03-20T17:23:12.942-0500: 365.397: [GC
Desired survivor size 8388608 bytes, new threshold 1 (max 15)
 [PSYoungGen: 685248K->2336K(691200K)] 834010K->151234K(2089472K), 0.0072140 secs] [Times: user=0.06 sys=0.00, real=0.01 secs] 
2014-03-20T17:23:12.949-0500: 365.404: Total time for which application threads were stopped: 0.0082130 seconds
2014-03-20T17:23:13.313-0500: 365.767: [GC
Desired survivor size 7864320 bytes, new threshold 1 (max 15)
 [PSYoungGen: 685344K->2432K(691712K)] 834242K->151458K(2089984K), 0.0073870 secs] [Times: user=0.05 sys=0.00, real=0.01 secs] 
2014-03-20T17:23:13.320-0500: 365.775: Total time for which application threads were stopped: 0.0085590 seconds
2014-03-20T17:23:13.690-0500: 366.144: [GC
Desired survivor size 7864320 bytes, new threshold 1 (max 15)
 [PSYoungGen: 685952K->2432K(691200K)] 834978K->151562K(2089472K), 0.0069990 secs] [Times: user=0.05 sys=0.00, real=0.00 secs] 
2014-03-20T17:23:13.697-0500: 366.152: Total time for which application threads were stopped: 0.0080060 seconds
2014-03-20T17:23:14.066-0500: 366.521: [GC
Desired survivor size 7864320 bytes, new threshold 1 (max 15)
 [PSYoungGen: 685952K->2400K(691712K)] 835082K->151626K(2089984K), 0.0086830 secs] [Times: user=0.07 sys=0.00, real=0.01 secs] 
2014-03-20T17:23:14.075-0500: 366.529: Total time for which application threads were stopped: 0.0098000 seconds
2014-03-20T17:23:14.435-0500: 366.890: [GC
Desired survivor size 7340032 bytes, new threshold 1 (max 15)
 [PSYoungGen: 686432K->2560K(691712K)] 835658K->151914K(2089984K), 0.0072890 secs] [Times: user=0.06 sys=0.00, real=0.01 secs] 
2014-03-20T17:23:14.442-0500: 366.897: Total time for which application threads were stopped: 0.0082990 seconds
2014-03-20T17:23:14.801-0500: 367.256: [GC
Desired survivor size 7340032 bytes, new threshold 1 (max 15)
 [PSYoungGen: 686592K->2624K(692224K)] 835946K->152114K(2090496K), 0.0072600 secs] [Times: user=0.06 sys=0.00, real=0.00 secs] 
2014-03-20T17:23:14.809-0500: 367.263: Total time for which application threads were stopped: 0.0084830 seconds
2014-03-20T17:23:15.170-0500: 367.624: [GC
Desired survivor size 6815744 bytes, new threshold 1 (max 15)
 [PSYoungGen: 687680K->2656K(692224K)] 837170K->152266K(2090496K), 0.0072510 secs] [Times: user=0.06 sys=0.01, real=0.00 secs] 
2014-03-20T17:23:15.177-0500: 367.632: Total time for which application threads were stopped: 0.0082590 seconds
2014-03-20T17:23:15.552-0500: 368.007: [GC
Desired survivor size 6815744 bytes, new threshold 1 (max 15)
 [PSYoungGen: 687712K->2816K(692736K)] 837322K->152562K(2091008K), 0.0080360 secs] [Times: user=0.07 sys=0.00, real=0.01 secs] 
2014-03-20T17:23:15.560-0500: 368.015: Total time for which application threads were stopped: 0.0093070 seconds
2014-03-20T17:23:15.930-0500: 368.384: [GC
Desired survivor size 6291456 bytes, new threshold 1 (max 15)
 [PSYoungGen: 688896K->2880K(692736K)] 838642K->152730K(2091008K), 0.0072280 secs] [Times: user=0.04 sys=0.00, real=0.01 secs] 
2014-03-20T17:23:15.937-0500: 368.392: Total time for which application threads were stopped: 0.0082390 seconds
2014-03-20T17:23:16.289-0500: 368.743: [GC
Desired survivor size 6291456 bytes, new threshold 1 (max 15)
 [PSYoungGen: 688960K->3072K(693248K)] 838810K->153018K(2091520K), 0.0078840 secs] [Times: user=0.06 sys=0.00, real=0.01 secs] 
2014-03-20T17:23:16.297-0500: 368.752: Total time for which application threads were stopped: 0.0092440 seconds
2014-03-20T17:23:16.661-0500: 369.116: [GC
Desired survivor size 5767168 bytes, new threshold 1 (max 15)
 [PSYoungGen: 690176K->3168K(693248K)] 840122K->153194K(2091520K), 0.0081200 secs] [Times: user=0.05 sys=0.00, real=0.00 secs] 
2014-03-20T17:23:16.670-0500: 369.124: Total time for which application threads were stopped: 0.0089700 seconds
2014-03-20T17:23:17.058-0500: 369.513: [GC
Desired survivor size 5767168 bytes, new threshold 1 (max 15)
 [PSYoungGen: 690272K->3264K(693760K)] 840298K->153418K(2092032K), 0.0073570 secs] [Times: user=0.06 sys=0.00, real=0.01 secs] 
2014-03-20T17:23:17.066-0500: 369.520: Total time for which application threads were stopped: 0.0085290 seconds
2014-03-20T17:23:17.438-0500: 369.893: [GC
Desired survivor size 5767168 bytes, new threshold 1 (max 15)
 [PSYoungGen: 691392K->3360K(693760K)] 841546K->153602K(2092032K), 0.0082780 secs] [Times: user=0.06 sys=0.00, real=0.01 secs] 
2014-03-20T17:23:17.446-0500: 369.901: Total time for which application threads were stopped: 0.0092790 seconds
2014-03-20T17:23:17.818-0500: 370.273: [GC
Desired survivor size 5242880 bytes, new threshold 1 (max 15)
 [PSYoungGen: 691488K->3520K(694272K)] 841730K->153898K(2092544K), 0.0078910 secs] [Times: user=0.06 sys=0.00, real=0.01 secs] 
2014-03-20T17:23:17.826-0500: 370.281: Total time for which application threads were stopped: 0.0091430 seconds
2014-03-20T17:23:18.183-0500: 370.638: [GC
Desired survivor size 5242880 bytes, new threshold 1 (max 15)
 [PSYoungGen: 692160K->3648K(693760K)] 842538K->154162K(2092032K), 0.0074060 secs] [Times: user=0.06 sys=0.00, real=0.01 secs] 
2014-03-20T17:23:18.191-0500: 370.645: Total time for which application threads were stopped: 0.0084180 seconds
2014-03-20T17:23:18.546-0500: 371.001: [GC
Desired survivor size 5242880 bytes, new threshold 1 (max 15)
 [PSYoungGen: 692288K->3808K(694272K)] 842802K->154458K(2092544K), 0.0070490 secs] [Times: user=0.06 sys=0.00, real=0.01 secs] 
2014-03-20T17:23:18.554-0500: 371.008: Total time for which application threads were stopped: 0.0082490 seconds
2014-03-20T17:23:18.907-0500: 371.361: [GC
Desired survivor size 5767168 bytes, new threshold 1 (max 15)
 [PSYoungGen: 692960K->3936K(693248K)] 843610K->154730K(2091520K), 0.0070440 secs] [Times: user=0.06 sys=0.00, real=0.01 secs] 
2014-03-20T17:23:18.914-0500: 371.369: Total time for which application threads were stopped: 0.0081650 seconds
2014-03-20T17:23:19.276-0500: 371.731: [GC
Desired survivor size 5767168 bytes, new threshold 1 (max 15)
 [PSYoungGen: 693088K->4224K(693760K)] 843882K->155162K(2092032K), 0.0069580 secs] [Times: user=0.06 sys=0.00, real=0.01 secs] 
2014-03-20T17:23:19.283-0500: 371.738: Total time for which application threads were stopped: 0.0080780 seconds
2014-03-20T17:23:19.664-0500: 372.119: [GC
Desired survivor size 5767168 bytes, new threshold 1 (max 15)
 [PSYoungGen: 692352K->4288K(693760K)] 843290K->155370K(2092032K), 0.0075170 secs] [Times: user=0.07 sys=0.00, real=0.01 secs] 
2014-03-20T17:23:19.672-0500: 372.127: Total time for which application threads were stopped: 0.0086180 seconds
2014-03-20T17:23:20.047-0500: 372.502: [GC
Desired survivor size 5767168 bytes, new threshold 1 (max 15)
 [PSYoungGen: 692416K->4416K(693760K)] 843498K->155570K(2092032K), 0.0089340 secs] [Times: user=0.04 sys=0.00, real=0.01 secs] 
2014-03-20T17:23:20.056-0500: 372.511: Total time for which application threads were stopped: 0.0100570 seconds
2014-03-20T17:23:20.422-0500: 372.877: [GC
Desired survivor size 6291456 bytes, new threshold 1 (max 15)
 [PSYoungGen: 692544K->4576K(692736K)] 843698K->155866K(2091008K), 0.0069910 secs] [Times: user=0.05 sys=0.00, real=0.00 secs] 
2014-03-20T17:23:20.429-0500: 372.884: Total time for which application threads were stopped: 0.0081220 seconds
2014-03-20T17:23:20.788-0500: 373.242: [GC
Desired survivor size 6291456 bytes, new threshold 1 (max 15)
 [PSYoungGen: 692704K->4768K(693248K)] 843994K->156178K(2091520K), 0.0072010 secs] [Times: user=0.06 sys=0.00, real=0.01 secs] 
2014-03-20T17:23:20.795-0500: 373.250: Total time for which application threads were stopped: 0.0083120 seconds
2014-03-20T17:23:21.164-0500: 373.619: [GC
Desired survivor size 6291456 bytes, new threshold 1 (max 15)
 [PSYoungGen: 691872K->4832K(693248K)] 843282K->156378K(2091520K), 0.0074200 secs] [Times: user=0.07 sys=0.00, real=0.01 secs] 
2014-03-20T17:23:21.172-0500: 373.627: Total time for which application threads were stopped: 0.0083670 seconds
2014-03-20T17:23:21.546-0500: 374.001: [GC
Desired survivor size 6815744 bytes, new threshold 1 (max 15)
 [PSYoungGen: 691936K->4928K(692224K)] 843482K->156618K(2090496K), 0.0070710 secs] [Times: user=0.05 sys=0.01, real=0.01 secs] 
2014-03-20T17:23:21.553-0500: 374.008: Total time for which application threads were stopped: 0.0082590 seconds
2014-03-20T17:23:21.912-0500: 374.366: [GC
Desired survivor size 6815744 bytes, new threshold 1 (max 15)
 [PSYoungGen: 691008K->5120K(692736K)] 842698K->156874K(2091008K), 0.0098130 secs] [Times: user=0.06 sys=0.00, real=0.01 secs] 
2014-03-20T17:23:21.922-0500: 374.376: Total time for which application threads were stopped: 0.0108120 seconds
2014-03-20T17:23:22.282-0500: 374.737: [GC
Desired survivor size 6815744 bytes, new threshold 1 (max 15)
 [PSYoungGen: 691200K->5184K(692736K)] 842954K->157066K(2091008K), 0.0081490 secs] [Times: user=0.07 sys=0.00, real=0.01 secs] 
2014-03-20T17:23:22.291-0500: 374.745: Total time for which application threads were stopped: 0.0094300 seconds
2014-03-20T17:23:22.652-0500: 375.107: [GC
Desired survivor size 7340032 bytes, new threshold 1 (max 15)
 [PSYoungGen: 691264K->5280K(691712K)] 843146K->157290K(2089984K), 0.0068800 secs] [Times: user=0.06 sys=0.00, real=0.00 secs] 
2014-03-20T17:23:22.659-0500: 375.114: Total time for which application threads were stopped: 0.0078910 seconds
2014-03-20T17:23:23.017-0500: 375.471: [GC
Desired survivor size 7340032 bytes, new threshold 1 (max 15)
 [PSYoungGen: 691360K->5312K(692224K)] 843370K->157458K(2090496K), 0.0074980 secs] [Times: user=0.07 sys=0.00, real=0.01 secs] 
2014-03-20T17:23:23.024-0500: 375.479: Total time for which application threads were stopped: 0.0085820 seconds
2014-03-20T17:23:23.382-0500: 375.836: [GC
Desired survivor size 7340032 bytes, new threshold 1 (max 15)
 [PSYoungGen: 690368K->5408K(692224K)] 842514K->157690K(2090496K), 0.0072760 secs] [Times: user=0.06 sys=0.00, real=0.00 secs] 
2014-03-20T17:23:23.389-0500: 375.844: Total time for which application threads were stopped: 0.0084280 seconds
2014-03-20T17:23:23.764-0500: 376.218: [GC
Desired survivor size 7340032 bytes, new threshold 1 (max 15)
 [PSYoungGen: 690464K->5504K(692224K)] 842746K->157922K(2090496K), 0.0070980 secs] [Times: user=0.06 sys=0.00, real=0.00 secs] 
2014-03-20T17:23:23.771-0500: 376.226: Total time for which application threads were stopped: 0.0083470 seconds
2014-03-20T17:23:24.149-0500: 376.603: [GC
Desired survivor size 7340032 bytes, new threshold 1 (max 15)
 [PSYoungGen: 690560K->5536K(692224K)] 842978K->158098K(2090496K), 0.0070630 secs] [Times: user=0.06 sys=0.00, real=0.01 secs] 
2014-03-20T17:23:24.156-0500: 376.611: Total time for which application threads were stopped: 0.0080960 seconds
2014-03-20T17:23:24.503-0500: 376.958: [GC
Desired survivor size 7864320 bytes, new threshold 1 (max 15)
 [PSYoungGen: 690592K->5696K(691200K)] 843154K->158394K(2089472K), 0.0070290 secs] [Times: user=0.06 sys=0.00, real=0.00 secs] 
2014-03-20T17:23:24.510-0500: 376.965: Total time for which application threads were stopped: 0.0081940 seconds
2014-03-20T17:23:24.865-0500: 377.320: [GC
Desired survivor size 7864320 bytes, new threshold 1 (max 15)
 [PSYoungGen: 689728K->5760K(691712K)] 842426K->158594K(2089984K), 0.0079160 secs] [Times: user=0.06 sys=0.00, real=0.01 secs] 
2014-03-20T17:23:24.874-0500: 377.328: Total time for which application threads were stopped: 0.0091640 seconds
2014-03-20T17:23:25.259-0500: 377.714: [GC
Desired survivor size 7864320 bytes, new threshold 1 (max 15)
 [PSYoungGen: 689792K->5760K(691712K)] 842626K->158738K(2089984K), 0.0070370 secs] [Times: user=0.06 sys=0.00, real=0.01 secs] 
2014-03-20T17:23:25.266-0500: 377.721: Total time for which application threads were stopped: 0.0081050 seconds
2014-03-20T17:23:25.644-0500: 378.098: [GC
Desired survivor size 8388608 bytes, new threshold 1 (max 15)
 [PSYoungGen: 689792K->2112K(686592K)] 842770K->155218K(2084864K), 0.0072470 secs] [Times: user=0.06 sys=0.00, real=0.00 secs] 
2014-03-20T17:23:25.651-0500: 378.106: Total time for which application threads were stopped: 0.0082670 seconds
2014-03-20T17:23:25.989-0500: 378.444: [GC
Desired survivor size 8388608 bytes, new threshold 1 (max 15)
 [PSYoungGen: 686144K->2144K(691200K)] 839250K->155394K(2089472K), 0.0069820 secs] [Times: user=0.05 sys=0.00, real=0.01 secs] 
2014-03-20T17:23:25.996-0500: 378.451: Total time for which application threads were stopped: 0.0083350 seconds
2014-03-20T17:23:26.354-0500: 378.809: [GC
Desired survivor size 8388608 bytes, new threshold 1 (max 15)
 [PSYoungGen: 685152K->2176K(691200K)] 838402K->155562K(2089472K), 0.0070530 secs] [Times: user=0.05 sys=0.00, real=0.01 secs] 
2014-03-20T17:23:26.361-0500: 378.816: Total time for which application threads were stopped: 0.0079180 seconds
2014-03-20T17:23:26.761-0500: 379.216: [GC
Desired survivor size 8388608 bytes, new threshold 1 (max 15)
 [PSYoungGen: 685184K->2240K(691200K)] 838570K->155762K(2089472K), 0.0079090 secs] [Times: user=0.06 sys=0.00, real=0.00 secs] 
2014-03-20T17:23:26.769-0500: 379.224: Total time for which application threads were stopped: 0.0090140 seconds
2014-03-20T17:23:27.118-0500: 379.572: [GC
Desired survivor size 8388608 bytes, new threshold 1 (max 15)
 [PSYoungGen: 685248K->2304K(691200K)] 838770K->155962K(2089472K), 0.0077650 secs] [Times: user=0.06 sys=0.00, real=0.01 secs] 
2014-03-20T17:23:27.126-0500: 379.580: Total time for which application threads were stopped: 0.0087300 seconds
2014-03-20T17:23:27.461-0500: 379.916: [GC
Desired survivor size 7864320 bytes, new threshold 1 (max 15)
 [PSYoungGen: 685312K->2336K(691712K)] 838970K->156122K(2089984K), 0.0076120 secs] [Times: user=0.06 sys=0.00, real=0.00 secs] 
2014-03-20T17:23:27.469-0500: 379.924: Total time for which application threads were stopped: 0.0088500 seconds
2014-03-20T17:23:27.846-0500: 380.300: [GC
Desired survivor size 7864320 bytes, new threshold 1 (max 15)
 [PSYoungGen: 685856K->2464K(691200K)] 839642K->156386K(2089472K), 0.0072310 secs] [Times: user=0.05 sys=0.00, real=0.01 secs] 
2014-03-20T17:23:27.853-0500: 380.308: Total time for which application threads were stopped: 0.0081450 seconds
2014-03-20T17:23:28.207-0500: 380.662: [GC
Desired survivor size 7864320 bytes, new threshold 1 (max 15)
 [PSYoungGen: 685984K->2432K(691712K)] 839906K->156490K(2089984K), 0.0071110 secs] [Times: user=0.06 sys=0.01, real=0.01 secs] 
2014-03-20T17:23:28.214-0500: 380.669: Total time for which application threads were stopped: 0.0082280 seconds
2014-03-20T17:23:28.574-0500: 381.029: [GC
Desired survivor size 7340032 bytes, new threshold 1 (max 15)
 [PSYoungGen: 686464K->2528K(691712K)] 840522K->156714K(2089984K), 0.0075100 secs] [Times: user=0.06 sys=0.00, real=0.01 secs] 
2014-03-20T17:23:28.582-0500: 381.037: Total time for which application threads were stopped: 0.0085040 seconds
2014-03-20T17:23:28.896-0500: 381.350: [GC
Desired survivor size 7340032 bytes, new threshold 1 (max 15)
 [PSYoungGen: 686560K->2592K(692224K)] 840746K->156906K(2090496K), 0.0075740 secs] [Times: user=0.07 sys=0.00, real=0.01 secs] 
2014-03-20T17:23:28.903-0500: 381.358: Total time for which application threads were stopped: 0.0087820 seconds
2014-03-20T17:23:29.220-0500: 381.675: [GC
Desired survivor size 6815744 bytes, new threshold 1 (max 15)
 [PSYoungGen: 687648K->2688K(692224K)] 841962K->157090K(2090496K), 0.0089690 secs] [Times: user=0.05 sys=0.00, real=0.01 secs] 
2014-03-20T17:23:29.229-0500: 381.684: Total time for which application threads were stopped: 0.0101800 seconds
2014-03-20T17:23:29.590-0500: 382.045: [GC
Desired survivor size 6815744 bytes, new threshold 1 (max 15)
 [PSYoungGen: 687744K->2784K(692736K)] 842146K->157282K(2091008K), 0.0074780 secs] [Times: user=0.05 sys=0.00, real=0.01 secs] 
2014-03-20T17:23:29.598-0500: 382.053: Total time for which application threads were stopped: 0.0085930 seconds
2014-03-20T17:23:30.004-0500: 382.458: [GC
Desired survivor size 6291456 bytes, new threshold 1 (max 15)
 [PSYoungGen: 688864K->2944K(692736K)] 843362K->157578K(2091008K), 0.0077240 secs] [Times: user=0.07 sys=0.00, real=0.00 secs] 
2014-03-20T17:23:30.012-0500: 382.466: Total time for which application threads were stopped: 0.0087600 seconds
2014-03-20T17:23:30.390-0500: 382.845: [GC
Desired survivor size 6291456 bytes, new threshold 1 (max 15)
 [PSYoungGen: 689024K->2976K(693248K)] 843658K->157738K(2091520K), 0.0076620 secs] [Times: user=0.06 sys=0.01, real=0.01 secs] 
2014-03-20T17:23:30.398-0500: 382.853: Total time for which application threads were stopped: 0.0088130 seconds
2014-03-20T17:23:30.773-0500: 383.228: [GC
Desired survivor size 5767168 bytes, new threshold 1 (max 15)
 [PSYoungGen: 690080K->3072K(693248K)] 844842K->157970K(2091520K), 0.0064770 secs] [Times: user=0.05 sys=0.00, real=0.00 secs] 
2014-03-20T17:23:30.780-0500: 383.235: Total time for which application threads were stopped: 0.0073990 seconds
2014-03-20T17:23:31.043-0500: 383.498: Total time for which application threads were stopped: 0.0009350 seconds
2014-03-20T17:23:31.190-0500: 383.644: [GC
Desired survivor size 5767168 bytes, new threshold 1 (max 15)
 [PSYoungGen: 690176K->3232K(693760K)] 845074K->158266K(2092032K), 0.0073890 secs] [Times: user=0.07 sys=0.00, real=0.01 secs] 
2014-03-20T17:23:31.197-0500: 383.652: Total time for which application threads were stopped: 0.0087030 seconds
2014-03-20T17:23:31.616-0500: 384.071: [GC
Desired survivor size 5767168 bytes, new threshold 1 (max 15)
 [PSYoungGen: 691360K->3360K(693760K)] 846394K->158522K(2092032K), 0.0076140 secs] [Times: user=0.05 sys=0.00, real=0.01 secs] 
2014-03-20T17:23:31.624-0500: 384.078: Total time for which application threads were stopped: 0.0086570 seconds
2014-03-20T17:23:32.016-0500: 384.470: [GC
Desired survivor size 5242880 bytes, new threshold 1 (max 15)
 [PSYoungGen: 691488K->3488K(694272K)] 846650K->158786K(2092544K), 0.0069520 secs] [Times: user=0.05 sys=0.00, real=0.01 secs] 
2014-03-20T17:23:32.023-0500: 384.477: Total time for which application threads were stopped: 0.0079860 seconds
2014-03-20T17:23:32.415-0500: 384.869: [GC
Desired survivor size 5242880 bytes, new threshold 1 (max 15)
 [PSYoungGen: 692128K->3712K(693760K)] 847426K->159154K(2092032K), 0.0071920 secs] [Times: user=0.06 sys=0.00, real=0.01 secs] 
2014-03-20T17:23:32.422-0500: 384.877: Total time for which application threads were stopped: 0.0084880 seconds
2014-03-20T17:23:32.803-0500: 385.257: [GC
Desired survivor size 5767168 bytes, new threshold 1 (max 15)
 [PSYoungGen: 692352K->3936K(693248K)] 847794K->159514K(2091520K), 0.0070800 secs] [Times: user=0.06 sys=0.00, real=0.00 secs] 
2014-03-20T17:23:32.810-0500: 385.264: Total time for which application threads were stopped: 0.0080530 seconds
2014-03-20T17:23:33.179-0500: 385.634: [GC
Desired survivor size 5767168 bytes, new threshold 1 (max 15)
 [PSYoungGen: 692064K->3936K(693760K)] 847642K->159650K(2092032K), 0.0071230 secs] [Times: user=0.06 sys=0.00, real=0.01 secs] 
2014-03-20T17:23:33.187-0500: 385.641: Total time for which application threads were stopped: 0.0082400 seconds
2014-03-20T17:23:33.565-0500: 386.020: [GC
Desired survivor size 5767168 bytes, new threshold 1 (max 15)
 [PSYoungGen: 692064K->4096K(693760K)] 847778K->159946K(2092032K), 0.0069920 secs] [Times: user=0.05 sys=0.00, real=0.01 secs] 
2014-03-20T17:23:33.573-0500: 386.027: Total time for which application threads were stopped: 0.0080030 seconds
2014-03-20T17:23:33.967-0500: 386.422: [GC
Desired survivor size 5767168 bytes, new threshold 1 (max 15)
 [PSYoungGen: 692224K->4224K(693760K)] 848074K->160210K(2092032K), 0.0068650 secs] [Times: user=0.06 sys=0.01, real=0.01 secs] 
2014-03-20T17:23:33.974-0500: 386.429: Total time for which application threads were stopped: 0.0081250 seconds
2014-03-20T17:23:34.360-0500: 386.814: [GC
Desired survivor size 5767168 bytes, new threshold 1 (max 15)
 [PSYoungGen: 692352K->4384K(693760K)] 848338K->160506K(2092032K), 0.0069040 secs] [Times: user=0.05 sys=0.00, real=0.01 secs] 
2014-03-20T17:23:34.367-0500: 386.822: Total time for which application threads were stopped: 0.0079510 seconds
2014-03-20T17:23:34.743-0500: 387.198: [GC
Desired survivor size 6291456 bytes, new threshold 1 (max 15)
 [PSYoungGen: 692512K->4544K(692736K)] 848634K->160746K(2091008K), 0.0084210 secs] [Times: user=0.06 sys=0.00, real=0.00 secs] 
2014-03-20T17:23:34.752-0500: 387.206: Total time for which application threads were stopped: 0.0095040 seconds
2014-03-20T17:23:35.104-0500: 387.558: [GC
Desired survivor size 6291456 bytes, new threshold 1 (max 15)
 [PSYoungGen: 692672K->4704K(693248K)] 848874K->161050K(2091520K), 0.0072250 secs] [Times: user=0.06 sys=0.00, real=0.00 secs] 
2014-03-20T17:23:35.111-0500: 387.566: Total time for which application threads were stopped: 0.0082160 seconds
2014-03-20T17:23:35.477-0500: 387.931: [GC
Desired survivor size 6291456 bytes, new threshold 1 (max 15)
 [PSYoungGen: 691808K->4768K(693248K)] 848154K->161162K(2091520K), 0.0115400 secs] [Times: user=0.07 sys=0.00, real=0.01 secs] 
2014-03-20T17:23:35.488-0500: 387.943: Total time for which application threads were stopped: 0.0127100 seconds
2014-03-20T17:23:35.902-0500: 388.357: [GC
Desired survivor size 6291456 bytes, new threshold 1 (max 15)
 [PSYoungGen: 691872K->4832K(693248K)] 848266K->161354K(2091520K), 0.0074610 secs] [Times: user=0.07 sys=0.00, real=0.01 secs] 
2014-03-20T17:23:35.910-0500: 388.365: Total time for which application threads were stopped: 0.0083990 seconds
2014-03-20T17:23:36.296-0500: 388.751: [GC
Desired survivor size 6815744 bytes, new threshold 1 (max 15)
 [PSYoungGen: 691936K->5024K(692224K)] 848458K->161674K(2090496K), 0.0071410 secs] [Times: user=0.06 sys=0.00, real=0.01 secs] 
2014-03-20T17:23:36.304-0500: 388.758: Total time for which application threads were stopped: 0.0082360 seconds
2014-03-20T17:23:36.682-0500: 389.137: [GC
Desired survivor size 6815744 bytes, new threshold 1 (max 15)
 [PSYoungGen: 692128K->5184K(692736K)] 848778K->161970K(2091008K), 0.0077200 secs] [Times: user=0.07 sys=0.00, real=0.01 secs] 
2014-03-20T17:23:36.690-0500: 389.145: Total time for which application threads were stopped: 0.0087280 seconds
2014-03-20T17:23:37.063-0500: 389.518: [GC
Desired survivor size 6815744 bytes, new threshold 1 (max 15)
 [PSYoungGen: 691264K->5216K(692736K)] 848050K->162138K(2091008K), 0.0076560 secs] [Times: user=0.07 sys=0.00, real=0.01 secs] 
2014-03-20T17:23:37.071-0500: 389.526: Total time for which application threads were stopped: 0.0088160 seconds
2014-03-20T17:23:37.446-0500: 389.900: [GC
Desired survivor size 7340032 bytes, new threshold 1 (max 15)
 [PSYoungGen: 691296K->5376K(691712K)] 848218K->162434K(2089984K), 0.0073260 secs] [Times: user=0.07 sys=0.00, real=0.00 secs] 
2014-03-20T17:23:37.453-0500: 389.908: Total time for which application threads were stopped: 0.0082670 seconds
2014-03-20T17:23:37.852-0500: 390.306: [GC
Desired survivor size 7340032 bytes, new threshold 1 (max 15)
 [PSYoungGen: 690432K->5408K(692224K)] 847490K->162602K(2090496K), 0.0071610 secs] [Times: user=0.06 sys=0.00, real=0.01 secs] 
2014-03-20T17:23:37.859-0500: 390.314: Total time for which application threads were stopped: 0.0083130 seconds
2014-03-20T17:23:38.225-0500: 390.680: [GC
Desired survivor size 7340032 bytes, new threshold 1 (max 15)
 [PSYoungGen: 690464K->5536K(692224K)] 847658K->162866K(2090496K), 0.0079540 secs] [Times: user=0.07 sys=0.00, real=0.01 secs] 
2014-03-20T17:23:38.233-0500: 390.688: Total time for which application threads were stopped: 0.0090320 seconds
2014-03-20T17:23:38.618-0500: 391.073: [GC
Desired survivor size 7340032 bytes, new threshold 1 (max 15)
 [PSYoungGen: 690592K->5568K(692224K)] 847922K->163034K(2090496K), 0.0071850 secs] [Times: user=0.06 sys=0.00, real=0.01 secs] 
2014-03-20T17:23:38.626-0500: 391.080: Total time for which application threads were stopped: 0.0082740 seconds
2014-03-20T17:23:38.969-0500: 391.424: Total time for which application threads were stopped: 0.0005530 seconds
2014-03-20T17:23:39.022-0500: 391.477: [GC
Desired survivor size 7864320 bytes, new threshold 1 (max 15)
 [PSYoungGen: 690624K->5760K(691200K)] 848090K->163346K(2089472K), 0.0069020 secs] [Times: user=0.06 sys=0.01, real=0.01 secs] 
2014-03-20T17:23:39.029-0500: 391.484: Total time for which application threads were stopped: 0.0080540 seconds
2014-03-20T17:23:39.381-0500: 391.836: [GC
Desired survivor size 7864320 bytes, new threshold 1 (max 15)
 [PSYoungGen: 689792K->5760K(691712K)] 847378K->163482K(2089984K), 0.0073800 secs] [Times: user=0.06 sys=0.00, real=0.01 secs] 
2014-03-20T17:23:39.389-0500: 391.844: Total time for which application threads were stopped: 0.0085870 seconds
2014-03-20T17:23:39.771-0500: 392.226: [GC
Desired survivor size 7864320 bytes, new threshold 1 (max 15)
 [PSYoungGen: 689792K->5856K(691712K)] 847514K->163722K(2089984K), 0.0072210 secs] [Times: user=0.06 sys=0.00, real=0.01 secs] 
2014-03-20T17:23:39.778-0500: 392.233: Total time for which application threads were stopped: 0.0084410 seconds
2014-03-20T17:23:40.149-0500: 392.604: [GC
Desired survivor size 8388608 bytes, new threshold 1 (max 15)
 [PSYoungGen: 689888K->1984K(686080K)] 847754K->159986K(2084352K), 0.0068040 secs] [Times: user=0.06 sys=0.00, real=0.01 secs] 
2014-03-20T17:23:40.156-0500: 392.611: Total time for which application threads were stopped: 0.0080340 seconds
2014-03-20T17:23:40.527-0500: 392.982: [GC
Desired survivor size 8388608 bytes, new threshold 1 (max 15)
 [PSYoungGen: 686016K->2080K(691200K)] 844018K->160218K(2089472K), 0.0070260 secs] [Times: user=0.06 sys=0.00, real=0.01 secs] 
2014-03-20T17:23:40.534-0500: 392.989: Total time for which application threads were stopped: 0.0082680 seconds
2014-03-20T17:23:40.905-0500: 393.360: [GC
Desired survivor size 8388608 bytes, new threshold 1 (max 15)
 [PSYoungGen: 685088K->2208K(691200K)] 843226K->160482K(2089472K), 0.0065670 secs] [Times: user=0.05 sys=0.01, real=0.00 secs] 
2014-03-20T17:23:40.912-0500: 393.367: Total time for which application threads were stopped: 0.0076640 seconds
2014-03-20T17:23:41.273-0500: 393.728: [GC
Desired survivor size 8388608 bytes, new threshold 1 (max 15)
 [PSYoungGen: 685216K->2336K(691200K)] 843490K->160738K(2089472K), 0.0068470 secs] [Times: user=0.05 sys=0.00, real=0.00 secs] 
2014-03-20T17:23:41.280-0500: 393.735: Total time for which application threads were stopped: 0.0077990 seconds
2014-03-20T17:23:41.642-0500: 394.097: [GC
Desired survivor size 8388608 bytes, new threshold 1 (max 15)
 [PSYoungGen: 685344K->2304K(691200K)] 843746K->160850K(2089472K), 0.0064880 secs] [Times: user=0.05 sys=0.01, real=0.01 secs] 
2014-03-20T17:23:41.649-0500: 394.103: Total time for which application threads were stopped: 0.0076160 seconds
2014-03-20T17:23:42.016-0500: 394.471: [GC
Desired survivor size 7864320 bytes, new threshold 1 (max 15)
 [PSYoungGen: 685312K->2304K(691712K)] 843858K->160970K(2089984K), 0.0073080 secs] [Times: user=0.06 sys=0.00, real=0.01 secs] 
2014-03-20T17:23:42.023-0500: 394.478: Total time for which application threads were stopped: 0.0081740 seconds
2014-03-20T17:23:42.414-0500: 394.869: [GC
Desired survivor size 7864320 bytes, new threshold 1 (max 15)
 [PSYoungGen: 685824K->2432K(691200K)] 844490K->161186K(2089472K), 0.0086130 secs] [Times: user=0.07 sys=0.00, real=0.01 secs] 
2014-03-20T17:23:42.423-0500: 394.877: Total time for which application threads were stopped: 0.0097070 seconds
2014-03-20T17:23:42.806-0500: 395.261: [GC
Desired survivor size 7864320 bytes, new threshold 1 (max 15)
 [PSYoungGen: 685952K->2528K(691712K)] 844706K->161418K(2089984K), 0.0068840 secs] [Times: user=0.06 sys=0.00, real=0.00 secs] 
2014-03-20T17:23:42.813-0500: 395.268: Total time for which application threads were stopped: 0.0078990 seconds
2014-03-20T17:23:43.164-0500: 395.619: [GC
Desired survivor size 7340032 bytes, new threshold 1 (max 15)
 [PSYoungGen: 686560K->2592K(691712K)] 845450K->161602K(2089984K), 0.0077270 secs] [Times: user=0.06 sys=0.00, real=0.01 secs] 
2014-03-20T17:23:43.172-0500: 395.627: Total time for which application threads were stopped: 0.0088170 seconds
2014-03-20T17:23:43.522-0500: 395.976: [GC
Desired survivor size 7340032 bytes, new threshold 1 (max 15)
 [PSYoungGen: 686624K->2560K(692224K)] 845634K->161698K(2090496K), 0.0078090 secs] [Times: user=0.07 sys=0.00, real=0.01 secs] 
2014-03-20T17:23:43.530-0500: 395.985: Total time for which application threads were stopped: 0.0088380 seconds
2014-03-20T17:23:43.913-0500: 396.368: [GC
Desired survivor size 6815744 bytes, new threshold 1 (max 15)
 [PSYoungGen: 687616K->2688K(692224K)] 846754K->161962K(2090496K), 0.0068640 secs] [Times: user=0.05 sys=0.00, real=0.01 secs] 
2014-03-20T17:23:43.920-0500: 396.375: Total time for which application threads were stopped: 0.0079320 seconds
2014-03-20T17:23:44.292-0500: 396.747: [GC
Desired survivor size 6815744 bytes, new threshold 1 (max 15)
 [PSYoungGen: 687744K->2848K(692736K)] 847018K->162266K(2091008K), 0.0085580 secs] [Times: user=0.06 sys=0.00, real=0.01 secs] 
2014-03-20T17:23:44.301-0500: 396.756: Total time for which application threads were stopped: 0.0096360 seconds
2014-03-20T17:23:44.649-0500: 397.104: [GC
Desired survivor size 6291456 bytes, new threshold 1 (max 15)
 [PSYoungGen: 688928K->2912K(692736K)] 848346K->162474K(2091008K), 0.0075530 secs] [Times: user=0.07 sys=0.00, real=0.01 secs] 
2014-03-20T17:23:44.657-0500: 397.111: Total time for which application threads were stopped: 0.0087750 seconds
2014-03-20T17:23:45.017-0500: 397.472: [GC
Desired survivor size 6291456 bytes, new threshold 1 (max 15)
 [PSYoungGen: 688992K->3008K(693248K)] 848554K->162714K(2091520K), 0.0066970 secs] [Times: user=0.05 sys=0.00, real=0.00 secs] 
2014-03-20T17:23:45.024-0500: 397.478: Total time for which application threads were stopped: 0.0076530 seconds
2014-03-20T17:23:45.514-0500: 397.968: [GC
Desired survivor size 5767168 bytes, new threshold 1 (max 15)
 [PSYoungGen: 690112K->2880K(693248K)] 849818K->162626K(2091520K), 0.0109440 secs] [Times: user=0.04 sys=0.00, real=0.02 secs] 
2014-03-20T17:23:45.525-0500: 397.980: Total time for which application threads were stopped: 0.0121890 seconds
2014-03-20T17:23:45.890-0500: 398.345: [GC
Desired survivor size 5767168 bytes, new threshold 1 (max 15)
 [PSYoungGen: 689984K->3296K(693760K)] 849730K->163178K(2092032K), 0.0076030 secs] [Times: user=0.06 sys=0.00, real=0.01 secs] 
2014-03-20T17:23:45.898-0500: 398.352: Total time for which application threads were stopped: 0.0087510 seconds
2014-03-20T17:23:46.251-0500: 398.706: [GC
Desired survivor size 5767168 bytes, new threshold 1 (max 15)
 [PSYoungGen: 691424K->3424K(693760K)] 851306K->163434K(2092032K), 0.0072350 secs] [Times: user=0.06 sys=0.01, real=0.01 secs] 
2014-03-20T17:23:46.258-0500: 398.713: Total time for which application threads were stopped: 0.0083720 seconds
2014-03-20T17:23:46.661-0500: 399.115: [GC
Desired survivor size 5767168 bytes, new threshold 1 (max 15)
 [PSYoungGen: 691552K->3488K(693760K)] 851562K->163642K(2092032K), 0.0072490 secs] [Times: user=0.07 sys=0.00, real=0.01 secs] 
2014-03-20T17:23:46.668-0500: 399.123: Total time for which application threads were stopped: 0.0081100 seconds
2014-03-20T17:23:47.056-0500: 399.511: [GC
Desired survivor size 5242880 bytes, new threshold 1 (max 15)
 [PSYoungGen: 691616K->3552K(693760K)] 851770K->163842K(2092032K), 0.0070830 secs] [Times: user=0.06 sys=0.00, real=0.00 secs] 
2014-03-20T17:23:47.064-0500: 399.518: Total time for which application threads were stopped: 0.0081040 seconds
2014-03-20T17:23:47.424-0500: 399.878: [GC
Desired survivor size 5767168 bytes, new threshold 1 (max 15)
 [PSYoungGen: 691680K->3808K(693248K)] 851970K->164234K(2091520K), 0.0076130 secs] [Times: user=0.06 sys=0.00, real=0.01 secs] 
2014-03-20T17:23:47.432-0500: 399.886: Total time for which application threads were stopped: 0.0086820 seconds
2014-03-20T17:23:47.806-0500: 400.260: [GC
Desired survivor size 5767168 bytes, new threshold 1 (max 15)
 [PSYoungGen: 691936K->3904K(693760K)] 852362K->164474K(2092032K), 0.0074490 secs] [Times: user=0.07 sys=0.00, real=0.00 secs] 
2014-03-20T17:23:47.813-0500: 400.268: Total time for which application threads were stopped: 0.0085020 seconds
2014-03-20T17:23:48.184-0500: 400.639: [GC
Desired survivor size 5767168 bytes, new threshold 1 (max 15)
 [PSYoungGen: 692032K->4032K(693760K)] 852602K->164738K(2092032K), 0.0070180 secs] [Times: user=0.06 sys=0.00, real=0.00 secs] 
2014-03-20T17:23:48.192-0500: 400.646: Total time for which application threads were stopped: 0.0079660 seconds
2014-03-20T17:23:48.581-0500: 401.035: [GC
Desired survivor size 5767168 bytes, new threshold 1 (max 15)
 [PSYoungGen: 692160K->4192K(693760K)] 852866K->165034K(2092032K), 0.0072220 secs] [Times: user=0.07 sys=0.01, real=0.01 secs] 
2014-03-20T17:23:48.588-0500: 401.043: Total time for which application threads were stopped: 0.0083460 seconds
2014-03-20T17:23:49.004-0500: 401.458: [GC
Desired survivor size 5767168 bytes, new threshold 1 (max 15)
 [PSYoungGen: 692320K->4512K(693760K)] 853162K->165482K(2092032K), 0.0068650 secs] [Times: user=0.06 sys=0.00, real=0.01 secs] 
2014-03-20T17:23:49.011-0500: 401.466: Total time for which application threads were stopped: 0.0078590 seconds
2014-03-20T17:23:49.405-0500: 401.859: [GC
Desired survivor size 6291456 bytes, new threshold 1 (max 15)
 [PSYoungGen: 692640K->4416K(692736K)] 853610K->165706K(2091008K), 0.0071410 secs] [Times: user=0.06 sys=0.00, real=0.01 secs] 
2014-03-20T17:23:49.412-0500: 401.867: Total time for which application threads were stopped: 0.0084520 seconds
2014-03-20T17:23:49.789-0500: 402.243: [GC
Desired survivor size 6291456 bytes, new threshold 1 (max 15)
 [PSYoungGen: 692544K->4608K(693248K)] 853834K->166034K(2091520K), 0.0076070 secs] [Times: user=0.07 sys=0.00, real=0.01 secs] 
2014-03-20T17:23:49.796-0500: 402.251: Total time for which application threads were stopped: 0.0085600 seconds
2014-03-20T17:23:50.160-0500: 402.614: [GC
Desired survivor size 6291456 bytes, new threshold 1 (max 15)
 [PSYoungGen: 691712K->4736K(693248K)] 853138K->166290K(2091520K), 0.0074680 secs] [Times: user=0.07 sys=0.00, real=0.01 secs] 
2014-03-20T17:23:50.167-0500: 402.622: Total time for which application threads were stopped: 0.0086730 seconds
2014-03-20T17:23:50.549-0500: 403.004: [GC
Desired survivor size 6291456 bytes, new threshold 1 (max 15)
 [PSYoungGen: 691840K->4896K(693248K)] 853394K->166586K(2091520K), 0.0076490 secs] [Times: user=0.07 sys=0.00, real=0.01 secs] 
2014-03-20T17:23:50.557-0500: 403.012: Total time for which application threads were stopped: 0.0087760 seconds
2014-03-20T17:23:50.955-0500: 403.410: [GC
Desired survivor size 6815744 bytes, new threshold 1 (max 15)
 [PSYoungGen: 692000K->4928K(692224K)] 853690K->166762K(2090496K), 0.0072260 secs] [Times: user=0.06 sys=0.00, real=0.00 secs] 
2014-03-20T17:23:50.963-0500: 403.418: Total time for which application threads were stopped: 0.0083230 seconds
2014-03-20T17:23:51.329-0500: 403.783: [GC
Desired survivor size 6815744 bytes, new threshold 1 (max 15)
 [PSYoungGen: 692032K->5376K(692736K)] 853866K->167378K(2091008K), 0.0076310 secs] [Times: user=0.07 sys=0.00, real=0.01 secs] 
2014-03-20T17:23:51.336-0500: 403.791: Total time for which application threads were stopped: 0.0085860 seconds
2014-03-20T17:23:51.743-0500: 404.198: [GC
Desired survivor size 7340032 bytes, new threshold 1 (max 15)
 [PSYoungGen: 691456K->5248K(691712K)] 853458K->167554K(2089984K), 0.0069940 secs] [Times: user=0.07 sys=0.00, real=0.01 secs] 
2014-03-20T17:23:51.750-0500: 404.205: Total time for which application threads were stopped: 0.0080920 seconds
2014-03-20T17:23:52.133-0500: 404.588: [GC
Desired survivor size 7340032 bytes, new threshold 1 (max 15)
 [PSYoungGen: 691328K->5280K(692224K)] 853634K->167722K(2090496K), 0.0075000 secs] [Times: user=0.07 sys=0.00, real=0.01 secs] 
2014-03-20T17:23:52.141-0500: 404.596: Total time for which application threads were stopped: 0.0085790 seconds
2014-03-20T17:23:52.487-0500: 404.942: [GC
Desired survivor size 7340032 bytes, new threshold 1 (max 15)
 [PSYoungGen: 690336K->5344K(692224K)] 852778K->167906K(2090496K), 0.0081330 secs] [Times: user=0.06 sys=0.00, real=0.01 secs] 
2014-03-20T17:23:52.496-0500: 404.950: Total time for which application threads were stopped: 0.0092310 seconds
2014-03-20T17:23:52.865-0500: 405.319: [GC
Desired survivor size 7340032 bytes, new threshold 1 (max 15)
 [PSYoungGen: 690400K->5568K(692224K)] 852962K->168274K(2090496K), 0.0070920 secs] [Times: user=0.06 sys=0.00, real=0.01 secs] 
2014-03-20T17:23:52.872-0500: 405.327: Total time for which application threads were stopped: 0.0080720 seconds
2014-03-20T17:23:53.275-0500: 405.730: [GC
Desired survivor size 7864320 bytes, new threshold 1 (max 15)
 [PSYoungGen: 690624K->5760K(691200K)] 853330K->168602K(2089472K), 0.0076480 secs] [Times: user=0.07 sys=0.00, real=0.00 secs] 
2014-03-20T17:23:53.283-0500: 405.738: Total time for which application threads were stopped: 0.0089160 seconds
2014-03-20T17:23:53.668-0500: 406.122: [GC
Desired survivor size 7864320 bytes, new threshold 1 (max 15)
 [PSYoungGen: 690816K->5632K(691712K)] 853658K->168778K(2089984K), 0.0075300 secs] [Times: user=0.06 sys=0.00, real=0.01 secs] 
2014-03-20T17:23:53.675-0500: 406.130: Total time for which application threads were stopped: 0.0086310 seconds
2014-03-20T17:23:54.055-0500: 406.510: [GC
Desired survivor size 7864320 bytes, new threshold 1 (max 15)
 [PSYoungGen: 689664K->5792K(691712K)] 852810K->169074K(2089984K), 0.0070500 secs] [Times: user=0.06 sys=0.00, real=0.01 secs] 
2014-03-20T17:23:54.062-0500: 406.517: Total time for which application threads were stopped: 0.0083210 seconds
2014-03-20T17:23:54.461-0500: 406.916: [GC
Desired survivor size 7864320 bytes, new threshold 1 (max 15)
 [PSYoungGen: 689824K->5952K(691712K)] 853106K->169370K(2089984K), 0.0090820 secs] [Times: user=0.07 sys=0.01, real=0.01 secs] 
2014-03-20T17:23:54.471-0500: 406.925: Total time for which application threads were stopped: 0.0099440 seconds
2014-03-20T17:23:54.853-0500: 407.307: [GC
Desired survivor size 7864320 bytes, new threshold 1 (max 15)
 [PSYoungGen: 689984K->5824K(691712K)] 853402K->169554K(2089984K), 0.0073240 secs] [Times: user=0.07 sys=0.00, real=0.01 secs] 
2014-03-20T17:23:54.860-0500: 407.315: Total time for which application threads were stopped: 0.0084230 seconds
2014-03-20T17:23:55.214-0500: 407.668: [GC
Desired survivor size 8388608 bytes, new threshold 1 (max 15)
 [PSYoungGen: 689856K->2112K(690688K)] 853586K->165978K(2088960K), 0.0069550 secs] [Times: user=0.06 sys=0.00, real=0.01 secs] 
2014-03-20T17:23:55.221-0500: 407.675: Total time for which application threads were stopped: 0.0079410 seconds
2014-03-20T17:23:55.611-0500: 408.065: [GC
Desired survivor size 8388608 bytes, new threshold 1 (max 15)
 [PSYoungGen: 685120K->2272K(691200K)] 848986K->166266K(2089472K), 0.0076640 secs] [Times: user=0.07 sys=0.01, real=0.01 secs] 
2014-03-20T17:23:55.619-0500: 408.073: Total time for which application threads were stopped: 0.0088220 seconds
2014-03-20T17:23:56.024-0500: 408.479: [GC
Desired survivor size 8388608 bytes, new threshold 1 (max 15)
 [PSYoungGen: 685280K->2304K(691200K)] 849274K->166602K(2089472K), 0.0077770 secs] [Times: user=0.07 sys=0.00, real=0.01 secs] 
2014-03-20T17:23:56.032-0500: 408.487: Total time for which application threads were stopped: 0.0087300 seconds
2014-03-20T17:23:56.406-0500: 408.861: [GC
Desired survivor size 8388608 bytes, new threshold 1 (max 15)
 [PSYoungGen: 685312K->2208K(691200K)] 849610K->166794K(2089472K), 0.0077150 secs] [Times: user=0.07 sys=0.00, real=0.00 secs] 
2014-03-20T17:23:56.414-0500: 408.869: Total time for which application threads were stopped: 0.0089350 seconds
2014-03-20T17:23:56.774-0500: 409.229: [GC
Desired survivor size 8388608 bytes, new threshold 1 (max 15)
 [PSYoungGen: 685216K->2816K(691200K)] 849802K->167546K(2089472K), 0.0094070 secs] [Times: user=0.10 sys=0.00, real=0.01 secs] 
2014-03-20T17:23:56.784-0500: 409.238: Total time for which application threads were stopped: 0.0102710 seconds
2014-03-20T17:23:57.155-0500: 409.610: [GC
Desired survivor size 8388608 bytes, new threshold 1 (max 15)
 [PSYoungGen: 685824K->2272K(691200K)] 850554K->167770K(2089472K), 0.0074960 secs] [Times: user=0.06 sys=0.01, real=0.01 secs] 
2014-03-20T17:23:57.163-0500: 409.618: Total time for which application threads were stopped: 0.0086950 seconds
2014-03-20T17:23:57.544-0500: 409.998: [GC
Desired survivor size 7864320 bytes, new threshold 1 (max 15)
 [PSYoungGen: 685280K->2336K(691712K)] 850778K->167978K(2089984K), 0.0088010 secs] [Times: user=0.07 sys=0.01, real=0.01 secs] 
2014-03-20T17:23:57.553-0500: 410.007: Total time for which application threads were stopped: 0.0100300 seconds
2014-03-20T17:23:57.926-0500: 410.380: [GC
Desired survivor size 7864320 bytes, new threshold 1 (max 15)
 [PSYoungGen: 685856K->2432K(691200K)] 851498K->168210K(2089472K), 0.0078920 secs] [Times: user=0.07 sys=0.00, real=0.01 secs] 
2014-03-20T17:23:57.934-0500: 410.388: Total time for which application threads were stopped: 0.0091200 seconds
2014-03-20T17:23:58.312-0500: 410.766: [GC
Desired survivor size 7340032 bytes, new threshold 1 (max 15)
 [PSYoungGen: 685952K->3136K(692224K)] 851730K->169050K(2090496K), 0.0096980 secs] [Times: user=0.08 sys=0.00, real=0.01 secs] 
2014-03-20T17:23:58.322-0500: 410.776: Total time for which application threads were stopped: 0.0106440 seconds
2014-03-20T17:23:58.713-0500: 411.167: [GC
Desired survivor size 7340032 bytes, new threshold 1 (max 15)
 [PSYoungGen: 687680K->2528K(691712K)] 853594K->169202K(2089984K), 0.0073870 secs] [Times: user=0.06 sys=0.01, real=0.01 secs] 
2014-03-20T17:23:58.720-0500: 411.175: Total time for which application threads were stopped: 0.0084700 seconds
2014-03-20T17:23:59.065-0500: 411.520: [GC
Desired survivor size 6815744 bytes, new threshold 1 (max 15)
 [PSYoungGen: 687072K->2816K(692736K)] 853746K->169626K(2091008K), 0.0079630 secs] [Times: user=0.07 sys=0.01, real=0.01 secs] 
2014-03-20T17:23:59.073-0500: 411.528: Total time for which application threads were stopped: 0.0091460 seconds
2014-03-20T17:23:59.421-0500: 411.876: [GC
Desired survivor size 6815744 bytes, new threshold 1 (max 15)
 [PSYoungGen: 688384K->2752K(692224K)] 855194K->169890K(2090496K), 0.0077700 secs] [Times: user=0.08 sys=0.00, real=0.01 secs] 
2014-03-20T17:23:59.429-0500: 411.884: Total time for which application threads were stopped: 0.0091580 seconds
2014-03-20T17:23:59.860-0500: 412.315: [GC
Desired survivor size 6815744 bytes, new threshold 1 (max 15)
 [PSYoungGen: 688320K->2784K(692736K)] 855458K->170066K(2091008K), 0.0072270 secs] [Times: user=0.07 sys=0.00, real=0.01 secs] 
2014-03-20T17:23:59.867-0500: 412.322: Total time for which application threads were stopped: 0.0082490 seconds
2014-03-20T17:24:00.224-0500: 412.678: [GC
Desired survivor size 6291456 bytes, new threshold 1 (max 15)
 [PSYoungGen: 688864K->2912K(692736K)] 856146K->170330K(2091008K), 0.0077130 secs] [Times: user=0.08 sys=0.00, real=0.01 secs] 
2014-03-20T17:24:00.231-0500: 412.686: Total time for which application threads were stopped: 0.0089330 seconds
2014-03-20T17:24:00.603-0500: 413.058: [GC
Desired survivor size 6291456 bytes, new threshold 1 (max 15)
 [PSYoungGen: 688992K->3168K(693248K)] 856410K->170730K(2091520K), 0.0082650 secs] [Times: user=0.08 sys=0.00, real=0.01 secs] 
2014-03-20T17:24:00.612-0500: 413.066: Total time for which application threads were stopped: 0.0094430 seconds
2014-03-20T17:24:00.997-0500: 413.452: [GC
Desired survivor size 5767168 bytes, new threshold 1 (max 15)
 [PSYoungGen: 690272K->3136K(693248K)] 857834K->171010K(2091520K), 0.0098350 secs] [Times: user=0.07 sys=0.00, real=0.01 secs] 
2014-03-20T17:24:01.007-0500: 413.462: Total time for which application threads were stopped: 0.0110060 seconds
2014-03-20T17:24:01.370-0500: 413.825: [GC
Desired survivor size 5767168 bytes, new threshold 1 (max 15)
 [PSYoungGen: 690240K->3360K(693760K)] 858114K->171370K(2092032K), 0.0075170 secs] [Times: user=0.06 sys=0.00, real=0.01 secs] 
2014-03-20T17:24:01.378-0500: 413.833: Total time for which application threads were stopped: 0.0086230 seconds
2014-03-20T17:24:01.761-0500: 414.216: [GC
Desired survivor size 5767168 bytes, new threshold 1 (max 15)
 [PSYoungGen: 691488K->3584K(693760K)] 859498K->171954K(2092032K), 0.0081050 secs] [Times: user=0.08 sys=0.00, real=0.01 secs] 
2014-03-20T17:24:01.769-0500: 414.224: Total time for which application threads were stopped: 0.0093260 seconds
2014-03-20T17:24:02.141-0500: 414.596: [GC
Desired survivor size 5767168 bytes, new threshold 1 (max 15)
 [PSYoungGen: 691712K->3552K(693760K)] 860082K->172234K(2092032K), 0.0079900 secs] [Times: user=0.06 sys=0.00, real=0.01 secs] 
2014-03-20T17:24:02.150-0500: 414.604: Total time for which application threads were stopped: 0.0090130 seconds
2014-03-20T17:24:02.549-0500: 415.003: [GC
Desired survivor size 5242880 bytes, new threshold 1 (max 15)
 [PSYoungGen: 691680K->3744K(693760K)] 860362K->172570K(2092032K), 0.0081800 secs] [Times: user=0.07 sys=0.00, real=0.00 secs] 
2014-03-20T17:24:02.557-0500: 415.012: Total time for which application threads were stopped: 0.0093370 seconds
2014-03-20T17:24:02.945-0500: 415.400: [GC
Desired survivor size 5767168 bytes, new threshold 1 (max 15)
 [PSYoungGen: 691872K->3840K(693248K)] 860698K->172802K(2091520K), 0.0082360 secs] [Times: user=0.08 sys=0.00, real=0.01 secs] 
2014-03-20T17:24:02.954-0500: 415.409: Total time for which application threads were stopped: 0.0093430 seconds
2014-03-20T17:24:03.335-0500: 415.790: [GC
Desired survivor size 5767168 bytes, new threshold 1 (max 15)
 [PSYoungGen: 691968K->3968K(693760K)] 860930K->173066K(2092032K), 0.0082380 secs] [Times: user=0.08 sys=0.01, real=0.01 secs] 
2014-03-20T17:24:03.343-0500: 415.798: Total time for which application threads were stopped: 0.0094950 seconds
2014-03-20T17:24:03.755-0500: 416.209: [GC
Desired survivor size 5767168 bytes, new threshold 1 (max 15)
 [PSYoungGen: 692096K->4032K(693760K)] 861194K->173266K(2092032K), 0.0080810 secs] [Times: user=0.07 sys=0.00, real=0.01 secs] 
2014-03-20T17:24:03.763-0500: 416.218: Total time for which application threads were stopped: 0.0091290 seconds
2014-03-20T17:24:04.141-0500: 416.595: [GC
Desired survivor size 5767168 bytes, new threshold 1 (max 15)
 [PSYoungGen: 692160K->4288K(693760K)] 861394K->173658K(2092032K), 0.0087550 secs] [Times: user=0.08 sys=0.00, real=0.01 secs] 
2014-03-20T17:24:04.150-0500: 416.604: Total time for which application threads were stopped: 0.0100560 seconds
2014-03-20T17:24:04.549-0500: 417.004: [GC
Desired survivor size 5767168 bytes, new threshold 1 (max 15)
 [PSYoungGen: 692416K->4352K(693760K)] 861786K->173866K(2092032K), 0.0081150 secs] [Times: user=0.08 sys=0.00, real=0.01 secs] 
2014-03-20T17:24:04.557-0500: 417.012: Total time for which application threads were stopped: 0.0091580 seconds
2014-03-20T17:24:04.944-0500: 417.399: [GC
Desired survivor size 5767168 bytes, new threshold 1 (max 15)
 [PSYoungGen: 692480K->4480K(693760K)] 861994K->174130K(2092032K), 0.0100320 secs] [Times: user=0.08 sys=0.00, real=0.01 secs] 
2014-03-20T17:24:04.954-0500: 417.409: Total time for which application threads were stopped: 0.0111240 seconds
2014-03-20T17:24:05.341-0500: 417.795: [GC
Desired survivor size 6291456 bytes, new threshold 1 (max 15)
 [PSYoungGen: 692608K->4640K(692736K)] 862258K->174410K(2091008K), 0.0107890 secs] [Times: user=0.06 sys=0.01, real=0.01 secs] 
2014-03-20T17:24:05.352-0500: 417.806: Total time for which application threads were stopped: 0.0118730 seconds
2014-03-20T17:24:05.745-0500: 418.199: [GC
Desired survivor size 6291456 bytes, new threshold 1 (max 15)
 [PSYoungGen: 691744K->4768K(693248K)] 861514K->174674K(2091520K), 0.0077120 secs] [Times: user=0.07 sys=0.01, real=0.01 secs] 
2014-03-20T17:24:05.753-0500: 418.207: Total time for which application threads were stopped: 0.0090740 seconds
2014-03-20T17:24:06.131-0500: 418.586: [GC
Desired survivor size 6291456 bytes, new threshold 1 (max 15)
 [PSYoungGen: 691872K->4960K(693248K)] 861778K->175002K(2091520K), 0.0078380 secs] [Times: user=0.07 sys=0.00, real=0.01 secs] 
2014-03-20T17:24:06.139-0500: 418.594: Total time for which application threads were stopped: 0.0089300 seconds
2014-03-20T17:24:06.535-0500: 418.990: [GC
Desired survivor size 6815744 bytes, new threshold 1 (max 15)
 [PSYoungGen: 692064K->5024K(692224K)] 862106K->175202K(2090496K), 0.0081440 secs] [Times: user=0.08 sys=0.00, real=0.01 secs] 
2014-03-20T17:24:06.544-0500: 418.998: Total time for which application threads were stopped: 0.0094580 seconds
2014-03-20T17:24:06.937-0500: 419.391: [GC
Desired survivor size 6815744 bytes, new threshold 1 (max 15)
 [PSYoungGen: 692128K->5248K(692736K)] 862306K->175490K(2091008K), 0.0106450 secs] [Times: user=0.05 sys=0.00, real=0.02 secs] 
2014-03-20T17:24:06.947-0500: 419.402: Total time for which application threads were stopped: 0.0116550 seconds
2014-03-20T17:24:07.329-0500: 419.784: [GC
Desired survivor size 6815744 bytes, new threshold 1 (max 15)
 [PSYoungGen: 691328K->5216K(692736K)] 861570K->175602K(2091008K), 0.0078440 secs] [Times: user=0.07 sys=0.00, real=0.01 secs] 
2014-03-20T17:24:07.337-0500: 419.792: Total time for which application threads were stopped: 0.0092280 seconds
2014-03-20T17:24:07.737-0500: 420.192: [GC
Desired survivor size 7340032 bytes, new threshold 1 (max 15)
 [PSYoungGen: 691296K->5312K(691712K)] 861682K->175842K(2089984K), 0.0083170 secs] [Times: user=0.07 sys=0.00, real=0.00 secs] 
2014-03-20T17:24:07.746-0500: 420.200: Total time for which application threads were stopped: 0.0093200 seconds
2014-03-20T17:24:08.142-0500: 420.596: [GC
Desired survivor size 7340032 bytes, new threshold 1 (max 15)
 [PSYoungGen: 690368K->5440K(692224K)] 860898K->176106K(2090496K), 0.0079920 secs] [Times: user=0.07 sys=0.01, real=0.01 secs] 
2014-03-20T17:24:08.150-0500: 420.605: Total time for which application threads were stopped: 0.0093150 seconds
2014-03-20T17:24:08.529-0500: 420.983: [GC
Desired survivor size 7340032 bytes, new threshold 1 (max 15)
 [PSYoungGen: 690496K->5472K(692224K)] 861162K->176282K(2090496K), 0.0082220 secs] [Times: user=0.07 sys=0.01, real=0.00 secs] 
2014-03-20T17:24:08.537-0500: 420.992: Total time for which application threads were stopped: 0.0093310 seconds
2014-03-20T17:24:08.925-0500: 421.380: [GC
Desired survivor size 7340032 bytes, new threshold 1 (max 15)
 [PSYoungGen: 690528K->5664K(692224K)] 861338K->176610K(2090496K), 0.0080260 secs] [Times: user=0.07 sys=0.00, real=0.01 secs] 
2014-03-20T17:24:08.933-0500: 421.388: Total time for which application threads were stopped: 0.0092420 seconds
2014-03-20T17:24:09.329-0500: 421.783: [GC
Desired survivor size 7864320 bytes, new threshold 1 (max 15)
 [PSYoungGen: 690720K->5728K(691200K)] 861666K->176818K(2089472K), 0.0081530 secs] [Times: user=0.08 sys=0.00, real=0.00 secs] 
2014-03-20T17:24:09.337-0500: 421.792: Total time for which application threads were stopped: 0.0090970 seconds
2014-03-20T17:24:09.734-0500: 422.189: [GC
Desired survivor size 7864320 bytes, new threshold 1 (max 15)
 [PSYoungGen: 689760K->5824K(691712K)] 860850K->177058K(2089984K), 0.0082150 secs] [Times: user=0.07 sys=0.00, real=0.01 secs] 
2014-03-20T17:24:09.743-0500: 422.197: Total time for which application threads were stopped: 0.0094300 seconds
2014-03-20T17:24:10.123-0500: 422.578: [GC
Desired survivor size 7864320 bytes, new threshold 1 (max 15)
 [PSYoungGen: 689856K->5856K(691712K)] 861090K->177234K(2089984K), 0.0078180 secs] [Times: user=0.07 sys=0.00, real=0.01 secs] 
2014-03-20T17:24:10.131-0500: 422.586: Total time for which application threads were stopped: 0.0088330 seconds
2014-03-20T17:24:10.507-0500: 422.962: [GC
Desired survivor size 8388608 bytes, new threshold 1 (max 15)
 [PSYoungGen: 689888K->2048K(686080K)] 861266K->173570K(2084352K), 0.0078690 secs] [Times: user=0.06 sys=0.00, real=0.01 secs] 
2014-03-20T17:24:10.515-0500: 422.970: Total time for which application threads were stopped: 0.0091640 seconds
2014-03-20T17:24:10.881-0500: 423.336: [GC
Desired survivor size 8388608 bytes, new threshold 1 (max 15)
 [PSYoungGen: 686080K->2208K(691200K)] 857602K->173874K(2089472K), 0.0098360 secs] [Times: user=0.06 sys=0.00, real=0.01 secs] 
2014-03-20T17:24:10.891-0500: 423.346: Total time for which application threads were stopped: 0.0109020 seconds
2014-03-20T17:24:11.273-0500: 423.728: [GC
Desired survivor size 8388608 bytes, new threshold 1 (max 15)
 [PSYoungGen: 685216K->2176K(691200K)] 856882K->173970K(2089472K), 0.0080390 secs] [Times: user=0.07 sys=0.01, real=0.01 secs] 
2014-03-20T17:24:11.281-0500: 423.736: Total time for which application threads were stopped: 0.0093200 seconds
2014-03-20T17:24:11.677-0500: 424.131: [GC
Desired survivor size 8388608 bytes, new threshold 1 (max 15)
 [PSYoungGen: 685184K->2272K(691200K)] 856978K->174202K(2089472K), 0.0076480 secs] [Times: user=0.06 sys=0.00, real=0.01 secs] 
2014-03-20T17:24:11.684-0500: 424.139: Total time for which application threads were stopped: 0.0086550 seconds
2014-03-20T17:24:12.040-0500: 424.495: [GC
Desired survivor size 8388608 bytes, new threshold 1 (max 15)
 [PSYoungGen: 685280K->2368K(691200K)] 857210K->174434K(2089472K), 0.0082900 secs] [Times: user=0.07 sys=0.00, real=0.01 secs] 
2014-03-20T17:24:12.049-0500: 424.504: Total time for which application threads were stopped: 0.0094800 seconds
2014-03-20T17:24:12.401-0500: 424.856: [GC
Desired survivor size 7864320 bytes, new threshold 1 (max 15)
 [PSYoungGen: 685376K->2336K(691712K)] 857442K->174538K(2089984K), 0.0080430 secs] [Times: user=0.08 sys=0.00, real=0.01 secs] 
2014-03-20T17:24:12.410-0500: 424.864: Total time for which application threads were stopped: 0.0090570 seconds
2014-03-20T17:24:12.799-0500: 425.254: [GC
Desired survivor size 7864320 bytes, new threshold 1 (max 15)
 [PSYoungGen: 685856K->2464K(691200K)] 858058K->174802K(2089472K), 0.0076700 secs] [Times: user=0.07 sys=0.00, real=0.00 secs] 
2014-03-20T17:24:12.807-0500: 425.261: Total time for which application threads were stopped: 0.0088110 seconds
2014-03-20T17:24:13.194-0500: 425.648: [GC
Desired survivor size 7864320 bytes, new threshold 1 (max 15)
 [PSYoungGen: 685984K->2464K(691712K)] 858322K->174946K(2089984K), 0.0075280 secs] [Times: user=0.07 sys=0.00, real=0.01 secs] 
2014-03-20T17:24:13.201-0500: 425.656: Total time for which application threads were stopped: 0.0085530 seconds
2014-03-20T17:24:13.546-0500: 426.000: [GC
Desired survivor size 7340032 bytes, new threshold 1 (max 15)
 [PSYoungGen: 686496K->2592K(691712K)] 858978K->175202K(2089984K), 0.0089140 secs] [Times: user=0.07 sys=0.00, real=0.01 secs] 
2014-03-20T17:24:13.555-0500: 426.009: Total time for which application threads were stopped: 0.0101610 seconds
2014-03-20T17:24:13.927-0500: 426.382: [GC
Desired survivor size 7340032 bytes, new threshold 1 (max 15)
 [PSYoungGen: 686624K->2592K(692224K)] 859234K->175346K(2090496K), 0.0079560 secs] [Times: user=0.07 sys=0.00, real=0.01 secs] 
2014-03-20T17:24:13.935-0500: 426.390: Total time for which application threads were stopped: 0.0088600 seconds
2014-03-20T17:24:14.327-0500: 426.782: [GC
Desired survivor size 6815744 bytes, new threshold 1 (max 15)
 [PSYoungGen: 687648K->2688K(692224K)] 860402K->175586K(2090496K), 0.0078310 secs] [Times: user=0.07 sys=0.00, real=0.01 secs] 
2014-03-20T17:24:14.335-0500: 426.790: Total time for which application threads were stopped: 0.0088920 seconds
2014-03-20T17:24:14.723-0500: 427.178: [GC
Desired survivor size 6815744 bytes, new threshold 1 (max 15)
 [PSYoungGen: 687744K->2912K(692736K)] 860642K->175946K(2091008K), 0.0080720 secs] [Times: user=0.06 sys=0.01, real=0.01 secs] 
2014-03-20T17:24:14.731-0500: 427.186: Total time for which application threads were stopped: 0.0090770 seconds
2014-03-20T17:24:15.097-0500: 427.552: [GC
Desired survivor size 6291456 bytes, new threshold 1 (max 15)
 [PSYoungGen: 688992K->2976K(692736K)] 862026K->176154K(2091008K), 0.0078680 secs] [Times: user=0.07 sys=0.00, real=0.01 secs] 
2014-03-20T17:24:15.105-0500: 427.560: Total time for which application threads were stopped: 0.0090370 seconds
2014-03-20T17:24:15.507-0500: 427.962: [GC
Desired survivor size 6291456 bytes, new threshold 1 (max 15)
 [PSYoungGen: 689056K->3008K(693248K)] 862234K->176306K(2091520K), 0.0084400 secs] [Times: user=0.06 sys=0.00, real=0.01 secs] 
2014-03-20T17:24:15.516-0500: 427.970: Total time for which application threads were stopped: 0.0093860 seconds
2014-03-20T17:24:15.923-0500: 428.378: [GC
Desired survivor size 5767168 bytes, new threshold 1 (max 15)
 [PSYoungGen: 690112K->3136K(693248K)] 863410K->176578K(2091520K), 0.0076560 secs] [Times: user=0.07 sys=0.00, real=0.01 secs] 
2014-03-20T17:24:15.931-0500: 428.386: Total time for which application threads were stopped: 0.0087280 seconds
2014-03-20T17:24:16.308-0500: 428.762: [GC
Desired survivor size 5767168 bytes, new threshold 1 (max 15)
 [PSYoungGen: 690240K->3264K(693760K)] 863682K->176850K(2092032K), 0.0079890 secs] [Times: user=0.08 sys=0.01, real=0.01 secs] 
2014-03-20T17:24:16.316-0500: 428.770: Total time for which application threads were stopped: 0.0090930 seconds
2014-03-20T17:24:16.710-0500: 429.165: [GC
Desired survivor size 5767168 bytes, new threshold 1 (max 15)
 [PSYoungGen: 691392K->3360K(693760K)] 864978K->177082K(2092032K), 0.0078520 secs] [Times: user=0.07 sys=0.00, real=0.00 secs] 
2014-03-20T17:24:16.718-0500: 429.173: Total time for which application threads were stopped: 0.0090350 seconds
2014-03-20T17:24:17.114-0500: 429.569: [GC
Desired survivor size 5242880 bytes, new threshold 1 (max 15)
 [PSYoungGen: 691488K->3552K(694272K)] 865210K->177418K(2092544K), 0.0075330 secs] [Times: user=0.06 sys=0.00, real=0.01 secs] 
2014-03-20T17:24:17.122-0500: 429.577: Total time for which application threads were stopped: 0.0085150 seconds
2014-03-20T17:24:17.496-0500: 429.951: [GC
Desired survivor size 5242880 bytes, new threshold 1 (max 15)
 [PSYoungGen: 692192K->3680K(693760K)] 866058K->177674K(2092032K), 0.0084740 secs] [Times: user=0.08 sys=0.00, real=0.01 secs] 
2014-03-20T17:24:17.505-0500: 429.960: Total time for which application threads were stopped: 0.0097590 seconds
2014-03-20T17:24:17.892-0500: 430.347: [GC
Desired survivor size 5242880 bytes, new threshold 1 (max 15)
 [PSYoungGen: 692320K->3840K(694272K)] 866314K->177978K(2092544K), 0.0082320 secs] [Times: user=0.07 sys=0.00, real=0.01 secs] 
2014-03-20T17:24:17.900-0500: 430.355: Total time for which application threads were stopped: 0.0092840 seconds
2014-03-20T17:24:18.276-0500: 430.731: [GC
Desired survivor size 5767168 bytes, new threshold 1 (max 15)
 [PSYoungGen: 692992K->4000K(693248K)] 867130K->178266K(2091520K), 0.0083360 secs] [Times: user=0.07 sys=0.00, real=0.01 secs] 
2014-03-20T17:24:18.285-0500: 430.740: Total time for which application threads were stopped: 0.0095830 seconds
2014-03-20T17:24:18.653-0500: 431.108: [GC
Desired survivor size 5767168 bytes, new threshold 1 (max 15)
 [PSYoungGen: 693152K->4128K(693760K)] 867418K->178538K(2092032K), 0.0077090 secs] [Times: user=0.06 sys=0.00, real=0.01 secs] 
2014-03-20T17:24:18.661-0500: 431.116: Total time for which application threads were stopped: 0.0087080 seconds
2014-03-20T17:24:19.046-0500: 431.501: [GC
Desired survivor size 5767168 bytes, new threshold 1 (max 15)
 [PSYoungGen: 692256K->4320K(693760K)] 866666K->178874K(2092032K), 0.0080310 secs] [Times: user=0.07 sys=0.00, real=0.01 secs] 
2014-03-20T17:24:19.054-0500: 431.509: Total time for which application threads were stopped: 0.0091670 seconds
2014-03-20T17:24:19.434-0500: 431.889: [GC
Desired survivor size 5767168 bytes, new threshold 1 (max 15)
 [PSYoungGen: 692448K->4480K(693760K)] 867002K->179170K(2092032K), 0.0082170 secs] [Times: user=0.07 sys=0.00, real=0.01 secs] 
2014-03-20T17:24:19.443-0500: 431.897: Total time for which application threads were stopped: 0.0094590 seconds
2014-03-20T17:24:19.811-0500: 432.265: [GC
Desired survivor size 6291456 bytes, new threshold 1 (max 15)
 [PSYoungGen: 692608K->4512K(692736K)] 867298K->179346K(2091008K), 0.0075200 secs] [Times: user=0.07 sys=0.00, real=0.00 secs] 
2014-03-20T17:24:19.818-0500: 432.273: Total time for which application threads were stopped: 0.0086290 seconds
2014-03-20T17:24:20.194-0500: 432.649: [GC
Desired survivor size 6291456 bytes, new threshold 1 (max 15)
 [PSYoungGen: 692640K->4768K(693248K)] 867474K->179738K(2091520K), 0.0085410 secs] [Times: user=0.06 sys=0.00, real=0.01 secs] 
2014-03-20T17:24:20.203-0500: 432.658: Total time for which application threads were stopped: 0.0096750 seconds
2014-03-20T17:24:20.596-0500: 433.051: [GC
Desired survivor size 6291456 bytes, new threshold 1 (max 15)
 [PSYoungGen: 691872K->4704K(693248K)] 866842K->179818K(2091520K), 0.0078450 secs] [Times: user=0.08 sys=0.00, real=0.01 secs] 
2014-03-20T17:24:20.604-0500: 433.059: Total time for which application threads were stopped: 0.0090450 seconds
2014-03-20T17:24:20.985-0500: 433.440: [GC
Desired survivor size 6815744 bytes, new threshold 1 (max 15)
 [PSYoungGen: 691808K->4928K(692224K)] 866922K->180186K(2090496K), 0.0074430 secs] [Times: user=0.06 sys=0.00, real=0.01 secs] 
2014-03-20T17:24:20.993-0500: 433.447: Total time for which application threads were stopped: 0.0084320 seconds
2014-03-20T17:24:21.386-0500: 433.841: [GC
Desired survivor size 6815744 bytes, new threshold 1 (max 15)
 [PSYoungGen: 691008K->4992K(692736K)] 866266K->180394K(2091008K), 0.0078180 secs] [Times: user=0.07 sys=0.00, real=0.01 secs] 
2014-03-20T17:24:21.394-0500: 433.849: Total time for which application threads were stopped: 0.0089180 seconds
2014-03-20T17:24:21.796-0500: 434.251: [GC
Desired survivor size 6815744 bytes, new threshold 1 (max 15)
 [PSYoungGen: 691072K->5248K(692736K)] 866474K->180786K(2091008K), 0.0076240 secs] [Times: user=0.07 sys=0.00, real=0.01 secs] 
2014-03-20T17:24:21.804-0500: 434.258: Total time for which application threads were stopped: 0.0087000 seconds
2014-03-20T17:24:22.190-0500: 434.645: [GC
Desired survivor size 6815744 bytes, new threshold 1 (max 15)
 [PSYoungGen: 691328K->5248K(692736K)] 866866K->180922K(2091008K), 0.0080050 secs] [Times: user=0.08 sys=0.00, real=0.01 secs] 
2014-03-20T17:24:22.198-0500: 434.653: Total time for which application threads were stopped: 0.0092830 seconds
2014-03-20T17:24:22.567-0500: 435.022: [GC
Desired survivor size 7340032 bytes, new threshold 1 (max 15)
 [PSYoungGen: 691328K->5344K(691712K)] 867002K->181154K(2089984K), 0.0079460 secs] [Times: user=0.08 sys=0.00, real=0.01 secs] 
2014-03-20T17:24:22.575-0500: 435.030: Total time for which application threads were stopped: 0.0090610 seconds
2014-03-20T17:24:22.949-0500: 435.404: [GC
Desired survivor size 7340032 bytes, new threshold 1 (max 15)
 [PSYoungGen: 690400K->5408K(692224K)] 866210K->181362K(2090496K), 0.0079690 secs] [Times: user=0.08 sys=0.01, real=0.01 secs] 
2014-03-20T17:24:22.957-0500: 435.412: Total time for which application threads were stopped: 0.0090420 seconds
2014-03-20T17:24:23.368-0500: 435.822: [GC
Desired survivor size 7340032 bytes, new threshold 1 (max 15)
 [PSYoungGen: 690464K->5504K(692224K)] 866418K->181594K(2090496K), 0.0077630 secs] [Times: user=0.08 sys=0.00, real=0.01 secs] 
2014-03-20T17:24:23.376-0500: 435.830: Total time for which application threads were stopped: 0.0087180 seconds
2014-03-20T17:24:23.765-0500: 436.219: [GC
Desired survivor size 7340032 bytes, new threshold 1 (max 15)
 [PSYoungGen: 690560K->5600K(692224K)] 866650K->181826K(2090496K), 0.0080250 secs] [Times: user=0.07 sys=0.00, real=0.01 secs] 
2014-03-20T17:24:23.773-0500: 436.228: Total time for which application threads were stopped: 0.0149240 seconds
2014-03-20T17:24:24.158-0500: 436.612: [GC
Desired survivor size 7864320 bytes, new threshold 1 (max 15)
 [PSYoungGen: 690656K->5728K(691200K)] 866882K->182098K(2089472K), 0.0080660 secs] [Times: user=0.08 sys=0.00, real=0.01 secs] 
2014-03-20T17:24:24.166-0500: 436.621: Total time for which application threads were stopped: 0.0091070 seconds
2014-03-20T17:24:24.564-0500: 437.019: [GC
Desired survivor size 7864320 bytes, new threshold 1 (max 15)
 [PSYoungGen: 689760K->5856K(691712K)] 866130K->182370K(2089984K), 0.0078050 secs] [Times: user=0.07 sys=0.00, real=0.01 secs] 
2014-03-20T17:24:24.572-0500: 437.027: Total time for which application threads were stopped: 0.0090250 seconds
2014-03-20T17:24:24.947-0500: 437.401: [GC
Desired survivor size 7864320 bytes, new threshold 1 (max 15)
 [PSYoungGen: 689888K->5920K(691712K)] 866402K->182578K(2089984K), 0.0077980 secs] [Times: user=0.08 sys=0.00, real=0.01 secs] 
2014-03-20T17:24:24.955-0500: 437.409: Total time for which application threads were stopped: 0.0088870 seconds
2014-03-20T17:24:25.344-0500: 437.799: [GC
Desired survivor size 8388608 bytes, new threshold 1 (max 15)
 [PSYoungGen: 689952K->2080K(686592K)] 866610K->178882K(2084864K), 0.0073040 secs] [Times: user=0.07 sys=0.00, real=0.01 secs] 
2014-03-20T17:24:25.351-0500: 437.806: Total time for which application threads were stopped: 0.0083210 seconds
2014-03-20T17:24:25.772-0500: 438.227: [GC
Desired survivor size 8388608 bytes, new threshold 1 (max 15)
 [PSYoungGen: 686112K->2048K(691200K)] 862914K->178994K(2089472K), 0.0074550 secs] [Times: user=0.07 sys=0.00, real=0.00 secs] 
2014-03-20T17:24:25.780-0500: 438.235: Total time for which application threads were stopped: 0.0084240 seconds
2014-03-20T17:24:26.174-0500: 438.629: [GC
Desired survivor size 8388608 bytes, new threshold 1 (max 15)
 [PSYoungGen: 685056K->2208K(691200K)] 862002K->179298K(2089472K), 0.0076660 secs] [Times: user=0.06 sys=0.00, real=0.01 secs] 
2014-03-20T17:24:26.182-0500: 438.637: Total time for which application threads were stopped: 0.0090340 seconds
2014-03-20T17:24:26.574-0500: 439.029: [GC
Desired survivor size 8388608 bytes, new threshold 1 (max 15)
 [PSYoungGen: 685216K->2240K(691200K)] 862306K->179474K(2089472K), 0.0074890 secs] [Times: user=0.07 sys=0.00, real=0.01 secs] 
2014-03-20T17:24:26.582-0500: 439.037: Total time for which application threads were stopped: 0.0117050 seconds
2014-03-20T17:24:26.972-0500: 439.427: [GC
Desired survivor size 8388608 bytes, new threshold 1 (max 15)
 [PSYoungGen: 685248K->2208K(691200K)] 862482K->179570K(2089472K), 0.0082350 secs] [Times: user=0.07 sys=0.00, real=0.01 secs] 
2014-03-20T17:24:26.981-0500: 439.435: Total time for which application threads were stopped: 0.0093010 seconds
2014-03-20T17:24:27.340-0500: 439.795: [GC
Desired survivor size 8388608 bytes, new threshold 1 (max 15)
 [PSYoungGen: 685216K->2336K(691200K)] 862578K->179842K(2089472K), 0.0078260 secs] [Times: user=0.08 sys=0.00, real=0.00 secs] 
2014-03-20T17:24:27.348-0500: 439.803: Total time for which application threads were stopped: 0.0088290 seconds
2014-03-20T17:24:27.710-0500: 440.164: [GC
Desired survivor size 7864320 bytes, new threshold 1 (max 15)
 [PSYoungGen: 685344K->2304K(691200K)] 862850K->179946K(2089472K), 0.0077030 secs] [Times: user=0.07 sys=0.00, real=0.01 secs] 
2014-03-20T17:24:27.717-0500: 440.172: Total time for which application threads were stopped: 0.0088880 seconds
2014-03-20T17:24:28.094-0500: 440.548: [GC
Desired survivor size 7864320 bytes, new threshold 1 (max 15)
 [PSYoungGen: 685312K->2432K(691712K)] 862954K->180218K(2089984K), 0.0077940 secs] [Times: user=0.07 sys=0.00, real=0.01 secs] 
2014-03-20T17:24:28.102-0500: 440.556: Total time for which application threads were stopped: 0.0087220 seconds
2014-03-20T17:24:28.506-0500: 440.961: [GC
Desired survivor size 7340032 bytes, new threshold 1 (max 15)
 [PSYoungGen: 686464K->2496K(691712K)] 864250K->180426K(2089984K), 0.0079840 secs] [Times: user=0.07 sys=0.01, real=0.01 secs] 
2014-03-20T17:24:28.514-0500: 440.969: Total time for which application threads were stopped: 0.0091090 seconds
2014-03-20T17:24:28.905-0500: 441.360: [GC
Desired survivor size 7340032 bytes, new threshold 1 (max 15)
 [PSYoungGen: 686528K->2528K(692224K)] 864458K->180594K(2090496K), 0.0075510 secs] [Times: user=0.07 sys=0.00, real=0.01 secs] 
2014-03-20T17:24:28.913-0500: 441.368: Total time for which application threads were stopped: 0.0084510 seconds
2014-03-20T17:24:29.301-0500: 441.755: [GC
Desired survivor size 6815744 bytes, new threshold 1 (max 15)
 [PSYoungGen: 687584K->2624K(692224K)] 865650K->180826K(2090496K), 0.0075210 secs] [Times: user=0.06 sys=0.00, real=0.01 secs] 
2014-03-20T17:24:29.308-0500: 441.763: Total time for which application threads were stopped: 0.0086970 seconds
2014-03-20T17:24:29.713-0500: 442.168: [GC
Desired survivor size 6815744 bytes, new threshold 1 (max 15)
 [PSYoungGen: 687680K->2688K(692736K)] 865882K->181026K(2091008K), 0.0076770 secs] [Times: user=0.07 sys=0.00, real=0.00 secs] 
2014-03-20T17:24:29.721-0500: 442.176: Total time for which application threads were stopped: 0.0087160 seconds
2014-03-20T17:24:30.112-0500: 442.567: [GC
Desired survivor size 6291456 bytes, new threshold 1 (max 15)
 [PSYoungGen: 688768K->2816K(692736K)] 867106K->181290K(2091008K), 0.0081840 secs] [Times: user=0.08 sys=0.00, real=0.00 secs] 
2014-03-20T17:24:30.121-0500: 442.575: Total time for which application threads were stopped: 0.0093050 seconds
2014-03-20T17:24:30.479-0500: 442.934: [GC
Desired survivor size 6291456 bytes, new threshold 1 (max 15)
 [PSYoungGen: 688896K->2976K(693248K)] 867370K->181586K(2091520K), 0.0079560 secs] [Times: user=0.07 sys=0.00, real=0.01 secs] 
2014-03-20T17:24:30.487-0500: 442.942: Total time for which application threads were stopped: 0.0089910 seconds
2014-03-20T17:24:30.859-0500: 443.314: [GC
Desired survivor size 5767168 bytes, new threshold 1 (max 15)
 [PSYoungGen: 690080K->2976K(693248K)] 868690K->181722K(2091520K), 0.0104790 secs] [Times: user=0.06 sys=0.00, real=0.01 secs] 
2014-03-20T17:24:30.870-0500: 443.324: Total time for which application threads were stopped: 0.0116870 seconds
2014-03-20T17:24:31.155-0500: 443.610: Total time for which application threads were stopped: 0.0007810 seconds
2014-03-20T17:24:31.273-0500: 443.727: [GC
Desired survivor size 5767168 bytes, new threshold 1 (max 15)
 [PSYoungGen: 690080K->3136K(693760K)] 868826K->182026K(2092032K), 0.0079470 secs] [Times: user=0.07 sys=0.00, real=0.00 secs] 
2014-03-20T17:24:31.281-0500: 443.736: Total time for which application threads were stopped: 0.0089460 seconds
2014-03-20T17:24:31.695-0500: 444.149: [GC
Desired survivor size 5767168 bytes, new threshold 1 (max 15)
 [PSYoungGen: 691264K->3328K(693760K)] 870154K->182354K(2092032K), 0.0083150 secs] [Times: user=0.07 sys=0.00, real=0.01 secs] 
2014-03-20T17:24:31.703-0500: 444.158: Total time for which application threads were stopped: 0.0096010 seconds
2014-03-20T17:24:32.099-0500: 444.554: [GC
Desired survivor size 5767168 bytes, new threshold 1 (max 15)
 [PSYoungGen: 691456K->3520K(693760K)] 870482K->182690K(2092032K), 0.0082190 secs] [Times: user=0.08 sys=0.00, real=0.01 secs] 
2014-03-20T17:24:32.107-0500: 444.562: Total time for which application threads were stopped: 0.0092520 seconds
2014-03-20T17:24:32.504-0500: 444.959: [GC
Desired survivor size 5767168 bytes, new threshold 1 (max 15)
 [PSYoungGen: 691648K->3616K(693760K)] 870818K->182930K(2092032K), 0.0081630 secs] [Times: user=0.07 sys=0.00, real=0.01 secs] 
2014-03-20T17:24:32.512-0500: 444.967: Total time for which application threads were stopped: 0.0094480 seconds
2014-03-20T17:24:32.887-0500: 445.342: [GC
Desired survivor size 5767168 bytes, new threshold 1 (max 15)
 [PSYoungGen: 691744K->3776K(693760K)] 871058K->183234K(2092032K), 0.0083580 secs] [Times: user=0.06 sys=0.00, real=0.01 secs] 
2014-03-20T17:24:32.896-0500: 445.350: Total time for which application threads were stopped: 0.0093700 seconds
2014-03-20T17:24:33.287-0500: 445.741: [GC
Desired survivor size 5767168 bytes, new threshold 1 (max 15)
 [PSYoungGen: 691904K->3872K(693760K)] 871362K->183474K(2092032K), 0.0080580 secs] [Times: user=0.07 sys=0.00, real=0.01 secs] 
2014-03-20T17:24:33.295-0500: 445.750: Total time for which application threads were stopped: 0.0093170 seconds
2014-03-20T17:24:33.714-0500: 446.169: [GC
Desired survivor size 5767168 bytes, new threshold 1 (max 15)
 [PSYoungGen: 692000K->4032K(693760K)] 871602K->183778K(2092032K), 0.0079330 secs] [Times: user=0.07 sys=0.00, real=0.01 secs] 
2014-03-20T17:24:33.722-0500: 446.177: Total time for which application threads were stopped: 0.0090000 seconds
2014-03-20T17:24:34.034-0500: 446.489: [GC
Desired survivor size 5767168 bytes, new threshold 1 (max 15)
 [PSYoungGen: 692160K->4256K(693760K)] 871906K->184138K(2092032K), 0.0076840 secs] [Times: user=0.07 sys=0.00, real=0.01 secs] 
2014-03-20T17:24:34.042-0500: 446.497: Total time for which application threads were stopped: 0.0089420 seconds
2014-03-20T17:24:34.359-0500: 446.814: [GC
Desired survivor size 5767168 bytes, new threshold 1 (max 15)
 [PSYoungGen: 692384K->4320K(693760K)] 872266K->184338K(2092032K), 0.0079480 secs] [Times: user=0.08 sys=0.00, real=0.01 secs] 
2014-03-20T17:24:34.367-0500: 446.822: Total time for which application threads were stopped: 0.0092030 seconds
2014-03-20T17:24:34.689-0500: 447.144: [GC
Desired survivor size 6291456 bytes, new threshold 1 (max 15)
 [PSYoungGen: 692448K->4448K(692736K)] 872466K->184610K(2091008K), 0.0078080 secs] [Times: user=0.08 sys=0.01, real=0.01 secs] 
2014-03-20T17:24:34.698-0500: 447.152: Total time for which application threads were stopped: 0.0091640 seconds
2014-03-20T17:24:35.358-0500: 447.813: [GC
Desired survivor size 6291456 bytes, new threshold 1 (max 15)
 [PSYoungGen: 692576K->4608K(693248K)] 872738K->184914K(2091520K), 0.0100260 secs] [Times: user=0.07 sys=0.00, real=0.01 secs] 
2014-03-20T17:24:35.369-0500: 447.823: Total time for which application threads were stopped: 0.0111400 seconds
2014-03-20T17:24:35.808-0500: 448.263: [GC
Desired survivor size 6291456 bytes, new threshold 1 (max 15)
 [PSYoungGen: 691712K->4672K(693248K)] 872018K->185114K(2091520K), 0.0085740 secs] [Times: user=0.07 sys=0.00, real=0.01 secs] 
2014-03-20T17:24:35.817-0500: 448.271: Total time for which application threads were stopped: 0.0094890 seconds
2014-03-20T17:24:36.309-0500: 448.763: [GC
Desired survivor size 6291456 bytes, new threshold 1 (max 15)
 [PSYoungGen: 691776K->4800K(693248K)] 872218K->185386K(2091520K), 0.0074900 secs] [Times: user=0.07 sys=0.01, real=0.01 secs] 
2014-03-20T17:24:36.316-0500: 448.771: Total time for which application threads were stopped: 0.0086050 seconds
2014-03-20T17:24:36.798-0500: 449.253: [GC
Desired survivor size 6815744 bytes, new threshold 1 (max 15)
 [PSYoungGen: 691904K->4928K(692224K)] 872490K->185650K(2090496K), 0.0080330 secs] [Times: user=0.07 sys=0.00, real=0.01 secs] 
2014-03-20T17:24:36.807-0500: 449.262: Total time for which application threads were stopped: 0.0091500 seconds
2014-03-20T17:24:37.294-0500: 449.749: [GC
Desired survivor size 6815744 bytes, new threshold 1 (max 15)
 [PSYoungGen: 692032K->5056K(692736K)] 872754K->185922K(2091008K), 0.0090890 secs] [Times: user=0.07 sys=0.00, real=0.01 secs] 
2014-03-20T17:24:37.304-0500: 449.758: Total time for which application threads were stopped: 0.0103590 seconds
2014-03-20T17:24:37.754-0500: 450.209: [GC
Desired survivor size 6815744 bytes, new threshold 1 (max 15)
 [PSYoungGen: 691136K->5120K(692736K)] 872002K->186114K(2091008K), 0.0077920 secs] [Times: user=0.08 sys=0.00, real=0.01 secs] 
2014-03-20T17:24:37.762-0500: 450.217: Total time for which application threads were stopped: 0.0087450 seconds
2014-03-20T17:24:38.195-0500: 450.650: [GC
Desired survivor size 7340032 bytes, new threshold 1 (max 15)
 [PSYoungGen: 691200K->5312K(691712K)] 872194K->186442K(2089984K), 0.0075580 secs] [Times: user=0.06 sys=0.00, real=0.01 secs] 
2014-03-20T17:24:38.203-0500: 450.658: Total time for which application threads were stopped: 0.0087990 seconds
2014-03-20T17:24:38.652-0500: 451.106: [GC
Desired survivor size 7340032 bytes, new threshold 1 (max 15)
 [PSYoungGen: 690368K->5408K(692224K)] 871498K->186682K(2090496K), 0.0078300 secs] [Times: user=0.08 sys=0.00, real=0.01 secs] 
2014-03-20T17:24:38.660-0500: 451.114: Total time for which application threads were stopped: 0.0087990 seconds
2014-03-20T17:24:38.970-0500: 451.425: Total time for which application threads were stopped: 0.0007720 seconds
2014-03-20T17:24:39.130-0500: 451.584: [GC
Desired survivor size 7340032 bytes, new threshold 1 (max 15)
 [PSYoungGen: 690464K->5472K(692224K)] 871738K->186882K(2090496K), 0.0074120 secs] [Times: user=0.06 sys=0.00, real=0.01 secs] 
2014-03-20T17:24:39.137-0500: 451.592: Total time for which application threads were stopped: 0.0084400 seconds
2014-03-20T17:24:39.605-0500: 452.060: [GC
Desired survivor size 7340032 bytes, new threshold 1 (max 15)
 [PSYoungGen: 690528K->5472K(692224K)] 871938K->187018K(2090496K), 0.0077240 secs] [Times: user=0.07 sys=0.00, real=0.01 secs] 
2014-03-20T17:24:39.613-0500: 452.068: Total time for which application threads were stopped: 0.0088600 seconds
2014-03-20T17:24:40.049-0500: 452.504: [GC
Desired survivor size 7864320 bytes, new threshold 1 (max 15)
 [PSYoungGen: 690528K->5600K(691200K)] 872074K->187282K(2089472K), 0.0102330 secs] [Times: user=0.07 sys=0.00, real=0.01 secs] 
2014-03-20T17:24:40.059-0500: 452.514: Total time for which application threads were stopped: 0.0112220 seconds
2014-03-20T17:24:40.507-0500: 452.962: [GC
Desired survivor size 7864320 bytes, new threshold 1 (max 15)
 [PSYoungGen: 689632K->5696K(691712K)] 871314K->187514K(2089984K), 0.0076490 secs] [Times: user=0.07 sys=0.00, real=0.01 secs] 
2014-03-20T17:24:40.515-0500: 452.969: Total time for which application threads were stopped: 0.0086800 seconds
2014-03-20T17:24:40.978-0500: 453.433: [GC
Desired survivor size 7864320 bytes, new threshold 1 (max 15)
 [PSYoungGen: 689728K->5760K(691712K)] 871546K->187722K(2089984K), 0.0078410 secs] [Times: user=0.07 sys=0.00, real=0.01 secs] 
2014-03-20T17:24:40.987-0500: 453.441: Total time for which application threads were stopped: 0.0089660 seconds
2014-03-20T17:24:41.399-0500: 453.854: [GC
Desired survivor size 7864320 bytes, new threshold 1 (max 15)
 [PSYoungGen: 689792K->5856K(691712K)] 871754K->187962K(2089984K), 0.0077390 secs] [Times: user=0.08 sys=0.01, real=0.01 secs] 
2014-03-20T17:24:41.407-0500: 453.862: Total time for which application threads were stopped: 0.0090330 seconds
2014-03-20T17:24:41.861-0500: 454.315: [GC
Desired survivor size 8388608 bytes, new threshold 1 (max 15)
 [PSYoungGen: 689888K->2080K(690688K)] 871994K->184322K(2088960K), 0.0073540 secs] [Times: user=0.07 sys=0.01, real=0.01 secs] 
2014-03-20T17:24:41.868-0500: 454.323: Total time for which application threads were stopped: 0.0082870 seconds
2014-03-20T17:24:42.295-0500: 454.749: [GC
Desired survivor size 8388608 bytes, new threshold 1 (max 15)
 [PSYoungGen: 685088K->2016K(691200K)] 867330K->184394K(2089472K), 0.0093240 secs] [Times: user=0.06 sys=0.00, real=0.01 secs] 
2014-03-20T17:24:42.304-0500: 454.759: Total time for which application threads were stopped: 0.0104550 seconds
2014-03-20T17:24:42.738-0500: 455.193: [GC
Desired survivor size 8388608 bytes, new threshold 1 (max 15)
 [PSYoungGen: 685024K->2144K(691200K)] 867402K->184666K(2089472K), 0.0073020 secs] [Times: user=0.06 sys=0.00, real=0.01 secs] 
2014-03-20T17:24:42.746-0500: 455.200: Total time for which application threads were stopped: 0.0082950 seconds
2014-03-20T17:24:43.286-0500: 455.741: [GC
Desired survivor size 8388608 bytes, new threshold 1 (max 15)
 [PSYoungGen: 685152K->2176K(691200K)] 867674K->184842K(2089472K), 0.0099220 secs] [Times: user=0.08 sys=0.00, real=0.01 secs] 
2014-03-20T17:24:43.296-0500: 455.751: Total time for which application threads were stopped: 0.0108710 seconds
2014-03-20T17:24:43.748-0500: 456.203: [GC
Desired survivor size 8388608 bytes, new threshold 1 (max 15)
 [PSYoungGen: 685184K->2304K(691200K)] 867850K->185114K(2089472K), 0.0079820 secs] [Times: user=0.07 sys=0.00, real=0.01 secs] 
2014-03-20T17:24:43.757-0500: 456.211: Total time for which application threads were stopped: 0.0089490 seconds
2014-03-20T17:24:44.244-0500: 456.698: [GC
Desired survivor size 8388608 bytes, new threshold 1 (max 15)
 [PSYoungGen: 685312K->2176K(691200K)] 868122K->185122K(2089472K), 0.0072830 secs] [Times: user=0.07 sys=0.00, real=0.00 secs] 
2014-03-20T17:24:44.251-0500: 456.706: Total time for which application threads were stopped: 0.0082760 seconds
2014-03-20T17:24:44.711-0500: 457.166: [GC
Desired survivor size 7864320 bytes, new threshold 1 (max 15)
 [PSYoungGen: 685184K->2336K(691712K)] 868130K->185426K(2089984K), 0.0074290 secs] [Times: user=0.06 sys=0.00, real=0.01 secs] 
2014-03-20T17:24:44.719-0500: 457.173: Total time for which application threads were stopped: 0.0084410 seconds
2014-03-20T17:24:45.168-0500: 457.623: [GC
Desired survivor size 7864320 bytes, new threshold 1 (max 15)
 [PSYoungGen: 685856K->2464K(691200K)] 868946K->185698K(2089472K), 0.0082510 secs] [Times: user=0.07 sys=0.00, real=0.01 secs] 
2014-03-20T17:24:45.176-0500: 457.631: Total time for which application threads were stopped: 0.0095020 seconds
2014-03-20T17:24:45.605-0500: 458.060: [GC
Desired survivor size 7340032 bytes, new threshold 1 (max 15)
 [PSYoungGen: 685984K->2432K(692224K)] 869218K->185802K(2090496K), 0.0077590 secs] [Times: user=0.07 sys=0.00, real=0.00 secs] 
2014-03-20T17:24:45.613-0500: 458.068: Total time for which application threads were stopped: 0.0086850 seconds
2014-03-20T17:24:46.062-0500: 458.517: [GC
Desired survivor size 7340032 bytes, new threshold 1 (max 15)
 [PSYoungGen: 686976K->2560K(691712K)] 870346K->186066K(2089984K), 0.0078840 secs] [Times: user=0.07 sys=0.00, real=0.01 secs] 
2014-03-20T17:24:46.070-0500: 458.525: Total time for which application threads were stopped: 0.0089270 seconds
2014-03-20T17:24:46.505-0500: 458.959: [GC
Desired survivor size 6815744 bytes, new threshold 1 (max 15)
 [PSYoungGen: 687104K->2624K(692736K)] 870610K->186266K(2091008K), 0.0081130 secs] [Times: user=0.07 sys=0.01, real=0.00 secs] 
2014-03-20T17:24:46.513-0500: 458.968: Total time for which application threads were stopped: 0.0091320 seconds
2014-03-20T17:24:47.005-0500: 459.460: [GC
Desired survivor size 6815744 bytes, new threshold 1 (max 15)
 [PSYoungGen: 688192K->2688K(692224K)] 871834K->186466K(2090496K), 0.0078380 secs] [Times: user=0.07 sys=0.00, real=0.00 secs] 
2014-03-20T17:24:47.013-0500: 459.468: Total time for which application threads were stopped: 0.0088470 seconds
2014-03-20T17:24:47.482-0500: 459.937: [GC
Desired survivor size 6291456 bytes, new threshold 1 (max 15)
 [PSYoungGen: 688256K->2752K(693248K)] 872034K->186634K(2091520K), 0.0159850 secs] [Times: user=0.11 sys=0.00, real=0.02 secs] 
2014-03-20T17:24:47.498-0500: 459.953: Total time for which application threads were stopped: 0.0171680 seconds
2014-03-20T17:24:47.960-0500: 460.415: [GC
Desired survivor size 6291456 bytes, new threshold 1 (max 15)
 [PSYoungGen: 689344K->2880K(692736K)] 873226K->186898K(2091008K), 0.0069640 secs] [Times: user=0.06 sys=0.00, real=0.01 secs] 
2014-03-20T17:24:47.968-0500: 460.422: Total time for which application threads were stopped: 0.0080210 seconds
2014-03-20T17:24:48.388-0500: 460.843: [GC
Desired survivor size 5767168 bytes, new threshold 1 (max 15)
 [PSYoungGen: 689472K->3040K(693760K)] 873490K->187202K(2092032K), 0.0077460 secs] [Times: user=0.07 sys=0.00, real=0.01 secs] 
2014-03-20T17:24:48.396-0500: 460.851: Total time for which application threads were stopped: 0.0086200 seconds
2014-03-20T17:24:48.844-0500: 461.299: [GC
Desired survivor size 5767168 bytes, new threshold 1 (max 15)
 [PSYoungGen: 690656K->3136K(693248K)] 874818K->187442K(2091520K), 0.0070770 secs] [Times: user=0.07 sys=0.01, real=0.01 secs] 
2014-03-20T17:24:48.851-0500: 461.306: Total time for which application threads were stopped: 0.0081690 seconds
2014-03-20T17:24:49.284-0500: 461.739: [GC
Desired survivor size 5767168 bytes, new threshold 1 (max 15)
 [PSYoungGen: 690752K->3296K(693760K)] 875058K->187730K(2092032K), 0.0077570 secs] [Times: user=0.07 sys=0.00, real=0.00 secs] 
2014-03-20T17:24:49.292-0500: 461.747: Total time for which application threads were stopped: 0.0086920 seconds
2014-03-20T17:24:49.747-0500: 462.202: [GC
Desired survivor size 5242880 bytes, new threshold 1 (max 15)
 [PSYoungGen: 691424K->3456K(693760K)] 875858K->188050K(2092032K), 0.0079100 secs] [Times: user=0.07 sys=0.00, real=0.01 secs] 
2014-03-20T17:24:49.755-0500: 462.210: Total time for which application threads were stopped: 0.0091080 seconds
2014-03-20T17:24:50.192-0500: 462.647: [GC
Desired survivor size 5242880 bytes, new threshold 1 (max 15)
 [PSYoungGen: 691584K->3584K(694272K)] 876178K->188314K(2092544K), 0.0078970 secs] [Times: user=0.07 sys=0.00, real=0.01 secs] 
2014-03-20T17:24:50.200-0500: 462.655: Total time for which application threads were stopped: 0.0089770 seconds
2014-03-20T17:24:50.651-0500: 463.106: [GC
Desired survivor size 5242880 bytes, new threshold 1 (max 15)
 [PSYoungGen: 692736K->3712K(694272K)] 877466K->188586K(2092544K), 0.0080400 secs] [Times: user=0.07 sys=0.01, real=0.01 secs] 
2014-03-20T17:24:50.659-0500: 463.114: Total time for which application threads were stopped: 0.0091670 seconds
2014-03-20T17:24:51.195-0500: 463.650: [GC
Desired survivor size 5767168 bytes, new threshold 1 (max 15)
 [PSYoungGen: 692864K->3872K(693248K)] 877738K->188890K(2091520K), 0.0082820 secs] [Times: user=0.08 sys=0.00, real=0.00 secs] 
2014-03-20T17:24:51.204-0500: 463.659: Total time for which application threads were stopped: 0.0092860 seconds
2014-03-20T17:24:51.660-0500: 464.115: [GC
Desired survivor size 5767168 bytes, new threshold 1 (max 15)
 [PSYoungGen: 692000K->4032K(693760K)] 877018K->189186K(2092032K), 0.0088870 secs] [Times: user=0.07 sys=0.00, real=0.01 secs] 
2014-03-20T17:24:51.669-0500: 464.124: Total time for which application threads were stopped: 0.0152710 seconds
2014-03-20T17:24:52.156-0500: 464.611: [GC
Desired survivor size 5767168 bytes, new threshold 1 (max 15)
 [PSYoungGen: 692160K->4192K(693760K)] 877314K->189482K(2092032K), 0.0083080 secs] [Times: user=0.07 sys=0.00, real=0.01 secs] 
2014-03-20T17:24:52.165-0500: 464.620: Total time for which application threads were stopped: 0.0093510 seconds
2014-03-20T17:24:52.616-0500: 465.071: [GC
Desired survivor size 5767168 bytes, new threshold 1 (max 15)
 [PSYoungGen: 692320K->4320K(693760K)] 877610K->189746K(2092032K), 0.0078790 secs] [Times: user=0.07 sys=0.00, real=0.00 secs] 
2014-03-20T17:24:52.624-0500: 465.079: Total time for which application threads were stopped: 0.0089040 seconds
2014-03-20T17:24:53.053-0500: 465.507: [GC
Desired survivor size 6291456 bytes, new threshold 1 (max 15)
 [PSYoungGen: 692448K->4544K(692736K)] 877874K->190114K(2091008K), 0.0073690 secs] [Times: user=0.07 sys=0.00, real=0.01 secs] 
2014-03-20T17:24:53.060-0500: 465.515: Total time for which application threads were stopped: 0.0084820 seconds
2014-03-20T17:24:53.538-0500: 465.993: [GC
Desired survivor size 6291456 bytes, new threshold 1 (max 15)
 [PSYoungGen: 691648K->4608K(693248K)] 877218K->190274K(2091520K), 0.0090690 secs] [Times: user=0.06 sys=0.01, real=0.01 secs] 
2014-03-20T17:24:53.547-0500: 466.002: Total time for which application threads were stopped: 0.0100380 seconds
2014-03-20T17:24:53.966-0500: 466.421: [GC
Desired survivor size 6291456 bytes, new threshold 1 (max 15)
 [PSYoungGen: 691712K->4704K(693248K)] 877378K->190514K(2091520K), 0.0080950 secs] [Times: user=0.08 sys=0.00, real=0.01 secs] 
2014-03-20T17:24:53.974-0500: 466.429: Total time for which application threads were stopped: 0.0092450 seconds
2014-03-20T17:24:54.417-0500: 466.872: [GC
Desired survivor size 6291456 bytes, new threshold 1 (max 15)
 [PSYoungGen: 691808K->4800K(693248K)] 877618K->190746K(2091520K), 0.0082610 secs] [Times: user=0.08 sys=0.00, real=0.01 secs] 
2014-03-20T17:24:54.425-0500: 466.880: Total time for which application threads were stopped: 0.0094390 seconds
2014-03-20T17:24:54.877-0500: 467.332: [GC
Desired survivor size 6815744 bytes, new threshold 1 (max 15)
 [PSYoungGen: 691904K->4928K(692224K)] 877850K->191018K(2090496K), 0.0084740 secs] [Times: user=0.08 sys=0.00, real=0.01 secs] 
2014-03-20T17:24:54.886-0500: 467.340: Total time for which application threads were stopped: 0.0097380 seconds
2014-03-20T17:24:55.358-0500: 467.812: [GC
Desired survivor size 6815744 bytes, new threshold 1 (max 15)
 [PSYoungGen: 691008K->5056K(692736K)] 877098K->191290K(2091008K), 0.0083370 secs] [Times: user=0.08 sys=0.00, real=0.01 secs] 
2014-03-20T17:24:55.366-0500: 467.821: Total time for which application threads were stopped: 0.0093410 seconds
2014-03-20T17:24:55.912-0500: 468.367: [GC
Desired survivor size 6815744 bytes, new threshold 1 (max 15)
 [PSYoungGen: 691136K->5152K(692736K)] 877370K->191530K(2091008K), 0.0092840 secs] [Times: user=0.08 sys=0.00, real=0.01 secs] 
2014-03-20T17:24:55.922-0500: 468.377: Total time for which application threads were stopped: 0.0106280 seconds
2014-03-20T17:24:56.331-0500: 468.786: [GC
Desired survivor size 7340032 bytes, new threshold 1 (max 15)
 [PSYoungGen: 691232K->5280K(691712K)] 877610K->191794K(2089984K), 0.0080940 secs] [Times: user=0.08 sys=0.00, real=0.01 secs] 
2014-03-20T17:24:56.340-0500: 468.795: Total time for which application threads were stopped: 0.0092890 seconds
2014-03-20T17:24:56.752-0500: 469.207: [GC
Desired survivor size 7340032 bytes, new threshold 1 (max 15)
 [PSYoungGen: 691360K->5376K(692224K)] 877874K->192034K(2090496K), 0.0085070 secs] [Times: user=0.08 sys=0.00, real=0.01 secs] 
2014-03-20T17:24:56.761-0500: 469.215: Total time for which application threads were stopped: 0.0098760 seconds
2014-03-20T17:24:57.234-0500: 469.689: [GC
Desired survivor size 7340032 bytes, new threshold 1 (max 15)
 [PSYoungGen: 690432K->5472K(692224K)] 877090K->192266K(2090496K), 0.0081670 secs] [Times: user=0.07 sys=0.01, real=0.01 secs] 
2014-03-20T17:24:57.242-0500: 469.697: Total time for which application threads were stopped: 0.0091870 seconds
2014-03-20T17:24:57.655-0500: 470.109: [GC
Desired survivor size 7340032 bytes, new threshold 1 (max 15)
 [PSYoungGen: 690528K->5536K(692224K)] 877322K->192466K(2090496K), 0.0082350 secs] [Times: user=0.08 sys=0.00, real=0.01 secs] 
2014-03-20T17:24:57.663-0500: 470.118: Total time for which application threads were stopped: 0.0095030 seconds
2014-03-20T17:24:58.182-0500: 470.636: [GC
Desired survivor size 7864320 bytes, new threshold 1 (max 15)
 [PSYoungGen: 690592K->5664K(691200K)] 877522K->192730K(2089472K), 0.0082910 secs] [Times: user=0.07 sys=0.00, real=0.01 secs] 
2014-03-20T17:24:58.190-0500: 470.645: Total time for which application threads were stopped: 0.0094870 seconds
2014-03-20T17:24:58.598-0500: 471.053: [GC
Desired survivor size 7864320 bytes, new threshold 1 (max 15)
 [PSYoungGen: 690720K->5760K(691712K)] 877786K->192970K(2089984K), 0.0086150 secs] [Times: user=0.06 sys=0.00, real=0.01 secs] 
2014-03-20T17:24:58.607-0500: 471.062: Total time for which application threads were stopped: 0.0097850 seconds
2014-03-20T17:24:59.005-0500: 471.460: [GC
Desired survivor size 7864320 bytes, new threshold 1 (max 15)
 [PSYoungGen: 689792K->5856K(691712K)] 877002K->193194K(2089984K), 0.0087130 secs] [Times: user=0.08 sys=0.00, real=0.00 secs] 
2014-03-20T17:24:59.014-0500: 471.469: Total time for which application threads were stopped: 0.0100000 seconds
2014-03-20T17:24:59.544-0500: 471.998: [GC
Desired survivor size 7864320 bytes, new threshold 1 (max 15)
 [PSYoungGen: 689888K->6016K(691712K)] 877226K->193474K(2089984K), 0.0120250 secs] [Times: user=0.08 sys=0.00, real=0.02 secs] 
2014-03-20T17:24:59.556-0500: 472.011: Total time for which application threads were stopped: 0.0132560 seconds
2014-03-20T17:25:00.048-0500: 472.503: [GC
Desired survivor size 8388608 bytes, new threshold 1 (max 15)
 [PSYoungGen: 690048K->2144K(686592K)] 877506K->189746K(2084864K), 0.0084050 secs] [Times: user=0.07 sys=0.00, real=0.01 secs] 
2014-03-20T17:25:00.057-0500: 472.512: Total time for which application threads were stopped: 0.0096930 seconds
2014-03-20T17:25:00.428-0500: 472.883: [GC
Desired survivor size 8388608 bytes, new threshold 1 (max 15)
 [PSYoungGen: 686176K->2144K(691200K)] 873778K->189922K(2089472K), 0.0082880 secs] [Times: user=0.07 sys=0.00, real=0.01 secs] 
2014-03-20T17:25:00.436-0500: 472.891: Total time for which application threads were stopped: 0.0092530 seconds
2014-03-20T17:25:00.967-0500: 473.422: [GC
Desired survivor size 8388608 bytes, new threshold 1 (max 15)
 [PSYoungGen: 685152K->2240K(691200K)] 872930K->190154K(2089472K), 0.0094020 secs] [Times: user=0.07 sys=0.00, real=0.01 secs] 
2014-03-20T17:25:00.977-0500: 473.432: Total time for which application threads were stopped: 0.0105820 seconds
2014-03-20T17:25:01.459-0500: 473.914: [GC
Desired survivor size 8388608 bytes, new threshold 1 (max 15)
 [PSYoungGen: 685248K->2272K(691200K)] 873162K->190314K(2089472K), 0.0084910 secs] [Times: user=0.08 sys=0.00, real=0.01 secs] 
2014-03-20T17:25:01.468-0500: 473.923: Total time for which application threads were stopped: 0.0094900 seconds
2014-03-20T17:25:01.901-0500: 474.356: [GC
Desired survivor size 8388608 bytes, new threshold 1 (max 15)
 [PSYoungGen: 685280K->2208K(691200K)] 873322K->190386K(2089472K), 0.0079000 secs] [Times: user=0.07 sys=0.00, real=0.01 secs] 
2014-03-20T17:25:01.910-0500: 474.364: Total time for which application threads were stopped: 0.0090680 seconds
2014-03-20T17:25:02.346-0500: 474.801: [GC
Desired survivor size 8388608 bytes, new threshold 1 (max 15)
 [PSYoungGen: 685216K->2400K(691200K)] 873394K->190714K(2089472K), 0.0079510 secs] [Times: user=0.07 sys=0.00, real=0.01 secs] 
2014-03-20T17:25:02.354-0500: 474.809: Total time for which application threads were stopped: 0.0088910 seconds
2014-03-20T17:25:02.761-0500: 475.216: [GC
Desired survivor size 7864320 bytes, new threshold 1 (max 15)
 [PSYoungGen: 685408K->2400K(691200K)] 873722K->190850K(2089472K), 0.0082040 secs] [Times: user=0.07 sys=0.00, real=0.01 secs] 
2014-03-20T17:25:02.770-0500: 475.224: Total time for which application threads were stopped: 0.0095030 seconds
2014-03-20T17:25:03.096-0500: 475.550: [GC
Desired survivor size 7864320 bytes, new threshold 1 (max 15)
 [PSYoungGen: 685408K->2496K(691712K)] 873858K->191090K(2089984K), 0.0079680 secs] [Times: user=0.07 sys=0.00, real=0.01 secs] 
2014-03-20T17:25:03.104-0500: 475.559: Total time for which application threads were stopped: 0.0091640 seconds
2014-03-20T17:25:03.609-0500: 476.064: [GC
Desired survivor size 7340032 bytes, new threshold 1 (max 15)
 [PSYoungGen: 686528K->2560K(691712K)] 875122K->191290K(2089984K), 0.0080290 secs] [Times: user=0.08 sys=0.00, real=0.01 secs] 
2014-03-20T17:25:03.618-0500: 476.072: Total time for which application threads were stopped: 0.0092350 seconds
2014-03-20T17:25:03.978-0500: 476.433: [GC
Desired survivor size 7340032 bytes, new threshold 1 (max 15)
 [PSYoungGen: 686592K->2560K(692224K)] 875322K->191418K(2090496K), 0.0082160 secs] [Times: user=0.07 sys=0.00, real=0.01 secs] 
2014-03-20T17:25:03.987-0500: 476.442: Total time for which application threads were stopped: 0.0092090 seconds
2014-03-20T17:25:04.457-0500: 476.912: [GC
Desired survivor size 7340032 bytes, new threshold 1 (max 15)
 [PSYoungGen: 687616K->2528K(692224K)] 876474K->191530K(2090496K), 0.0078730 secs] [Times: user=0.06 sys=0.00, real=0.00 secs] 
2014-03-20T17:25:04.465-0500: 476.920: Total time for which application threads were stopped: 0.0089960 seconds
2014-03-20T17:25:04.876-0500: 477.331: [GC
Desired survivor size 6815744 bytes, new threshold 1 (max 15)
 [PSYoungGen: 687584K->2816K(692736K)] 876586K->191954K(2091008K), 0.0080510 secs] [Times: user=0.08 sys=0.00, real=0.00 secs] 
2014-03-20T17:25:04.885-0500: 477.339: Total time for which application threads were stopped: 0.0093440 seconds
2014-03-20T17:25:05.256-0500: 477.711: [GC
Desired survivor size 6815744 bytes, new threshold 1 (max 15)
 [PSYoungGen: 688384K->2848K(692224K)] 877522K->192122K(2090496K), 0.0079530 secs] [Times: user=0.07 sys=0.00, real=0.00 secs] 
2014-03-20T17:25:05.265-0500: 477.719: Total time for which application threads were stopped: 0.0091930 seconds
2014-03-20T17:25:05.653-0500: 478.108: [GC
Desired survivor size 6291456 bytes, new threshold 1 (max 15)
 [PSYoungGen: 688416K->2976K(693248K)] 877690K->192386K(2091520K), 0.0081170 secs] [Times: user=0.07 sys=0.00, real=0.01 secs] 
2014-03-20T17:25:05.662-0500: 478.116: Total time for which application threads were stopped: 0.0090950 seconds
2014-03-20T17:25:06.148-0500: 478.603: [GC
Desired survivor size 5767168 bytes, new threshold 1 (max 15)
 [PSYoungGen: 689568K->3072K(692736K)] 878978K->192626K(2091008K), 0.0084950 secs] [Times: user=0.08 sys=0.01, real=0.01 secs] 
2014-03-20T17:25:06.157-0500: 478.611: Total time for which application threads were stopped: 0.0097120 seconds
2014-03-20T17:25:06.549-0500: 479.003: [GC
Desired survivor size 5767168 bytes, new threshold 1 (max 15)
 [PSYoungGen: 689664K->3168K(693760K)] 879218K->192866K(2092032K), 0.0080480 secs] [Times: user=0.07 sys=0.00, real=0.01 secs] 
2014-03-20T17:25:06.557-0500: 479.012: Total time for which application threads were stopped: 0.0090050 seconds
2014-03-20T17:25:07.053-0500: 479.507: [GC
Desired survivor size 5767168 bytes, new threshold 1 (max 15)
 [PSYoungGen: 691296K->3264K(693760K)] 880994K->193098K(2092032K), 0.0124200 secs] [Times: user=0.06 sys=0.01, real=0.01 secs] 
2014-03-20T17:25:07.065-0500: 479.520: Total time for which application threads were stopped: 0.0136140 seconds
2014-03-20T17:25:07.436-0500: 479.891: [GC
Desired survivor size 5242880 bytes, new threshold 1 (max 15)
 [PSYoungGen: 691392K->3424K(694272K)] 881226K->193402K(2092544K), 0.0083430 secs] [Times: user=0.08 sys=0.00, real=0.01 secs] 
2014-03-20T17:25:07.444-0500: 479.899: Total time for which application threads were stopped: 0.0095260 seconds
2014-03-20T17:25:07.907-0500: 480.362: [GC
Desired survivor size 5242880 bytes, new threshold 1 (max 15)
 [PSYoungGen: 692064K->3616K(693760K)] 882042K->193730K(2092032K), 0.0082150 secs] [Times: user=0.08 sys=0.00, real=0.00 secs] 
2014-03-20T17:25:07.916-0500: 480.370: Total time for which application threads were stopped: 0.0094090 seconds
2014-03-20T17:25:08.433-0500: 480.888: [GC
Desired survivor size 5242880 bytes, new threshold 1 (max 15)
 [PSYoungGen: 692256K->3776K(694272K)] 882370K->194034K(2092544K), 0.0081620 secs] [Times: user=0.07 sys=0.00, real=0.01 secs] 
2014-03-20T17:25:08.442-0500: 480.897: Total time for which application threads were stopped: 0.0095740 seconds
2014-03-20T17:25:08.869-0500: 481.324: [GC
Desired survivor size 5767168 bytes, new threshold 1 (max 15)
 [PSYoungGen: 692928K->3936K(693248K)] 883186K->194338K(2091520K), 0.0083190 secs] [Times: user=0.08 sys=0.00, real=0.01 secs] 
2014-03-20T17:25:08.878-0500: 481.332: Total time for which application threads were stopped: 0.0093770 seconds
2014-03-20T17:25:09.380-0500: 481.834: [GC
Desired survivor size 5767168 bytes, new threshold 1 (max 15)
 [PSYoungGen: 693088K->4128K(693760K)] 883490K->194666K(2092032K), 0.0086850 secs] [Times: user=0.08 sys=0.00, real=0.01 secs] 
2014-03-20T17:25:09.389-0500: 481.843: Total time for which application threads were stopped: 0.0098900 seconds
2014-03-20T17:25:09.817-0500: 482.272: [GC
Desired survivor size 5767168 bytes, new threshold 1 (max 15)
 [PSYoungGen: 692256K->4192K(693760K)] 882794K->194866K(2092032K), 0.0082820 secs] [Times: user=0.08 sys=0.00, real=0.01 secs] 
2014-03-20T17:25:09.825-0500: 482.280: Total time for which application threads were stopped: 0.0093930 seconds
2014-03-20T17:25:10.301-0500: 482.756: [GC
Desired survivor size 5767168 bytes, new threshold 1 (max 15)
 [PSYoungGen: 692320K->4716K(693760K)] 882994K->195526K(2092032K), 0.0083220 secs] [Times: user=0.07 sys=0.00, real=0.01 secs] 
2014-03-20T17:25:10.310-0500: 482.764: Total time for which application threads were stopped: 0.0094320 seconds
2014-03-20T17:25:10.777-0500: 483.232: [GC
Desired survivor size 6291456 bytes, new threshold 1 (max 15)
 [PSYoungGen: 692844K->4512K(692736K)] 883654K->195466K(2091008K), 0.0085530 secs] [Times: user=0.08 sys=0.00, real=0.00 secs] 
2014-03-20T17:25:10.786-0500: 483.241: Total time for which application threads were stopped: 0.0095560 seconds
2014-03-20T17:25:11.279-0500: 483.734: [GC
Desired survivor size 6291456 bytes, new threshold 1 (max 15)
 [PSYoungGen: 692640K->4608K(693248K)] 883594K->195698K(2091520K), 0.0075990 secs] [Times: user=0.06 sys=0.00, real=0.00 secs] 
2014-03-20T17:25:11.287-0500: 483.742: Total time for which application threads were stopped: 0.0088570 seconds
2014-03-20T17:25:11.775-0500: 484.230: [GC
Desired survivor size 6291456 bytes, new threshold 1 (max 15)
 [PSYoungGen: 691712K->4672K(693248K)] 882802K->195898K(2091520K), 0.0085370 secs] [Times: user=0.08 sys=0.00, real=0.01 secs] 
2014-03-20T17:25:11.784-0500: 484.239: Total time for which application threads were stopped: 0.0096460 seconds
2014-03-20T17:25:12.190-0500: 484.645: [GC
Desired survivor size 6291456 bytes, new threshold 1 (max 15)
 [PSYoungGen: 691776K->4832K(693248K)] 883002K->196202K(2091520K), 0.0081740 secs] [Times: user=0.08 sys=0.00, real=0.01 secs] 
2014-03-20T17:25:12.198-0500: 484.653: Total time for which application threads were stopped: 0.0093250 seconds
2014-03-20T17:25:12.655-0500: 485.109: [GC
Desired survivor size 6815744 bytes, new threshold 1 (max 15)
 [PSYoungGen: 691936K->4864K(692224K)] 883306K->196370K(2090496K), 0.0079070 secs] [Times: user=0.07 sys=0.00, real=0.01 secs] 
2014-03-20T17:25:12.663-0500: 485.117: Total time for which application threads were stopped: 0.0090200 seconds
2014-03-20T17:25:13.080-0500: 485.535: [GC
Desired survivor size 6815744 bytes, new threshold 1 (max 15)
 [PSYoungGen: 691968K->5088K(692736K)] 883474K->196738K(2091008K), 0.0082440 secs] [Times: user=0.07 sys=0.00, real=0.01 secs] 
2014-03-20T17:25:13.088-0500: 485.543: Total time for which application threads were stopped: 0.0095140 seconds
2014-03-20T17:25:13.562-0500: 486.016: [GC
Desired survivor size 6815744 bytes, new threshold 1 (max 15)
 [PSYoungGen: 691168K->5280K(692736K)] 882818K->197066K(2091008K), 0.0082420 secs] [Times: user=0.08 sys=0.00, real=0.01 secs] 
2014-03-20T17:25:13.570-0500: 486.025: Total time for which application threads were stopped: 0.0126310 seconds
2014-03-20T17:25:14.027-0500: 486.482: [GC
Desired survivor size 7340032 bytes, new threshold 1 (max 15)
 [PSYoungGen: 691360K->5248K(691712K)] 883146K->197170K(2089984K), 0.0085650 secs] [Times: user=0.08 sys=0.00, real=0.00 secs] 
2014-03-20T17:25:14.036-0500: 486.491: Total time for which application threads were stopped: 0.0099380 seconds
2014-03-20T17:25:14.476-0500: 486.930: [GC
Desired survivor size 7340032 bytes, new threshold 1 (max 15)
 [PSYoungGen: 690304K->5344K(692224K)] 882226K->197402K(2090496K), 0.0079770 secs] [Times: user=0.07 sys=0.00, real=0.01 secs] 
2014-03-20T17:25:14.484-0500: 486.938: Total time for which application threads were stopped: 0.0091820 seconds
2014-03-20T17:25:14.994-0500: 487.449: [GC
Desired survivor size 7340032 bytes, new threshold 1 (max 15)
 [PSYoungGen: 690400K->5472K(692224K)] 882458K->197674K(2090496K), 0.0085730 secs] [Times: user=0.07 sys=0.00, real=0.01 secs] 
2014-03-20T17:25:15.003-0500: 487.458: Total time for which application threads were stopped: 0.0097940 seconds
2014-03-20T17:25:15.436-0500: 487.891: [GC
Desired survivor size 7340032 bytes, new threshold 1 (max 15)
 [PSYoungGen: 690528K->5504K(692224K)] 882730K->197850K(2090496K), 0.0080260 secs] [Times: user=0.07 sys=0.00, real=0.01 secs] 
2014-03-20T17:25:15.444-0500: 487.899: Total time for which application threads were stopped: 0.0089530 seconds
2014-03-20T17:25:15.911-0500: 488.366: [GC
Desired survivor size 7864320 bytes, new threshold 1 (max 15)
 [PSYoungGen: 690560K->5632K(691200K)] 882906K->198114K(2089472K), 0.0081210 secs] [Times: user=0.06 sys=0.00, real=0.01 secs] 
2014-03-20T17:25:15.919-0500: 488.374: Total time for which application threads were stopped: 0.0093920 seconds
2014-03-20T17:25:16.358-0500: 488.812: [GC
Desired survivor size 7864320 bytes, new threshold 1 (max 15)
 [PSYoungGen: 689664K->5664K(691712K)] 882146K->198290K(2089984K), 0.0082030 secs] [Times: user=0.08 sys=0.01, real=0.01 secs] 
2014-03-20T17:25:16.366-0500: 488.821: Total time for which application threads were stopped: 0.0094460 seconds
2014-03-20T17:25:16.919-0500: 489.374: [GC
Desired survivor size 7864320 bytes, new threshold 1 (max 15)
 [PSYoungGen: 689696K->5696K(691712K)] 882322K->198466K(2089984K), 0.0089640 secs] [Times: user=0.08 sys=0.00, real=0.01 secs] 
2014-03-20T17:25:16.929-0500: 489.383: Total time for which application threads were stopped: 0.0102960 seconds
2014-03-20T17:25:17.393-0500: 489.848: [GC
Desired survivor size 7864320 bytes, new threshold 1 (max 15)
 [PSYoungGen: 689728K->5760K(691712K)] 882498K->198674K(2089984K), 0.0089490 secs] [Times: user=0.08 sys=0.00, real=0.01 secs] 
2014-03-20T17:25:17.403-0500: 489.857: Total time for which application threads were stopped: 0.0099720 seconds
2014-03-20T17:25:17.855-0500: 490.309: [GC
Desired survivor size 7864320 bytes, new threshold 1 (max 15)
 [PSYoungGen: 689792K->2144K(691712K)] 882706K->195202K(2089984K), 0.0079310 secs] [Times: user=0.08 sys=0.00, real=0.01 secs] 
2014-03-20T17:25:17.863-0500: 490.317: Total time for which application threads were stopped: 0.0091690 seconds
2014-03-20T17:25:18.348-0500: 490.802: [GC
Desired survivor size 8388608 bytes, new threshold 1 (max 15)
 [PSYoungGen: 686176K->2080K(686592K)] 879234K->195282K(2084864K), 0.0079760 secs] [Times: user=0.07 sys=0.00, real=0.01 secs] 
2014-03-20T17:25:18.356-0500: 490.810: Total time for which application threads were stopped: 0.0090000 seconds
2014-03-20T17:25:18.805-0500: 491.259: [GC
Desired survivor size 8388608 bytes, new threshold 1 (max 15)
 [PSYoungGen: 686112K->2208K(691200K)] 879314K->195554K(2089472K), 0.0080560 secs] [Times: user=0.07 sys=0.01, real=0.01 secs] 
2014-03-20T17:25:18.813-0500: 491.268: Total time for which application threads were stopped: 0.0092430 seconds
2014-03-20T17:25:19.247-0500: 491.702: [GC
Desired survivor size 8388608 bytes, new threshold 1 (max 15)
 [PSYoungGen: 685216K->2272K(691200K)] 878562K->195746K(2089472K), 0.0080040 secs] [Times: user=0.06 sys=0.00, real=0.01 secs] 
2014-03-20T17:25:19.255-0500: 491.710: Total time for which application threads were stopped: 0.0089790 seconds
2014-03-20T17:25:19.695-0500: 492.150: [GC
Desired survivor size 8388608 bytes, new threshold 1 (max 15)
 [PSYoungGen: 685280K->2336K(691200K)] 878754K->195954K(2089472K), 0.0086450 secs] [Times: user=0.08 sys=0.00, real=0.01 secs] 
2014-03-20T17:25:19.704-0500: 492.159: Total time for which application threads were stopped: 0.0098610 seconds
2014-03-20T17:25:20.194-0500: 492.649: [GC
Desired survivor size 7864320 bytes, new threshold 1 (max 15)
 [PSYoungGen: 685344K->2336K(691200K)] 878962K->196098K(2089472K), 0.0082790 secs] [Times: user=0.07 sys=0.00, real=0.01 secs] 
2014-03-20T17:25:20.202-0500: 492.657: Total time for which application threads were stopped: 0.0094420 seconds
2014-03-20T17:25:20.588-0500: 493.043: [GC
Desired survivor size 7864320 bytes, new threshold 1 (max 15)
 [PSYoungGen: 685344K->2432K(691712K)] 879106K->196330K(2089984K), 0.0081910 secs] [Times: user=0.07 sys=0.00, real=0.00 secs] 
2014-03-20T17:25:20.597-0500: 493.051: Total time for which application threads were stopped: 0.0093850 seconds
2014-03-20T17:25:21.015-0500: 493.470: [GC
Desired survivor size 7864320 bytes, new threshold 1 (max 15)
 [PSYoungGen: 686464K->2400K(691712K)] 880362K->196434K(2089984K), 0.0080510 secs] [Times: user=0.07 sys=0.00, real=0.01 secs] 
2014-03-20T17:25:21.023-0500: 493.478: Total time for which application threads were stopped: 0.0090360 seconds
2014-03-20T17:25:21.530-0500: 493.985: [GC
Desired survivor size 7340032 bytes, new threshold 1 (max 15)
 [PSYoungGen: 686432K->2528K(692224K)] 880466K->196690K(2090496K), 0.0098170 secs] [Times: user=0.07 sys=0.00, real=0.01 secs] 
2014-03-20T17:25:21.540-0500: 493.995: Total time for which application threads were stopped: 0.0111440 seconds
2014-03-20T17:25:21.933-0500: 494.388: [GC
Desired survivor size 7340032 bytes, new threshold 1 (max 15)
 [PSYoungGen: 687072K->2656K(691712K)] 881234K->196954K(2089984K), 0.0083300 secs] [Times: user=0.08 sys=0.00, real=0.01 secs] 
2014-03-20T17:25:21.942-0500: 494.397: Total time for which application threads were stopped: 0.0092620 seconds
2014-03-20T17:25:22.401-0500: 494.856: [GC
Desired survivor size 6815744 bytes, new threshold 1 (max 15)
 [PSYoungGen: 687200K->2688K(692736K)] 881498K->197122K(2091008K), 0.0079160 secs] [Times: user=0.07 sys=0.00, real=0.01 secs] 
2014-03-20T17:25:22.409-0500: 494.864: Total time for which application threads were stopped: 0.0092030 seconds
2014-03-20T17:25:22.807-0500: 495.262: [GC
Desired survivor size 6815744 bytes, new threshold 1 (max 15)
 [PSYoungGen: 688256K->2784K(692224K)] 882690K->197362K(2090496K), 0.0084590 secs] [Times: user=0.07 sys=0.01, real=0.01 secs] 
2014-03-20T17:25:22.816-0500: 495.270: Total time for which application threads were stopped: 0.0096160 seconds
2014-03-20T17:25:23.211-0500: 495.666: [GC
Desired survivor size 6291456 bytes, new threshold 1 (max 15)
 [PSYoungGen: 688352K->2816K(693248K)] 882930K->197538K(2091520K), 0.0081450 secs] [Times: user=0.07 sys=0.00, real=0.01 secs] 
2014-03-20T17:25:23.219-0500: 495.674: Total time for which application threads were stopped: 0.0093450 seconds
2014-03-20T17:25:23.745-0500: 496.199: [GC
Desired survivor size 6291456 bytes, new threshold 1 (max 15)
 [PSYoungGen: 689408K->2912K(692736K)] 884130K->197778K(2091008K), 0.0082830 secs] [Times: user=0.07 sys=0.00, real=0.01 secs] 
2014-03-20T17:25:23.753-0500: 496.208: Total time for which application threads were stopped: 0.0094230 seconds
2014-03-20T17:25:24.156-0500: 496.611: [GC
Desired survivor size 5767168 bytes, new threshold 1 (max 15)
 [PSYoungGen: 689504K->3072K(693760K)] 884370K->198082K(2092032K), 0.0081020 secs] [Times: user=0.07 sys=0.01, real=0.01 secs] 
2014-03-20T17:25:24.165-0500: 496.619: Total time for which application threads were stopped: 0.0090040 seconds
2014-03-20T17:25:24.667-0500: 497.122: [GC
Desired survivor size 5767168 bytes, new threshold 1 (max 15)
 [PSYoungGen: 690688K->3168K(693248K)] 885698K->198322K(2091520K), 0.0081380 secs] [Times: user=0.07 sys=0.00, real=0.01 secs] 
2014-03-20T17:25:24.675-0500: 497.130: Total time for which application threads were stopped: 0.0093210 seconds
2014-03-20T17:25:25.065-0500: 497.520: [GC
Desired survivor size 5767168 bytes, new threshold 1 (max 15)
 [PSYoungGen: 690784K->3328K(693760K)] 885938K->198618K(2092032K), 0.0090280 secs] [Times: user=0.08 sys=0.01, real=0.01 secs] 
2014-03-20T17:25:25.074-0500: 497.529: Total time for which application threads were stopped: 0.0102600 seconds
2014-03-20T17:25:25.758-0500: 498.213: [GC
Desired survivor size 5767168 bytes, new threshold 1 (max 15)
 [PSYoungGen: 691456K->3552K(693760K)] 886746K->198986K(2092032K), 0.0086370 secs] [Times: user=0.08 sys=0.00, real=0.01 secs] 
2014-03-20T17:25:25.767-0500: 498.222: Total time for which application threads were stopped: 0.0098680 seconds
2014-03-20T17:25:26.145-0500: 498.599: [GC
Desired survivor size 5242880 bytes, new threshold 1 (max 15)
 [PSYoungGen: 691680K->3616K(694272K)] 887114K->199194K(2092544K), 0.0087940 secs] [Times: user=0.09 sys=0.00, real=0.01 secs] 
2014-03-20T17:25:26.154-0500: 498.608: Total time for which application threads were stopped: 0.0097620 seconds
2014-03-20T17:25:26.835-0500: 499.290: [GC
Desired survivor size 5242880 bytes, new threshold 1 (max 15)
 [PSYoungGen: 692256K->3776K(693760K)] 887834K->199490K(2092032K), 0.0076690 secs] [Times: user=0.07 sys=0.01, real=0.01 secs] 
2014-03-20T17:25:26.843-0500: 499.298: Total time for which application threads were stopped: 0.0090240 seconds
2014-03-20T17:25:27.268-0500: 499.723: [GC
Desired survivor size 5767168 bytes, new threshold 1 (max 15)
 [PSYoungGen: 692416K->3968K(693248K)] 888130K->199826K(2091520K), 0.0075320 secs] [Times: user=0.07 sys=0.00, real=0.01 secs] 
2014-03-20T17:25:27.276-0500: 499.730: Total time for which application threads were stopped: 0.0084880 seconds
2014-03-20T17:25:27.722-0500: 500.176: [GC
Desired survivor size 5767168 bytes, new threshold 1 (max 15)
 [PSYoungGen: 692096K->4032K(693760K)] 887954K->200034K(2092032K), 0.0086110 secs] [Times: user=0.08 sys=0.00, real=0.01 secs] 
2014-03-20T17:25:27.730-0500: 500.185: Total time for which application threads were stopped: 0.0097080 seconds
2014-03-20T17:25:28.168-0500: 500.622: [GC
Desired survivor size 5767168 bytes, new threshold 1 (max 15)
 [PSYoungGen: 692160K->4288K(693760K)] 888162K->200434K(2092032K), 0.0085100 secs] [Times: user=0.08 sys=0.00, real=0.01 secs] 
2014-03-20T17:25:28.177-0500: 500.631: Total time for which application threads were stopped: 0.0096180 seconds
2014-03-20T17:25:28.608-0500: 501.063: [GC
Desired survivor size 5767168 bytes, new threshold 1 (max 15)
 [PSYoungGen: 692416K->4288K(693760K)] 888562K->200570K(2092032K), 0.0086280 secs] [Times: user=0.08 sys=0.00, real=0.01 secs] 
2014-03-20T17:25:28.617-0500: 501.072: Total time for which application threads were stopped: 0.0097430 seconds
2014-03-20T17:25:29.424-0500: 501.879: [GC
Desired survivor size 6291456 bytes, new threshold 1 (max 15)
 [PSYoungGen: 692416K->4512K(692736K)] 888698K->200930K(2091008K), 0.0084960 secs] [Times: user=0.08 sys=0.00, real=0.01 secs] 
2014-03-20T17:25:29.433-0500: 501.887: Total time for which application threads were stopped: 0.0100880 seconds
2014-03-20T17:25:29.906-0500: 502.361: [GC
Desired survivor size 6291456 bytes, new threshold 1 (max 15)
 [PSYoungGen: 691616K->4640K(693248K)] 888034K->201202K(2091520K), 0.0081990 secs] [Times: user=0.07 sys=0.00, real=0.01 secs] 
2014-03-20T17:25:29.915-0500: 502.369: Total time for which application threads were stopped: 0.0092490 seconds
2014-03-20T17:25:30.329-0500: 502.784: [GC
Desired survivor size 6291456 bytes, new threshold 1 (max 15)
 [PSYoungGen: 691744K->4736K(693248K)] 888306K->201442K(2091520K), 0.0080160 secs] [Times: user=0.07 sys=0.00, real=0.01 secs] 
2014-03-20T17:25:30.337-0500: 502.792: Total time for which application threads were stopped: 0.0093270 seconds
2014-03-20T17:25:30.816-0500: 503.271: [GC
Desired survivor size 6291456 bytes, new threshold 1 (max 15)
 [PSYoungGen: 691840K->4800K(693248K)] 888546K->201650K(2091520K), 0.0080700 secs] [Times: user=0.08 sys=0.01, real=0.01 secs] 
2014-03-20T17:25:30.825-0500: 503.279: Total time for which application threads were stopped: 0.0091920 seconds
2014-03-20T17:25:31.232-0500: 503.687: Total time for which application threads were stopped: 0.0010810 seconds
2014-03-20T17:25:31.358-0500: 503.812: [GC
Desired survivor size 6815744 bytes, new threshold 1 (max 15)
 [PSYoungGen: 691904K->4928K(692224K)] 888754K->201922K(2090496K), 0.0080670 secs] [Times: user=0.07 sys=0.00, real=0.01 secs] 
2014-03-20T17:25:31.366-0500: 503.821: Total time for which application threads were stopped: 0.0091170 seconds
2014-03-20T17:25:31.870-0500: 504.325: [GC
Desired survivor size 6815744 bytes, new threshold 1 (max 15)
 [PSYoungGen: 691008K->5024K(692736K)] 888002K->202162K(2091008K), 0.0083400 secs] [Times: user=0.08 sys=0.00, real=0.01 secs] 
2014-03-20T17:25:31.879-0500: 504.333: Total time for which application threads were stopped: 0.0095040 seconds
2014-03-20T17:25:32.300-0500: 504.755: [GC
Desired survivor size 6815744 bytes, new threshold 1 (max 15)
 [PSYoungGen: 691104K->5248K(692736K)] 888242K->202530K(2091008K), 0.0081150 secs] [Times: user=0.07 sys=0.00, real=0.00 secs] 
2014-03-20T17:25:32.309-0500: 504.763: Total time for which application threads were stopped: 0.0091140 seconds
2014-03-20T17:25:32.814-0500: 505.269: [GC
Desired survivor size 7340032 bytes, new threshold 1 (max 15)
 [PSYoungGen: 691328K->5280K(691712K)] 888610K->202658K(2089984K), 0.0106530 secs] [Times: user=0.07 sys=0.00, real=0.01 secs] 
2014-03-20T17:25:32.825-0500: 505.280: Total time for which application threads were stopped: 0.0119280 seconds
2014-03-20T17:25:33.337-0500: 505.792: [GC
Desired survivor size 7340032 bytes, new threshold 1 (max 15)
 [PSYoungGen: 691360K->5344K(692224K)] 888738K->202858K(2090496K), 0.0081210 secs] [Times: user=0.07 sys=0.00, real=0.01 secs] 
2014-03-20T17:25:33.345-0500: 505.800: Total time for which application threads were stopped: 0.0093560 seconds
2014-03-20T17:25:33.864-0500: 506.319: [GC
Desired survivor size 7340032 bytes, new threshold 1 (max 15)
 [PSYoungGen: 690400K->5408K(692224K)] 887914K->203066K(2090496K), 0.0079100 secs] [Times: user=0.08 sys=0.00, real=0.01 secs] 
2014-03-20T17:25:33.872-0500: 506.327: Total time for which application threads were stopped: 0.0091580 seconds
2014-03-20T17:25:34.290-0500: 506.744: [GC
Desired survivor size 7340032 bytes, new threshold 1 (max 15)
 [PSYoungGen: 690464K->5536K(692224K)] 888122K->203330K(2090496K), 0.0081590 secs] [Times: user=0.07 sys=0.00, real=0.01 secs] 
2014-03-20T17:25:34.298-0500: 506.753: Total time for which application threads were stopped: 0.0092720 seconds
2014-03-20T17:25:34.717-0500: 507.171: [GC
Desired survivor size 7864320 bytes, new threshold 1 (max 15)
 [PSYoungGen: 690592K->5696K(691200K)] 888386K->203618K(2089472K), 0.0083520 secs] [Times: user=0.07 sys=0.00, real=0.01 secs] 
2014-03-20T17:25:34.725-0500: 507.180: Total time for which application threads were stopped: 0.0097240 seconds
2014-03-20T17:25:35.197-0500: 507.652: [GC
Desired survivor size 7864320 bytes, new threshold 1 (max 15)
 [PSYoungGen: 690752K->5600K(691712K)] 888674K->203658K(2089984K), 0.0083760 secs] [Times: user=0.06 sys=0.00, real=0.01 secs] 
2014-03-20T17:25:35.206-0500: 507.661: Total time for which application threads were stopped: 0.0094150 seconds
2014-03-20T17:25:35.651-0500: 508.106: [GC
Desired survivor size 7864320 bytes, new threshold 1 (max 15)
 [PSYoungGen: 689632K->5792K(691712K)] 887690K->203994K(2089984K), 0.0082770 secs] [Times: user=0.08 sys=0.00, real=0.01 secs] 
2014-03-20T17:25:35.659-0500: 508.114: Total time for which application threads were stopped: 0.0095170 seconds
2014-03-20T17:25:36.075-0500: 508.530: [GC
Desired survivor size 7864320 bytes, new threshold 1 (max 15)
 [PSYoungGen: 689824K->5888K(691712K)] 888026K->204234K(2089984K), 0.0079740 secs] [Times: user=0.07 sys=0.01, real=0.01 secs] 
2014-03-20T17:25:36.083-0500: 508.538: Total time for which application threads were stopped: 0.0089660 seconds
2014-03-20T17:25:36.487-0500: 508.942: [GC
Desired survivor size 8388608 bytes, new threshold 1 (max 15)
 [PSYoungGen: 689920K->2112K(686592K)] 888266K->200594K(2084864K), 0.0080230 secs] [Times: user=0.07 sys=0.00, real=0.01 secs] 
2014-03-20T17:25:36.496-0500: 508.950: Total time for which application threads were stopped: 0.0093310 seconds
2014-03-20T17:25:36.971-0500: 509.426: [GC
Desired survivor size 8388608 bytes, new threshold 1 (max 15)
 [PSYoungGen: 686144K->2112K(691200K)] 884626K->200738K(2089472K), 0.0080410 secs] [Times: user=0.06 sys=0.00, real=0.00 secs] 
2014-03-20T17:25:36.980-0500: 509.434: Total time for which application threads were stopped: 0.0089430 seconds
2014-03-20T17:25:37.383-0500: 509.838: [GC
Desired survivor size 8388608 bytes, new threshold 1 (max 15)
 [PSYoungGen: 685120K->2208K(691200K)] 883746K->200970K(2089472K), 0.0080760 secs] [Times: user=0.08 sys=0.00, real=0.01 secs] 
2014-03-20T17:25:37.391-0500: 509.846: Total time for which application threads were stopped: 0.0095380 seconds
2014-03-20T17:25:37.716-0500: 510.171: [GC
Desired survivor size 8388608 bytes, new threshold 1 (max 15)
 [PSYoungGen: 685216K->2272K(691200K)] 883978K->201170K(2089472K), 0.0085460 secs] [Times: user=0.07 sys=0.00, real=0.01 secs] 
2014-03-20T17:25:37.725-0500: 510.180: Total time for which application threads were stopped: 0.0095070 seconds
2014-03-20T17:25:38.029-0500: 510.483: [GC
Desired survivor size 8388608 bytes, new threshold 1 (max 15)
 [PSYoungGen: 685280K->2272K(691200K)] 884178K->201306K(2089472K), 0.0079710 secs] [Times: user=0.07 sys=0.00, real=0.01 secs] 
2014-03-20T17:25:38.037-0500: 510.491: Total time for which application threads were stopped: 0.0092910 seconds
2014-03-20T17:25:38.626-0500: 511.081: [GC
Desired survivor size 7864320 bytes, new threshold 1 (max 15)
 [PSYoungGen: 685280K->2368K(691712K)] 884314K->201546K(2089984K), 0.0081900 secs] [Times: user=0.07 sys=0.00, real=0.01 secs] 
2014-03-20T17:25:38.635-0500: 511.089: Total time for which application threads were stopped: 0.0093500 seconds
2014-03-20T17:25:38.971-0500: 511.426: Total time for which application threads were stopped: 0.0006600 seconds
2014-03-20T17:25:39.010-0500: 511.464: [GC
Desired survivor size 7864320 bytes, new threshold 1 (max 15)
 [PSYoungGen: 685888K->2464K(691200K)] 885066K->201778K(2089472K), 0.0078900 secs] [Times: user=0.07 sys=0.00, real=0.01 secs] 
2014-03-20T17:25:39.018-0500: 511.472: Total time for which application threads were stopped: 0.0088810 seconds
2014-03-20T17:25:39.510-0500: 511.965: [GC
Desired survivor size 7864320 bytes, new threshold 1 (max 15)
 [PSYoungGen: 685984K->2432K(691712K)] 885298K->201874K(2089984K), 0.0084930 secs] [Times: user=0.07 sys=0.00, real=0.01 secs] 
2014-03-20T17:25:39.519-0500: 511.973: Total time for which application threads were stopped: 0.0096860 seconds
2014-03-20T17:25:39.990-0500: 512.445: [GC
Desired survivor size 7340032 bytes, new threshold 1 (max 15)
 [PSYoungGen: 686464K->2592K(691712K)] 885906K->202178K(2089984K), 0.0078760 secs] [Times: user=0.07 sys=0.00, real=0.01 secs] 
2014-03-20T17:25:39.998-0500: 512.453: Total time for which application threads were stopped: 0.0090570 seconds
2014-03-20T17:25:40.461-0500: 512.915: [GC
Desired survivor size 7340032 bytes, new threshold 1 (max 15)
 [PSYoungGen: 686624K->2592K(692224K)] 886210K->202346K(2090496K), 0.0080080 secs] [Times: user=0.07 sys=0.00, real=0.01 secs] 
2014-03-20T17:25:40.469-0500: 512.924: Total time for which application threads were stopped: 0.0091300 seconds
2014-03-20T17:25:41.206-0500: 513.661: [GC
Desired survivor size 6815744 bytes, new threshold 1 (max 15)
 [PSYoungGen: 687648K->2688K(692224K)] 887402K->202578K(2090496K), 0.0074910 secs] [Times: user=0.06 sys=0.00, real=0.01 secs] 
2014-03-20T17:25:41.214-0500: 513.668: Total time for which application threads were stopped: 0.0086500 seconds
2014-03-20T17:25:41.724-0500: 514.178: [GC
Desired survivor size 6815744 bytes, new threshold 1 (max 15)
 [PSYoungGen: 687744K->2752K(692736K)] 887634K->202778K(2091008K), 0.0080160 secs] [Times: user=0.07 sys=0.00, real=0.00 secs] 
2014-03-20T17:25:41.732-0500: 514.187: Total time for which application threads were stopped: 0.0092060 seconds
2014-03-20T17:25:42.282-0500: 514.737: [GC
Desired survivor size 6291456 bytes, new threshold 1 (max 15)
 [PSYoungGen: 688832K->2880K(692736K)] 888858K->203050K(2091008K), 0.0079130 secs] [Times: user=0.07 sys=0.00, real=0.00 secs] 
2014-03-20T17:25:42.290-0500: 514.745: Total time for which application threads were stopped: 0.0089830 seconds
2014-03-20T17:25:42.886-0500: 515.341: [GC
Desired survivor size 6291456 bytes, new threshold 1 (max 15)
 [PSYoungGen: 688960K->2912K(693248K)] 889130K->203218K(2091520K), 0.0080610 secs] [Times: user=0.07 sys=0.00, real=0.01 secs] 
2014-03-20T17:25:42.895-0500: 515.349: Total time for which application threads were stopped: 0.0092450 seconds
2014-03-20T17:25:43.555-0500: 516.009: [GC
Desired survivor size 5767168 bytes, new threshold 1 (max 15)
 [PSYoungGen: 690016K->3040K(693248K)] 890322K->203482K(2091520K), 0.0091140 secs] [Times: user=0.08 sys=0.00, real=0.01 secs] 
2014-03-20T17:25:43.564-0500: 516.019: Total time for which application threads were stopped: 0.0104100 seconds
2014-03-20T17:25:44.416-0500: 516.871: [GC
Desired survivor size 5767168 bytes, new threshold 1 (max 15)
 [PSYoungGen: 690144K->3200K(693760K)] 890586K->203786K(2092032K), 0.0078180 secs] [Times: user=0.07 sys=0.01, real=0.01 secs] 
2014-03-20T17:25:44.424-0500: 516.879: Total time for which application threads were stopped: 0.0091180 seconds
2014-03-20T17:25:45.013-0500: 517.468: [GC
Desired survivor size 5767168 bytes, new threshold 1 (max 15)
 [PSYoungGen: 691328K->3328K(693760K)] 891914K->204058K(2092032K), 0.0075690 secs] [Times: user=0.07 sys=0.00, real=0.00 secs] 
2014-03-20T17:25:45.021-0500: 517.476: Total time for which application threads were stopped: 0.0087740 seconds
2014-03-20T17:25:45.501-0500: 517.956: [GC
Desired survivor size 5242880 bytes, new threshold 1 (max 15)
 [PSYoungGen: 691456K->3456K(694272K)] 892186K->204314K(2092544K), 0.0084630 secs] [Times: user=0.06 sys=0.00, real=0.01 secs] 
2014-03-20T17:25:45.510-0500: 517.965: Total time for which application threads were stopped: 0.0095310 seconds
2014-03-20T17:25:46.120-0500: 518.575: [GC
Desired survivor size 5242880 bytes, new threshold 1 (max 15)
 [PSYoungGen: 692096K->3616K(693760K)] 892954K->204618K(2092032K), 0.0079460 secs] [Times: user=0.07 sys=0.01, real=0.01 secs] 
2014-03-20T17:25:46.128-0500: 518.583: Total time for which application threads were stopped: 0.0091260 seconds
2014-03-20T17:25:46.959-0500: 519.414: [GC
Desired survivor size 5242880 bytes, new threshold 1 (max 15)
 [PSYoungGen: 692256K->3776K(694272K)] 893258K->204914K(2092544K), 0.0078060 secs] [Times: user=0.07 sys=0.00, real=0.01 secs] 
2014-03-20T17:25:46.967-0500: 519.422: Total time for which application threads were stopped: 0.0092120 seconds
2014-03-20T17:25:47.566-0500: 520.021: [GC
Desired survivor size 5767168 bytes, new threshold 1 (max 15)
 [PSYoungGen: 692928K->3936K(693248K)] 894066K->205202K(2091520K), 0.0084710 secs] [Times: user=0.06 sys=0.00, real=0.01 secs] 
2014-03-20T17:25:47.575-0500: 520.030: Total time for which application threads were stopped: 0.0096280 seconds
2014-03-20T17:25:48.357-0500: 520.812: [GC
Desired survivor size 5767168 bytes, new threshold 1 (max 15)
 [PSYoungGen: 693088K->4128K(693760K)] 894354K->205530K(2092032K), 0.0113890 secs] [Times: user=0.07 sys=0.00, real=0.01 secs] 
2014-03-20T17:25:48.369-0500: 520.823: Total time for which application threads were stopped: 0.0126360 seconds
2014-03-20T17:25:48.947-0500: 521.401: [GC
Desired survivor size 5767168 bytes, new threshold 1 (max 15)
 [PSYoungGen: 692256K->4288K(693760K)] 893658K->205834K(2092032K), 0.0079570 secs] [Times: user=0.07 sys=0.01, real=0.01 secs] 
2014-03-20T17:25:48.955-0500: 521.410: Total time for which application threads were stopped: 0.0091000 seconds
2014-03-20T17:25:49.614-0500: 522.069: [GC
Desired survivor size 5767168 bytes, new threshold 1 (max 15)
 [PSYoungGen: 692416K->4352K(693760K)] 893962K->206034K(2092032K), 0.0081150 secs] [Times: user=0.08 sys=0.00, real=0.00 secs] 
2014-03-20T17:25:49.622-0500: 522.077: Total time for which application threads were stopped: 0.0093510 seconds
2014-03-20T17:25:50.137-0500: 522.591: [GC
Desired survivor size 6291456 bytes, new threshold 1 (max 15)
 [PSYoungGen: 692480K->4608K(692736K)] 894162K->206434K(2091008K), 0.0078760 secs] [Times: user=0.08 sys=0.00, real=0.01 secs] 
2014-03-20T17:25:50.145-0500: 522.599: Total time for which application threads were stopped: 0.0090050 seconds
2014-03-20T17:25:50.514-0500: 522.968: [GC
Desired survivor size 6291456 bytes, new threshold 1 (max 15)
 [PSYoungGen: 692736K->4672K(693248K)] 894562K->206634K(2091520K), 0.0078620 secs] [Times: user=0.07 sys=0.00, real=0.00 secs] 
2014-03-20T17:25:50.522-0500: 522.976: Total time for which application threads were stopped: 0.0089640 seconds
2014-03-20T17:25:50.890-0500: 523.345: [GC
Desired survivor size 6291456 bytes, new threshold 1 (max 15)
 [PSYoungGen: 691776K->4832K(693248K)] 893738K->206938K(2091520K), 0.0082020 secs] [Times: user=0.07 sys=0.00, real=0.01 secs] 
2014-03-20T17:25:50.899-0500: 523.353: Total time for which application threads were stopped: 0.0093390 seconds
2014-03-20T17:25:51.501-0500: 523.955: [GC
Desired survivor size 6815744 bytes, new threshold 1 (max 15)
 [PSYoungGen: 691936K->4896K(692224K)] 894042K->207138K(2090496K), 0.0101400 secs] [Times: user=0.08 sys=0.00, real=0.01 secs] 
2014-03-20T17:25:51.511-0500: 523.966: Total time for which application threads were stopped: 0.0113280 seconds
2014-03-20T17:25:52.087-0500: 524.542: [GC
Desired survivor size 6815744 bytes, new threshold 1 (max 15)
 [PSYoungGen: 690976K->4992K(692736K)] 893218K->207370K(2091008K), 0.0078200 secs] [Times: user=0.07 sys=0.00, real=0.01 secs] 
2014-03-20T17:25:52.096-0500: 524.550: Total time for which application threads were stopped: 0.0088710 seconds
2014-03-20T17:25:52.722-0500: 525.176: [GC
Desired survivor size 6815744 bytes, new threshold 1 (max 15)
 [PSYoungGen: 691072K->5152K(692736K)] 893450K->207674K(2091008K), 0.0087410 secs] [Times: user=0.08 sys=0.00, real=0.01 secs] 
2014-03-20T17:25:52.731-0500: 525.185: Total time for which application threads were stopped: 0.0099190 seconds
2014-03-20T17:25:53.340-0500: 525.795: [GC
Desired survivor size 6815744 bytes, new threshold 1 (max 15)
 [PSYoungGen: 691232K->5216K(692736K)] 893754K->207866K(2091008K), 0.0082950 secs] [Times: user=0.08 sys=0.00, real=0.01 secs] 
2014-03-20T17:25:53.349-0500: 525.803: Total time for which application threads were stopped: 0.0097890 seconds
2014-03-20T17:25:54.259-0500: 526.714: [GC
Desired survivor size 7340032 bytes, new threshold 1 (max 15)
 [PSYoungGen: 691296K->5344K(691712K)] 893946K->208138K(2089984K), 0.0078980 secs] [Times: user=0.07 sys=0.01, real=0.01 secs] 
2014-03-20T17:25:54.267-0500: 526.722: Total time for which application threads were stopped: 0.0091230 seconds
2014-03-20T17:25:54.746-0500: 527.200: [GC
Desired survivor size 7340032 bytes, new threshold 1 (max 15)
 [PSYoungGen: 690400K->5440K(692224K)] 893194K->208370K(2090496K), 0.0083770 secs] [Times: user=0.08 sys=0.00, real=0.01 secs] 
2014-03-20T17:25:54.754-0500: 527.209: Total time for which application threads were stopped: 0.0096130 seconds
2014-03-20T17:25:55.617-0500: 528.072: [GC
Desired survivor size 7340032 bytes, new threshold 1 (max 15)
 [PSYoungGen: 690496K->5472K(692224K)] 893426K->208538K(2090496K), 0.0079400 secs] [Times: user=0.07 sys=0.00, real=0.01 secs] 
2014-03-20T17:25:55.625-0500: 528.080: Total time for which application threads were stopped: 0.0090690 seconds
2014-03-20T17:25:56.015-0500: 528.469: [GC
Desired survivor size 7340032 bytes, new threshold 1 (max 15)
 [PSYoungGen: 690528K->5568K(692224K)] 893594K->208770K(2090496K), 0.0081130 secs] [Times: user=0.07 sys=0.00, real=0.00 secs] 
2014-03-20T17:25:56.023-0500: 528.478: Total time for which application threads were stopped: 0.0092130 seconds
2014-03-20T17:25:56.670-0500: 529.125: [GC
Desired survivor size 7864320 bytes, new threshold 1 (max 15)
 [PSYoungGen: 690624K->5760K(691200K)] 893826K->209106K(2089472K), 0.0086530 secs] [Times: user=0.09 sys=0.00, real=0.01 secs] 
2014-03-20T17:25:56.679-0500: 529.134: Total time for which application threads were stopped: 0.0097860 seconds
2014-03-20T17:25:57.514-0500: 529.969: [GC
Desired survivor size 7864320 bytes, new threshold 1 (max 15)
 [PSYoungGen: 689792K->5728K(691712K)] 893138K->209218K(2089984K), 0.0084260 secs] [Times: user=0.08 sys=0.01, real=0.00 secs] 
2014-03-20T17:25:57.523-0500: 529.978: Total time for which application threads were stopped: 0.0096540 seconds
2014-03-20T17:25:58.188-0500: 530.642: [GC
Desired survivor size 7864320 bytes, new threshold 1 (max 15)
 [PSYoungGen: 689760K->5760K(691712K)] 893250K->209394K(2089984K), 0.0081580 secs] [Times: user=0.07 sys=0.00, real=0.01 secs] 
2014-03-20T17:25:58.196-0500: 530.651: Total time for which application threads were stopped: 0.0092670 seconds
2014-03-20T17:25:58.754-0500: 531.209: [GC
Desired survivor size 8388608 bytes, new threshold 1 (max 15)
 [PSYoungGen: 689792K->2016K(686080K)] 893426K->205786K(2084352K), 0.0078430 secs] [Times: user=0.07 sys=0.00, real=0.00 secs] 
2014-03-20T17:25:58.763-0500: 531.217: Total time for which application threads were stopped: 0.0089380 seconds
2014-03-20T17:25:59.644-0500: 532.099: [GC
Desired survivor size 8388608 bytes, new threshold 1 (max 15)
 [PSYoungGen: 686048K->2112K(691200K)] 889818K->206018K(2089472K), 0.0079870 secs] [Times: user=0.08 sys=0.00, real=0.01 secs] 
2014-03-20T17:25:59.652-0500: 532.107: Total time for which application threads were stopped: 0.0091410 seconds
2014-03-20T17:26:00.100-0500: 532.555: [GC
Desired survivor size 8388608 bytes, new threshold 1 (max 15)
 [PSYoungGen: 685120K->2176K(691200K)] 889026K->206226K(2089472K), 0.0083180 secs] [Times: user=0.08 sys=0.01, real=0.01 secs] 
2014-03-20T17:26:00.108-0500: 532.563: Total time for which application threads were stopped: 0.0095170 seconds
2014-03-20T17:26:00.800-0500: 533.254: [GC
Desired survivor size 8388608 bytes, new threshold 1 (max 15)
 [PSYoungGen: 685184K->2112K(691200K)] 889234K->206298K(2089472K), 0.0080720 secs] [Times: user=0.07 sys=0.00, real=0.01 secs] 
2014-03-20T17:26:00.808-0500: 533.263: Total time for which application threads were stopped: 0.0091400 seconds
2014-03-20T17:26:01.342-0500: 533.797: [GC
Desired survivor size 8388608 bytes, new threshold 1 (max 15)
 [PSYoungGen: 685120K->2176K(691200K)] 889306K->206498K(2089472K), 0.0081400 secs] [Times: user=0.07 sys=0.00, real=0.01 secs] 
2014-03-20T17:26:01.350-0500: 533.805: Total time for which application threads were stopped: 0.0092340 seconds
2014-03-20T17:26:01.978-0500: 534.433: [GC
Desired survivor size 7864320 bytes, new threshold 1 (max 15)
 [PSYoungGen: 685184K->2240K(691712K)] 889506K->206706K(2089984K), 0.0077230 secs] [Times: user=0.07 sys=0.00, real=0.01 secs] 
2014-03-20T17:26:01.986-0500: 534.440: Total time for which application threads were stopped: 0.0087850 seconds
2014-03-20T17:26:02.613-0500: 535.067: [GC
Desired survivor size 7864320 bytes, new threshold 1 (max 15)
 [PSYoungGen: 685760K->2272K(691200K)] 890226K->206874K(2089472K), 0.0076530 secs] [Times: user=0.07 sys=0.00, real=0.01 secs] 
2014-03-20T17:26:02.621-0500: 535.075: Total time for which application threads were stopped: 0.0087220 seconds
2014-03-20T17:26:03.275-0500: 535.730: [GC
Desired survivor size 7864320 bytes, new threshold 1 (max 15)
 [PSYoungGen: 685792K->2368K(691712K)] 890394K->207106K(2089984K), 0.0078650 secs] [Times: user=0.07 sys=0.00, real=0.00 secs] 
2014-03-20T17:26:03.283-0500: 535.738: Total time for which application threads were stopped: 0.0088860 seconds
2014-03-20T17:26:03.735-0500: 536.189: [GC
Desired survivor size 7340032 bytes, new threshold 1 (max 15)
 [PSYoungGen: 686400K->2464K(691712K)] 891138K->207346K(2089984K), 0.0078720 secs] [Times: user=0.07 sys=0.00, real=0.01 secs] 
2014-03-20T17:26:03.743-0500: 536.197: Total time for which application threads were stopped: 0.0090000 seconds
2014-03-20T17:26:04.059-0500: 536.513: [GC
Desired survivor size 7340032 bytes, new threshold 1 (max 15)
 [PSYoungGen: 686496K->2656K(692224K)] 891378K->207674K(2090496K), 0.0083810 secs] [Times: user=0.08 sys=0.00, real=0.01 secs] 
2014-03-20T17:26:04.067-0500: 536.522: Total time for which application threads were stopped: 0.0095840 seconds
2014-03-20T17:26:04.381-0500: 536.836: [GC
Desired survivor size 6815744 bytes, new threshold 1 (max 15)
 [PSYoungGen: 687712K->2624K(692224K)] 892730K->207786K(2090496K), 0.0077590 secs] [Times: user=0.07 sys=0.00, real=0.01 secs] 
2014-03-20T17:26:04.389-0500: 536.844: Total time for which application threads were stopped: 0.0088120 seconds
2014-03-20T17:26:04.709-0500: 537.163: [GC
Desired survivor size 6815744 bytes, new threshold 1 (max 15)
 [PSYoungGen: 687680K->2720K(692736K)] 892842K->208026K(2091008K), 0.0079690 secs] [Times: user=0.08 sys=0.00, real=0.01 secs] 
2014-03-20T17:26:04.717-0500: 537.171: Total time for which application threads were stopped: 0.0090950 seconds
2014-03-20T17:26:05.019-0500: 537.473: [GC
Desired survivor size 6291456 bytes, new threshold 1 (max 15)
 [PSYoungGen: 688800K->2784K(692736K)] 894106K->208234K(2091008K), 0.0079630 secs] [Times: user=0.06 sys=0.00, real=0.01 secs] 
2014-03-20T17:26:05.027-0500: 537.482: Total time for which application threads were stopped: 0.0089700 seconds
2014-03-20T17:26:05.344-0500: 537.799: [GC
Desired survivor size 6291456 bytes, new threshold 1 (max 15)
 [PSYoungGen: 688864K->2880K(693248K)] 894314K->208474K(2091520K), 0.0081910 secs] [Times: user=0.07 sys=0.01, real=0.01 secs] 
2014-03-20T17:26:05.353-0500: 537.807: Total time for which application threads were stopped: 0.0094110 seconds
2014-03-20T17:26:05.670-0500: 538.125: [GC
Desired survivor size 5767168 bytes, new threshold 1 (max 15)
 [PSYoungGen: 689984K->3040K(693248K)] 895578K->208770K(2091520K), 0.0079890 secs] [Times: user=0.08 sys=0.00, real=0.01 secs] 
2014-03-20T17:26:05.678-0500: 538.133: Total time for which application threads were stopped: 0.0089950 seconds
2014-03-20T17:26:06.002-0500: 538.457: [GC
Desired survivor size 5767168 bytes, new threshold 1 (max 15)
 [PSYoungGen: 690144K->3104K(693760K)] 895874K->208962K(2092032K), 0.0092840 secs] [Times: user=0.08 sys=0.00, real=0.01 secs] 
2014-03-20T17:26:06.011-0500: 538.466: Total time for which application threads were stopped: 0.0103980 seconds
2014-03-20T17:26:06.325-0500: 538.779: [GC
Desired survivor size 5767168 bytes, new threshold 1 (max 15)
 [PSYoungGen: 691232K->3328K(693760K)] 897090K->209330K(2092032K), 0.0083010 secs] [Times: user=0.08 sys=0.00, real=0.01 secs] 
2014-03-20T17:26:06.333-0500: 538.788: Total time for which application threads were stopped: 0.0092980 seconds
2014-03-20T17:26:06.742-0500: 539.197: [GC
Desired survivor size 5242880 bytes, new threshold 1 (max 15)
 [PSYoungGen: 691456K->3456K(694272K)] 897458K->209594K(2092544K), 0.0082870 secs] [Times: user=0.08 sys=0.00, real=0.01 secs] 
2014-03-20T17:26:06.751-0500: 539.205: Total time for which application threads were stopped: 0.0095120 seconds
2014-03-20T17:26:07.064-0500: 539.518: [GC
Desired survivor size 5242880 bytes, new threshold 1 (max 15)
 [PSYoungGen: 692096K->3584K(693760K)] 898234K->209858K(2092032K), 0.0077980 secs] [Times: user=0.07 sys=0.00, real=0.01 secs] 
2014-03-20T17:26:07.072-0500: 539.526: Total time for which application threads were stopped: 0.0089060 seconds
2014-03-20T17:26:07.396-0500: 539.851: [GC
Desired survivor size 5242880 bytes, new threshold 1 (max 15)
 [PSYoungGen: 692224K->3808K(694272K)] 898498K->210218K(2092544K), 0.0087420 secs] [Times: user=0.08 sys=0.00, real=0.01 secs] 
2014-03-20T17:26:07.405-0500: 539.860: Total time for which application threads were stopped: 0.0099290 seconds
2014-03-20T17:26:07.743-0500: 540.198: [GC
Desired survivor size 5767168 bytes, new threshold 1 (max 15)
 [PSYoungGen: 692960K->3936K(693248K)] 899370K->210482K(2091520K), 0.0079640 secs] [Times: user=0.08 sys=0.00, real=0.01 secs] 
2014-03-20T17:26:07.752-0500: 540.206: Total time for which application threads were stopped: 0.0090560 seconds
2014-03-20T17:26:08.056-0500: 540.510: [GC
Desired survivor size 5767168 bytes, new threshold 1 (max 15)
 [PSYoungGen: 693088K->4160K(693760K)] 899634K->210842K(2092032K), 0.0083650 secs] [Times: user=0.08 sys=0.00, real=0.01 secs] 
2014-03-20T17:26:08.064-0500: 540.519: Total time for which application threads were stopped: 0.0096770 seconds
2014-03-20T17:26:08.368-0500: 540.823: [GC
Desired survivor size 5767168 bytes, new threshold 1 (max 15)
 [PSYoungGen: 692288K->4256K(693760K)] 898970K->211082K(2092032K), 0.0080390 secs] [Times: user=0.08 sys=0.00, real=0.01 secs] 
2014-03-20T17:26:08.376-0500: 540.831: Total time for which application threads were stopped: 0.0091990 seconds
2014-03-20T17:26:08.687-0500: 541.142: [GC
Desired survivor size 5767168 bytes, new threshold 1 (max 15)
 [PSYoungGen: 692384K->4256K(693760K)] 899210K->211218K(2092032K), 0.0078660 secs] [Times: user=0.08 sys=0.00, real=0.00 secs] 
2014-03-20T17:26:08.695-0500: 541.150: Total time for which application threads were stopped: 0.0090160 seconds
2014-03-20T17:26:09.013-0500: 541.467: [GC
Desired survivor size 6291456 bytes, new threshold 1 (max 15)
 [PSYoungGen: 692384K->4512K(692736K)] 899346K->211618K(2091008K), 0.0080530 secs] [Times: user=0.08 sys=0.01, real=0.01 secs] 
2014-03-20T17:26:09.021-0500: 541.476: Total time for which application threads were stopped: 0.0092120 seconds
2014-03-20T17:26:09.338-0500: 541.793: [GC
Desired survivor size 6291456 bytes, new threshold 1 (max 15)
 [PSYoungGen: 692640K->4640K(693248K)] 899746K->211882K(2091520K), 0.0084460 secs] [Times: user=0.08 sys=0.00, real=0.01 secs] 
2014-03-20T17:26:09.347-0500: 541.801: Total time for which application threads were stopped: 0.0096890 seconds
2014-03-20T17:26:09.676-0500: 542.130: [GC
Desired survivor size 6291456 bytes, new threshold 1 (max 15)
 [PSYoungGen: 691744K->4736K(693248K)] 898986K->212106K(2091520K), 0.0086310 secs] [Times: user=0.07 sys=0.00, real=0.01 secs] 
2014-03-20T17:26:09.684-0500: 542.139: Total time for which application threads were stopped: 0.0096650 seconds
2014-03-20T17:26:09.989-0500: 542.444: [GC
Desired survivor size 6815744 bytes, new threshold 1 (max 15)
 [PSYoungGen: 691840K->4896K(692224K)] 899210K->212370K(2090496K), 0.0085900 secs] [Times: user=0.06 sys=0.00, real=0.01 secs] 
2014-03-20T17:26:09.998-0500: 542.453: Total time for which application threads were stopped: 0.0097790 seconds
2014-03-20T17:26:10.309-0500: 542.764: [GC
Desired survivor size 6815744 bytes, new threshold 1 (max 15)
 [PSYoungGen: 690976K->5024K(692736K)] 898450K->212634K(2091008K), 0.0079720 secs] [Times: user=0.07 sys=0.00, real=0.01 secs] 
2014-03-20T17:26:10.317-0500: 542.772: Total time for which application threads were stopped: 0.0090520 seconds
2014-03-20T17:26:10.620-0500: 543.075: [GC
Desired survivor size 6815744 bytes, new threshold 1 (max 15)
 [PSYoungGen: 691104K->5088K(692736K)] 898714K->212834K(2091008K), 0.0079180 secs] [Times: user=0.07 sys=0.00, real=0.01 secs] 
2014-03-20T17:26:10.628-0500: 543.083: Total time for which application threads were stopped: 0.0091410 seconds
2014-03-20T17:26:10.933-0500: 543.387: [GC
Desired survivor size 6815744 bytes, new threshold 1 (max 15)
 [PSYoungGen: 691168K->5184K(692736K)] 898914K->213058K(2091008K), 0.0070590 secs] [Times: user=0.07 sys=0.00, real=0.01 secs] 
2014-03-20T17:26:10.940-0500: 543.395: Total time for which application threads were stopped: 0.0080670 seconds
2014-03-20T17:26:11.252-0500: 543.706: [GC
Desired survivor size 7340032 bytes, new threshold 1 (max 15)
 [PSYoungGen: 691264K->5344K(691712K)] 899138K->213354K(2089984K), 0.0082920 secs] [Times: user=0.08 sys=0.00, real=0.01 secs] 
2014-03-20T17:26:11.260-0500: 543.715: Total time for which application threads were stopped: 0.0095430 seconds
2014-03-20T17:26:11.578-0500: 544.032: [GC
Desired survivor size 7340032 bytes, new threshold 1 (max 15)
 [PSYoungGen: 690400K->5344K(692224K)] 898410K->213466K(2090496K), 0.0087640 secs] [Times: user=0.06 sys=0.00, real=0.01 secs] 
2014-03-20T17:26:11.587-0500: 544.041: Total time for which application threads were stopped: 0.0096220 seconds
2014-03-20T17:26:11.912-0500: 544.366: [GC
Desired survivor size 7340032 bytes, new threshold 1 (max 15)
 [PSYoungGen: 690400K->5600K(692224K)] 898522K->213818K(2090496K), 0.0083770 secs] [Times: user=0.06 sys=0.00, real=0.01 secs] 
2014-03-20T17:26:11.920-0500: 544.375: Total time for which application threads were stopped: 0.0096990 seconds
2014-03-20T17:26:12.238-0500: 544.693: [GC
Desired survivor size 7864320 bytes, new threshold 1 (max 15)
 [PSYoungGen: 690656K->5600K(690688K)] 898874K->213962K(2088960K), 0.0084030 secs] [Times: user=0.08 sys=0.00, real=0.01 secs] 
2014-03-20T17:26:12.247-0500: 544.702: Total time for which application threads were stopped: 0.0095150 seconds
2014-03-20T17:26:12.553-0500: 545.008: [GC
Desired survivor size 7864320 bytes, new threshold 1 (max 15)
 [PSYoungGen: 690656K->5600K(691712K)] 899018K->214098K(2089984K), 0.0084090 secs] [Times: user=0.07 sys=0.00, real=0.01 secs] 
2014-03-20T17:26:12.562-0500: 545.017: Total time for which application threads were stopped: 0.0098190 seconds
2014-03-20T17:26:12.870-0500: 545.325: [GC
Desired survivor size 7864320 bytes, new threshold 1 (max 15)
 [PSYoungGen: 689632K->5760K(691712K)] 898130K->214394K(2089984K), 0.0087840 secs] [Times: user=0.07 sys=0.01, real=0.01 secs] 
2014-03-20T17:26:12.879-0500: 545.334: Total time for which application threads were stopped: 0.0099110 seconds
2014-03-20T17:26:13.187-0500: 545.641: [GC
Desired survivor size 7864320 bytes, new threshold 1 (max 15)
 [PSYoungGen: 689792K->5856K(691712K)] 898426K->214610K(2089984K), 0.0082620 secs] [Times: user=0.08 sys=0.00, real=0.00 secs] 
2014-03-20T17:26:13.195-0500: 545.650: Total time for which application threads were stopped: 0.0093570 seconds
2014-03-20T17:26:13.510-0500: 545.965: [GC
Desired survivor size 8388608 bytes, new threshold 1 (max 15)
 [PSYoungGen: 689888K->2112K(686592K)] 898642K->210978K(2084864K), 0.0100230 secs] [Times: user=0.06 sys=0.00, real=0.01 secs] 
2014-03-20T17:26:13.521-0500: 545.975: Total time for which application threads were stopped: 0.0110940 seconds
2014-03-20T17:26:13.846-0500: 546.301: [GC
Desired survivor size 8388608 bytes, new threshold 1 (max 15)
 [PSYoungGen: 686144K->2144K(691200K)] 895010K->211146K(2089472K), 0.0079130 secs] [Times: user=0.07 sys=0.00, real=0.01 secs] 
2014-03-20T17:26:13.854-0500: 546.309: Total time for which application threads were stopped: 0.0089690 seconds
2014-03-20T17:26:14.170-0500: 546.625: [GC
Desired survivor size 8388608 bytes, new threshold 1 (max 15)
 [PSYoungGen: 685152K->2048K(691200K)] 894154K->211186K(2089472K), 0.0081450 secs] [Times: user=0.06 sys=0.00, real=0.01 secs] 
2014-03-20T17:26:14.179-0500: 546.634: Total time for which application threads were stopped: 0.0090940 seconds
2014-03-20T17:26:14.496-0500: 546.951: [GC
Desired survivor size 8388608 bytes, new threshold 1 (max 15)
 [PSYoungGen: 685056K->2176K(691200K)] 894194K->211450K(2089472K), 0.0078970 secs] [Times: user=0.08 sys=0.00, real=0.01 secs] 
2014-03-20T17:26:14.504-0500: 546.959: Total time for which application threads were stopped: 0.0090950 seconds
2014-03-20T17:26:14.817-0500: 547.271: [GC
Desired survivor size 8388608 bytes, new threshold 1 (max 15)
 [PSYoungGen: 685184K->2208K(691200K)] 894458K->211626K(2089472K), 0.0083600 secs] [Times: user=0.07 sys=0.00, real=0.01 secs] 
2014-03-20T17:26:14.825-0500: 547.280: Total time for which application threads were stopped: 0.0097720 seconds
2014-03-20T17:26:15.132-0500: 547.587: [GC
Desired survivor size 7864320 bytes, new threshold 1 (max 15)
 [PSYoungGen: 685216K->2336K(691712K)] 894634K->211890K(2089984K), 0.0080680 secs] [Times: user=0.07 sys=0.00, real=0.01 secs] 
2014-03-20T17:26:15.140-0500: 547.595: Total time for which application threads were stopped: 0.0094880 seconds
2014-03-20T17:26:15.459-0500: 547.913: [GC
Desired survivor size 7864320 bytes, new threshold 1 (max 15)
 [PSYoungGen: 685856K->2432K(691200K)] 895410K->212130K(2089472K), 0.0082740 secs] [Times: user=0.07 sys=0.00, real=0.00 secs] 
2014-03-20T17:26:15.467-0500: 547.922: Total time for which application threads were stopped: 0.0095230 seconds
2014-03-20T17:26:15.794-0500: 548.249: [GC
Desired survivor size 7864320 bytes, new threshold 1 (max 15)
 [PSYoungGen: 685952K->2432K(691712K)] 895650K->212266K(2089984K), 0.0084660 secs] [Times: user=0.07 sys=0.00, real=0.01 secs] 
2014-03-20T17:26:15.803-0500: 548.257: Total time for which application threads were stopped: 0.0099270 seconds
2014-03-20T17:26:16.147-0500: 548.602: [GC
Desired survivor size 7340032 bytes, new threshold 1 (max 15)
 [PSYoungGen: 686464K->2528K(691712K)] 896298K->212498K(2089984K), 0.0080110 secs] [Times: user=0.07 sys=0.00, real=0.00 secs] 
2014-03-20T17:26:16.156-0500: 548.610: Total time for which application threads were stopped: 0.0090160 seconds
2014-03-20T17:26:16.540-0500: 548.994: [GC
Desired survivor size 7340032 bytes, new threshold 1 (max 15)
 [PSYoungGen: 686560K->2592K(692224K)] 896530K->212706K(2090496K), 0.0081450 secs] [Times: user=0.07 sys=0.00, real=0.01 secs] 
2014-03-20T17:26:16.548-0500: 549.003: Total time for which application threads were stopped: 0.0094320 seconds
2014-03-20T17:26:16.908-0500: 549.363: [GC
Desired survivor size 6815744 bytes, new threshold 1 (max 15)
 [PSYoungGen: 687648K->2624K(692224K)] 897762K->212874K(2090496K), 0.0081870 secs] [Times: user=0.07 sys=0.00, real=0.00 secs] 
2014-03-20T17:26:16.916-0500: 549.371: Total time for which application threads were stopped: 0.0093050 seconds
2014-03-20T17:26:17.288-0500: 549.743: [GC
Desired survivor size 6815744 bytes, new threshold 1 (max 15)
 [PSYoungGen: 687680K->2720K(692736K)] 897930K->213106K(2091008K), 0.0083230 secs] [Times: user=0.07 sys=0.00, real=0.00 secs] 
2014-03-20T17:26:17.297-0500: 549.752: Total time for which application threads were stopped: 0.0097430 seconds
2014-03-20T17:26:17.676-0500: 550.130: [GC
Desired survivor size 6291456 bytes, new threshold 1 (max 15)
 [PSYoungGen: 688800K->2880K(692736K)] 899186K->213410K(2091008K), 0.0085040 secs] [Times: user=0.07 sys=0.00, real=0.01 secs] 
2014-03-20T17:26:17.684-0500: 550.139: Total time for which application threads were stopped: 0.0098040 seconds
2014-03-20T17:26:18.055-0500: 550.510: [GC
Desired survivor size 6291456 bytes, new threshold 1 (max 15)
 [PSYoungGen: 688960K->2976K(693248K)] 899490K->213642K(2091520K), 0.0080350 secs] [Times: user=0.08 sys=0.00, real=0.01 secs] 
2014-03-20T17:26:18.063-0500: 550.518: Total time for which application threads were stopped: 0.0091980 seconds
2014-03-20T17:26:18.426-0500: 550.881: [GC
Desired survivor size 5767168 bytes, new threshold 1 (max 15)
 [PSYoungGen: 690080K->3040K(693248K)] 900746K->213842K(2091520K), 0.0078370 secs] [Times: user=0.07 sys=0.01, real=0.01 secs] 
2014-03-20T17:26:18.434-0500: 550.889: Total time for which application threads were stopped: 0.0089150 seconds
2014-03-20T17:26:18.830-0500: 551.285: [GC
Desired survivor size 5767168 bytes, new threshold 1 (max 15)
 [PSYoungGen: 690144K->3200K(693760K)] 900946K->214138K(2092032K), 0.0078520 secs] [Times: user=0.07 sys=0.01, real=0.01 secs] 
2014-03-20T17:26:18.838-0500: 551.293: Total time for which application threads were stopped: 0.0090690 seconds
2014-03-20T17:26:19.208-0500: 551.662: [GC
Desired survivor size 5767168 bytes, new threshold 1 (max 15)
 [PSYoungGen: 691328K->3264K(693760K)] 902266K->214338K(2092032K), 0.0079400 secs] [Times: user=0.07 sys=0.00, real=0.00 secs] 
2014-03-20T17:26:19.216-0500: 551.670: Total time for which application threads were stopped: 0.0090590 seconds
2014-03-20T17:26:19.561-0500: 552.016: [GC
Desired survivor size 5242880 bytes, new threshold 1 (max 15)
 [PSYoungGen: 691392K->3456K(694272K)] 902466K->214650K(2092544K), 0.0084180 secs] [Times: user=0.06 sys=0.00, real=0.01 secs] 
2014-03-20T17:26:19.570-0500: 552.025: Total time for which application threads were stopped: 0.0097480 seconds
2014-03-20T17:26:19.920-0500: 552.375: [GC
Desired survivor size 5242880 bytes, new threshold 1 (max 15)
 [PSYoungGen: 692096K->3680K(693760K)] 903290K->215002K(2092032K), 0.0081190 secs] [Times: user=0.06 sys=0.00, real=0.01 secs] 
2014-03-20T17:26:19.928-0500: 552.383: Total time for which application threads were stopped: 0.0092020 seconds
2014-03-20T17:26:20.375-0500: 552.830: [GC
Desired survivor size 5242880 bytes, new threshold 1 (max 15)
 [PSYoungGen: 692320K->3712K(694272K)] 903642K->215178K(2092544K), 0.0078780 secs] [Times: user=0.07 sys=0.00, real=0.01 secs] 
2014-03-20T17:26:20.383-0500: 552.838: Total time for which application threads were stopped: 0.0090590 seconds
2014-03-20T17:26:20.819-0500: 553.274: [GC
Desired survivor size 5767168 bytes, new threshold 1 (max 15)
 [PSYoungGen: 692864K->3936K(693248K)] 904330K->215546K(2091520K), 0.0079450 secs] [Times: user=0.07 sys=0.00, real=0.00 secs] 
2014-03-20T17:26:20.828-0500: 553.282: Total time for which application threads were stopped: 0.0090040 seconds
2014-03-20T17:26:21.229-0500: 553.683: [GC
Desired survivor size 5767168 bytes, new threshold 1 (max 15)
 [PSYoungGen: 693088K->4096K(693760K)] 904698K->215842K(2092032K), 0.0082470 secs] [Times: user=0.09 sys=0.00, real=0.00 secs] 
2014-03-20T17:26:21.237-0500: 553.692: Total time for which application threads were stopped: 0.0093770 seconds
2014-03-20T17:26:21.612-0500: 554.067: [GC
Desired survivor size 5767168 bytes, new threshold 1 (max 15)
 [PSYoungGen: 692224K->4256K(693760K)] 903970K->216146K(2092032K), 0.0079460 secs] [Times: user=0.07 sys=0.00, real=0.01 secs] 
2014-03-20T17:26:21.620-0500: 554.075: Total time for which application threads were stopped: 0.0089630 seconds
2014-03-20T17:26:22.007-0500: 554.461: [GC
Desired survivor size 5767168 bytes, new threshold 1 (max 15)
 [PSYoungGen: 692384K->4448K(693760K)] 904274K->216482K(2092032K), 0.0080920 secs] [Times: user=0.08 sys=0.00, real=0.01 secs] 
2014-03-20T17:26:22.015-0500: 554.470: Total time for which application threads were stopped: 0.0092410 seconds
2014-03-20T17:26:22.396-0500: 554.850: [GC
Desired survivor size 6291456 bytes, new threshold 1 (max 15)
 [PSYoungGen: 692576K->4512K(692736K)] 904610K->216690K(2091008K), 0.0079390 secs] [Times: user=0.08 sys=0.00, real=0.01 secs] 
2014-03-20T17:26:22.404-0500: 554.859: Total time for which application threads were stopped: 0.0089390 seconds
2014-03-20T17:26:22.774-0500: 555.229: [GC
Desired survivor size 6291456 bytes, new threshold 1 (max 15)
 [PSYoungGen: 692640K->4704K(693248K)] 904818K->217026K(2091520K), 0.0081320 secs] [Times: user=0.08 sys=0.01, real=0.01 secs] 
2014-03-20T17:26:22.782-0500: 555.237: Total time for which application threads were stopped: 0.0094390 seconds
2014-03-20T17:26:23.163-0500: 555.617: [GC
Desired survivor size 6291456 bytes, new threshold 1 (max 15)
 [PSYoungGen: 691808K->4800K(693248K)] 904130K->217258K(2091520K), 0.0090000 secs] [Times: user=0.07 sys=0.01, real=0.01 secs] 
2014-03-20T17:26:23.172-0500: 555.627: Total time for which application threads were stopped: 0.0099540 seconds
2014-03-20T17:26:23.562-0500: 556.017: [GC
Desired survivor size 6815744 bytes, new threshold 1 (max 15)
 [PSYoungGen: 691904K->4928K(692224K)] 904362K->217522K(2090496K), 0.0080100 secs] [Times: user=0.07 sys=0.00, real=0.01 secs] 
2014-03-20T17:26:23.570-0500: 556.025: Total time for which application threads were stopped: 0.0091710 seconds
2014-03-20T17:26:24.067-0500: 556.522: [GC
Desired survivor size 6815744 bytes, new threshold 1 (max 15)
 [PSYoungGen: 691008K->5024K(692736K)] 903602K->217762K(2091008K), 0.0083220 secs] [Times: user=0.08 sys=0.00, real=0.01 secs] 
2014-03-20T17:26:24.075-0500: 556.530: Total time for which application threads were stopped: 0.0095050 seconds
2014-03-20T17:26:24.648-0500: 557.102: [GC
Desired survivor size 6815744 bytes, new threshold 1 (max 15)
 [PSYoungGen: 691104K->5056K(692736K)] 903842K->217930K(2091008K), 0.0082990 secs] [Times: user=0.07 sys=0.00, real=0.01 secs] 
2014-03-20T17:26:24.656-0500: 557.111: Total time for which application threads were stopped: 0.0096220 seconds
2014-03-20T17:26:24.964-0500: 557.419: [GC
Desired survivor size 6815744 bytes, new threshold 1 (max 15)
 [PSYoungGen: 691136K->5216K(692736K)] 904010K->218226K(2091008K), 0.0093380 secs] [Times: user=0.08 sys=0.00, real=0.01 secs] 
2014-03-20T17:26:24.974-0500: 557.428: Total time for which application threads were stopped: 0.0104000 seconds
2014-03-20T17:26:25.297-0500: 557.751: [GC
Desired survivor size 7340032 bytes, new threshold 1 (max 15)
 [PSYoungGen: 691296K->5376K(691712K)] 904306K->218530K(2089984K), 0.0082860 secs] [Times: user=0.08 sys=0.00, real=0.01 secs] 
2014-03-20T17:26:25.305-0500: 557.760: Total time for which application threads were stopped: 0.0094750 seconds
2014-03-20T17:26:25.635-0500: 558.089: [GC
Desired survivor size 7340032 bytes, new threshold 1 (max 15)
 [PSYoungGen: 690432K->5440K(692224K)] 903586K->218730K(2090496K), 0.0080620 secs] [Times: user=0.07 sys=0.00, real=0.01 secs] 
2014-03-20T17:26:25.643-0500: 558.098: Total time for which application threads were stopped: 0.0092340 seconds
2014-03-20T17:26:25.946-0500: 558.401: [GC
Desired survivor size 7340032 bytes, new threshold 1 (max 15)
 [PSYoungGen: 690496K->5504K(692224K)] 903786K->218930K(2090496K), 0.0082500 secs] [Times: user=0.08 sys=0.00, real=0.01 secs] 
2014-03-20T17:26:25.955-0500: 558.410: Total time for which application threads were stopped: 0.0094640 seconds
2014-03-20T17:26:26.266-0500: 558.721: [GC
Desired survivor size 7864320 bytes, new threshold 1 (max 15)
 [PSYoungGen: 690560K->5536K(690688K)] 903986K->219098K(2088960K), 0.0081130 secs] [Times: user=0.08 sys=0.00, real=0.01 secs] 
2014-03-20T17:26:26.275-0500: 558.729: Total time for which application threads were stopped: 0.0092090 seconds
2014-03-20T17:26:26.577-0500: 559.032: [GC
Desired survivor size 7864320 bytes, new threshold 1 (max 15)
 [PSYoungGen: 690592K->5728K(691712K)] 904154K->219434K(2089984K), 0.0084030 secs] [Times: user=0.08 sys=0.00, real=0.01 secs] 
2014-03-20T17:26:26.586-0500: 559.041: Total time for which application threads were stopped: 0.0095880 seconds
2014-03-20T17:26:26.896-0500: 559.351: [GC
Desired survivor size 7864320 bytes, new threshold 1 (max 15)
 [PSYoungGen: 689760K->5792K(691712K)] 903466K->219634K(2089984K), 0.0079650 secs] [Times: user=0.08 sys=0.00, real=0.01 secs] 
2014-03-20T17:26:26.904-0500: 559.359: Total time for which application threads were stopped: 0.0090940 seconds
2014-03-20T17:26:27.213-0500: 559.668: [GC
Desired survivor size 7864320 bytes, new threshold 1 (max 15)
 [PSYoungGen: 689824K->5856K(691712K)] 903666K->219842K(2089984K), 0.0080140 secs] [Times: user=0.08 sys=0.00, real=0.01 secs] 
2014-03-20T17:26:27.221-0500: 559.676: Total time for which application threads were stopped: 0.0093310 seconds
2014-03-20T17:26:27.536-0500: 559.990: [GC
Desired survivor size 8388608 bytes, new threshold 1 (max 15)
 [PSYoungGen: 689888K->2080K(686592K)] 903874K->216186K(2084864K), 0.0112400 secs] [Times: user=0.06 sys=0.00, real=0.01 secs] 
2014-03-20T17:26:27.547-0500: 560.002: Total time for which application threads were stopped: 0.0121550 seconds
2014-03-20T17:26:27.865-0500: 560.320: [GC
Desired survivor size 8388608 bytes, new threshold 1 (max 15)
 [PSYoungGen: 686112K->2080K(691200K)] 900218K->216330K(2089472K), 0.0080320 secs] [Times: user=0.08 sys=0.00, real=0.01 secs] 
2014-03-20T17:26:27.873-0500: 560.328: Total time for which application threads were stopped: 0.0092190 seconds
2014-03-20T17:26:28.166-0500: 560.621: [GC
Desired survivor size 8388608 bytes, new threshold 1 (max 15)
 [PSYoungGen: 685088K->2112K(691200K)] 899338K->216498K(2089472K), 0.0076210 secs] [Times: user=0.06 sys=0.01, real=0.01 secs] 
2014-03-20T17:26:28.174-0500: 560.628: Total time for which application threads were stopped: 0.0085470 seconds
2014-03-20T17:26:28.469-0500: 560.924: [GC
Desired survivor size 8388608 bytes, new threshold 1 (max 15)
 [PSYoungGen: 685120K->2208K(691200K)] 899506K->216730K(2089472K), 0.0069500 secs] [Times: user=0.06 sys=0.00, real=0.00 secs] 
2014-03-20T17:26:28.477-0500: 560.931: Total time for which application threads were stopped: 0.0080440 seconds
2014-03-20T17:26:28.769-0500: 561.224: [GC
Desired survivor size 8388608 bytes, new threshold 1 (max 15)
 [PSYoungGen: 685216K->2304K(691200K)] 899738K->216962K(2089472K), 0.0073980 secs] [Times: user=0.06 sys=0.00, real=0.00 secs] 
2014-03-20T17:26:28.777-0500: 561.232: Total time for which application threads were stopped: 0.0084170 seconds
2014-03-20T17:26:29.085-0500: 561.540: [GC
Desired survivor size 8388608 bytes, new threshold 1 (max 15)
 [PSYoungGen: 685312K->2304K(691200K)] 899970K->217106K(2089472K), 0.0076580 secs] [Times: user=0.07 sys=0.00, real=0.01 secs] 
2014-03-20T17:26:29.093-0500: 561.547: Total time for which application threads were stopped: 0.0088010 seconds
2014-03-20T17:26:29.407-0500: 561.862: [GC
Desired survivor size 7864320 bytes, new threshold 1 (max 15)
 [PSYoungGen: 685312K->2432K(691200K)] 900114K->217370K(2089472K), 0.0076440 secs] [Times: user=0.07 sys=0.00, real=0.01 secs] 
2014-03-20T17:26:29.415-0500: 561.870: Total time for which application threads were stopped: 0.0085830 seconds
2014-03-20T17:26:29.758-0500: 562.213: [GC
Desired survivor size 7864320 bytes, new threshold 1 (max 15)
 [PSYoungGen: 685440K->2400K(691712K)] 900378K->217474K(2089984K), 0.0074250 secs] [Times: user=0.07 sys=0.00, real=0.01 secs] 
2014-03-20T17:26:29.766-0500: 562.221: Total time for which application threads were stopped: 0.0086320 seconds
2014-03-20T17:26:30.073-0500: 562.528: [GC
Desired survivor size 7340032 bytes, new threshold 1 (max 15)
 [PSYoungGen: 686432K->2496K(691712K)] 901506K->217706K(2089984K), 0.0073360 secs] [Times: user=0.07 sys=0.00, real=0.01 secs] 
2014-03-20T17:26:30.081-0500: 562.536: Total time for which application threads were stopped: 0.0082710 seconds
2014-03-20T17:26:30.376-0500: 562.831: [GC
Desired survivor size 7340032 bytes, new threshold 1 (max 15)
 [PSYoungGen: 686528K->2592K(692224K)] 901738K->217938K(2090496K), 0.0074040 secs] [Times: user=0.07 sys=0.00, real=0.01 secs] 
2014-03-20T17:26:30.383-0500: 562.838: Total time for which application threads were stopped: 0.0085770 seconds
2014-03-20T17:26:30.679-0500: 563.133: [GC
Desired survivor size 6815744 bytes, new threshold 1 (max 15)
 [PSYoungGen: 687648K->2560K(692224K)] 902994K->218050K(2090496K), 0.0074720 secs] [Times: user=0.07 sys=0.00, real=0.01 secs] 
2014-03-20T17:26:30.686-0500: 563.141: Total time for which application threads were stopped: 0.0085270 seconds
2014-03-20T17:26:30.969-0500: 563.424: [GC
Desired survivor size 6815744 bytes, new threshold 1 (max 15)
 [PSYoungGen: 687616K->2592K(692736K)] 903106K->218226K(2091008K), 0.0090270 secs] [Times: user=0.07 sys=0.00, real=0.01 secs] 
2014-03-20T17:26:30.978-0500: 563.433: Total time for which application threads were stopped: 0.0102400 seconds
2014-03-20T17:26:31.288-0500: 563.742: [GC
Desired survivor size 6291456 bytes, new threshold 1 (max 15)
 [PSYoungGen: 688672K->2720K(692736K)] 904306K->218506K(2091008K), 0.0079970 secs] [Times: user=0.07 sys=0.00, real=0.01 secs] 
2014-03-20T17:26:31.296-0500: 563.751: Total time for which application threads were stopped: 0.0089890 seconds
2014-03-20T17:26:31.355-0500: 563.810: Total time for which application threads were stopped: 0.0055500 seconds
2014-03-20T17:26:31.622-0500: 564.076: [GC
Desired survivor size 6291456 bytes, new threshold 1 (max 15)
 [PSYoungGen: 688800K->2848K(693248K)] 904586K->218770K(2091520K), 0.0075940 secs] [Times: user=0.08 sys=0.00, real=0.01 secs] 
2014-03-20T17:26:31.630-0500: 564.084: Total time for which application threads were stopped: 0.0087110 seconds
2014-03-20T17:26:31.948-0500: 564.402: [GC
Desired survivor size 5767168 bytes, new threshold 1 (max 15)
 [PSYoungGen: 689952K->2944K(693248K)] 905874K->219010K(2091520K), 0.0075580 secs] [Times: user=0.07 sys=0.00, real=0.01 secs] 
2014-03-20T17:26:31.955-0500: 564.410: Total time for which application threads were stopped: 0.0087430 seconds
2014-03-20T17:26:32.256-0500: 564.711: [GC
Desired survivor size 5767168 bytes, new threshold 1 (max 15)
 [PSYoungGen: 690048K->3200K(693760K)] 906114K->219410K(2092032K), 0.0076700 secs] [Times: user=0.07 sys=0.00, real=0.01 secs] 
2014-03-20T17:26:32.264-0500: 564.719: Total time for which application threads were stopped: 0.0087880 seconds
2014-03-20T17:26:32.565-0500: 565.020: [GC
Desired survivor size 5767168 bytes, new threshold 1 (max 15)
 [PSYoungGen: 691328K->3232K(693760K)] 907538K->219578K(2092032K), 0.0080250 secs] [Times: user=0.08 sys=0.01, real=0.01 secs] 
2014-03-20T17:26:32.573-0500: 565.028: Total time for which application threads were stopped: 0.0090430 seconds
2014-03-20T17:26:32.887-0500: 565.341: [GC
Desired survivor size 5242880 bytes, new threshold 1 (max 15)
 [PSYoungGen: 691360K->3328K(694272K)] 907706K->219810K(2092544K), 0.0077590 secs] [Times: user=0.07 sys=0.01, real=0.01 secs] 
2014-03-20T17:26:32.895-0500: 565.349: Total time for which application threads were stopped: 0.0089340 seconds
2014-03-20T17:26:33.190-0500: 565.644: [GC
Desired survivor size 5242880 bytes, new threshold 1 (max 15)
 [PSYoungGen: 691968K->3616K(693760K)] 908450K->220226K(2092032K), 0.0127180 secs] [Times: user=0.07 sys=0.00, real=0.01 secs] 
2014-03-20T17:26:33.203-0500: 565.657: Total time for which application threads were stopped: 0.0138710 seconds
2014-03-20T17:26:33.517-0500: 565.972: [GC
Desired survivor size 5242880 bytes, new threshold 1 (max 15)
 [PSYoungGen: 692256K->3616K(694272K)] 908866K->220370K(2092544K), 0.0078490 secs] [Times: user=0.07 sys=0.00, real=0.01 secs] 
2014-03-20T17:26:33.525-0500: 565.980: Total time for which application threads were stopped: 0.0089980 seconds
2014-03-20T17:26:33.855-0500: 566.309: [GC
Desired survivor size 5242880 bytes, new threshold 1 (max 15)
 [PSYoungGen: 692768K->3872K(694272K)] 909522K->220762K(2092544K), 0.0078940 secs] [Times: user=0.08 sys=0.00, real=0.01 secs] 
2014-03-20T17:26:33.863-0500: 566.317: Total time for which application threads were stopped: 0.0089570 seconds
2014-03-20T17:26:34.166-0500: 566.621: [GC
Desired survivor size 5767168 bytes, new threshold 1 (max 15)
 [PSYoungGen: 693024K->4000K(693248K)] 909914K->221026K(2091520K), 0.0081900 secs] [Times: user=0.08 sys=0.01, real=0.01 secs] 
2014-03-20T17:26:34.174-0500: 566.629: Total time for which application threads were stopped: 0.0094630 seconds
2014-03-20T17:26:34.476-0500: 566.931: [GC
Desired survivor size 5767168 bytes, new threshold 1 (max 15)
 [PSYoungGen: 692128K->4128K(693760K)] 909154K->221290K(2092032K), 0.0075560 secs] [Times: user=0.07 sys=0.00, real=0.01 secs] 
2014-03-20T17:26:34.484-0500: 566.939: Total time for which application threads were stopped: 0.0084410 seconds
2014-03-20T17:26:34.797-0500: 567.252: [GC
Desired survivor size 5767168 bytes, new threshold 1 (max 15)
 [PSYoungGen: 692256K->4256K(693760K)] 909418K->221562K(2092032K), 0.0076570 secs] [Times: user=0.07 sys=0.00, real=0.01 secs] 
2014-03-20T17:26:34.805-0500: 567.260: Total time for which application threads were stopped: 0.0088520 seconds
2014-03-20T17:26:35.107-0500: 567.562: [GC
Desired survivor size 5767168 bytes, new threshold 1 (max 15)
 [PSYoungGen: 692384K->4480K(693760K)] 909690K->221922K(2092032K), 0.0079380 secs] [Times: user=0.08 sys=0.00, real=0.01 secs] 
2014-03-20T17:26:35.116-0500: 567.570: Total time for which application threads were stopped: 0.0089760 seconds
2014-03-20T17:26:35.433-0500: 567.887: [GC
Desired survivor size 6291456 bytes, new threshold 1 (max 15)
 [PSYoungGen: 692608K->4576K(692736K)] 910050K->222154K(2091008K), 0.0081650 secs] [Times: user=0.07 sys=0.00, real=0.01 secs] 
2014-03-20T17:26:35.441-0500: 567.896: Total time for which application threads were stopped: 0.0094920 seconds
2014-03-20T17:26:35.769-0500: 568.223: [GC
Desired survivor size 6291456 bytes, new threshold 1 (max 15)
 [PSYoungGen: 691680K->4832K(693248K)] 909258K->222554K(2091520K), 0.0077680 secs] [Times: user=0.07 sys=0.01, real=0.01 secs] 
2014-03-20T17:26:35.777-0500: 568.231: Total time for which application threads were stopped: 0.0087120 seconds
2014-03-20T17:26:36.086-0500: 568.541: [GC
Desired survivor size 6291456 bytes, new threshold 1 (max 15)
 [PSYoungGen: 691936K->4832K(693248K)] 909658K->222690K(2091520K), 0.0083210 secs] [Times: user=0.08 sys=0.00, real=0.01 secs] 
2014-03-20T17:26:36.095-0500: 568.549: Total time for which application threads were stopped: 0.0095760 seconds
2014-03-20T17:26:36.402-0500: 568.856: [GC
Desired survivor size 6815744 bytes, new threshold 1 (max 15)
 [PSYoungGen: 691936K->5024K(692224K)] 909794K->223018K(2090496K), 0.0086620 secs] [Times: user=0.08 sys=0.00, real=0.01 secs] 
2014-03-20T17:26:36.411-0500: 568.865: Total time for which application threads were stopped: 0.0098560 seconds
2014-03-20T17:26:36.712-0500: 569.166: [GC
Desired survivor size 6815744 bytes, new threshold 1 (max 15)
 [PSYoungGen: 692128K->5088K(692736K)] 910122K->223218K(2091008K), 0.0082420 secs] [Times: user=0.07 sys=0.00, real=0.00 secs] 
2014-03-20T17:26:36.720-0500: 569.175: Total time for which application threads were stopped: 0.0096620 seconds
2014-03-20T17:26:37.020-0500: 569.475: [GC
Desired survivor size 6815744 bytes, new threshold 1 (max 15)
 [PSYoungGen: 691168K->5184K(692736K)] 909298K->223434K(2091008K), 0.0085180 secs] [Times: user=0.07 sys=0.00, real=0.00 secs] 
2014-03-20T17:26:37.029-0500: 569.484: Total time for which application threads were stopped: 0.0098890 seconds
2014-03-20T17:26:37.342-0500: 569.796: [GC
Desired survivor size 7340032 bytes, new threshold 1 (max 15)
 [PSYoungGen: 691264K->5312K(691712K)] 909514K->223706K(2089984K), 0.0086700 secs] [Times: user=0.08 sys=0.00, real=0.01 secs] 
2014-03-20T17:26:37.350-0500: 569.805: Total time for which application threads were stopped: 0.0099410 seconds
2014-03-20T17:26:37.674-0500: 570.128: [GC
Desired survivor size 7340032 bytes, new threshold 1 (max 15)
 [PSYoungGen: 690368K->5280K(692224K)] 908762K->223818K(2090496K), 0.0080720 secs] [Times: user=0.07 sys=0.01, real=0.01 secs] 
2014-03-20T17:26:37.682-0500: 570.137: Total time for which application threads were stopped: 0.0093480 seconds
2014-03-20T17:26:37.998-0500: 570.453: [GC
Desired survivor size 7340032 bytes, new threshold 1 (max 15)
 [PSYoungGen: 690336K->5472K(692224K)] 908874K->224146K(2090496K), 0.0091480 secs] [Times: user=0.08 sys=0.00, real=0.01 secs] 
2014-03-20T17:26:38.007-0500: 570.462: Total time for which application threads were stopped: 0.0107380 seconds
2014-03-20T17:26:38.337-0500: 570.791: [GC
Desired survivor size 7340032 bytes, new threshold 1 (max 15)
 [PSYoungGen: 690528K->5568K(692224K)] 909202K->224386K(2090496K), 0.0083180 secs] [Times: user=0.07 sys=0.00, real=0.01 secs] 
2014-03-20T17:26:38.345-0500: 570.800: Total time for which application threads were stopped: 0.0095490 seconds
2014-03-20T17:26:38.665-0500: 571.120: [GC
Desired survivor size 7864320 bytes, new threshold 1 (max 15)
 [PSYoungGen: 690624K->5632K(691200K)] 909442K->224594K(2089472K), 0.0085790 secs] [Times: user=0.08 sys=0.00, real=0.01 secs] 
2014-03-20T17:26:38.674-0500: 571.129: Total time for which application threads were stopped: 0.0100290 seconds
2014-03-20T17:26:38.992-0500: 571.446: [GC
Desired survivor size 7864320 bytes, new threshold 1 (max 15)
 [PSYoungGen: 689664K->5664K(691712K)] 908626K->224762K(2089984K), 0.0085780 secs] [Times: user=0.09 sys=0.00, real=0.01 secs] 
2014-03-20T17:26:39.000-0500: 571.455: Total time for which application threads were stopped: 0.0097680 seconds
2014-03-20T17:26:39.323-0500: 571.778: [GC
Desired survivor size 7864320 bytes, new threshold 1 (max 15)
 [PSYoungGen: 689696K->5760K(691712K)] 908794K->224986K(2089984K), 0.0082170 secs] [Times: user=0.08 sys=0.00, real=0.01 secs] 
2014-03-20T17:26:39.332-0500: 571.786: Total time for which application threads were stopped: 0.0096130 seconds
2014-03-20T17:26:39.659-0500: 572.113: [GC
Desired survivor size 7864320 bytes, new threshold 1 (max 15)
 [PSYoungGen: 689792K->5856K(691712K)] 909018K->225226K(2089984K), 0.0080540 secs] [Times: user=0.07 sys=0.00, real=0.01 secs] 
2014-03-20T17:26:39.667-0500: 572.122: Total time for which application threads were stopped: 0.0091240 seconds
2014-03-20T17:26:39.995-0500: 572.450: [GC
Desired survivor size 8388608 bytes, new threshold 1 (max 15)
 [PSYoungGen: 689888K->2016K(690688K)] 909258K->221522K(2088960K), 0.0083700 secs] [Times: user=0.07 sys=0.00, real=0.01 secs] 
2014-03-20T17:26:40.004-0500: 572.459: Total time for which application threads were stopped: 0.0098060 seconds
2014-03-20T17:26:40.308-0500: 572.763: [GC
Desired survivor size 8388608 bytes, new threshold 1 (max 15)
 [PSYoungGen: 685024K->2080K(691200K)] 904530K->221722K(2089472K), 0.0079460 secs] [Times: user=0.07 sys=0.00, real=0.01 secs] 
2014-03-20T17:26:40.316-0500: 572.771: Total time for which application threads were stopped: 0.0092340 seconds
2014-03-20T17:26:40.634-0500: 573.088: [GC
Desired survivor size 8388608 bytes, new threshold 1 (max 15)
 [PSYoungGen: 685088K->2144K(691200K)] 904730K->221922K(2089472K), 0.0080340 secs] [Times: user=0.08 sys=0.00, real=0.01 secs] 
2014-03-20T17:26:40.642-0500: 573.097: Total time for which application threads were stopped: 0.0095800 seconds
2014-03-20T17:26:40.962-0500: 573.416: [GC
Desired survivor size 8388608 bytes, new threshold 1 (max 15)
 [PSYoungGen: 685152K->2336K(691200K)] 904930K->222250K(2089472K), 0.0084600 secs] [Times: user=0.08 sys=0.00, real=0.00 secs] 
2014-03-20T17:26:40.970-0500: 573.425: Total time for which application threads were stopped: 0.0095160 seconds
2014-03-20T17:26:41.273-0500: 573.728: [GC
Desired survivor size 8388608 bytes, new threshold 1 (max 15)
 [PSYoungGen: 685344K->2240K(691200K)] 905258K->222290K(2089472K), 0.0082050 secs] [Times: user=0.07 sys=0.00, real=0.01 secs] 
2014-03-20T17:26:41.281-0500: 573.736: Total time for which application threads were stopped: 0.0096130 seconds
2014-03-20T17:26:41.622-0500: 574.076: [GC
Desired survivor size 8388608 bytes, new threshold 1 (max 15)
 [PSYoungGen: 685248K->2368K(691200K)] 905298K->222554K(2089472K), 0.0084020 secs] [Times: user=0.07 sys=0.00, real=0.00 secs] 
2014-03-20T17:26:41.630-0500: 574.085: Total time for which application threads were stopped: 0.0095320 seconds
2014-03-20T17:26:41.934-0500: 574.388: [GC
Desired survivor size 7864320 bytes, new threshold 1 (max 15)
 [PSYoungGen: 685376K->2400K(691712K)] 905562K->222730K(2089984K), 0.0084480 secs] [Times: user=0.07 sys=0.00, real=0.01 secs] 
2014-03-20T17:26:41.942-0500: 574.397: Total time for which application threads were stopped: 0.0099140 seconds
2014-03-20T17:26:42.251-0500: 574.706: [GC
Desired survivor size 7864320 bytes, new threshold 1 (max 15)
 [PSYoungGen: 685920K->2432K(691200K)] 906250K->222898K(2089472K), 0.0081490 secs] [Times: user=0.08 sys=0.00, real=0.01 secs] 
2014-03-20T17:26:42.259-0500: 574.714: Total time for which application threads were stopped: 0.0093640 seconds
2014-03-20T17:26:42.568-0500: 575.023: [GC
Desired survivor size 7340032 bytes, new threshold 1 (max 15)
 [PSYoungGen: 685952K->2464K(692224K)] 906418K->223034K(2090496K), 0.0093770 secs] [Times: user=0.06 sys=0.00, real=0.01 secs] 
2014-03-20T17:26:42.578-0500: 575.032: Total time for which application threads were stopped: 0.0105400 seconds
2014-03-20T17:26:42.883-0500: 575.338: [GC
Desired survivor size 7340032 bytes, new threshold 1 (max 15)
 [PSYoungGen: 687008K->2560K(691712K)] 907578K->223266K(2089984K), 0.0082740 secs] [Times: user=0.08 sys=0.00, real=0.01 secs] 
2014-03-20T17:26:42.892-0500: 575.346: Total time for which application threads were stopped: 0.0093100 seconds
2014-03-20T17:26:43.210-0500: 575.665: [GC
Desired survivor size 6815744 bytes, new threshold 1 (max 15)
 [PSYoungGen: 687104K->2656K(692736K)] 907810K->223498K(2091008K), 0.0079710 secs] [Times: user=0.08 sys=0.00, real=0.01 secs] 
2014-03-20T17:26:43.219-0500: 575.673: Total time for which application threads were stopped: 0.0091760 seconds
2014-03-20T17:26:43.544-0500: 575.999: [GC
Desired survivor size 6815744 bytes, new threshold 1 (max 15)
 [PSYoungGen: 688224K->2752K(692224K)] 909066K->223722K(2090496K), 0.0093860 secs] [Times: user=0.06 sys=0.01, real=0.01 secs] 
2014-03-20T17:26:43.554-0500: 576.009: Total time for which application threads were stopped: 0.0105520 seconds
2014-03-20T17:26:43.881-0500: 576.335: [GC
Desired survivor size 6291456 bytes, new threshold 1 (max 15)
 [PSYoungGen: 688320K->2880K(693248K)] 909290K->223986K(2091520K), 0.0082970 secs] [Times: user=0.08 sys=0.00, real=0.01 secs] 
2014-03-20T17:26:43.889-0500: 576.344: Total time for which application threads were stopped: 0.0097720 seconds
2014-03-20T17:26:44.200-0500: 576.654: [GC
Desired survivor size 6291456 bytes, new threshold 1 (max 15)
 [PSYoungGen: 689472K->3008K(692736K)] 910578K->224250K(2091008K), 0.0080620 secs] [Times: user=0.07 sys=0.00, real=0.01 secs] 
2014-03-20T17:26:44.208-0500: 576.663: Total time for which application threads were stopped: 0.0092880 seconds
2014-03-20T17:26:44.528-0500: 576.983: [GC
Desired survivor size 5767168 bytes, new threshold 1 (max 15)
 [PSYoungGen: 689600K->3072K(693760K)] 910842K->224458K(2092032K), 0.0081710 secs] [Times: user=0.07 sys=0.00, real=0.01 secs] 
2014-03-20T17:26:44.536-0500: 576.991: Total time for which application threads were stopped: 0.0113960 seconds
2014-03-20T17:26:44.860-0500: 577.315: [GC
Desired survivor size 5767168 bytes, new threshold 1 (max 15)
 [PSYoungGen: 690688K->3200K(693248K)] 912074K->224730K(2091520K), 0.0075600 secs] [Times: user=0.07 sys=0.00, real=0.01 secs] 
2014-03-20T17:26:44.868-0500: 577.323: Total time for which application threads were stopped: 0.0086070 seconds
2014-03-20T17:26:45.161-0500: 577.615: [GC
Desired survivor size 5767168 bytes, new threshold 1 (max 15)
 [PSYoungGen: 690816K->3296K(693760K)] 912346K->224962K(2092032K), 0.0080230 secs] [Times: user=0.07 sys=0.00, real=0.01 secs] 
2014-03-20T17:26:45.169-0500: 577.624: Total time for which application threads were stopped: 0.0092590 seconds
2014-03-20T17:26:45.471-0500: 577.926: [GC
Desired survivor size 5767168 bytes, new threshold 1 (max 15)
 [PSYoungGen: 691424K->3552K(693760K)] 913090K->225362K(2092032K), 0.0080690 secs] [Times: user=0.08 sys=0.01, real=0.01 secs] 
2014-03-20T17:26:45.479-0500: 577.934: Total time for which application threads were stopped: 0.0092330 seconds
2014-03-20T17:26:45.785-0500: 578.240: [GC
Desired survivor size 5242880 bytes, new threshold 1 (max 15)
 [PSYoungGen: 691680K->3648K(694272K)] 913490K->225602K(2092544K), 0.0079190 secs] [Times: user=0.07 sys=0.00, real=0.01 secs] 
2014-03-20T17:26:45.793-0500: 578.248: Total time for which application threads were stopped: 0.0094290 seconds
2014-03-20T17:26:46.089-0500: 578.544: [GC
Desired survivor size 5767168 bytes, new threshold 1 (max 15)
 [PSYoungGen: 692288K->3808K(693760K)] 914242K->225906K(2092032K), 0.0081340 secs] [Times: user=0.07 sys=0.00, real=0.01 secs] 
2014-03-20T17:26:46.098-0500: 578.552: Total time for which application threads were stopped: 0.0093320 seconds
2014-03-20T17:26:46.400-0500: 578.855: [GC
Desired survivor size 5767168 bytes, new threshold 1 (max 15)
 [PSYoungGen: 692448K->3872K(693760K)] 914546K->226106K(2092032K), 0.0080830 secs] [Times: user=0.07 sys=0.00, real=0.01 secs] 
2014-03-20T17:26:46.408-0500: 578.863: Total time for which application threads were stopped: 0.0093370 seconds
2014-03-20T17:26:46.721-0500: 579.175: [GC
Desired survivor size 5767168 bytes, new threshold 1 (max 15)
 [PSYoungGen: 692000K->4160K(693760K)] 914234K->226538K(2092032K), 0.0081090 secs] [Times: user=0.08 sys=0.00, real=0.01 secs] 
2014-03-20T17:26:46.729-0500: 579.184: Total time for which application threads were stopped: 0.0093180 seconds
2014-03-20T17:26:47.037-0500: 579.492: [GC
Desired survivor size 5767168 bytes, new threshold 1 (max 15)
 [PSYoungGen: 692288K->4224K(693760K)] 914666K->226738K(2092032K), 0.0082200 secs] [Times: user=0.07 sys=0.01, real=0.01 secs] 
2014-03-20T17:26:47.045-0500: 579.500: Total time for which application threads were stopped: 0.0095040 seconds
2014-03-20T17:26:47.362-0500: 579.817: [GC
Desired survivor size 5767168 bytes, new threshold 1 (max 15)
 [PSYoungGen: 692352K->4384K(693760K)] 914866K->227034K(2092032K), 0.0081350 secs] [Times: user=0.07 sys=0.01, real=0.01 secs] 
2014-03-20T17:26:47.370-0500: 579.825: Total time for which application threads were stopped: 0.0092310 seconds
2014-03-20T17:26:47.705-0500: 580.160: [GC
Desired survivor size 6291456 bytes, new threshold 1 (max 15)
 [PSYoungGen: 692512K->4480K(692736K)] 915162K->227274K(2091008K), 0.0080830 secs] [Times: user=0.07 sys=0.00, real=0.01 secs] 
2014-03-20T17:26:47.713-0500: 580.168: Total time for which application threads were stopped: 0.0095370 seconds
2014-03-20T17:26:48.022-0500: 580.477: [GC
Desired survivor size 6291456 bytes, new threshold 1 (max 15)
 [PSYoungGen: 691584K->4640K(693248K)] 914378K->227578K(2091520K), 0.0082580 secs] [Times: user=0.07 sys=0.00, real=0.01 secs] 
2014-03-20T17:26:48.030-0500: 580.485: Total time for which application threads were stopped: 0.0095060 seconds
2014-03-20T17:26:48.349-0500: 580.804: [GC
Desired survivor size 6291456 bytes, new threshold 1 (max 15)
 [PSYoungGen: 691744K->4704K(693248K)] 914682K->227778K(2091520K), 0.0099230 secs] [Times: user=0.07 sys=0.01, real=0.01 secs] 
2014-03-20T17:26:48.359-0500: 580.814: Total time for which application threads were stopped: 0.0113610 seconds
2014-03-20T17:26:48.674-0500: 581.128: [GC
Desired survivor size 6291456 bytes, new threshold 1 (max 15)
 [PSYoungGen: 691808K->4864K(693248K)] 914882K->228082K(2091520K), 0.0085430 secs] [Times: user=0.08 sys=0.00, real=0.01 secs] 
2014-03-20T17:26:48.682-0500: 581.137: Total time for which application threads were stopped: 0.0098400 seconds
2014-03-20T17:26:48.997-0500: 581.452: [GC
Desired survivor size 6815744 bytes, new threshold 1 (max 15)
 [PSYoungGen: 691968K->4992K(692224K)] 915186K->228346K(2090496K), 0.0079330 secs] [Times: user=0.07 sys=0.00, real=0.01 secs] 
2014-03-20T17:26:49.005-0500: 581.460: Total time for which application threads were stopped: 0.0092750 seconds
2014-03-20T17:26:49.311-0500: 581.766: [GC
Desired survivor size 6815744 bytes, new threshold 1 (max 15)
 [PSYoungGen: 691072K->5088K(692736K)] 914426K->228578K(2091008K), 0.0082620 secs] [Times: user=0.08 sys=0.00, real=0.01 secs] 
2014-03-20T17:26:49.319-0500: 581.774: Total time for which application threads were stopped: 0.0095370 seconds
2014-03-20T17:26:49.660-0500: 582.115: [GC
Desired survivor size 6815744 bytes, new threshold 1 (max 15)
 [PSYoungGen: 691168K->5184K(692736K)] 914658K->228802K(2091008K), 0.0102380 secs] [Times: user=0.07 sys=0.00, real=0.01 secs] 
2014-03-20T17:26:49.671-0500: 582.125: Total time for which application threads were stopped: 0.0116430 seconds
2014-03-20T17:26:49.999-0500: 582.454: [GC
Desired survivor size 7340032 bytes, new threshold 1 (max 15)
 [PSYoungGen: 691264K->5312K(691712K)] 914882K->229066K(2089984K), 0.0086790 secs] [Times: user=0.07 sys=0.00, real=0.01 secs] 
2014-03-20T17:26:50.008-0500: 582.463: Total time for which application threads were stopped: 0.0097380 seconds
2014-03-20T17:26:50.310-0500: 582.765: [GC
Desired survivor size 7340032 bytes, new threshold 1 (max 15)
 [PSYoungGen: 691392K->5504K(692224K)] 915146K->229394K(2090496K), 0.0084420 secs] [Times: user=0.08 sys=0.00, real=0.01 secs] 
2014-03-20T17:26:50.318-0500: 582.773: Total time for which application threads were stopped: 0.0097180 seconds
2014-03-20T17:26:50.632-0500: 583.087: [GC
Desired survivor size 7340032 bytes, new threshold 1 (max 15)
 [PSYoungGen: 690560K->5600K(692224K)] 914450K->229626K(2090496K), 0.0081520 secs] [Times: user=0.07 sys=0.00, real=0.00 secs] 
2014-03-20T17:26:50.641-0500: 583.095: Total time for which application threads were stopped: 0.0092770 seconds
2014-03-20T17:26:50.967-0500: 583.422: [GC
Desired survivor size 7864320 bytes, new threshold 1 (max 15)
 [PSYoungGen: 690656K->5536K(691200K)] 914682K->229706K(2089472K), 0.0081620 secs] [Times: user=0.07 sys=0.01, real=0.01 secs] 
2014-03-20T17:26:50.975-0500: 583.430: Total time for which application threads were stopped: 0.0094180 seconds
2014-03-20T17:26:51.301-0500: 583.756: [GC
Desired survivor size 7864320 bytes, new threshold 1 (max 15)
 [PSYoungGen: 689568K->5632K(691712K)] 913738K->229930K(2089984K), 0.0080680 secs] [Times: user=0.07 sys=0.00, real=0.01 secs] 
2014-03-20T17:26:51.309-0500: 583.764: Total time for which application threads were stopped: 0.0093120 seconds
2014-03-20T17:26:51.656-0500: 584.110: [GC
Desired survivor size 7864320 bytes, new threshold 1 (max 15)
 [PSYoungGen: 689664K->5856K(691712K)] 913962K->230298K(2089984K), 0.0087820 secs] [Times: user=0.08 sys=0.00, real=0.01 secs] 
2014-03-20T17:26:51.665-0500: 584.119: Total time for which application threads were stopped: 0.0101440 seconds
2014-03-20T17:26:51.983-0500: 584.438: [GC
Desired survivor size 7864320 bytes, new threshold 1 (max 15)
 [PSYoungGen: 689888K->5824K(691712K)] 914330K->230410K(2089984K), 0.0083900 secs] [Times: user=0.08 sys=0.00, real=0.00 secs] 
2014-03-20T17:26:51.991-0500: 584.446: Total time for which application threads were stopped: 0.0095670 seconds
2014-03-20T17:26:52.300-0500: 584.755: [GC
Desired survivor size 8388608 bytes, new threshold 1 (max 15)
 [PSYoungGen: 689856K->2048K(690688K)] 914442K->226770K(2088960K), 0.0081370 secs] [Times: user=0.07 sys=0.01, real=0.01 secs] 
2014-03-20T17:26:52.309-0500: 584.763: Total time for which application threads were stopped: 0.0093210 seconds
2014-03-20T17:26:52.616-0500: 585.071: [GC
Desired survivor size 8388608 bytes, new threshold 1 (max 15)
 [PSYoungGen: 685056K->2048K(691200K)] 909778K->226906K(2089472K), 0.0078920 secs] [Times: user=0.07 sys=0.00, real=0.01 secs] 
2014-03-20T17:26:52.624-0500: 585.079: Total time for which application threads were stopped: 0.0088450 seconds
2014-03-20T17:26:52.944-0500: 585.399: [GC
Desired survivor size 8388608 bytes, new threshold 1 (max 15)
 [PSYoungGen: 685056K->2112K(691200K)] 909914K->227082K(2089472K), 0.0083210 secs] [Times: user=0.06 sys=0.00, real=0.01 secs] 
2014-03-20T17:26:52.953-0500: 585.408: Total time for which application threads were stopped: 0.0095830 seconds
2014-03-20T17:26:53.268-0500: 585.723: [GC
Desired survivor size 8388608 bytes, new threshold 1 (max 15)
 [PSYoungGen: 685120K->2144K(691200K)] 910090K->227258K(2089472K), 0.0078600 secs] [Times: user=0.07 sys=0.00, real=0.01 secs] 
2014-03-20T17:26:53.276-0500: 585.731: Total time for which application threads were stopped: 0.0088870 seconds
2014-03-20T17:26:53.598-0500: 586.053: [GC
Desired survivor size 8388608 bytes, new threshold 1 (max 15)
 [PSYoungGen: 685152K->2272K(691200K)] 910266K->227538K(2089472K), 0.0087750 secs] [Times: user=0.08 sys=0.00, real=0.01 secs] 
2014-03-20T17:26:53.607-0500: 586.062: Total time for which application threads were stopped: 0.0100450 seconds
2014-03-20T17:26:53.917-0500: 586.372: [GC
Desired survivor size 7864320 bytes, new threshold 1 (max 15)
 [PSYoungGen: 685280K->2368K(691200K)] 910546K->227770K(2089472K), 0.0083010 secs] [Times: user=0.07 sys=0.00, real=0.01 secs] 
2014-03-20T17:26:53.926-0500: 586.380: Total time for which application threads were stopped: 0.0096050 seconds
2014-03-20T17:26:54.235-0500: 586.690: [GC
Desired survivor size 7864320 bytes, new threshold 1 (max 15)
 [PSYoungGen: 685376K->2464K(691712K)] 910778K->228002K(2089984K), 0.0079390 secs] [Times: user=0.07 sys=0.00, real=0.01 secs] 
2014-03-20T17:26:54.243-0500: 586.698: Total time for which application threads were stopped: 0.0090940 seconds
2014-03-20T17:26:54.548-0500: 587.002: [GC
Desired survivor size 7864320 bytes, new threshold 1 (max 15)
 [PSYoungGen: 686496K->2432K(691712K)] 912034K->228114K(2089984K), 0.0079620 secs] [Times: user=0.07 sys=0.00, real=0.01 secs] 
2014-03-20T17:26:54.556-0500: 587.010: Total time for which application threads were stopped: 0.0089190 seconds
2014-03-20T17:26:54.865-0500: 587.320: [GC
Desired survivor size 7340032 bytes, new threshold 1 (max 15)
 [PSYoungGen: 686464K->2528K(692224K)] 912146K->228354K(2090496K), 0.0081360 secs] [Times: user=0.07 sys=0.00, real=0.01 secs] 
2014-03-20T17:26:54.873-0500: 587.328: Total time for which application threads were stopped: 0.0093360 seconds
2014-03-20T17:26:55.192-0500: 587.646: [GC
Desired survivor size 7340032 bytes, new threshold 1 (max 15)
 [PSYoungGen: 687072K->2656K(691712K)] 912898K->228626K(2089984K), 0.0087220 secs] [Times: user=0.07 sys=0.00, real=0.01 secs] 
2014-03-20T17:26:55.201-0500: 587.655: Total time for which application threads were stopped: 0.0096880 seconds
2014-03-20T17:26:55.515-0500: 587.969: [GC
Desired survivor size 6815744 bytes, new threshold 1 (max 15)
 [PSYoungGen: 687200K->2720K(692736K)] 913170K->228826K(2091008K), 0.0085990 secs] [Times: user=0.08 sys=0.00, real=0.01 secs] 
2014-03-20T17:26:55.524-0500: 587.978: Total time for which application threads were stopped: 0.0100050 seconds
2014-03-20T17:26:55.846-0500: 588.300: [GC
Desired survivor size 6815744 bytes, new threshold 1 (max 15)
 [PSYoungGen: 688288K->2912K(692224K)] 914394K->229154K(2090496K), 0.0095390 secs] [Times: user=0.08 sys=0.00, real=0.01 secs] 
2014-03-20T17:26:55.855-0500: 588.310: Total time for which application threads were stopped: 0.0106400 seconds
2014-03-20T17:26:56.167-0500: 588.622: [GC
Desired survivor size 6291456 bytes, new threshold 1 (max 15)
 [PSYoungGen: 688480K->2944K(693248K)] 914722K->229322K(2091520K), 0.0075370 secs] [Times: user=0.07 sys=0.00, real=0.01 secs] 
2014-03-20T17:26:56.175-0500: 588.629: Total time for which application threads were stopped: 0.0087600 seconds
2014-03-20T17:26:56.490-0500: 588.945: [GC
Desired survivor size 6291456 bytes, new threshold 1 (max 15)
 [PSYoungGen: 689536K->3040K(692736K)] 915914K->229562K(2091008K), 0.0080290 secs] [Times: user=0.07 sys=0.01, real=0.01 secs] 
2014-03-20T17:26:56.498-0500: 588.953: Total time for which application threads were stopped: 0.0090140 seconds
2014-03-20T17:26:56.803-0500: 589.258: [GC
Desired survivor size 5767168 bytes, new threshold 1 (max 15)
 [PSYoungGen: 689632K->3168K(693760K)] 916154K->229826K(2092032K), 0.0077570 secs] [Times: user=0.07 sys=0.00, real=0.01 secs] 
2014-03-20T17:26:56.811-0500: 589.266: Total time for which application threads were stopped: 0.0092130 seconds
2014-03-20T17:26:57.128-0500: 589.583: [GC
Desired survivor size 5767168 bytes, new threshold 1 (max 15)
 [PSYoungGen: 690784K->3328K(693248K)] 917442K->230122K(2091520K), 0.0084270 secs] [Times: user=0.07 sys=0.01, real=0.01 secs] 
2014-03-20T17:26:57.137-0500: 589.591: Total time for which application threads were stopped: 0.0094060 seconds
2014-03-20T17:26:57.440-0500: 589.895: [GC
Desired survivor size 5767168 bytes, new threshold 1 (max 15)
 [PSYoungGen: 690944K->3488K(693760K)] 917738K->230426K(2092032K), 0.0082480 secs] [Times: user=0.08 sys=0.00, real=0.01 secs] 
2014-03-20T17:26:57.448-0500: 589.903: Total time for which application threads were stopped: 0.0094520 seconds
2014-03-20T17:26:57.787-0500: 590.242: [GC
Desired survivor size 5767168 bytes, new threshold 1 (max 15)
 [PSYoungGen: 691616K->3552K(693760K)] 918554K->230634K(2092032K), 0.0078380 secs] [Times: user=0.08 sys=0.00, real=0.01 secs] 
2014-03-20T17:26:57.795-0500: 590.250: Total time for which application threads were stopped: 0.0088770 seconds
2014-03-20T17:26:58.098-0500: 590.553: [GC
Desired survivor size 5767168 bytes, new threshold 1 (max 15)
 [PSYoungGen: 691680K->3712K(693760K)] 918762K->230930K(2092032K), 0.0079490 secs] [Times: user=0.08 sys=0.00, real=0.01 secs] 
2014-03-20T17:26:58.107-0500: 590.561: Total time for which application threads were stopped: 0.0091670 seconds
2014-03-20T17:26:58.423-0500: 590.877: [GC
Desired survivor size 5767168 bytes, new threshold 1 (max 15)
 [PSYoungGen: 691840K->3840K(693760K)] 919058K->231202K(2092032K), 0.0080280 secs] [Times: user=0.08 sys=0.00, real=0.01 secs] 
2014-03-20T17:26:58.431-0500: 590.886: Total time for which application threads were stopped: 0.0091740 seconds
2014-03-20T17:26:58.757-0500: 591.212: [GC
Desired survivor size 5767168 bytes, new threshold 1 (max 15)
 [PSYoungGen: 691968K->4032K(693760K)] 919330K->231538K(2092032K), 0.0080420 secs] [Times: user=0.07 sys=0.00, real=0.01 secs] 
2014-03-20T17:26:58.766-0500: 591.220: Total time for which application threads were stopped: 0.0095790 seconds
2014-03-20T17:26:59.083-0500: 591.538: [GC
Desired survivor size 5767168 bytes, new threshold 1 (max 15)
 [PSYoungGen: 692160K->4192K(693760K)] 919666K->231842K(2092032K), 0.0079050 secs] [Times: user=0.07 sys=0.00, real=0.01 secs] 
2014-03-20T17:26:59.091-0500: 591.546: Total time for which application threads were stopped: 0.0092080 seconds
2014-03-20T17:26:59.400-0500: 591.855: [GC
Desired survivor size 5767168 bytes, new threshold 1 (max 15)
 [PSYoungGen: 692320K->4224K(693760K)] 919970K->232034K(2092032K), 0.0082650 secs] [Times: user=0.07 sys=0.00, real=0.01 secs] 
2014-03-20T17:26:59.409-0500: 591.863: Total time for which application threads were stopped: 0.0097150 seconds
2014-03-20T17:26:59.736-0500: 592.191: [GC
Desired survivor size 5767168 bytes, new threshold 1 (max 15)
 [PSYoungGen: 692352K->4416K(693760K)] 920162K->232370K(2092032K), 0.0083730 secs] [Times: user=0.08 sys=0.00, real=0.01 secs] 
2014-03-20T17:26:59.744-0500: 592.199: Total time for which application threads were stopped: 0.0094480 seconds
2014-03-20T17:27:00.050-0500: 592.505: [GC
Desired survivor size 6291456 bytes, new threshold 1 (max 15)
 [PSYoungGen: 692544K->4576K(692736K)] 920498K->232666K(2091008K), 0.0083850 secs] [Times: user=0.07 sys=0.00, real=0.01 secs] 
2014-03-20T17:27:00.059-0500: 592.513: Total time for which application threads were stopped: 0.0098800 seconds
2014-03-20T17:27:00.367-0500: 592.821: [GC
Desired survivor size 6291456 bytes, new threshold 1 (max 15)
 [PSYoungGen: 691680K->4576K(693248K)] 919770K->232810K(2091520K), 0.0082150 secs] [Times: user=0.08 sys=0.00, real=0.01 secs] 
2014-03-20T17:27:00.375-0500: 592.830: Total time for which application threads were stopped: 0.0092760 seconds
2014-03-20T17:27:00.691-0500: 593.145: [GC
Desired survivor size 6291456 bytes, new threshold 1 (max 15)
 [PSYoungGen: 691680K->4800K(693248K)] 919914K->233178K(2091520K), 0.0084280 secs] [Times: user=0.08 sys=0.00, real=0.01 secs] 
2014-03-20T17:27:00.699-0500: 593.154: Total time for which application threads were stopped: 0.0098390 seconds
2014-03-20T17:27:01.011-0500: 593.466: [GC
Desired survivor size 6815744 bytes, new threshold 1 (max 15)
 [PSYoungGen: 691904K->4992K(692224K)] 920282K->233514K(2090496K), 0.0082730 secs] [Times: user=0.08 sys=0.00, real=0.01 secs] 
2014-03-20T17:27:01.020-0500: 593.475: Total time for which application threads were stopped: 0.0093690 seconds
2014-03-20T17:27:01.344-0500: 593.799: [GC
Desired survivor size 6815744 bytes, new threshold 1 (max 15)
 [PSYoungGen: 692096K->5024K(692736K)] 920618K->233682K(2091008K), 0.0081920 secs] [Times: user=0.08 sys=0.00, real=0.00 secs] 
2014-03-20T17:27:01.353-0500: 593.807: Total time for which application threads were stopped: 0.0095790 seconds
2014-03-20T17:27:01.670-0500: 594.125: [GC
Desired survivor size 6815744 bytes, new threshold 1 (max 15)
 [PSYoungGen: 691104K->5184K(692736K)] 919762K->233986K(2091008K), 0.0083800 secs] [Times: user=0.08 sys=0.00, real=0.01 secs] 
2014-03-20T17:27:01.679-0500: 594.133: Total time for which application threads were stopped: 0.0097310 seconds
2014-03-20T17:27:01.996-0500: 594.450: [GC
Desired survivor size 6815744 bytes, new threshold 1 (max 15)
 [PSYoungGen: 691264K->5280K(692736K)] 920066K->234218K(2091008K), 0.0078950 secs] [Times: user=0.07 sys=0.00, real=0.00 secs] 
2014-03-20T17:27:02.004-0500: 594.459: Total time for which application threads were stopped: 0.0091960 seconds
2014-03-20T17:27:02.311-0500: 594.765: [GC
Desired survivor size 7340032 bytes, new threshold 1 (max 15)
 [PSYoungGen: 691360K->5472K(691712K)] 920298K->234554K(2089984K), 0.0082330 secs] [Times: user=0.08 sys=0.00, real=0.01 secs] 
2014-03-20T17:27:02.319-0500: 594.774: Total time for which application threads were stopped: 0.0094800 seconds
2014-03-20T17:27:02.629-0500: 595.083: [GC
Desired survivor size 7340032 bytes, new threshold 1 (max 15)
 [PSYoungGen: 691552K->5472K(692224K)] 920634K->234690K(2090496K), 0.0080880 secs] [Times: user=0.07 sys=0.00, real=0.01 secs] 
2014-03-20T17:27:02.637-0500: 595.092: Total time for which application threads were stopped: 0.0092490 seconds
2014-03-20T17:27:02.957-0500: 595.412: [GC
Desired survivor size 7340032 bytes, new threshold 1 (max 15)
 [PSYoungGen: 690528K->5536K(692224K)] 919746K->234890K(2090496K), 0.0077800 secs] [Times: user=0.08 sys=0.00, real=0.01 secs] 
2014-03-20T17:27:02.965-0500: 595.420: Total time for which application threads were stopped: 0.0088590 seconds
2014-03-20T17:27:03.293-0500: 595.748: [GC
Desired survivor size 7864320 bytes, new threshold 1 (max 15)
 [PSYoungGen: 690592K->5632K(691200K)] 919946K->235122K(2089472K), 0.0078100 secs] [Times: user=0.07 sys=0.00, real=0.01 secs] 
2014-03-20T17:27:03.301-0500: 595.756: Total time for which application threads were stopped: 0.0090780 seconds
2014-03-20T17:27:03.624-0500: 596.078: [GC
Desired survivor size 7864320 bytes, new threshold 1 (max 15)
 [PSYoungGen: 689664K->5760K(691712K)] 919154K->235386K(2089984K), 0.0084550 secs] [Times: user=0.08 sys=0.00, real=0.01 secs] 
2014-03-20T17:27:03.632-0500: 596.087: Total time for which application threads were stopped: 0.0095260 seconds
2014-03-20T17:27:03.954-0500: 596.409: [GC
Desired survivor size 7864320 bytes, new threshold 1 (max 15)
 [PSYoungGen: 689792K->5856K(691712K)] 919418K->235626K(2089984K), 0.0086500 secs] [Times: user=0.08 sys=0.00, real=0.00 secs] 
2014-03-20T17:27:03.963-0500: 596.418: Total time for which application threads were stopped: 0.0099420 seconds
2014-03-20T17:27:04.278-0500: 596.732: [GC
Desired survivor size 8388608 bytes, new threshold 1 (max 15)
 [PSYoungGen: 689888K->2048K(686080K)] 919658K->231954K(2084352K), 0.0077250 secs] [Times: user=0.07 sys=0.00, real=0.01 secs] 
2014-03-20T17:27:04.286-0500: 596.740: Total time for which application threads were stopped: 0.0087890 seconds
2014-03-20T17:27:04.596-0500: 597.050: [GC
Desired survivor size 8388608 bytes, new threshold 1 (max 15)
 [PSYoungGen: 686080K->2080K(691200K)] 915986K->232130K(2089472K), 0.0076630 secs] [Times: user=0.07 sys=0.00, real=0.00 secs] 
2014-03-20T17:27:04.603-0500: 597.058: Total time for which application threads were stopped: 0.0088260 seconds
2014-03-20T17:27:04.902-0500: 597.357: [GC
Desired survivor size 8388608 bytes, new threshold 1 (max 15)
 [PSYoungGen: 685088K->2144K(691200K)] 915138K->232338K(2089472K), 0.0076810 secs] [Times: user=0.06 sys=0.00, real=0.01 secs] 
2014-03-20T17:27:04.910-0500: 597.365: Total time for which application threads were stopped: 0.0087350 seconds
2014-03-20T17:27:05.224-0500: 597.679: [GC
Desired survivor size 8388608 bytes, new threshold 1 (max 15)
 [PSYoungGen: 685152K->2208K(691200K)] 915346K->232546K(2089472K), 0.0078160 secs] [Times: user=0.07 sys=0.00, real=0.01 secs] 
2014-03-20T17:27:05.232-0500: 597.687: Total time for which application threads were stopped: 0.0089490 seconds
2014-03-20T17:27:05.556-0500: 598.011: [GC
Desired survivor size 8388608 bytes, new threshold 1 (max 15)
 [PSYoungGen: 685216K->2240K(691200K)] 915554K->232658K(2089472K), 0.0092720 secs] [Times: user=0.06 sys=0.00, real=0.01 secs] 
2014-03-20T17:27:05.566-0500: 598.020: Total time for which application threads were stopped: 0.0103060 seconds
2014-03-20T17:27:05.884-0500: 598.338: [GC
Desired survivor size 7864320 bytes, new threshold 1 (max 15)
 [PSYoungGen: 685248K->2336K(691712K)] 915666K->232898K(2089984K), 0.0075640 secs] [Times: user=0.07 sys=0.00, real=0.01 secs] 
2014-03-20T17:27:05.891-0500: 598.346: Total time for which application threads were stopped: 0.0087570 seconds
2014-03-20T17:27:06.204-0500: 598.658: [GC
Desired survivor size 7864320 bytes, new threshold 1 (max 15)
 [PSYoungGen: 685856K->2304K(691200K)] 916418K->233002K(2089472K), 0.0077690 secs] [Times: user=0.07 sys=0.00, real=0.01 secs] 
2014-03-20T17:27:06.212-0500: 598.666: Total time for which application threads were stopped: 0.0088230 seconds
2014-03-20T17:27:06.511-0500: 598.966: [GC
Desired survivor size 7864320 bytes, new threshold 1 (max 15)
 [PSYoungGen: 685824K->2400K(691712K)] 916522K->233234K(2089984K), 0.0081630 secs] [Times: user=0.08 sys=0.01, real=0.01 secs] 
2014-03-20T17:27:06.520-0500: 598.974: Total time for which application threads were stopped: 0.0093520 seconds
2014-03-20T17:27:06.824-0500: 599.279: [GC
Desired survivor size 7340032 bytes, new threshold 1 (max 15)
 [PSYoungGen: 686432K->2528K(691712K)] 917266K->233498K(2089984K), 0.0075810 secs] [Times: user=0.07 sys=0.00, real=0.01 secs] 
2014-03-20T17:27:06.832-0500: 599.286: Total time for which application threads were stopped: 0.0086230 seconds
2014-03-20T17:27:07.150-0500: 599.605: [GC
Desired survivor size 7340032 bytes, new threshold 1 (max 15)
 [PSYoungGen: 686560K->2528K(692224K)] 917530K->233634K(2090496K), 0.0080580 secs] [Times: user=0.07 sys=0.00, real=0.01 secs] 
2014-03-20T17:27:07.159-0500: 599.613: Total time for which application threads were stopped: 0.0091740 seconds
2014-03-20T17:27:07.477-0500: 599.932: [GC
Desired survivor size 6815744 bytes, new threshold 1 (max 15)
 [PSYoungGen: 687584K->2656K(692224K)] 918690K->233906K(2090496K), 0.0077170 secs] [Times: user=0.07 sys=0.00, real=0.01 secs] 
2014-03-20T17:27:07.485-0500: 599.940: Total time for which application threads were stopped: 0.0086980 seconds
2014-03-20T17:27:07.817-0500: 600.272: [GC
Desired survivor size 6815744 bytes, new threshold 1 (max 15)
 [PSYoungGen: 687712K->2784K(692736K)] 918962K->234178K(2091008K), 0.0080910 secs] [Times: user=0.07 sys=0.00, real=0.01 secs] 
2014-03-20T17:27:07.825-0500: 600.280: Total time for which application threads were stopped: 0.0093550 seconds
2014-03-20T17:27:08.150-0500: 600.605: [GC
Desired survivor size 6291456 bytes, new threshold 1 (max 15)
 [PSYoungGen: 688864K->2880K(692736K)] 920258K->234410K(2091008K), 0.0079190 secs] [Times: user=0.08 sys=0.00, real=0.01 secs] 
2014-03-20T17:27:08.158-0500: 600.613: Total time for which application threads were stopped: 0.0089800 seconds
2014-03-20T17:27:08.475-0500: 600.930: [GC
Desired survivor size 6291456 bytes, new threshold 1 (max 15)
 [PSYoungGen: 688960K->3008K(693248K)] 920490K->234674K(2091520K), 0.0082430 secs] [Times: user=0.08 sys=0.00, real=0.01 secs] 
2014-03-20T17:27:08.483-0500: 600.938: Total time for which application threads were stopped: 0.0094300 seconds
2014-03-20T17:27:08.785-0500: 601.240: [GC
Desired survivor size 5767168 bytes, new threshold 1 (max 15)
 [PSYoungGen: 690112K->3040K(693248K)] 921778K->234842K(2091520K), 0.0079540 secs] [Times: user=0.08 sys=0.00, real=0.01 secs] 
2014-03-20T17:27:08.793-0500: 601.248: Total time for which application threads were stopped: 0.0089610 seconds
2014-03-20T17:27:09.107-0500: 601.562: [GC
Desired survivor size 5767168 bytes, new threshold 1 (max 15)
 [PSYoungGen: 690144K->3296K(693760K)] 921946K->235234K(2092032K), 0.0074230 secs] [Times: user=0.07 sys=0.00, real=0.00 secs] 
2014-03-20T17:27:09.115-0500: 601.569: Total time for which application threads were stopped: 0.0085000 seconds
2014-03-20T17:27:09.435-0500: 601.890: [GC
Desired survivor size 5767168 bytes, new threshold 1 (max 15)
 [PSYoungGen: 691424K->3424K(693760K)] 923362K->235498K(2092032K), 0.0082180 secs] [Times: user=0.08 sys=0.00, real=0.00 secs] 
2014-03-20T17:27:09.444-0500: 601.899: Total time for which application threads were stopped: 0.0093470 seconds
2014-03-20T17:27:09.764-0500: 602.219: [GC
Desired survivor size 5767168 bytes, new threshold 1 (max 15)
 [PSYoungGen: 691552K->3488K(693760K)] 923626K->235706K(2092032K), 0.0081760 secs] [Times: user=0.08 sys=0.00, real=0.01 secs] 
2014-03-20T17:27:09.772-0500: 602.227: Total time for which application threads were stopped: 0.0094610 seconds
2014-03-20T17:27:10.092-0500: 602.547: [GC
Desired survivor size 5242880 bytes, new threshold 1 (max 15)
 [PSYoungGen: 691616K->3680K(693760K)] 923834K->236042K(2092032K), 0.0080830 secs] [Times: user=0.07 sys=0.00, real=0.01 secs] 
2014-03-20T17:27:10.100-0500: 602.555: Total time for which application threads were stopped: 0.0091200 seconds
2014-03-20T17:27:10.416-0500: 602.870: [GC
Desired survivor size 5242880 bytes, new threshold 1 (max 15)
 [PSYoungGen: 691808K->3680K(694272K)] 924170K->236186K(2092544K), 0.0086260 secs] [Times: user=0.08 sys=0.01, real=0.00 secs] 
2014-03-20T17:27:10.424-0500: 602.879: Total time for which application threads were stopped: 0.0097590 seconds
2014-03-20T17:27:10.733-0500: 603.188: [GC
Desired survivor size 5767168 bytes, new threshold 1 (max 15)
 [PSYoungGen: 692832K->3904K(693248K)] 925338K->236554K(2091520K), 0.0080130 secs] [Times: user=0.07 sys=0.00, real=0.01 secs] 
2014-03-20T17:27:10.742-0500: 603.196: Total time for which application threads were stopped: 0.0091710 seconds
2014-03-20T17:27:11.054-0500: 603.508: [GC
Desired survivor size 5767168 bytes, new threshold 1 (max 15)
 [PSYoungGen: 693056K->4064K(693760K)] 925706K->236858K(2092032K), 0.0080000 secs] [Times: user=0.08 sys=0.00, real=0.01 secs] 
2014-03-20T17:27:11.062-0500: 603.517: Total time for which application threads were stopped: 0.0093760 seconds
2014-03-20T17:27:11.375-0500: 603.830: [GC
Desired survivor size 5767168 bytes, new threshold 1 (max 15)
 [PSYoungGen: 692192K->4288K(693760K)] 924986K->237218K(2092032K), 0.0080400 secs] [Times: user=0.07 sys=0.00, real=0.01 secs] 
2014-03-20T17:27:11.383-0500: 603.838: Total time for which application threads were stopped: 0.0091010 seconds
2014-03-20T17:27:11.712-0500: 604.166: [GC
Desired survivor size 5767168 bytes, new threshold 1 (max 15)
 [PSYoungGen: 692416K->4288K(693760K)] 925346K->237362K(2092032K), 0.0076380 secs] [Times: user=0.06 sys=0.00, real=0.01 secs] 
2014-03-20T17:27:11.719-0500: 604.174: Total time for which application threads were stopped: 0.0089320 seconds
2014-03-20T17:27:12.033-0500: 604.488: [GC
Desired survivor size 5767168 bytes, new threshold 1 (max 15)
 [PSYoungGen: 692416K->4512K(693760K)] 925490K->237714K(2092032K), 0.0102310 secs] [Times: user=0.07 sys=0.01, real=0.01 secs] 
2014-03-20T17:27:12.044-0500: 604.499: Total time for which application threads were stopped: 0.0113880 seconds
2014-03-20T17:27:12.370-0500: 604.824: [GC
Desired survivor size 6291456 bytes, new threshold 1 (max 15)
 [PSYoungGen: 692640K->4704K(692736K)] 925842K->238050K(2091008K), 0.0081970 secs] [Times: user=0.08 sys=0.00, real=0.01 secs] 
2014-03-20T17:27:12.378-0500: 604.833: Total time for which application threads were stopped: 0.0094990 seconds
2014-03-20T17:27:12.698-0500: 605.153: [GC
Desired survivor size 6291456 bytes, new threshold 1 (max 15)
 [PSYoungGen: 691808K->4832K(693248K)] 925154K->238322K(2091520K), 0.0083040 secs] [Times: user=0.08 sys=0.00, real=0.01 secs] 
2014-03-20T17:27:12.707-0500: 605.162: Total time for which application threads were stopped: 0.0093180 seconds
2014-03-20T17:27:13.015-0500: 605.470: [GC
Desired survivor size 6815744 bytes, new threshold 1 (max 15)
 [PSYoungGen: 691936K->4960K(692224K)] 925426K->238594K(2090496K), 0.0095140 secs] [Times: user=0.07 sys=0.01, real=0.01 secs] 
2014-03-20T17:27:13.025-0500: 605.480: Total time for which application threads were stopped: 0.0108270 seconds
2014-03-20T17:27:13.342-0500: 605.797: [GC
Desired survivor size 6815744 bytes, new threshold 1 (max 15)
 [PSYoungGen: 691040K->4960K(692736K)] 924674K->238738K(2091008K), 0.0082090 secs] [Times: user=0.07 sys=0.00, real=0.01 secs] 
2014-03-20T17:27:13.350-0500: 605.805: Total time for which application threads were stopped: 0.0093490 seconds
2014-03-20T17:27:13.673-0500: 606.127: [GC
Desired survivor size 6815744 bytes, new threshold 1 (max 15)
 [PSYoungGen: 691040K->5120K(692736K)] 924818K->239026K(2091008K), 0.0080740 secs] [Times: user=0.08 sys=0.00, real=0.01 secs] 
2014-03-20T17:27:13.681-0500: 606.136: Total time for which application threads were stopped: 0.0092680 seconds
2014-03-20T17:27:13.990-0500: 606.445: [GC
Desired survivor size 6815744 bytes, new threshold 1 (max 15)
 [PSYoungGen: 691200K->5216K(692736K)] 925106K->239266K(2091008K), 0.0081390 secs] [Times: user=0.08 sys=0.01, real=0.01 secs] 
2014-03-20T17:27:13.998-0500: 606.453: Total time for which application threads were stopped: 0.0091250 seconds
2014-03-20T17:27:14.314-0500: 606.769: [GC
Desired survivor size 7340032 bytes, new threshold 1 (max 15)
 [PSYoungGen: 691296K->5312K(691712K)] 925346K->239506K(2089984K), 0.0085300 secs] [Times: user=0.08 sys=0.01, real=0.01 secs] 
2014-03-20T17:27:14.323-0500: 606.778: Total time for which application threads were stopped: 0.0096310 seconds
2014-03-20T17:27:14.633-0500: 607.087: [GC
Desired survivor size 7340032 bytes, new threshold 1 (max 15)
 [PSYoungGen: 690368K->5408K(692224K)] 924562K->239738K(2090496K), 0.0082490 secs] [Times: user=0.08 sys=0.00, real=0.01 secs] 
2014-03-20T17:27:14.641-0500: 607.096: Total time for which application threads were stopped: 0.0092360 seconds
2014-03-20T17:27:14.947-0500: 607.402: [GC
Desired survivor size 7340032 bytes, new threshold 1 (max 15)
 [PSYoungGen: 690464K->5568K(692224K)] 924794K->240042K(2090496K), 0.0084710 secs] [Times: user=0.08 sys=0.00, real=0.00 secs] 
2014-03-20T17:27:14.956-0500: 607.410: Total time for which application threads were stopped: 0.0097210 seconds
2014-03-20T17:27:15.267-0500: 607.722: [GC
Desired survivor size 7864320 bytes, new threshold 1 (max 15)
 [PSYoungGen: 690624K->5568K(690688K)] 925098K->240186K(2088960K), 0.0086780 secs] [Times: user=0.08 sys=0.00, real=0.01 secs] 
2014-03-20T17:27:15.276-0500: 607.731: Total time for which application threads were stopped: 0.0103120 seconds
2014-03-20T17:27:15.599-0500: 608.053: [GC
Desired survivor size 7864320 bytes, new threshold 1 (max 15)
 [PSYoungGen: 690624K->5600K(691712K)] 925242K->240362K(2089984K), 0.0085390 secs] [Times: user=0.08 sys=0.00, real=0.01 secs] 
2014-03-20T17:27:15.607-0500: 608.062: Total time for which application threads were stopped: 0.0099200 seconds
2014-03-20T17:27:15.915-0500: 608.370: [GC
Desired survivor size 7864320 bytes, new threshold 1 (max 15)
 [PSYoungGen: 689632K->5792K(691712K)] 924394K->240690K(2089984K), 0.0081750 secs] [Times: user=0.08 sys=0.00, real=0.01 secs] 
2014-03-20T17:27:15.923-0500: 608.378: Total time for which application threads were stopped: 0.0092190 seconds
2014-03-20T17:27:16.234-0500: 608.689: [GC
Desired survivor size 7864320 bytes, new threshold 1 (max 15)
 [PSYoungGen: 689824K->5824K(691712K)] 924722K->240866K(2089984K), 0.0088530 secs] [Times: user=0.08 sys=0.00, real=0.01 secs] 
2014-03-20T17:27:16.243-0500: 608.698: Total time for which application threads were stopped: 0.0099470 seconds
2014-03-20T17:27:16.556-0500: 609.011: [GC
Desired survivor size 8388608 bytes, new threshold 1 (max 15)
 [PSYoungGen: 689856K->2048K(686080K)] 924898K->237234K(2084352K), 0.0078800 secs] [Times: user=0.07 sys=0.00, real=0.01 secs] 
2014-03-20T17:27:16.564-0500: 609.019: Total time for which application threads were stopped: 0.0089930 seconds
2014-03-20T17:27:16.868-0500: 609.323: [GC
Desired survivor size 8388608 bytes, new threshold 1 (max 15)
 [PSYoungGen: 686080K->2112K(691200K)] 921266K->237434K(2089472K), 0.0080130 secs] [Times: user=0.07 sys=0.00, real=0.01 secs] 
2014-03-20T17:27:16.876-0500: 609.331: Total time for which application threads were stopped: 0.0091290 seconds
2014-03-20T17:27:17.174-0500: 609.629: [GC
Desired survivor size 8388608 bytes, new threshold 1 (max 15)
 [PSYoungGen: 685120K->2112K(691200K)] 920442K->237530K(2089472K), 0.0109730 secs] [Times: user=0.07 sys=0.00, real=0.01 secs] 
2014-03-20T17:27:17.185-0500: 609.640: Total time for which application threads were stopped: 0.0119090 seconds
2014-03-20T17:27:17.482-0500: 609.936: [GC
Desired survivor size 8388608 bytes, new threshold 1 (max 15)
 [PSYoungGen: 685120K->2272K(691200K)] 920538K->237826K(2089472K), 0.0079770 secs] [Times: user=0.07 sys=0.00, real=0.01 secs] 
2014-03-20T17:27:17.490-0500: 609.945: Total time for which application threads were stopped: 0.0091470 seconds
2014-03-20T17:27:17.807-0500: 610.262: [GC
Desired survivor size 8388608 bytes, new threshold 1 (max 15)
 [PSYoungGen: 685280K->2208K(691200K)] 920834K->237906K(2089472K), 0.0077610 secs] [Times: user=0.07 sys=0.00, real=0.00 secs] 
2014-03-20T17:27:17.815-0500: 610.270: Total time for which application threads were stopped: 0.0087500 seconds
2014-03-20T17:27:18.106-0500: 610.560: [GC
Desired survivor size 7864320 bytes, new threshold 1 (max 15)
 [PSYoungGen: 685216K->2208K(691712K)] 920914K->238050K(2089984K), 0.0079740 secs] [Times: user=0.06 sys=0.00, real=0.01 secs] 
2014-03-20T17:27:18.114-0500: 610.569: Total time for which application threads were stopped: 0.0094160 seconds
2014-03-20T17:27:18.422-0500: 610.877: [GC
Desired survivor size 7864320 bytes, new threshold 1 (max 15)
 [PSYoungGen: 685728K->2304K(691200K)] 921570K->238282K(2089472K), 0.0086080 secs] [Times: user=0.07 sys=0.00, real=0.01 secs] 
2014-03-20T17:27:18.431-0500: 610.886: Total time for which application threads were stopped: 0.0097440 seconds
2014-03-20T17:27:18.728-0500: 611.183: [GC
Desired survivor size 7864320 bytes, new threshold 1 (max 15)
 [PSYoungGen: 685824K->2464K(691712K)] 921802K->238586K(2089984K), 0.0076160 secs] [Times: user=0.06 sys=0.01, real=0.00 secs] 
2014-03-20T17:27:18.736-0500: 611.191: Total time for which application threads were stopped: 0.0089280 seconds
2014-03-20T17:27:19.040-0500: 611.495: [GC
Desired survivor size 7340032 bytes, new threshold 1 (max 15)
 [PSYoungGen: 686496K->2496K(691712K)] 922618K->238754K(2089984K), 0.0087460 secs] [Times: user=0.07 sys=0.00, real=0.01 secs] 
2014-03-20T17:27:19.049-0500: 611.504: Total time for which application threads were stopped: 0.0098070 seconds
2014-03-20T17:27:19.338-0500: 611.792: [GC
Desired survivor size 7340032 bytes, new threshold 1 (max 15)
 [PSYoungGen: 686528K->2656K(692224K)] 922786K->239058K(2090496K), 0.0077120 secs] [Times: user=0.07 sys=0.00, real=0.00 secs] 
2014-03-20T17:27:19.345-0500: 611.800: Total time for which application threads were stopped: 0.0089420 seconds
2014-03-20T17:27:19.651-0500: 612.106: [GC
Desired survivor size 6815744 bytes, new threshold 1 (max 15)
 [PSYoungGen: 687712K->2720K(692224K)] 924114K->239266K(2090496K), 0.0078620 secs] [Times: user=0.08 sys=0.00, real=0.01 secs] 
2014-03-20T17:27:19.660-0500: 612.114: Total time for which application threads were stopped: 0.0087630 seconds
2014-03-20T17:27:19.967-0500: 612.422: [GC
Desired survivor size 6815744 bytes, new threshold 1 (max 15)
 [PSYoungGen: 687776K->2816K(692736K)] 924322K->239498K(2091008K), 0.0078450 secs] [Times: user=0.07 sys=0.00, real=0.01 secs] 
2014-03-20T17:27:19.975-0500: 612.430: Total time for which application threads were stopped: 0.0091410 seconds
2014-03-20T17:27:20.271-0500: 612.726: [GC
Desired survivor size 6291456 bytes, new threshold 1 (max 15)
 [PSYoungGen: 688896K->2912K(692736K)] 925578K->239738K(2091008K), 0.0081970 secs] [Times: user=0.07 sys=0.00, real=0.01 secs] 
2014-03-20T17:27:20.279-0500: 612.734: Total time for which application threads were stopped: 0.0091560 seconds
2014-03-20T17:27:20.580-0500: 613.035: [GC
Desired survivor size 6291456 bytes, new threshold 1 (max 15)
 [PSYoungGen: 688992K->3008K(693248K)] 925818K->239970K(2091520K), 0.0109540 secs] [Times: user=0.07 sys=0.00, real=0.01 secs] 
2014-03-20T17:27:20.592-0500: 613.046: Total time for which application threads were stopped: 0.0120590 seconds
2014-03-20T17:27:20.891-0500: 613.346: [GC
Desired survivor size 5767168 bytes, new threshold 1 (max 15)
 [PSYoungGen: 690112K->3008K(693248K)] 927074K->240106K(2091520K), 0.0080480 secs] [Times: user=0.08 sys=0.00, real=0.01 secs] 
2014-03-20T17:27:20.899-0500: 613.354: Total time for which application threads were stopped: 0.0091770 seconds
2014-03-20T17:27:21.225-0500: 613.680: [GC
Desired survivor size 5767168 bytes, new threshold 1 (max 15)
 [PSYoungGen: 690112K->3168K(693760K)] 927210K->240402K(2092032K), 0.0079510 secs] [Times: user=0.08 sys=0.00, real=0.01 secs] 
2014-03-20T17:27:21.233-0500: 613.688: Total time for which application threads were stopped: 0.0089150 seconds
2014-03-20T17:27:21.546-0500: 614.000: [GC
Desired survivor size 5767168 bytes, new threshold 1 (max 15)
 [PSYoungGen: 691296K->3328K(693760K)] 928530K->240706K(2092032K), 0.0080010 secs] [Times: user=0.08 sys=0.00, real=0.01 secs] 
2014-03-20T17:27:21.554-0500: 614.009: Total time for which application threads were stopped: 0.0090600 seconds
2014-03-20T17:27:21.884-0500: 614.338: [GC
Desired survivor size 5242880 bytes, new threshold 1 (max 15)
 [PSYoungGen: 691456K->3584K(694272K)] 928834K->241106K(2092544K), 0.0081980 secs] [Times: user=0.08 sys=0.00, real=0.01 secs] 
2014-03-20T17:27:21.892-0500: 614.347: Total time for which application threads were stopped: 0.0092920 seconds
2014-03-20T17:27:22.207-0500: 614.662: [GC
Desired survivor size 5242880 bytes, new threshold 1 (max 15)
 [PSYoungGen: 692224K->3712K(693760K)] 929746K->241370K(2092032K), 0.0081080 secs] [Times: user=0.07 sys=0.00, real=0.00 secs] 
2014-03-20T17:27:22.215-0500: 614.670: Total time for which application threads were stopped: 0.0091870 seconds
2014-03-20T17:27:22.522-0500: 614.977: [GC
Desired survivor size 5767168 bytes, new threshold 1 (max 15)
 [PSYoungGen: 692352K->3808K(693248K)] 930010K->241610K(2091520K), 0.0080390 secs] [Times: user=0.07 sys=0.00, real=0.01 secs] 
2014-03-20T17:27:22.530-0500: 614.985: Total time for which application threads were stopped: 0.0092390 seconds
2014-03-20T17:27:22.843-0500: 615.298: [GC
Desired survivor size 5767168 bytes, new threshold 1 (max 15)
 [PSYoungGen: 691936K->4032K(693760K)] 929738K->241978K(2092032K), 0.0081730 secs] [Times: user=0.07 sys=0.01, real=0.01 secs] 
2014-03-20T17:27:22.852-0500: 615.306: Total time for which application threads were stopped: 0.0092270 seconds
2014-03-20T17:27:23.159-0500: 615.613: [GC
Desired survivor size 5767168 bytes, new threshold 1 (max 15)
 [PSYoungGen: 692160K->4064K(693760K)] 930106K->242146K(2092032K), 0.0085910 secs] [Times: user=0.07 sys=0.00, real=0.01 secs] 
2014-03-20T17:27:23.167-0500: 615.622: Total time for which application threads were stopped: 0.0099100 seconds
2014-03-20T17:27:23.486-0500: 615.941: [GC
Desired survivor size 5767168 bytes, new threshold 1 (max 15)
 [PSYoungGen: 692192K->4256K(693760K)] 930274K->242482K(2092032K), 0.0083810 secs] [Times: user=0.09 sys=0.00, real=0.01 secs] 
2014-03-20T17:27:23.495-0500: 615.949: Total time for which application threads were stopped: 0.0094610 seconds
2014-03-20T17:27:23.830-0500: 616.285: [GC
Desired survivor size 5767168 bytes, new threshold 1 (max 15)
 [PSYoungGen: 692384K->4384K(693760K)] 930610K->242754K(2092032K), 0.0080440 secs] [Times: user=0.08 sys=0.00, real=0.01 secs] 
2014-03-20T17:27:23.838-0500: 616.293: Total time for which application threads were stopped: 0.0093360 seconds
2014-03-20T17:27:24.153-0500: 616.608: [GC
Desired survivor size 6291456 bytes, new threshold 1 (max 15)
 [PSYoungGen: 692512K->4576K(692736K)] 930882K->243090K(2091008K), 0.0087960 secs] [Times: user=0.08 sys=0.00, real=0.01 secs] 
2014-03-20T17:27:24.162-0500: 616.617: Total time for which application threads were stopped: 0.0098930 seconds
2014-03-20T17:27:24.472-0500: 616.927: [GC
Desired survivor size 6291456 bytes, new threshold 1 (max 15)
 [PSYoungGen: 692704K->4576K(693248K)] 931218K->243226K(2091520K), 0.0106380 secs] [Times: user=0.07 sys=0.00, real=0.01 secs] 
2014-03-20T17:27:24.483-0500: 616.938: Total time for which application threads were stopped: 0.0119430 seconds
2014-03-20T17:27:24.805-0500: 617.260: [GC
Desired survivor size 6291456 bytes, new threshold 1 (max 15)
 [PSYoungGen: 691680K->4768K(693248K)] 930330K->243562K(2091520K), 0.0081600 secs] [Times: user=0.08 sys=0.00, real=0.01 secs] 
2014-03-20T17:27:24.814-0500: 617.268: Total time for which application threads were stopped: 0.0092980 seconds
2014-03-20T17:27:25.130-0500: 617.585: [GC
Desired survivor size 6815744 bytes, new threshold 1 (max 15)
 [PSYoungGen: 691872K->4928K(692224K)] 930666K->243866K(2090496K), 0.0082520 secs] [Times: user=0.08 sys=0.00, real=0.01 secs] 
2014-03-20T17:27:25.139-0500: 617.593: Total time for which application threads were stopped: 0.0096050 seconds
2014-03-20T17:27:25.451-0500: 617.906: [GC
Desired survivor size 6815744 bytes, new threshold 1 (max 15)
 [PSYoungGen: 691008K->4960K(692736K)] 929946K->244042K(2091008K), 0.0081210 secs] [Times: user=0.08 sys=0.00, real=0.01 secs] 
2014-03-20T17:27:25.460-0500: 617.914: Total time for which application threads were stopped: 0.0091060 seconds
2014-03-20T17:27:25.789-0500: 618.243: [GC
Desired survivor size 6815744 bytes, new threshold 1 (max 15)
 [PSYoungGen: 691040K->5120K(692736K)] 930122K->244346K(2091008K), 0.0078060 secs] [Times: user=0.07 sys=0.00, real=0.00 secs] 
2014-03-20T17:27:25.797-0500: 618.251: Total time for which application threads were stopped: 0.0089530 seconds
2014-03-20T17:27:26.090-0500: 618.545: [GC
Desired survivor size 6815744 bytes, new threshold 1 (max 15)
 [PSYoungGen: 691200K->5216K(692736K)] 930426K->244586K(2091008K), 0.0085770 secs] [Times: user=0.08 sys=0.00, real=0.01 secs] 
2014-03-20T17:27:26.099-0500: 618.554: Total time for which application threads were stopped: 0.0100470 seconds
2014-03-20T17:27:26.404-0500: 618.859: [GC
Desired survivor size 7340032 bytes, new threshold 1 (max 15)
 [PSYoungGen: 691296K->5344K(691712K)] 930666K->244850K(2089984K), 0.0095000 secs] [Times: user=0.08 sys=0.00, real=0.01 secs] 
2014-03-20T17:27:26.414-0500: 618.868: Total time for which application threads were stopped: 0.0107970 seconds
2014-03-20T17:27:26.722-0500: 619.177: [GC
Desired survivor size 7340032 bytes, new threshold 1 (max 15)
 [PSYoungGen: 690400K->5472K(692224K)] 929906K->245122K(2090496K), 0.0102820 secs] [Times: user=0.07 sys=0.00, real=0.01 secs] 
2014-03-20T17:27:26.732-0500: 619.187: Total time for which application threads were stopped: 0.0116060 seconds
2014-03-20T17:27:27.033-0500: 619.488: [GC
Desired survivor size 7340032 bytes, new threshold 1 (max 15)
 [PSYoungGen: 690528K->5536K(692224K)] 930178K->245330K(2090496K), 0.0087610 secs] [Times: user=0.08 sys=0.00, real=0.01 secs] 
2014-03-20T17:27:27.042-0500: 619.497: Total time for which application threads were stopped: 0.0102250 seconds
2014-03-20T17:27:27.369-0500: 619.823: [GC
Desired survivor size 7864320 bytes, new threshold 1 (max 15)
 [PSYoungGen: 690592K->5600K(690688K)] 930386K->245538K(2088960K), 0.0084390 secs] [Times: user=0.08 sys=0.01, real=0.00 secs] 
2014-03-20T17:27:27.377-0500: 619.832: Total time for which application threads were stopped: 0.0095920 seconds
2014-03-20T17:27:27.720-0500: 620.175: [GC
Desired survivor size 7864320 bytes, new threshold 1 (max 15)
 [PSYoungGen: 690656K->5696K(691712K)] 930594K->245770K(2089984K), 0.0083800 secs] [Times: user=0.08 sys=0.00, real=0.01 secs] 
2014-03-20T17:27:27.729-0500: 620.183: Total time for which application threads were stopped: 0.0098230 seconds
2014-03-20T17:27:28.036-0500: 620.491: [GC
Desired survivor size 7864320 bytes, new threshold 1 (max 15)
 [PSYoungGen: 689728K->5824K(691712K)] 929802K->246042K(2089984K), 0.0092430 secs] [Times: user=0.07 sys=0.00, real=0.01 secs] 
2014-03-20T17:27:28.046-0500: 620.500: Total time for which application threads were stopped: 0.0104800 seconds
2014-03-20T17:27:28.359-0500: 620.814: [GC
Desired survivor size 7864320 bytes, new threshold 1 (max 15)
 [PSYoungGen: 689856K->5888K(691712K)] 930074K->246250K(2089984K), 0.0082430 secs] [Times: user=0.07 sys=0.01, real=0.00 secs] 
2014-03-20T17:27:28.367-0500: 620.822: Total time for which application threads were stopped: 0.0094640 seconds
2014-03-20T17:27:28.670-0500: 621.125: [GC
Desired survivor size 8388608 bytes, new threshold 1 (max 15)
 [PSYoungGen: 689920K->2112K(686592K)] 930282K->242618K(2084864K), 0.0082050 secs] [Times: user=0.07 sys=0.00, real=0.01 secs] 
2014-03-20T17:27:28.679-0500: 621.133: Total time for which application threads were stopped: 0.0091970 seconds
2014-03-20T17:27:28.998-0500: 621.452: [GC
Desired survivor size 8388608 bytes, new threshold 1 (max 15)
 [PSYoungGen: 686144K->2080K(691200K)] 926650K->242722K(2089472K), 0.0080380 secs] [Times: user=0.07 sys=0.01, real=0.01 secs] 
2014-03-20T17:27:29.006-0500: 621.460: Total time for which application threads were stopped: 0.0092220 seconds
2014-03-20T17:27:29.326-0500: 621.781: [GC
Desired survivor size 8388608 bytes, new threshold 1 (max 15)
 [PSYoungGen: 685088K->2112K(691200K)] 925730K->242898K(2089472K), 0.0085240 secs] [Times: user=0.08 sys=0.01, real=0.01 secs] 
2014-03-20T17:27:29.335-0500: 621.789: Total time for which application threads were stopped: 0.0095480 seconds
2014-03-20T17:27:29.677-0500: 622.132: [GC
Desired survivor size 8388608 bytes, new threshold 1 (max 15)
 [PSYoungGen: 685120K->2208K(691200K)] 925906K->243138K(2089472K), 0.0078950 secs] [Times: user=0.08 sys=0.00, real=0.01 secs] 
2014-03-20T17:27:29.685-0500: 622.140: Total time for which application threads were stopped: 0.0090340 seconds
2014-03-20T17:27:30.002-0500: 622.456: [GC
Desired survivor size 8388608 bytes, new threshold 1 (max 15)
 [PSYoungGen: 685216K->2240K(691200K)] 926146K->243314K(2089472K), 0.0090390 secs] [Times: user=0.07 sys=0.00, real=0.01 secs] 
2014-03-20T17:27:30.011-0500: 622.466: Total time for which application threads were stopped: 0.0101930 seconds
2014-03-20T17:27:30.336-0500: 622.790: [GC
Desired survivor size 8388608 bytes, new threshold 1 (max 15)
 [PSYoungGen: 685248K->2336K(691200K)] 926322K->243554K(2089472K), 0.0082980 secs] [Times: user=0.09 sys=0.00, real=0.01 secs] 
2014-03-20T17:27:30.344-0500: 622.799: Total time for which application threads were stopped: 0.0095480 seconds
2014-03-20T17:27:30.666-0500: 623.120: [GC
Desired survivor size 7864320 bytes, new threshold 1 (max 15)
 [PSYoungGen: 685344K->2368K(691200K)] 926562K->243722K(2089472K), 0.0078720 secs] [Times: user=0.07 sys=0.00, real=0.01 secs] 
2014-03-20T17:27:30.674-0500: 623.128: Total time for which application threads were stopped: 0.0089380 seconds
2014-03-20T17:27:30.988-0500: 623.442: [GC
Desired survivor size 7864320 bytes, new threshold 1 (max 15)
 [PSYoungGen: 685376K->2400K(691712K)] 926730K->243898K(2089984K), 0.0086440 secs] [Times: user=0.06 sys=0.00, real=0.01 secs] 
2014-03-20T17:27:30.996-0500: 623.451: Total time for which application threads were stopped: 0.0097440 seconds
2014-03-20T17:27:31.326-0500: 623.780: [GC
Desired survivor size 7340032 bytes, new threshold 1 (max 15)
 [PSYoungGen: 686432K->2560K(691712K)] 927930K->244202K(2089984K), 0.0085500 secs] [Times: user=0.08 sys=0.00, real=0.01 secs] 
2014-03-20T17:27:31.335-0500: 623.789: Total time for which application threads were stopped: 0.0096340 seconds
2014-03-20T17:27:31.430-0500: 623.885: Total time for which application threads were stopped: 0.0007930 seconds
2014-03-20T17:27:31.664-0500: 624.119: [GC
Desired survivor size 7340032 bytes, new threshold 1 (max 15)
 [PSYoungGen: 686592K->2592K(692224K)] 928234K->244378K(2090496K), 0.0080390 secs] [Times: user=0.07 sys=0.00, real=0.01 secs] 
2014-03-20T17:27:31.672-0500: 624.127: Total time for which application threads were stopped: 0.0092660 seconds
2014-03-20T17:27:31.974-0500: 624.428: [GC
Desired survivor size 6815744 bytes, new threshold 1 (max 15)
 [PSYoungGen: 687648K->2752K(692224K)] 929434K->244682K(2090496K), 0.0078580 secs] [Times: user=0.07 sys=0.00, real=0.01 secs] 
2014-03-20T17:27:31.982-0500: 624.436: Total time for which application threads were stopped: 0.0089540 seconds
2014-03-20T17:27:32.307-0500: 624.761: [GC
Desired survivor size 6815744 bytes, new threshold 1 (max 15)
 [PSYoungGen: 687808K->2784K(692736K)] 929738K->244858K(2091008K), 0.0108660 secs] [Times: user=0.08 sys=0.00, real=0.01 secs] 
2014-03-20T17:27:32.318-0500: 624.772: Total time for which application threads were stopped: 0.0120250 seconds
2014-03-20T17:27:32.630-0500: 625.085: [GC
Desired survivor size 6291456 bytes, new threshold 1 (max 15)
 [PSYoungGen: 688864K->2976K(692736K)] 930938K->245194K(2091008K), 0.0081820 secs] [Times: user=0.07 sys=0.00, real=0.00 secs] 
2014-03-20T17:27:32.639-0500: 625.094: Total time for which application threads were stopped: 0.0093310 seconds
2014-03-20T17:27:32.964-0500: 625.419: [GC
Desired survivor size 6291456 bytes, new threshold 1 (max 15)
 [PSYoungGen: 689056K->2944K(693248K)] 931274K->245298K(2091520K), 0.0085600 secs] [Times: user=0.07 sys=0.00, real=0.01 secs] 
2014-03-20T17:27:32.973-0500: 625.427: Total time for which application threads were stopped: 0.0098620 seconds
2014-03-20T17:27:33.279-0500: 625.733: [GC
Desired survivor size 5767168 bytes, new threshold 1 (max 15)
 [PSYoungGen: 690048K->3104K(693248K)] 932402K->245602K(2091520K), 0.0091250 secs] [Times: user=0.07 sys=0.00, real=0.01 secs] 
2014-03-20T17:27:33.288-0500: 625.743: Total time for which application threads were stopped: 0.0102000 seconds
2014-03-20T17:27:33.635-0500: 626.090: [GC
Desired survivor size 5767168 bytes, new threshold 1 (max 15)
 [PSYoungGen: 690208K->3296K(693760K)] 932706K->245930K(2092032K), 0.0085960 secs] [Times: user=0.08 sys=0.00, real=0.01 secs] 
2014-03-20T17:27:33.644-0500: 626.099: Total time for which application threads were stopped: 0.0098630 seconds
2014-03-20T17:27:33.967-0500: 626.422: [GC
Desired survivor size 5767168 bytes, new threshold 1 (max 15)
 [PSYoungGen: 691424K->3520K(693760K)] 934058K->246298K(2092032K), 0.0088610 secs] [Times: user=0.08 sys=0.01, real=0.01 secs] 
2014-03-20T17:27:33.976-0500: 626.431: Total time for which application threads were stopped: 0.0098410 seconds
2014-03-20T17:27:34.290-0500: 626.745: [GC
Desired survivor size 5767168 bytes, new threshold 1 (max 15)
 [PSYoungGen: 691648K->3552K(693760K)] 934426K->246466K(2092032K), 0.0088110 secs] [Times: user=0.08 sys=0.00, real=0.01 secs] 
2014-03-20T17:27:34.299-0500: 626.754: Total time for which application threads were stopped: 0.0100950 seconds
2014-03-20T17:27:34.622-0500: 627.077: [GC
Desired survivor size 5767168 bytes, new threshold 1 (max 15)
 [PSYoungGen: 691680K->3648K(693760K)] 934594K->246650K(2092032K), 0.0105720 secs] [Times: user=0.05 sys=0.01, real=0.01 secs] 
2014-03-20T17:27:34.633-0500: 627.088: Total time for which application threads were stopped: 0.0117080 seconds
2014-03-20T17:27:34.967-0500: 627.422: [GC
Desired survivor size 5767168 bytes, new threshold 1 (max 15)
 [PSYoungGen: 691776K->3872K(693760K)] 934778K->247010K(2092032K), 0.0083490 secs] [Times: user=0.08 sys=0.00, real=0.01 secs] 
2014-03-20T17:27:34.976-0500: 627.431: Total time for which application threads were stopped: 0.0096320 seconds
2014-03-20T17:27:35.283-0500: 627.737: [GC
Desired survivor size 5767168 bytes, new threshold 1 (max 15)
 [PSYoungGen: 692000K->4032K(693760K)] 935138K->247306K(2092032K), 0.0078520 secs] [Times: user=0.08 sys=0.00, real=0.01 secs] 
2014-03-20T17:27:35.291-0500: 627.745: Total time for which application threads were stopped: 0.0090170 seconds
2014-03-20T17:27:35.613-0500: 628.067: [GC
Desired survivor size 5767168 bytes, new threshold 1 (max 15)
 [PSYoungGen: 692160K->4128K(693760K)] 935434K->247538K(2092032K), 0.0088270 secs] [Times: user=0.09 sys=0.00, real=0.01 secs] 
2014-03-20T17:27:35.622-0500: 628.076: Total time for which application threads were stopped: 0.0101150 seconds
2014-03-20T17:27:35.944-0500: 628.398: [GC
Desired survivor size 5767168 bytes, new threshold 1 (max 15)
 [PSYoungGen: 692256K->4288K(693760K)] 935666K->247842K(2092032K), 0.0087710 secs] [Times: user=0.08 sys=0.00, real=0.01 secs] 
2014-03-20T17:27:35.953-0500: 628.407: Total time for which application threads were stopped: 0.0098110 seconds
2014-03-20T17:27:36.262-0500: 628.717: [GC
Desired survivor size 5767168 bytes, new threshold 1 (max 15)
 [PSYoungGen: 692416K->4480K(693760K)] 935970K->248170K(2092032K), 0.0084470 secs] [Times: user=0.08 sys=0.00, real=0.01 secs] 
2014-03-20T17:27:36.271-0500: 628.725: Total time for which application threads were stopped: 0.0098710 seconds
2014-03-20T17:27:36.593-0500: 629.048: [GC
Desired survivor size 6291456 bytes, new threshold 1 (max 15)
 [PSYoungGen: 692608K->4544K(692736K)] 936298K->248378K(2091008K), 0.0086300 secs] [Times: user=0.08 sys=0.00, real=0.01 secs] 
2014-03-20T17:27:36.602-0500: 629.057: Total time for which application threads were stopped: 0.0097680 seconds
2014-03-20T17:27:36.924-0500: 629.379: [GC
Desired survivor size 6291456 bytes, new threshold 1 (max 15)
 [PSYoungGen: 692672K->4704K(693248K)] 936506K->248682K(2091520K), 0.0083700 secs] [Times: user=0.08 sys=0.00, real=0.01 secs] 
2014-03-20T17:27:36.932-0500: 629.387: Total time for which application threads were stopped: 0.0097210 seconds
2014-03-20T17:27:37.236-0500: 629.691: [GC
Desired survivor size 6291456 bytes, new threshold 1 (max 15)
 [PSYoungGen: 691808K->4736K(693248K)] 935786K->248850K(2091520K), 0.0087260 secs] [Times: user=0.08 sys=0.00, real=0.01 secs] 
2014-03-20T17:27:37.245-0500: 629.700: Total time for which application threads were stopped: 0.0097660 seconds
2014-03-20T17:27:37.561-0500: 630.016: [GC
Desired survivor size 6815744 bytes, new threshold 1 (max 15)
 [PSYoungGen: 691840K->4896K(692224K)] 935954K->249146K(2090496K), 0.0106340 secs] [Times: user=0.08 sys=0.00, real=0.01 secs] 
2014-03-20T17:27:37.572-0500: 630.027: Total time for which application threads were stopped: 0.0121340 seconds
2014-03-20T17:27:37.885-0500: 630.339: [GC
Desired survivor size 6815744 bytes, new threshold 1 (max 15)
 [PSYoungGen: 690976K->4960K(692736K)] 935226K->249354K(2091008K), 0.0085820 secs] [Times: user=0.07 sys=0.00, real=0.01 secs] 
2014-03-20T17:27:37.894-0500: 630.348: Total time for which application threads were stopped: 0.0097720 seconds
2014-03-20T17:27:38.201-0500: 630.656: [GC
Desired survivor size 6815744 bytes, new threshold 1 (max 15)
 [PSYoungGen: 691040K->5056K(692736K)] 935434K->249594K(2091008K), 0.0090230 secs] [Times: user=0.09 sys=0.01, real=0.01 secs] 
2014-03-20T17:27:38.210-0500: 630.665: Total time for which application threads were stopped: 0.0105170 seconds
2014-03-20T17:27:38.517-0500: 630.972: [GC
Desired survivor size 6815744 bytes, new threshold 1 (max 15)
 [PSYoungGen: 691136K->5216K(692736K)] 935674K->249898K(2091008K), 0.0088950 secs] [Times: user=0.08 sys=0.00, real=0.01 secs] 
2014-03-20T17:27:38.527-0500: 630.981: Total time for which application threads were stopped: 0.0101810 seconds
2014-03-20T17:27:38.842-0500: 631.296: [GC
Desired survivor size 7340032 bytes, new threshold 1 (max 15)
 [PSYoungGen: 691296K->5376K(691712K)] 935978K->250202K(2089984K), 0.0101770 secs] [Times: user=0.09 sys=0.00, real=0.01 secs] 
2014-03-20T17:27:38.852-0500: 631.307: Total time for which application threads were stopped: 0.0116820 seconds
2014-03-20T17:27:39.164-0500: 631.619: [GC
Desired survivor size 7340032 bytes, new threshold 1 (max 15)
 [PSYoungGen: 690432K->5472K(692224K)] 935258K->250434K(2090496K), 0.0085620 secs] [Times: user=0.08 sys=0.00, real=0.01 secs] 
2014-03-20T17:27:39.173-0500: 631.627: Total time for which application threads were stopped: 0.0097120 seconds
2014-03-20T17:27:39.499-0500: 631.954: [GC
Desired survivor size 7340032 bytes, new threshold 1 (max 15)
 [PSYoungGen: 690528K->5536K(692224K)] 935490K->250642K(2090496K), 0.0084060 secs] [Times: user=0.07 sys=0.00, real=0.01 secs] 
2014-03-20T17:27:39.508-0500: 631.963: Total time for which application threads were stopped: 0.0097670 seconds
2014-03-20T17:27:39.827-0500: 632.282: [GC
Desired survivor size 7864320 bytes, new threshold 1 (max 15)
 [PSYoungGen: 690592K->5664K(691200K)] 935698K->250914K(2089472K), 0.0082840 secs] [Times: user=0.08 sys=0.00, real=0.01 secs] 
2014-03-20T17:27:39.836-0500: 632.290: Total time for which application threads were stopped: 0.0094240 seconds
2014-03-20T17:27:40.151-0500: 632.606: [GC
Desired survivor size 7864320 bytes, new threshold 1 (max 15)
 [PSYoungGen: 690720K->5696K(691712K)] 935970K->251090K(2089984K), 0.0085480 secs] [Times: user=0.08 sys=0.01, real=0.00 secs] 
2014-03-20T17:27:40.160-0500: 632.615: Total time for which application threads were stopped: 0.0098330 seconds
2014-03-20T17:27:40.465-0500: 632.920: [GC
Desired survivor size 7864320 bytes, new threshold 1 (max 15)
 [PSYoungGen: 689728K->5856K(691712K)] 935122K->251394K(2089984K), 0.0086640 secs] [Times: user=0.09 sys=0.00, real=0.01 secs] 
2014-03-20T17:27:40.474-0500: 632.929: Total time for which application threads were stopped: 0.0097490 seconds
2014-03-20T17:27:40.780-0500: 633.235: [GC
Desired survivor size 7864320 bytes, new threshold 1 (max 15)
 [PSYoungGen: 689888K->5760K(691712K)] 935426K->251434K(2089984K), 0.0084050 secs] [Times: user=0.08 sys=0.00, real=0.01 secs] 
2014-03-20T17:27:40.789-0500: 633.243: Total time for which application threads were stopped: 0.0097750 seconds
2014-03-20T17:27:41.112-0500: 633.567: [GC
Desired survivor size 8388608 bytes, new threshold 1 (max 15)
 [PSYoungGen: 689792K->2016K(686080K)] 935466K->247826K(2084352K), 0.0086540 secs] [Times: user=0.08 sys=0.00, real=0.01 secs] 
2014-03-20T17:27:41.121-0500: 633.575: Total time for which application threads were stopped: 0.0097410 seconds
2014-03-20T17:27:41.449-0500: 633.904: [GC
Desired survivor size 8388608 bytes, new threshold 1 (max 15)
 [PSYoungGen: 686048K->2144K(691200K)] 931858K->248098K(2089472K), 0.0085590 secs] [Times: user=0.08 sys=0.00, real=0.01 secs] 
2014-03-20T17:27:41.458-0500: 633.913: Total time for which application threads were stopped: 0.0099220 seconds
2014-03-20T17:27:41.793-0500: 634.248: [GC
Desired survivor size 8388608 bytes, new threshold 1 (max 15)
 [PSYoungGen: 685152K->2176K(691200K)] 931106K->248274K(2089472K), 0.0083770 secs] [Times: user=0.08 sys=0.00, real=0.01 secs] 
2014-03-20T17:27:41.802-0500: 634.256: Total time for which application threads were stopped: 0.0096990 seconds
2014-03-20T17:27:42.105-0500: 634.560: [GC
Desired survivor size 8388608 bytes, new threshold 1 (max 15)
 [PSYoungGen: 685184K->2048K(691200K)] 931282K->248234K(2089472K), 0.0083040 secs] [Times: user=0.05 sys=0.00, real=0.01 secs] 
2014-03-20T17:27:42.113-0500: 634.568: Total time for which application threads were stopped: 0.0095440 seconds
2014-03-20T17:27:42.428-0500: 634.883: [GC
Desired survivor size 8388608 bytes, new threshold 1 (max 15)
 [PSYoungGen: 685056K->2336K(691200K)] 931242K->248666K(2089472K), 0.0084210 secs] [Times: user=0.08 sys=0.00, real=0.01 secs] 
2014-03-20T17:27:42.436-0500: 634.891: Total time for which application threads were stopped: 0.0096360 seconds
2014-03-20T17:27:42.749-0500: 635.204: [GC
Desired survivor size 8388608 bytes, new threshold 1 (max 15)
 [PSYoungGen: 685344K->2304K(691200K)] 931674K->248778K(2089472K), 0.0082120 secs] [Times: user=0.07 sys=0.01, real=0.01 secs] 
2014-03-20T17:27:42.758-0500: 635.213: Total time for which application threads were stopped: 0.0095670 seconds
2014-03-20T17:27:43.072-0500: 635.527: [GC
Desired survivor size 7864320 bytes, new threshold 1 (max 15)
 [PSYoungGen: 685312K->2464K(691200K)] 931786K->249074K(2089472K), 0.0086630 secs] [Times: user=0.08 sys=0.00, real=0.01 secs] 
2014-03-20T17:27:43.081-0500: 635.536: Total time for which application threads were stopped: 0.0096920 seconds
2014-03-20T17:27:43.407-0500: 635.862: [GC
Desired survivor size 7864320 bytes, new threshold 1 (max 15)
 [PSYoungGen: 685472K->2368K(691712K)] 932082K->249122K(2089984K), 0.0081310 secs] [Times: user=0.07 sys=0.00, real=0.01 secs] 
2014-03-20T17:27:43.416-0500: 635.871: Total time for which application threads were stopped: 0.0094360 seconds
2014-03-20T17:27:43.741-0500: 636.196: [GC
Desired survivor size 7340032 bytes, new threshold 1 (max 15)
 [PSYoungGen: 686400K->2624K(691712K)] 933154K->249522K(2089984K), 0.0081360 secs] [Times: user=0.08 sys=0.01, real=0.00 secs] 
2014-03-20T17:27:43.749-0500: 636.204: Total time for which application threads were stopped: 0.0091670 seconds
2014-03-20T17:27:44.059-0500: 636.513: [GC
Desired survivor size 7340032 bytes, new threshold 1 (max 15)
 [PSYoungGen: 686656K->2624K(692224K)] 933554K->249666K(2090496K), 0.0083730 secs] [Times: user=0.08 sys=0.00, real=0.01 secs] 
2014-03-20T17:27:44.067-0500: 636.522: Total time for which application threads were stopped: 0.0095420 seconds
2014-03-20T17:27:44.376-0500: 636.831: [GC
Desired survivor size 6815744 bytes, new threshold 1 (max 15)
 [PSYoungGen: 687680K->2720K(692224K)] 934722K->249898K(2090496K), 0.0083950 secs] [Times: user=0.07 sys=0.01, real=0.01 secs] 
2014-03-20T17:27:44.385-0500: 636.839: Total time for which application threads were stopped: 0.0094060 seconds
2014-03-20T17:27:44.716-0500: 637.170: [GC
Desired survivor size 6815744 bytes, new threshold 1 (max 15)
 [PSYoungGen: 687776K->2720K(692736K)] 934954K->250042K(2091008K), 0.0085430 secs] [Times: user=0.08 sys=0.00, real=0.01 secs] 
2014-03-20T17:27:44.725-0500: 637.179: Total time for which application threads were stopped: 0.0099410 seconds
2014-03-20T17:27:45.057-0500: 637.512: [GC
Desired survivor size 6291456 bytes, new threshold 1 (max 15)
 [PSYoungGen: 688800K->2880K(692736K)] 936122K->250346K(2091008K), 0.0085820 secs] [Times: user=0.08 sys=0.00, real=0.01 secs] 
2014-03-20T17:27:45.066-0500: 637.520: Total time for which application threads were stopped: 0.0097240 seconds
2014-03-20T17:27:45.375-0500: 637.830: [GC
Desired survivor size 6291456 bytes, new threshold 1 (max 15)
 [PSYoungGen: 688960K->2976K(693248K)] 936426K->250578K(2091520K), 0.0085000 secs] [Times: user=0.08 sys=0.00, real=0.01 secs] 
2014-03-20T17:27:45.384-0500: 637.838: Total time for which application threads were stopped: 0.0097000 seconds
2014-03-20T17:27:45.719-0500: 638.174: [GC
Desired survivor size 5767168 bytes, new threshold 1 (max 15)
 [PSYoungGen: 690080K->3328K(693248K)] 937682K->251074K(2091520K), 0.0082220 secs] [Times: user=0.08 sys=0.00, real=0.01 secs] 
2014-03-20T17:27:45.727-0500: 638.182: Total time for which application threads were stopped: 0.0093780 seconds
2014-03-20T17:27:46.040-0500: 638.495: [GC
Desired survivor size 5767168 bytes, new threshold 1 (max 15)
 [PSYoungGen: 690432K->3168K(693760K)] 938178K->251058K(2092032K), 0.0086460 secs] [Times: user=0.08 sys=0.00, real=0.01 secs] 
2014-03-20T17:27:46.049-0500: 638.504: Total time for which application threads were stopped: 0.0100040 seconds
2014-03-20T17:27:46.350-0500: 638.805: [GC
Desired survivor size 5767168 bytes, new threshold 1 (max 15)
 [PSYoungGen: 691296K->3328K(693760K)] 939186K->251354K(2092032K), 0.0082380 secs] [Times: user=0.07 sys=0.00, real=0.01 secs] 
2014-03-20T17:27:46.359-0500: 638.814: Total time for which application threads were stopped: 0.0093300 seconds
2014-03-20T17:27:46.663-0500: 639.118: [GC
Desired survivor size 5767168 bytes, new threshold 1 (max 15)
 [PSYoungGen: 691456K->3584K(693760K)] 939482K->251746K(2092032K), 0.0085320 secs] [Times: user=0.08 sys=0.00, real=0.01 secs] 
2014-03-20T17:27:46.672-0500: 639.126: Total time for which application threads were stopped: 0.0097280 seconds
2014-03-20T17:27:46.984-0500: 639.438: [GC
Desired survivor size 5767168 bytes, new threshold 1 (max 15)
 [PSYoungGen: 691712K->3744K(693760K)] 939874K->252042K(2092032K), 0.0087080 secs] [Times: user=0.09 sys=0.00, real=0.01 secs] 
2014-03-20T17:27:46.993-0500: 639.447: Total time for which application threads were stopped: 0.0099330 seconds
2014-03-20T17:27:47.302-0500: 639.756: [GC
Desired survivor size 5767168 bytes, new threshold 1 (max 15)
 [PSYoungGen: 691872K->3808K(693760K)] 940170K->252250K(2092032K), 0.0086110 secs] [Times: user=0.08 sys=0.00, real=0.00 secs] 
2014-03-20T17:27:47.310-0500: 639.765: Total time for which application threads were stopped: 0.0100700 seconds
2014-03-20T17:27:47.654-0500: 640.108: [GC
Desired survivor size 5767168 bytes, new threshold 1 (max 15)
 [PSYoungGen: 691936K->3968K(693760K)] 940378K->252546K(2092032K), 0.0080820 secs] [Times: user=0.08 sys=0.00, real=0.01 secs] 
2014-03-20T17:27:47.662-0500: 640.117: Total time for which application threads were stopped: 0.0094120 seconds
2014-03-20T17:27:47.983-0500: 640.437: [GC
Desired survivor size 5767168 bytes, new threshold 1 (max 15)
 [PSYoungGen: 692096K->4064K(693760K)] 940674K->252778K(2092032K), 0.0077630 secs] [Times: user=0.07 sys=0.00, real=0.00 secs] 
2014-03-20T17:27:47.991-0500: 640.445: Total time for which application threads were stopped: 0.0089480 seconds
2014-03-20T17:27:48.285-0500: 640.739: [GC
Desired survivor size 5767168 bytes, new threshold 1 (max 15)
 [PSYoungGen: 692192K->4064K(693760K)] 940906K->252882K(2092032K), 0.0083980 secs] [Times: user=0.06 sys=0.00, real=0.01 secs] 
2014-03-20T17:27:48.293-0500: 640.748: Total time for which application threads were stopped: 0.0094710 seconds
2014-03-20T17:27:48.598-0500: 641.053: [GC
Desired survivor size 5767168 bytes, new threshold 1 (max 15)
 [PSYoungGen: 692192K->4384K(693760K)] 941010K->253346K(2092032K), 0.0083370 secs] [Times: user=0.08 sys=0.00, real=0.01 secs] 
2014-03-20T17:27:48.607-0500: 641.061: Total time for which application threads were stopped: 0.0095610 seconds
2014-03-20T17:27:48.931-0500: 641.386: [GC
Desired survivor size 6291456 bytes, new threshold 1 (max 15)
 [PSYoungGen: 692512K->4608K(692736K)] 941474K->253714K(2091008K), 0.0085120 secs] [Times: user=0.08 sys=0.00, real=0.01 secs] 
2014-03-20T17:27:48.940-0500: 641.395: Total time for which application threads were stopped: 0.0095240 seconds
2014-03-20T17:27:49.245-0500: 641.699: [GC
Desired survivor size 6291456 bytes, new threshold 1 (max 15)
 [PSYoungGen: 692736K->4672K(693248K)] 941842K->253930K(2091520K), 0.0086760 secs] [Times: user=0.08 sys=0.00, real=0.01 secs] 
2014-03-20T17:27:49.254-0500: 641.708: Total time for which application threads were stopped: 0.0099910 seconds
2014-03-20T17:27:49.568-0500: 642.023: [GC
Desired survivor size 6291456 bytes, new threshold 1 (max 15)
 [PSYoungGen: 691776K->4672K(693248K)] 941034K->254074K(2091520K), 0.0170190 secs] [Times: user=0.19 sys=0.00, real=0.02 secs] 
2014-03-20T17:27:49.585-0500: 642.040: Total time for which application threads were stopped: 0.0180790 seconds
2014-03-20T17:27:49.902-0500: 642.357: [GC
Desired survivor size 6291456 bytes, new threshold 1 (max 15)
 [PSYoungGen: 691776K->4896K(693248K)] 941178K->254442K(2091520K), 0.0083580 secs] [Times: user=0.09 sys=0.00, real=0.00 secs] 
2014-03-20T17:27:49.910-0500: 642.365: Total time for which application threads were stopped: 0.0095890 seconds
2014-03-20T17:27:50.217-0500: 642.671: [GC
Desired survivor size 6815744 bytes, new threshold 1 (max 15)
 [PSYoungGen: 692000K->4960K(692224K)] 941546K->254634K(2090496K), 0.0077080 secs] [Times: user=0.07 sys=0.01, real=0.01 secs] 
2014-03-20T17:27:50.225-0500: 642.679: Total time for which application threads were stopped: 0.0088480 seconds
2014-03-20T17:27:50.534-0500: 642.989: [GC
Desired survivor size 6815744 bytes, new threshold 1 (max 15)
 [PSYoungGen: 692064K->5184K(692736K)] 941738K->255002K(2091008K), 0.0085180 secs] [Times: user=0.08 sys=0.00, real=0.01 secs] 
2014-03-20T17:27:50.543-0500: 642.997: Total time for which application threads were stopped: 0.0101350 seconds
2014-03-20T17:27:50.840-0500: 643.295: [GC
Desired survivor size 6815744 bytes, new threshold 1 (max 15)
 [PSYoungGen: 691264K->5248K(692736K)] 941082K->255210K(2091008K), 0.0085870 secs] [Times: user=0.07 sys=0.00, real=0.01 secs] 
2014-03-20T17:27:50.849-0500: 643.304: Total time for which application threads were stopped: 0.0097820 seconds
2014-03-20T17:27:51.154-0500: 643.608: [GC
Desired survivor size 7340032 bytes, new threshold 1 (max 15)
 [PSYoungGen: 691328K->5376K(691712K)] 941290K->255482K(2089984K), 0.0082790 secs] [Times: user=0.08 sys=0.01, real=0.01 secs] 
2014-03-20T17:27:51.162-0500: 643.617: Total time for which application threads were stopped: 0.0095000 seconds
2014-03-20T17:27:51.480-0500: 643.935: [GC
Desired survivor size 7340032 bytes, new threshold 1 (max 15)
 [PSYoungGen: 690432K->5408K(692224K)] 940538K->255650K(2090496K), 0.0087690 secs] [Times: user=0.07 sys=0.00, real=0.01 secs] 
2014-03-20T17:27:51.489-0500: 643.944: Total time for which application threads were stopped: 0.0100790 seconds
2014-03-20T17:27:51.823-0500: 644.278: [GC
Desired survivor size 7340032 bytes, new threshold 1 (max 15)
 [PSYoungGen: 690464K->5600K(692224K)] 940706K->255986K(2090496K), 0.0084270 secs] [Times: user=0.08 sys=0.00, real=0.01 secs] 
2014-03-20T17:27:51.832-0500: 644.287: Total time for which application threads were stopped: 0.0097460 seconds
2014-03-20T17:27:52.140-0500: 644.595: [GC
Desired survivor size 7864320 bytes, new threshold 1 (max 15)
 [PSYoungGen: 690656K->5632K(690688K)] 941042K->256154K(2088960K), 0.0091600 secs] [Times: user=0.08 sys=0.00, real=0.01 secs] 
2014-03-20T17:27:52.149-0500: 644.604: Total time for which application threads were stopped: 0.0102920 seconds
2014-03-20T17:27:52.472-0500: 644.926: [GC
Desired survivor size 7864320 bytes, new threshold 1 (max 15)
 [PSYoungGen: 690688K->5728K(691712K)] 941210K->256394K(2089984K), 0.0082140 secs] [Times: user=0.08 sys=0.00, real=0.01 secs] 
2014-03-20T17:27:52.480-0500: 644.935: Total time for which application threads were stopped: 0.0096140 seconds
2014-03-20T17:27:52.794-0500: 645.249: [GC
Desired survivor size 7864320 bytes, new threshold 1 (max 15)
 [PSYoungGen: 689760K->5792K(691712K)] 940426K->256602K(2089984K), 0.0084140 secs] [Times: user=0.08 sys=0.01, real=0.01 secs] 
2014-03-20T17:27:52.803-0500: 645.258: Total time for which application threads were stopped: 0.0097010 seconds
2014-03-20T17:27:53.115-0500: 645.570: [GC
Desired survivor size 7864320 bytes, new threshold 1 (max 15)
 [PSYoungGen: 689824K->5888K(691712K)] 940634K->256842K(2089984K), 0.0082140 secs] [Times: user=0.08 sys=0.00, real=0.01 secs] 
2014-03-20T17:27:53.123-0500: 645.578: Total time for which application threads were stopped: 0.0094510 seconds
2014-03-20T17:27:53.445-0500: 645.900: [GC
Desired survivor size 8388608 bytes, new threshold 1 (max 15)
 [PSYoungGen: 689920K->2080K(686592K)] 940874K->253122K(2084864K), 0.0081320 secs] [Times: user=0.05 sys=0.00, real=0.01 secs] 
2014-03-20T17:27:53.454-0500: 645.908: Total time for which application threads were stopped: 0.0093120 seconds
2014-03-20T17:27:53.782-0500: 646.237: [GC
Desired survivor size 8388608 bytes, new threshold 1 (max 15)
 [PSYoungGen: 686112K->2048K(691200K)] 937154K->253234K(2089472K), 0.0082750 secs] [Times: user=0.08 sys=0.01, real=0.01 secs] 
2014-03-20T17:27:53.791-0500: 646.245: Total time for which application threads were stopped: 0.0095020 seconds
2014-03-20T17:27:54.094-0500: 646.548: [GC
Desired survivor size 8388608 bytes, new threshold 1 (max 15)
 [PSYoungGen: 685056K->2240K(691200K)] 936242K->253530K(2089472K), 0.0081050 secs] [Times: user=0.05 sys=0.00, real=0.00 secs] 
2014-03-20T17:27:54.102-0500: 646.557: Total time for which application threads were stopped: 0.0091070 seconds
2014-03-20T17:27:54.401-0500: 646.856: [GC
Desired survivor size 8388608 bytes, new threshold 1 (max 15)
 [PSYoungGen: 685248K->2240K(691200K)] 936538K->253666K(2089472K), 0.0085230 secs] [Times: user=0.08 sys=0.00, real=0.01 secs] 
2014-03-20T17:27:54.410-0500: 646.864: Total time for which application threads were stopped: 0.0097520 seconds
2014-03-20T17:27:54.728-0500: 647.183: [GC
Desired survivor size 8388608 bytes, new threshold 1 (max 15)
 [PSYoungGen: 685248K->2336K(691200K)] 936674K->253906K(2089472K), 0.0080580 secs] [Times: user=0.07 sys=0.00, real=0.01 secs] 
2014-03-20T17:27:54.736-0500: 647.191: Total time for which application threads were stopped: 0.0092240 seconds
2014-03-20T17:27:55.045-0500: 647.499: [GC
Desired survivor size 8388608 bytes, new threshold 1 (max 15)
 [PSYoungGen: 685344K->2400K(691200K)] 936914K->254106K(2089472K), 0.0098500 secs] [Times: user=0.07 sys=0.00, real=0.01 secs] 
2014-03-20T17:27:55.055-0500: 647.509: Total time for which application threads were stopped: 0.0113370 seconds
2014-03-20T17:27:55.368-0500: 647.823: [GC
Desired survivor size 7864320 bytes, new threshold 1 (max 15)
 [PSYoungGen: 685408K->2336K(691200K)] 937114K->254186K(2089472K), 0.0081660 secs] [Times: user=0.08 sys=0.00, real=0.01 secs] 
2014-03-20T17:27:55.377-0500: 647.831: Total time for which application threads were stopped: 0.0092940 seconds
2014-03-20T17:27:55.714-0500: 648.169: [GC
Desired survivor size 7864320 bytes, new threshold 1 (max 15)
 [PSYoungGen: 685344K->2432K(691712K)] 937194K->254418K(2089984K), 0.0078960 secs] [Times: user=0.07 sys=0.00, real=0.01 secs] 
2014-03-20T17:27:55.723-0500: 648.177: Total time for which application threads were stopped: 0.0091060 seconds
2014-03-20T17:27:56.022-0500: 648.477: [GC
Desired survivor size 7340032 bytes, new threshold 1 (max 15)
 [PSYoungGen: 686464K->2528K(691712K)] 938450K->254650K(2089984K), 0.0080420 secs] [Times: user=0.07 sys=0.00, real=0.01 secs] 
2014-03-20T17:27:56.030-0500: 648.485: Total time for which application threads were stopped: 0.0091440 seconds
2014-03-20T17:27:56.353-0500: 648.807: [GC
Desired survivor size 7340032 bytes, new threshold 1 (max 15)
 [PSYoungGen: 686560K->2496K(692224K)] 938682K->254754K(2090496K), 0.0083310 secs] [Times: user=0.08 sys=0.00, real=0.00 secs] 
2014-03-20T17:27:56.361-0500: 648.816: Total time for which application threads were stopped: 0.0095600 seconds
2014-03-20T17:27:56.689-0500: 649.144: [GC
Desired survivor size 6815744 bytes, new threshold 1 (max 15)
 [PSYoungGen: 687552K->2688K(692224K)] 939810K->255090K(2090496K), 0.0083310 secs] [Times: user=0.08 sys=0.00, real=0.01 secs] 
2014-03-20T17:27:56.698-0500: 649.153: Total time for which application threads were stopped: 0.0093360 seconds
2014-03-20T17:27:57.020-0500: 649.474: [GC
Desired survivor size 6815744 bytes, new threshold 1 (max 15)
 [PSYoungGen: 687744K->2816K(692736K)] 940146K->255362K(2091008K), 0.0083270 secs] [Times: user=0.08 sys=0.00, real=0.01 secs] 
2014-03-20T17:27:57.028-0500: 649.483: Total time for which application threads were stopped: 0.0095340 seconds
2014-03-20T17:27:57.335-0500: 649.790: [GC
Desired survivor size 6291456 bytes, new threshold 1 (max 15)
 [PSYoungGen: 688896K->2880K(692736K)] 941442K->255570K(2091008K), 0.0081340 secs] [Times: user=0.08 sys=0.00, real=0.01 secs] 
2014-03-20T17:27:57.343-0500: 649.798: Total time for which application threads were stopped: 0.0092290 seconds
2014-03-20T17:27:57.661-0500: 650.115: [GC
Desired survivor size 6291456 bytes, new threshold 1 (max 15)
 [PSYoungGen: 688960K->2976K(693248K)] 941650K->255810K(2091520K), 0.0078830 secs] [Times: user=0.08 sys=0.00, real=0.01 secs] 
2014-03-20T17:27:57.669-0500: 650.124: Total time for which application threads were stopped: 0.0092360 seconds
2014-03-20T17:27:57.981-0500: 650.436: [GC
Desired survivor size 5767168 bytes, new threshold 1 (max 15)
 [PSYoungGen: 690080K->3104K(693248K)] 942914K->256074K(2091520K), 0.0083890 secs] [Times: user=0.07 sys=0.01, real=0.01 secs] 
2014-03-20T17:27:57.990-0500: 650.444: Total time for which application threads were stopped: 0.0095080 seconds
2014-03-20T17:27:58.304-0500: 650.758: [GC
Desired survivor size 5767168 bytes, new threshold 1 (max 15)
 [PSYoungGen: 690208K->3232K(693760K)] 943178K->256338K(2092032K), 0.0084360 secs] [Times: user=0.08 sys=0.00, real=0.01 secs] 
2014-03-20T17:27:58.312-0500: 650.767: Total time for which application threads were stopped: 0.0099130 seconds
2014-03-20T17:27:58.621-0500: 651.075: [GC
Desired survivor size 5767168 bytes, new threshold 1 (max 15)
 [PSYoungGen: 691360K->3360K(693760K)] 944466K->256602K(2092032K), 0.0080940 secs] [Times: user=0.08 sys=0.00, real=0.01 secs] 
2014-03-20T17:27:58.629-0500: 651.084: Total time for which application threads were stopped: 0.0091680 seconds
2014-03-20T17:27:58.937-0500: 651.392: [GC
Desired survivor size 5767168 bytes, new threshold 1 (max 15)
 [PSYoungGen: 691488K->3520K(693760K)] 944730K->256898K(2092032K), 0.0080970 secs] [Times: user=0.08 sys=0.01, real=0.01 secs] 
2014-03-20T17:27:58.946-0500: 651.400: Total time for which application threads were stopped: 0.0093940 seconds
2014-03-20T17:27:59.252-0500: 651.707: [GC
Desired survivor size 5242880 bytes, new threshold 1 (max 15)
 [PSYoungGen: 691648K->3648K(693760K)] 945026K->257162K(2092032K), 0.0070590 secs] [Times: user=0.06 sys=0.00, real=0.01 secs] 
2014-03-20T17:27:59.259-0500: 651.714: Total time for which application threads were stopped: 0.0081240 seconds
2014-03-20T17:27:59.575-0500: 652.030: [GC
Desired survivor size 5242880 bytes, new threshold 1 (max 15)
 [PSYoungGen: 691776K->3776K(694272K)] 945290K->257450K(2092544K), 0.0079880 secs] [Times: user=0.08 sys=0.00, real=0.01 secs] 
2014-03-20T17:27:59.583-0500: 652.038: Total time for which application threads were stopped: 0.0098520 seconds
2014-03-20T17:27:59.894-0500: 652.349: [GC
Desired survivor size 5767168 bytes, new threshold 1 (max 15)
 [PSYoungGen: 692928K->3936K(693248K)] 946602K->257754K(2091520K), 0.0081260 secs] [Times: user=0.08 sys=0.00, real=0.00 secs] 
2014-03-20T17:27:59.902-0500: 652.357: Total time for which application threads were stopped: 0.0090770 seconds
2014-03-20T17:28:00.202-0500: 652.657: [GC
Desired survivor size 5767168 bytes, new threshold 1 (max 15)
 [PSYoungGen: 693088K->4032K(693760K)] 946906K->257994K(2092032K), 0.0081740 secs] [Times: user=0.07 sys=0.00, real=0.01 secs] 
2014-03-20T17:28:00.211-0500: 652.666: Total time for which application threads were stopped: 0.0092340 seconds
2014-03-20T17:28:00.509-0500: 652.963: [GC
Desired survivor size 5767168 bytes, new threshold 1 (max 15)
 [PSYoungGen: 692160K->4192K(693760K)] 946122K->258290K(2092032K), 0.0080780 secs] [Times: user=0.08 sys=0.00, real=0.01 secs] 
2014-03-20T17:28:00.517-0500: 652.972: Total time for which application threads were stopped: 0.0091460 seconds
2014-03-20T17:28:00.816-0500: 653.271: [GC
Desired survivor size 5767168 bytes, new threshold 1 (max 15)
 [PSYoungGen: 692320K->4448K(693760K)] 946418K->258690K(2092032K), 0.0078810 secs] [Times: user=0.08 sys=0.00, real=0.01 secs] 
2014-03-20T17:28:00.824-0500: 653.279: Total time for which application threads were stopped: 0.0092380 seconds
2014-03-20T17:28:01.137-0500: 653.592: [GC
Desired survivor size 6291456 bytes, new threshold 1 (max 15)
 [PSYoungGen: 692576K->4512K(692736K)] 946818K->258858K(2091008K), 0.0095080 secs] [Times: user=0.06 sys=0.01, real=0.01 secs] 
2014-03-20T17:28:01.147-0500: 653.602: Total time for which application threads were stopped: 0.0106500 seconds
2014-03-20T17:28:01.467-0500: 653.922: [GC
Desired survivor size 6291456 bytes, new threshold 1 (max 15)
 [PSYoungGen: 692640K->4608K(693248K)] 946986K->259098K(2091520K), 0.0084130 secs] [Times: user=0.08 sys=0.00, real=0.01 secs] 
2014-03-20T17:28:01.476-0500: 653.930: Total time for which application threads were stopped: 0.0095380 seconds
2014-03-20T17:28:01.813-0500: 654.268: [GC
Desired survivor size 6291456 bytes, new threshold 1 (max 15)
 [PSYoungGen: 691712K->4736K(693248K)] 946202K->259370K(2091520K), 0.0081740 secs] [Times: user=0.08 sys=0.00, real=0.01 secs] 
2014-03-20T17:28:01.821-0500: 654.276: Total time for which application threads were stopped: 0.0093060 seconds
2014-03-20T17:28:02.130-0500: 654.585: [GC
Desired survivor size 6815744 bytes, new threshold 1 (max 15)
 [PSYoungGen: 691840K->4992K(692224K)] 946474K->259770K(2090496K), 0.0082840 secs] [Times: user=0.08 sys=0.00, real=0.01 secs] 
2014-03-20T17:28:02.138-0500: 654.593: Total time for which application threads were stopped: 0.0096230 seconds
2014-03-20T17:28:02.449-0500: 654.904: [GC
Desired survivor size 6815744 bytes, new threshold 1 (max 15)
 [PSYoungGen: 691072K->5056K(692736K)] 945850K->259978K(2091008K), 0.0083850 secs] [Times: user=0.08 sys=0.00, real=0.01 secs] 
2014-03-20T17:28:02.458-0500: 654.912: Total time for which application threads were stopped: 0.0095630 seconds
2014-03-20T17:28:02.770-0500: 655.225: [GC
Desired survivor size 6815744 bytes, new threshold 1 (max 15)
 [PSYoungGen: 691136K->5088K(692736K)] 946058K->260154K(2091008K), 0.0075690 secs] [Times: user=0.07 sys=0.00, real=0.01 secs] 
2014-03-20T17:28:02.778-0500: 655.233: Total time for which application threads were stopped: 0.0090140 seconds
2014-03-20T17:28:03.084-0500: 655.539: [GC
Desired survivor size 6815744 bytes, new threshold 1 (max 15)
 [PSYoungGen: 691168K->5248K(692736K)] 946234K->260450K(2091008K), 0.0075040 secs] [Times: user=0.06 sys=0.01, real=0.00 secs] 
2014-03-20T17:28:03.092-0500: 655.547: Total time for which application threads were stopped: 0.0084780 seconds
2014-03-20T17:28:03.416-0500: 655.870: [GC
Desired survivor size 7340032 bytes, new threshold 1 (max 15)
 [PSYoungGen: 691328K->5344K(691712K)] 946530K->260690K(2089984K), 0.0079130 secs] [Times: user=0.08 sys=0.00, real=0.01 secs] 
2014-03-20T17:28:03.424-0500: 655.879: Total time for which application threads were stopped: 0.0093090 seconds
2014-03-20T17:28:03.750-0500: 656.204: [GC
Desired survivor size 7340032 bytes, new threshold 1 (max 15)
 [PSYoungGen: 690400K->5536K(692224K)] 945746K->261018K(2090496K), 0.0079150 secs] [Times: user=0.07 sys=0.00, real=0.01 secs] 
2014-03-20T17:28:03.758-0500: 656.213: Total time for which application threads were stopped: 0.0090010 seconds
2014-03-20T17:28:04.065-0500: 656.520: [GC
Desired survivor size 7340032 bytes, new threshold 1 (max 15)
 [PSYoungGen: 690592K->5536K(692224K)] 946074K->261154K(2090496K), 0.0088870 secs] [Times: user=0.08 sys=0.00, real=0.01 secs] 
2014-03-20T17:28:04.074-0500: 656.529: Total time for which application threads were stopped: 0.0100280 seconds
2014-03-20T17:28:04.384-0500: 656.839: [GC
Desired survivor size 7864320 bytes, new threshold 1 (max 15)
 [PSYoungGen: 690592K->5632K(690688K)] 946210K->261394K(2088960K), 0.0080350 secs] [Times: user=0.08 sys=0.00, real=0.00 secs] 
2014-03-20T17:28:04.392-0500: 656.847: Total time for which application threads were stopped: 0.0091600 seconds
2014-03-20T17:28:04.705-0500: 657.159: [GC
Desired survivor size 7864320 bytes, new threshold 1 (max 15)
 [PSYoungGen: 690688K->5728K(691712K)] 946450K->261618K(2089984K), 0.0079510 secs] [Times: user=0.08 sys=0.00, real=0.00 secs] 
2014-03-20T17:28:04.713-0500: 657.168: Total time for which application threads were stopped: 0.0091680 seconds
2014-03-20T17:28:05.023-0500: 657.478: [GC
Desired survivor size 7864320 bytes, new threshold 1 (max 15)
 [PSYoungGen: 689760K->5888K(691712K)] 945650K->261914K(2089984K), 0.0086980 secs] [Times: user=0.07 sys=0.00, real=0.01 secs] 
2014-03-20T17:28:05.032-0500: 657.487: Total time for which application threads were stopped: 0.0098270 seconds
2014-03-20T17:28:05.345-0500: 657.799: [GC
Desired survivor size 8388608 bytes, new threshold 1 (max 15)
 [PSYoungGen: 689920K->2048K(690688K)] 945946K->258218K(2088960K), 0.0093810 secs] [Times: user=0.07 sys=0.00, real=0.01 secs] 
2014-03-20T17:28:05.354-0500: 657.809: Total time for which application threads were stopped: 0.0104960 seconds
2014-03-20T17:28:05.693-0500: 658.148: [GC
Desired survivor size 8388608 bytes, new threshold 1 (max 15)
 [PSYoungGen: 685056K->2112K(691200K)] 941226K->258418K(2089472K), 0.0078380 secs] [Times: user=0.08 sys=0.00, real=0.01 secs] 
2014-03-20T17:28:05.701-0500: 658.156: Total time for which application threads were stopped: 0.0088680 seconds
2014-03-20T17:28:06.020-0500: 658.474: [GC
Desired survivor size 8388608 bytes, new threshold 1 (max 15)
 [PSYoungGen: 685120K->2080K(691200K)] 941426K->258530K(2089472K), 0.0083010 secs] [Times: user=0.08 sys=0.00, real=0.01 secs] 
2014-03-20T17:28:06.028-0500: 658.483: Total time for which application threads were stopped: 0.0094250 seconds
2014-03-20T17:28:06.352-0500: 658.806: [GC
Desired survivor size 8388608 bytes, new threshold 1 (max 15)
 [PSYoungGen: 685088K->2208K(691200K)] 941538K->258794K(2089472K), 0.0081130 secs] [Times: user=0.08 sys=0.00, real=0.01 secs] 
2014-03-20T17:28:06.360-0500: 658.815: Total time for which application threads were stopped: 0.0091510 seconds
2014-03-20T17:28:06.679-0500: 659.134: [GC
Desired survivor size 8388608 bytes, new threshold 1 (max 15)
 [PSYoungGen: 685216K->2240K(691200K)] 941802K->258970K(2089472K), 0.0084610 secs] [Times: user=0.08 sys=0.00, real=0.01 secs] 
2014-03-20T17:28:06.688-0500: 659.143: Total time for which application threads were stopped: 0.0095850 seconds
2014-03-20T17:28:06.994-0500: 659.449: [GC
Desired survivor size 7864320 bytes, new threshold 1 (max 15)
 [PSYoungGen: 685248K->2336K(691200K)] 941978K->259210K(2089472K), 0.0087460 secs] [Times: user=0.07 sys=0.00, real=0.00 secs] 
2014-03-20T17:28:07.003-0500: 659.458: Total time for which application threads were stopped: 0.0096980 seconds
2014-03-20T17:28:07.300-0500: 659.754: [GC
Desired survivor size 7864320 bytes, new threshold 1 (max 15)
 [PSYoungGen: 685344K->2336K(691712K)] 942218K->259354K(2089984K), 0.0080360 secs] [Times: user=0.07 sys=0.00, real=0.01 secs] 
2014-03-20T17:28:07.308-0500: 659.763: Total time for which application threads were stopped: 0.0094610 seconds
2014-03-20T17:28:07.631-0500: 660.086: [GC
Desired survivor size 7864320 bytes, new threshold 1 (max 15)
 [PSYoungGen: 686368K->2336K(691712K)] 943386K->259498K(2089984K), 0.0078130 secs] [Times: user=0.06 sys=0.00, real=0.01 secs] 
2014-03-20T17:28:07.639-0500: 660.094: Total time for which application threads were stopped: 0.0089820 seconds
2014-03-20T17:28:07.962-0500: 660.417: [GC
Desired survivor size 7340032 bytes, new threshold 1 (max 15)
 [PSYoungGen: 686368K->2496K(692224K)] 943530K->259794K(2090496K), 0.0076500 secs] [Times: user=0.07 sys=0.00, real=0.01 secs] 
2014-03-20T17:28:07.970-0500: 660.424: Total time for which application threads were stopped: 0.0088430 seconds
2014-03-20T17:28:08.293-0500: 660.748: [GC
Desired survivor size 7340032 bytes, new threshold 1 (max 15)
 [PSYoungGen: 687040K->2688K(691712K)] 944338K->260130K(2089984K), 0.0079350 secs] [Times: user=0.07 sys=0.01, real=0.01 secs] 
2014-03-20T17:28:08.301-0500: 660.756: Total time for which application threads were stopped: 0.0092070 seconds
2014-03-20T17:28:08.611-0500: 661.065: [GC
Desired survivor size 6815744 bytes, new threshold 1 (max 15)
 [PSYoungGen: 687232K->2720K(692736K)] 944674K->260306K(2091008K), 0.0083660 secs] [Times: user=0.08 sys=0.00, real=0.01 secs] 
2014-03-20T17:28:08.619-0500: 661.074: Total time for which application threads were stopped: 0.0094500 seconds
2014-03-20T17:28:08.941-0500: 661.396: [GC
Desired survivor size 6815744 bytes, new threshold 1 (max 15)
 [PSYoungGen: 688288K->2784K(692224K)] 945874K->260514K(2090496K), 0.0077290 secs] [Times: user=0.06 sys=0.00, real=0.01 secs] 
2014-03-20T17:28:08.949-0500: 661.403: Total time for which application threads were stopped: 0.0090320 seconds
2014-03-20T17:28:09.257-0500: 661.712: [GC
Desired survivor size 6291456 bytes, new threshold 1 (max 15)
 [PSYoungGen: 688352K->2848K(693248K)] 946082K->260722K(2091520K), 0.0081000 secs] [Times: user=0.08 sys=0.00, real=0.01 secs] 
2014-03-20T17:28:09.265-0500: 661.720: Total time for which application threads were stopped: 0.0092830 seconds
2014-03-20T17:28:09.579-0500: 662.033: [GC
Desired survivor size 6291456 bytes, new threshold 1 (max 15)
 [PSYoungGen: 689440K->2880K(692736K)] 947314K->260898K(2091008K), 0.0086670 secs] [Times: user=0.09 sys=0.00, real=0.01 secs] 
2014-03-20T17:28:09.588-0500: 662.042: Total time for which application threads were stopped: 0.0097570 seconds
2014-03-20T17:28:09.906-0500: 662.361: [GC
Desired survivor size 5767168 bytes, new threshold 1 (max 15)
 [PSYoungGen: 689472K->3072K(693760K)] 947490K->261226K(2092032K), 0.0089540 secs] [Times: user=0.08 sys=0.01, real=0.01 secs] 
2014-03-20T17:28:09.915-0500: 662.370: Total time for which application threads were stopped: 0.0101230 seconds
2014-03-20T17:28:10.231-0500: 662.686: [GC
Desired survivor size 5767168 bytes, new threshold 1 (max 15)
 [PSYoungGen: 690688K->3264K(693248K)] 948842K->261562K(2091520K), 0.0085250 secs] [Times: user=0.09 sys=0.01, real=0.01 secs] 
2014-03-20T17:28:10.240-0500: 662.694: Total time for which application threads were stopped: 0.0095590 seconds
2014-03-20T17:28:10.553-0500: 663.008: [GC
Desired survivor size 5767168 bytes, new threshold 1 (max 15)
 [PSYoungGen: 690880K->3392K(693760K)] 949178K->261834K(2092032K), 0.0076410 secs] [Times: user=0.07 sys=0.00, real=0.01 secs] 
2014-03-20T17:28:10.561-0500: 663.016: Total time for which application threads were stopped: 0.0091140 seconds
2014-03-20T17:28:10.881-0500: 663.336: [GC
Desired survivor size 5242880 bytes, new threshold 1 (max 15)
 [PSYoungGen: 691520K->3424K(693760K)] 949962K->262002K(2092032K), 0.0086020 secs] [Times: user=0.09 sys=0.00, real=0.01 secs] 
2014-03-20T17:28:10.890-0500: 663.345: Total time for which application threads were stopped: 0.0098110 seconds
2014-03-20T17:28:11.206-0500: 663.660: [GC
Desired survivor size 5242880 bytes, new threshold 1 (max 15)
 [PSYoungGen: 691552K->3552K(694272K)] 950130K->262274K(2092544K), 0.0080690 secs] [Times: user=0.08 sys=0.00, real=0.00 secs] 
2014-03-20T17:28:11.214-0500: 663.669: Total time for which application threads were stopped: 0.0093080 seconds
2014-03-20T17:28:11.526-0500: 663.981: [GC
Desired survivor size 5242880 bytes, new threshold 1 (max 15)
 [PSYoungGen: 692704K->3776K(694272K)] 951426K->262610K(2092544K), 0.0091410 secs] [Times: user=0.06 sys=0.00, real=0.01 secs] 
2014-03-20T17:28:11.536-0500: 663.990: Total time for which application threads were stopped: 0.0102070 seconds
2014-03-20T17:28:11.856-0500: 664.311: [GC
Desired survivor size 5242880 bytes, new threshold 1 (max 15)
 [PSYoungGen: 692928K->3904K(694272K)] 951762K->262874K(2092544K), 0.0082060 secs] [Times: user=0.07 sys=0.00, real=0.01 secs] 
2014-03-20T17:28:11.865-0500: 664.319: Total time for which application threads were stopped: 0.0094350 seconds
2014-03-20T17:28:12.195-0500: 664.650: [GC
Desired survivor size 5767168 bytes, new threshold 1 (max 15)
 [PSYoungGen: 693056K->4160K(693760K)] 952026K->263274K(2092032K), 0.0088000 secs] [Times: user=0.08 sys=0.00, real=0.01 secs] 
2014-03-20T17:28:12.204-0500: 664.659: Total time for which application threads were stopped: 0.0099740 seconds
2014-03-20T17:28:12.517-0500: 664.972: [GC
Desired survivor size 5767168 bytes, new threshold 1 (max 15)
 [PSYoungGen: 693312K->4192K(693760K)] 952426K->263450K(2092032K), 0.0079740 secs] [Times: user=0.07 sys=0.00, real=0.01 secs] 
2014-03-20T17:28:12.526-0500: 664.980: Total time for which application threads were stopped: 0.0093730 seconds
2014-03-20T17:28:12.834-0500: 665.289: [GC
Desired survivor size 5767168 bytes, new threshold 1 (max 15)
 [PSYoungGen: 692320K->4480K(693760K)] 951578K->263882K(2092032K), 0.0084010 secs] [Times: user=0.08 sys=0.00, real=0.01 secs] 
2014-03-20T17:28:12.843-0500: 665.297: Total time for which application threads were stopped: 0.0094830 seconds
2014-03-20T17:28:13.149-0500: 665.603: [GC
Desired survivor size 6291456 bytes, new threshold 1 (max 15)
 [PSYoungGen: 692608K->4480K(692736K)] 952010K->264026K(2091008K), 0.0084460 secs] [Times: user=0.08 sys=0.01, real=0.01 secs] 
2014-03-20T17:28:13.157-0500: 665.612: Total time for which application threads were stopped: 0.0096340 seconds
2014-03-20T17:28:13.454-0500: 665.908: [GC
Desired survivor size 6291456 bytes, new threshold 1 (max 15)
 [PSYoungGen: 691584K->4672K(693248K)] 951130K->264362K(2091520K), 0.0084590 secs] [Times: user=0.08 sys=0.00, real=0.01 secs] 
2014-03-20T17:28:13.462-0500: 665.917: Total time for which application threads were stopped: 0.0097970 seconds
2014-03-20T17:28:13.775-0500: 666.230: [GC
Desired survivor size 6291456 bytes, new threshold 1 (max 15)
 [PSYoungGen: 691776K->4800K(693248K)] 951466K->264634K(2091520K), 0.0084260 secs] [Times: user=0.07 sys=0.01, real=0.00 secs] 
2014-03-20T17:28:13.784-0500: 666.239: Total time for which application threads were stopped: 0.0097260 seconds
2014-03-20T17:28:14.093-0500: 666.548: [GC
Desired survivor size 6815744 bytes, new threshold 1 (max 15)
 [PSYoungGen: 691904K->4928K(692224K)] 951738K->264898K(2090496K), 0.0083990 secs] [Times: user=0.07 sys=0.01, real=0.01 secs] 
2014-03-20T17:28:14.102-0500: 666.556: Total time for which application threads were stopped: 0.0095370 seconds
2014-03-20T17:28:14.407-0500: 666.862: [GC
Desired survivor size 6815744 bytes, new threshold 1 (max 15)
 [PSYoungGen: 692032K->5120K(692736K)] 952002K->265234K(2091008K), 0.0086050 secs] [Times: user=0.08 sys=0.00, real=0.01 secs] 
2014-03-20T17:28:14.416-0500: 666.871: Total time for which application threads were stopped: 0.0099370 seconds
2014-03-20T17:28:14.745-0500: 667.200: [GC
Desired survivor size 6815744 bytes, new threshold 1 (max 15)
 [PSYoungGen: 691200K->5152K(692736K)] 951314K->265410K(2091008K), 0.0087800 secs] [Times: user=0.08 sys=0.00, real=0.00 secs] 
2014-03-20T17:28:14.754-0500: 667.209: Total time for which application threads were stopped: 0.0099010 seconds
2014-03-20T17:28:15.061-0500: 667.516: [GC
Desired survivor size 7340032 bytes, new threshold 1 (max 15)
 [PSYoungGen: 691232K->5312K(691712K)] 951490K->265714K(2089984K), 0.0085700 secs] [Times: user=0.07 sys=0.00, real=0.01 secs] 
2014-03-20T17:28:15.070-0500: 667.525: Total time for which application threads were stopped: 0.0099850 seconds
2014-03-20T17:28:15.377-0500: 667.832: [GC
Desired survivor size 7340032 bytes, new threshold 1 (max 15)
 [PSYoungGen: 690368K->5440K(692224K)] 950770K->265986K(2090496K), 0.0086460 secs] [Times: user=0.08 sys=0.01, real=0.01 secs] 
2014-03-20T17:28:15.386-0500: 667.841: Total time for which application threads were stopped: 0.0098620 seconds
2014-03-20T17:28:15.699-0500: 668.154: [GC
Desired survivor size 7340032 bytes, new threshold 1 (max 15)
 [PSYoungGen: 690496K->5440K(692224K)] 951042K->266130K(2090496K), 0.0083720 secs] [Times: user=0.08 sys=0.00, real=0.01 secs] 
2014-03-20T17:28:15.708-0500: 668.163: Total time for which application threads were stopped: 0.0096760 seconds
2014-03-20T17:28:16.021-0500: 668.476: [GC
Desired survivor size 7340032 bytes, new threshold 1 (max 15)
 [PSYoungGen: 690496K->5504K(692224K)] 951186K->266330K(2090496K), 0.0082600 secs] [Times: user=0.08 sys=0.00, real=0.01 secs] 
2014-03-20T17:28:16.030-0500: 668.485: Total time for which application threads were stopped: 0.0095300 seconds
2014-03-20T17:28:16.345-0500: 668.799: [GC
Desired survivor size 7864320 bytes, new threshold 1 (max 15)
 [PSYoungGen: 690560K->5664K(691200K)] 951386K->266634K(2089472K), 0.0084580 secs] [Times: user=0.08 sys=0.00, real=0.01 secs] 
2014-03-20T17:28:16.353-0500: 668.808: Total time for which application threads were stopped: 0.0098540 seconds
2014-03-20T17:28:16.656-0500: 669.111: [GC
Desired survivor size 7864320 bytes, new threshold 1 (max 15)
 [PSYoungGen: 689696K->5632K(691712K)] 950666K->266738K(2089984K), 0.0081090 secs] [Times: user=0.07 sys=0.00, real=0.00 secs] 
2014-03-20T17:28:16.665-0500: 669.119: Total time for which application threads were stopped: 0.0092020 seconds
2014-03-20T17:28:16.988-0500: 669.443: [GC
Desired survivor size 7864320 bytes, new threshold 1 (max 15)
 [PSYoungGen: 689664K->5632K(691712K)] 950770K->266882K(2089984K), 0.0084650 secs] [Times: user=0.08 sys=0.01, real=0.01 secs] 
2014-03-20T17:28:16.997-0500: 669.452: Total time for which application threads were stopped: 0.0097340 seconds
2014-03-20T17:28:17.315-0500: 669.770: [GC
Desired survivor size 7864320 bytes, new threshold 1 (max 15)
 [PSYoungGen: 689664K->5792K(691712K)] 950914K->267178K(2089984K), 0.0085910 secs] [Times: user=0.08 sys=0.00, real=0.00 secs] 
2014-03-20T17:28:17.324-0500: 669.779: Total time for which application threads were stopped: 0.0096780 seconds
2014-03-20T17:28:17.655-0500: 670.110: [GC
Desired survivor size 8388608 bytes, new threshold 1 (max 15)
 [PSYoungGen: 689824K->2016K(690688K)] 951210K->263538K(2088960K), 0.0078580 secs] [Times: user=0.07 sys=0.00, real=0.00 secs] 
2014-03-20T17:28:17.663-0500: 670.118: Total time for which application threads were stopped: 0.0090440 seconds
2014-03-20T17:28:17.961-0500: 670.415: [GC
Desired survivor size 8388608 bytes, new threshold 1 (max 15)
 [PSYoungGen: 685024K->2048K(691200K)] 946546K->263714K(2089472K), 0.0082880 secs] [Times: user=0.08 sys=0.00, real=0.01 secs] 
2014-03-20T17:28:17.969-0500: 670.424: Total time for which application threads were stopped: 0.0095210 seconds
2014-03-20T17:28:18.282-0500: 670.737: [GC
Desired survivor size 8388608 bytes, new threshold 1 (max 15)
 [PSYoungGen: 685056K->2208K(691200K)] 946722K->264018K(2089472K), 0.0083030 secs] [Times: user=0.08 sys=0.00, real=0.01 secs] 
2014-03-20T17:28:18.290-0500: 670.745: Total time for which application threads were stopped: 0.0094780 seconds
2014-03-20T17:28:18.595-0500: 671.050: [GC
Desired survivor size 8388608 bytes, new threshold 1 (max 15)
 [PSYoungGen: 685216K->2144K(691200K)] 947026K->264090K(2089472K), 0.0080380 secs] [Times: user=0.07 sys=0.01, real=0.01 secs] 
2014-03-20T17:28:18.604-0500: 671.058: Total time for which application threads were stopped: 0.0092450 seconds
2014-03-20T17:28:18.910-0500: 671.365: [GC
Desired survivor size 8388608 bytes, new threshold 1 (max 15)
 [PSYoungGen: 685152K->2112K(691200K)] 947098K->264194K(2089472K), 0.0079910 secs] [Times: user=0.08 sys=0.00, real=0.01 secs] 
2014-03-20T17:28:18.918-0500: 671.373: Total time for which application threads were stopped: 0.0090740 seconds
2014-03-20T17:28:19.242-0500: 671.697: [GC
Desired survivor size 8388608 bytes, new threshold 1 (max 15)
 [PSYoungGen: 685120K->2240K(691200K)] 947202K->264458K(2089472K), 0.0080280 secs] [Times: user=0.08 sys=0.00, real=0.01 secs] 
2014-03-20T17:28:19.250-0500: 671.705: Total time for which application threads were stopped: 0.0090970 seconds
2014-03-20T17:28:19.576-0500: 672.031: [GC
Desired survivor size 7864320 bytes, new threshold 1 (max 15)
 [PSYoungGen: 685248K->2336K(691712K)] 947466K->264690K(2089984K), 0.0084950 secs] [Times: user=0.08 sys=0.00, real=0.00 secs] 
2014-03-20T17:28:19.585-0500: 672.040: Total time for which application threads were stopped: 0.0095850 seconds
2014-03-20T17:28:19.887-0500: 672.341: [GC
Desired survivor size 7864320 bytes, new threshold 1 (max 15)
 [PSYoungGen: 685856K->2432K(691200K)] 948210K->264930K(2089472K), 0.0090690 secs] [Times: user=0.07 sys=0.00, real=0.00 secs] 
2014-03-20T17:28:19.896-0500: 672.351: Total time for which application threads were stopped: 0.0103920 seconds
2014-03-20T17:28:20.220-0500: 672.674: [GC
Desired survivor size 7340032 bytes, new threshold 1 (max 15)
 [PSYoungGen: 685952K->2496K(692224K)] 948450K->265138K(2090496K), 0.0090240 secs] [Times: user=0.08 sys=0.00, real=0.01 secs] 
2014-03-20T17:28:20.229-0500: 672.684: Total time for which application threads were stopped: 0.0103520 seconds
2014-03-20T17:28:20.567-0500: 673.021: [GC
Desired survivor size 7340032 bytes, new threshold 1 (max 15)
 [PSYoungGen: 687040K->2592K(691712K)] 949682K->265362K(2089984K), 0.0082230 secs] [Times: user=0.08 sys=0.00, real=0.00 secs] 
2014-03-20T17:28:20.575-0500: 673.030: Total time for which application threads were stopped: 0.0095130 seconds
2014-03-20T17:28:20.902-0500: 673.357: [GC
Desired survivor size 6815744 bytes, new threshold 1 (max 15)
 [PSYoungGen: 687136K->2656K(692736K)] 949906K->265570K(2091008K), 0.0088040 secs] [Times: user=0.09 sys=0.00, real=0.01 secs] 
2014-03-20T17:28:20.911-0500: 673.366: Total time for which application threads were stopped: 0.0101200 seconds
2014-03-20T17:28:21.213-0500: 673.668: [GC
Desired survivor size 6815744 bytes, new threshold 1 (max 15)
 [PSYoungGen: 688224K->2784K(692224K)] 951138K->265834K(2090496K), 0.0092170 secs] [Times: user=0.07 sys=0.00, real=0.01 secs] 
2014-03-20T17:28:21.223-0500: 673.677: Total time for which application threads were stopped: 0.0102710 seconds
2014-03-20T17:28:21.551-0500: 674.006: [GC
Desired survivor size 6291456 bytes, new threshold 1 (max 15)
 [PSYoungGen: 688352K->2912K(693248K)] 951402K->266106K(2091520K), 0.0087480 secs] [Times: user=0.07 sys=0.00, real=0.01 secs] 
2014-03-20T17:28:21.560-0500: 674.015: Total time for which application threads were stopped: 0.0101900 seconds
2014-03-20T17:28:21.880-0500: 674.335: [GC
Desired survivor size 6291456 bytes, new threshold 1 (max 15)
 [PSYoungGen: 689504K->3008K(692736K)] 952698K->266338K(2091008K), 0.0084510 secs] [Times: user=0.07 sys=0.00, real=0.01 secs] 
2014-03-20T17:28:21.889-0500: 674.344: Total time for which application threads were stopped: 0.0095100 seconds
2014-03-20T17:28:22.192-0500: 674.647: [GC
Desired survivor size 5767168 bytes, new threshold 1 (max 15)
 [PSYoungGen: 689600K->3040K(693760K)] 952930K->266514K(2092032K), 0.0084820 secs] [Times: user=0.07 sys=0.00, real=0.01 secs] 
2014-03-20T17:28:22.201-0500: 674.656: Total time for which application threads were stopped: 0.0098460 seconds
2014-03-20T17:28:22.526-0500: 674.981: [GC
Desired survivor size 5767168 bytes, new threshold 1 (max 15)
 [PSYoungGen: 690656K->3264K(693248K)] 954130K->266874K(2091520K), 0.0078950 secs] [Times: user=0.07 sys=0.01, real=0.00 secs] 
2014-03-20T17:28:22.534-0500: 674.989: Total time for which application threads were stopped: 0.0091140 seconds
2014-03-20T17:28:22.843-0500: 675.298: [GC
Desired survivor size 5767168 bytes, new threshold 1 (max 15)
 [PSYoungGen: 690880K->3360K(693760K)] 954490K->267106K(2092032K), 0.0081770 secs] [Times: user=0.08 sys=0.00, real=0.01 secs] 
2014-03-20T17:28:22.852-0500: 675.306: Total time for which application threads were stopped: 0.0094500 seconds
2014-03-20T17:28:23.158-0500: 675.613: [GC
Desired survivor size 5767168 bytes, new threshold 1 (max 15)
 [PSYoungGen: 691488K->3616K(693760K)] 955234K->267498K(2092032K), 0.0077820 secs] [Times: user=0.07 sys=0.00, real=0.00 secs] 
2014-03-20T17:28:23.166-0500: 675.621: Total time for which application threads were stopped: 0.0087920 seconds
2014-03-20T17:28:23.477-0500: 675.932: [GC
Desired survivor size 5767168 bytes, new threshold 1 (max 15)
 [PSYoungGen: 691744K->3680K(693760K)] 955626K->267706K(2092032K), 0.0083670 secs] [Times: user=0.08 sys=0.00, real=0.00 secs] 
2014-03-20T17:28:23.486-0500: 675.941: Total time for which application threads were stopped: 0.0095720 seconds
2014-03-20T17:28:23.830-0500: 676.285: [GC
Desired survivor size 5767168 bytes, new threshold 1 (max 15)
 [PSYoungGen: 691808K->3776K(693760K)] 955834K->267938K(2092032K), 0.0075690 secs] [Times: user=0.07 sys=0.00, real=0.01 secs] 
2014-03-20T17:28:23.838-0500: 676.293: Total time for which application threads were stopped: 0.0088520 seconds
2014-03-20T17:28:24.158-0500: 676.613: [GC
Desired survivor size 5767168 bytes, new threshold 1 (max 15)
 [PSYoungGen: 691904K->4064K(693760K)] 956066K->268370K(2092032K), 0.0079910 secs] [Times: user=0.08 sys=0.00, real=0.01 secs] 
2014-03-20T17:28:24.167-0500: 676.621: Total time for which application threads were stopped: 0.0092620 seconds
2014-03-20T17:28:24.471-0500: 676.925: [GC
Desired survivor size 5767168 bytes, new threshold 1 (max 15)
 [PSYoungGen: 692192K->4096K(693760K)] 956498K->268538K(2092032K), 0.0108870 secs] [Times: user=0.08 sys=0.01, real=0.01 secs] 
2014-03-20T17:28:24.482-0500: 676.937: Total time for which application threads were stopped: 0.0119110 seconds
2014-03-20T17:28:24.806-0500: 677.260: [GC
Desired survivor size 5767168 bytes, new threshold 1 (max 15)
 [PSYoungGen: 692224K->4288K(693760K)] 956666K->268866K(2092032K), 0.0077600 secs] [Times: user=0.07 sys=0.00, real=0.01 secs] 
2014-03-20T17:28:24.814-0500: 677.268: Total time for which application threads were stopped: 0.0089540 seconds
2014-03-20T17:28:25.142-0500: 677.596: [GC
Desired survivor size 5767168 bytes, new threshold 1 (max 15)
 [PSYoungGen: 692416K->4416K(693760K)] 956994K->269138K(2092032K), 0.0083070 secs] [Times: user=0.08 sys=0.00, real=0.01 secs] 
2014-03-20T17:28:25.150-0500: 677.605: Total time for which application threads were stopped: 0.0095560 seconds
2014-03-20T17:28:25.478-0500: 677.932: [GC
Desired survivor size 6291456 bytes, new threshold 1 (max 15)
 [PSYoungGen: 692544K->4576K(692736K)] 957266K->269410K(2091008K), 0.0087130 secs] [Times: user=0.06 sys=0.01, real=0.00 secs] 
2014-03-20T17:28:25.487-0500: 677.941: Total time for which application threads were stopped: 0.0099710 seconds
2014-03-20T17:28:25.817-0500: 678.271: [GC
Desired survivor size 6291456 bytes, new threshold 1 (max 15)
 [PSYoungGen: 691680K->4608K(693248K)] 956514K->269586K(2091520K), 0.0082620 secs] [Times: user=0.08 sys=0.00, real=0.01 secs] 
2014-03-20T17:28:25.825-0500: 678.280: Total time for which application threads were stopped: 0.0093060 seconds
2014-03-20T17:28:26.136-0500: 678.591: [GC
Desired survivor size 6291456 bytes, new threshold 1 (max 15)
 [PSYoungGen: 691712K->4832K(693248K)] 956690K->269946K(2091520K), 0.0084540 secs] [Times: user=0.08 sys=0.00, real=0.01 secs] 
2014-03-20T17:28:26.145-0500: 678.600: Total time for which application threads were stopped: 0.0098030 seconds
2014-03-20T17:28:26.458-0500: 678.913: [GC
Desired survivor size 6815744 bytes, new threshold 1 (max 15)
 [PSYoungGen: 691936K->4960K(692224K)] 957050K->270210K(2090496K), 0.0081100 secs] [Times: user=0.08 sys=0.00, real=0.00 secs] 
2014-03-20T17:28:26.467-0500: 678.922: Total time for which application threads were stopped: 0.0092850 seconds
2014-03-20T17:28:26.802-0500: 679.257: [GC
Desired survivor size 6815744 bytes, new threshold 1 (max 15)
 [PSYoungGen: 692064K->4992K(692736K)] 957314K->270386K(2091008K), 0.0084610 secs] [Times: user=0.08 sys=0.00, real=0.01 secs] 
2014-03-20T17:28:26.811-0500: 679.266: Total time for which application threads were stopped: 0.0098380 seconds
2014-03-20T17:28:27.125-0500: 679.580: [GC
Desired survivor size 6815744 bytes, new threshold 1 (max 15)
 [PSYoungGen: 691072K->5152K(692736K)] 956466K->270682K(2091008K), 0.0083580 secs] [Times: user=0.09 sys=0.00, real=0.01 secs] 
2014-03-20T17:28:27.134-0500: 679.588: Total time for which application threads were stopped: 0.0094690 seconds
2014-03-20T17:28:27.458-0500: 679.912: [GC
Desired survivor size 7340032 bytes, new threshold 1 (max 15)
 [PSYoungGen: 691232K->5280K(691712K)] 956762K->270946K(2089984K), 0.0101190 secs] [Times: user=0.09 sys=0.00, real=0.01 secs] 
2014-03-20T17:28:27.468-0500: 679.923: Total time for which application threads were stopped: 0.0114460 seconds
2014-03-20T17:28:27.793-0500: 680.248: [GC
Desired survivor size 7340032 bytes, new threshold 1 (max 15)
 [PSYoungGen: 690336K->5216K(692224K)] 956002K->271018K(2090496K), 0.0087980 secs] [Times: user=0.07 sys=0.00, real=0.01 secs] 
2014-03-20T17:28:27.802-0500: 680.257: Total time for which application threads were stopped: 0.0099250 seconds
2014-03-20T17:28:28.112-0500: 680.567: [GC
Desired survivor size 7340032 bytes, new threshold 1 (max 15)
 [PSYoungGen: 690272K->5408K(692224K)] 956074K->271346K(2090496K), 0.0073910 secs] [Times: user=0.07 sys=0.00, real=0.01 secs] 
2014-03-20T17:28:28.120-0500: 680.574: Total time for which application threads were stopped: 0.0086220 seconds
2014-03-20T17:28:28.430-0500: 680.885: [GC
Desired survivor size 7340032 bytes, new threshold 1 (max 15)
 [PSYoungGen: 690464K->5440K(692224K)] 956402K->271522K(2090496K), 0.0085100 secs] [Times: user=0.08 sys=0.00, real=0.01 secs] 
2014-03-20T17:28:28.439-0500: 680.894: Total time for which application threads were stopped: 0.0095890 seconds
2014-03-20T17:28:28.762-0500: 681.216: [GC
Desired survivor size 7340032 bytes, new threshold 1 (max 15)
 [PSYoungGen: 690496K->5600K(692224K)] 956578K->271818K(2090496K), 0.0083110 secs] [Times: user=0.08 sys=0.00, real=0.01 secs] 
2014-03-20T17:28:28.770-0500: 681.225: Total time for which application threads were stopped: 0.0095970 seconds
2014-03-20T17:28:29.086-0500: 681.541: [GC
Desired survivor size 7864320 bytes, new threshold 1 (max 15)
 [PSYoungGen: 690656K->5728K(691200K)] 956874K->272090K(2089472K), 0.0083270 secs] [Times: user=0.08 sys=0.00, real=0.01 secs] 
2014-03-20T17:28:29.095-0500: 681.550: Total time for which application threads were stopped: 0.0094450 seconds
2014-03-20T17:28:29.452-0500: 681.906: [GC
Desired survivor size 7864320 bytes, new threshold 1 (max 15)
 [PSYoungGen: 690784K->5728K(691712K)] 957146K->272194K(2089984K), 0.0085900 secs] [Times: user=0.08 sys=0.00, real=0.01 secs] 
2014-03-20T17:28:29.460-0500: 681.915: Total time for which application threads were stopped: 0.0099020 seconds
2014-03-20T17:28:29.811-0500: 682.266: [GC
Desired survivor size 7864320 bytes, new threshold 1 (max 15)
 [PSYoungGen: 689760K->5856K(691712K)] 956226K->272466K(2089984K), 0.0080560 secs] [Times: user=0.08 sys=0.00, real=0.01 secs] 
2014-03-20T17:28:29.820-0500: 682.274: Total time for which application threads were stopped: 0.0091190 seconds
2014-03-20T17:28:30.142-0500: 682.597: [GC
Desired survivor size 8388608 bytes, new threshold 1 (max 15)
 [PSYoungGen: 689888K->2112K(690688K)] 956498K->268866K(2088960K), 0.0086960 secs] [Times: user=0.08 sys=0.00, real=0.01 secs] 
2014-03-20T17:28:30.151-0500: 682.606: Total time for which application threads were stopped: 0.0099820 seconds
2014-03-20T17:28:30.476-0500: 682.930: [GC
Desired survivor size 8388608 bytes, new threshold 1 (max 15)
 [PSYoungGen: 685120K->2144K(691200K)] 951874K->269042K(2089472K), 0.0076960 secs] [Times: user=0.06 sys=0.00, real=0.01 secs] 
2014-03-20T17:28:30.484-0500: 682.938: Total time for which application threads were stopped: 0.0087490 seconds
2014-03-20T17:28:30.802-0500: 683.257: [GC
Desired survivor size 8388608 bytes, new threshold 1 (max 15)
 [PSYoungGen: 685152K->2144K(691200K)] 952050K->269178K(2089472K), 0.0083350 secs] [Times: user=0.09 sys=0.00, real=0.01 secs] 
2014-03-20T17:28:30.811-0500: 683.266: Total time for which application threads were stopped: 0.0098060 seconds
2014-03-20T17:28:31.126-0500: 683.581: [GC
Desired survivor size 8388608 bytes, new threshold 1 (max 15)
 [PSYoungGen: 685152K->2176K(691200K)] 952186K->269354K(2089472K), 0.0079350 secs] [Times: user=0.08 sys=0.00, real=0.01 secs] 
2014-03-20T17:28:31.134-0500: 683.589: Total time for which application threads were stopped: 0.0089370 seconds
2014-03-20T17:28:31.445-0500: 683.899: [GC
Desired survivor size 8388608 bytes, new threshold 1 (max 15)
 [PSYoungGen: 685184K->2240K(691200K)] 952362K->269562K(2089472K), 0.0086170 secs] [Times: user=0.09 sys=0.00, real=0.01 secs] 
2014-03-20T17:28:31.453-0500: 683.908: Total time for which application threads were stopped: 0.0098250 seconds
2014-03-20T17:28:31.622-0500: 684.077: Total time for which application threads were stopped: 0.0033720 seconds
2014-03-20T17:28:31.785-0500: 684.240: [GC
Desired survivor size 7864320 bytes, new threshold 1 (max 15)
 [PSYoungGen: 685248K->2304K(691200K)] 952570K->269754K(2089472K), 0.0077660 secs] [Times: user=0.07 sys=0.00, real=0.01 secs] 
2014-03-20T17:28:31.793-0500: 684.248: Total time for which application threads were stopped: 0.0088010 seconds
2014-03-20T17:28:32.087-0500: 684.542: [GC
Desired survivor size 7864320 bytes, new threshold 1 (max 15)
 [PSYoungGen: 685312K->2464K(691712K)] 952762K->270042K(2089984K), 0.0081890 secs] [Times: user=0.08 sys=0.00, real=0.01 secs] 
2014-03-20T17:28:32.095-0500: 684.550: Total time for which application threads were stopped: 0.0093750 seconds
2014-03-20T17:28:32.402-0500: 684.857: [GC
Desired survivor size 7864320 bytes, new threshold 1 (max 15)
 [PSYoungGen: 686496K->2496K(691712K)] 954074K->270170K(2089984K), 0.0076660 secs] [Times: user=0.06 sys=0.00, real=0.01 secs] 
2014-03-20T17:28:32.410-0500: 684.864: Total time for which application threads were stopped: 0.0087410 seconds
2014-03-20T17:28:32.717-0500: 685.171: [GC
Desired survivor size 7340032 bytes, new threshold 1 (max 15)
 [PSYoungGen: 686528K->2496K(692224K)] 954202K->270314K(2090496K), 0.0079120 secs] [Times: user=0.07 sys=0.00, real=0.01 secs] 
2014-03-20T17:28:32.725-0500: 685.180: Total time for which application threads were stopped: 0.0089700 seconds
2014-03-20T17:28:33.034-0500: 685.489: [GC
Desired survivor size 7340032 bytes, new threshold 1 (max 15)
 [PSYoungGen: 687040K->2560K(691712K)] 954858K->270522K(2089984K), 0.0081010 secs] [Times: user=0.08 sys=0.00, real=0.01 secs] 
2014-03-20T17:28:33.042-0500: 685.497: Total time for which application threads were stopped: 0.0090570 seconds
2014-03-20T17:28:33.356-0500: 685.810: [GC
Desired survivor size 6815744 bytes, new threshold 1 (max 15)
 [PSYoungGen: 687104K->2752K(692736K)] 955066K->270850K(2091008K), 0.0078730 secs] [Times: user=0.08 sys=0.00, real=0.01 secs] 
2014-03-20T17:28:33.364-0500: 685.818: Total time for which application threads were stopped: 0.0091970 seconds
2014-03-20T17:28:33.704-0500: 686.159: [GC
Desired survivor size 6815744 bytes, new threshold 1 (max 15)
 [PSYoungGen: 688320K->2816K(692224K)] 956418K->271050K(2090496K), 0.0079500 secs] [Times: user=0.08 sys=0.00, real=0.01 secs] 
2014-03-20T17:28:33.712-0500: 686.167: Total time for which application threads were stopped: 0.0090470 seconds
2014-03-20T17:28:34.020-0500: 686.475: [GC
Desired survivor size 6291456 bytes, new threshold 1 (max 15)
 [PSYoungGen: 688384K->2912K(693248K)] 956618K->271290K(2091520K), 0.0081420 secs] [Times: user=0.08 sys=0.00, real=0.01 secs] 
2014-03-20T17:28:34.029-0500: 686.483: Total time for which application threads were stopped: 0.0092570 seconds
2014-03-20T17:28:34.324-0500: 686.779: [GC
Desired survivor size 6291456 bytes, new threshold 1 (max 15)
 [PSYoungGen: 689504K->3072K(692736K)] 957882K->271586K(2091008K), 0.0080900 secs] [Times: user=0.07 sys=0.01, real=0.01 secs] 
2014-03-20T17:28:34.333-0500: 686.787: Total time for which application threads were stopped: 0.0091320 seconds
2014-03-20T17:28:34.634-0500: 687.089: [GC
Desired survivor size 5767168 bytes, new threshold 1 (max 15)
 [PSYoungGen: 689664K->3168K(693760K)] 958178K->271826K(2092032K), 0.0081310 secs] [Times: user=0.08 sys=0.00, real=0.01 secs] 
2014-03-20T17:28:34.643-0500: 687.097: Total time for which application threads were stopped: 0.0093870 seconds
2014-03-20T17:28:34.960-0500: 687.414: [GC
Desired survivor size 5767168 bytes, new threshold 1 (max 15)
 [PSYoungGen: 690784K->3328K(693248K)] 959442K->272130K(2091520K), 0.0077770 secs] [Times: user=0.08 sys=0.00, real=0.00 secs] 
2014-03-20T17:28:34.968-0500: 687.422: Total time for which application threads were stopped: 0.0087780 seconds
2014-03-20T17:28:35.262-0500: 687.717: [GC
Desired survivor size 5767168 bytes, new threshold 1 (max 15)
 [PSYoungGen: 690944K->3392K(693760K)] 959746K->272330K(2092032K), 0.0079400 secs] [Times: user=0.08 sys=0.00, real=0.01 secs] 
2014-03-20T17:28:35.270-0500: 687.725: Total time for which application threads were stopped: 0.0091050 seconds
2014-03-20T17:28:35.574-0500: 688.029: [GC
Desired survivor size 5242880 bytes, new threshold 1 (max 15)
 [PSYoungGen: 691520K->3520K(693760K)] 960458K->272594K(2092032K), 0.0092200 secs] [Times: user=0.07 sys=0.01, real=0.01 secs] 
2014-03-20T17:28:35.583-0500: 688.038: Total time for which application threads were stopped: 0.0103050 seconds
2014-03-20T17:28:35.890-0500: 688.345: [GC
Desired survivor size 5242880 bytes, new threshold 1 (max 15)
 [PSYoungGen: 691648K->3648K(694272K)] 960722K->272866K(2092544K), 0.0085080 secs] [Times: user=0.08 sys=0.00, real=0.01 secs] 
2014-03-20T17:28:35.899-0500: 688.353: Total time for which application threads were stopped: 0.0098180 seconds
2014-03-20T17:28:36.205-0500: 688.659: [GC
Desired survivor size 5767168 bytes, new threshold 1 (max 15)
 [PSYoungGen: 692799K->3872K(693248K)] 962018K->273226K(2091520K), 0.0082160 secs] [Times: user=0.06 sys=0.00, real=0.01 secs] 
2014-03-20T17:28:36.213-0500: 688.668: Total time for which application threads were stopped: 0.0094620 seconds
2014-03-20T17:28:36.522-0500: 688.977: [GC
Desired survivor size 5767168 bytes, new threshold 1 (max 15)
 [PSYoungGen: 693024K->3872K(693760K)] 962378K->273362K(2092032K), 0.0089830 secs] [Times: user=0.07 sys=0.00, real=0.01 secs] 
2014-03-20T17:28:36.532-0500: 688.986: Total time for which application threads were stopped: 0.0102210 seconds
2014-03-20T17:28:36.839-0500: 689.293: [GC
Desired survivor size 5767168 bytes, new threshold 1 (max 15)
 [PSYoungGen: 692000K->4128K(693760K)] 961490K->273754K(2092032K), 0.0085650 secs] [Times: user=0.08 sys=0.00, real=0.00 secs] 
2014-03-20T17:28:36.847-0500: 689.302: Total time for which application threads were stopped: 0.0098350 seconds
2014-03-20T17:28:37.171-0500: 689.625: [GC
Desired survivor size 5767168 bytes, new threshold 1 (max 15)
 [PSYoungGen: 692256K->4288K(693760K)] 961882K->274058K(2092032K), 0.0085530 secs] [Times: user=0.08 sys=0.00, real=0.01 secs] 
2014-03-20T17:28:37.179-0500: 689.634: Total time for which application threads were stopped: 0.0099510 seconds
2014-03-20T17:28:37.498-0500: 689.952: [GC
Desired survivor size 5767168 bytes, new threshold 1 (max 15)
 [PSYoungGen: 692416K->4416K(693760K)] 962186K->274330K(2092032K), 0.0091880 secs] [Times: user=0.09 sys=0.00, real=0.01 secs] 
2014-03-20T17:28:37.507-0500: 689.962: Total time for which application threads were stopped: 0.0103980 seconds
2014-03-20T17:28:37.833-0500: 690.288: [GC
Desired survivor size 6291456 bytes, new threshold 1 (max 15)
 [PSYoungGen: 692544K->4608K(692736K)] 962458K->274666K(2091008K), 0.0089540 secs] [Times: user=0.08 sys=0.00, real=0.01 secs] 
2014-03-20T17:28:37.843-0500: 690.297: Total time for which application threads were stopped: 0.0103910 seconds
2014-03-20T17:28:38.149-0500: 690.604: [GC
Desired survivor size 6291456 bytes, new threshold 1 (max 15)
 [PSYoungGen: 691712K->4704K(693248K)] 961770K->274906K(2091520K), 0.0096060 secs] [Times: user=0.08 sys=0.00, real=0.01 secs] 
2014-03-20T17:28:38.159-0500: 690.614: Total time for which application threads were stopped: 0.0109330 seconds
2014-03-20T17:28:38.471-0500: 690.926: [GC
Desired survivor size 6291456 bytes, new threshold 1 (max 15)
 [PSYoungGen: 691808K->4896K(693248K)] 962010K->275242K(2091520K), 0.0084190 secs] [Times: user=0.08 sys=0.00, real=0.01 secs] 
2014-03-20T17:28:38.480-0500: 690.935: Total time for which application threads were stopped: 0.0098750 seconds
2014-03-20T17:28:38.784-0500: 691.239: [GC
Desired survivor size 6815744 bytes, new threshold 1 (max 15)
 [PSYoungGen: 692000K->4896K(692224K)] 962346K->275370K(2090496K), 0.0088860 secs] [Times: user=0.07 sys=0.01, real=0.01 secs] 
2014-03-20T17:28:38.793-0500: 691.248: Total time for which application threads were stopped: 0.0099940 seconds
2014-03-20T17:28:39.107-0500: 691.561: [GC
Desired survivor size 6815744 bytes, new threshold 1 (max 15)
 [PSYoungGen: 692000K->5152K(692736K)] 962474K->275770K(2091008K), 0.0088200 secs] [Times: user=0.09 sys=0.00, real=0.01 secs] 
2014-03-20T17:28:39.116-0500: 691.570: Total time for which application threads were stopped: 0.0102330 seconds
2014-03-20T17:28:39.441-0500: 691.895: [GC
Desired survivor size 6815744 bytes, new threshold 1 (max 15)
 [PSYoungGen: 691232K->5184K(692736K)] 961850K->275946K(2091008K), 0.0081140 secs] [Times: user=0.08 sys=0.01, real=0.00 secs] 
2014-03-20T17:28:39.449-0500: 691.904: Total time for which application threads were stopped: 0.0091940 seconds
2014-03-20T17:28:39.775-0500: 692.230: [GC
Desired survivor size 7340032 bytes, new threshold 1 (max 15)
 [PSYoungGen: 691264K->5248K(691712K)] 962026K->276138K(2089984K), 0.0122700 secs] [Times: user=0.08 sys=0.00, real=0.01 secs] 
2014-03-20T17:28:39.788-0500: 692.243: Total time for which application threads were stopped: 0.0137200 seconds
2014-03-20T17:28:40.103-0500: 692.558: [GC
Desired survivor size 7340032 bytes, new threshold 1 (max 15)
 [PSYoungGen: 690304K->5408K(692224K)] 961194K->276434K(2090496K), 0.0086420 secs] [Times: user=0.08 sys=0.00, real=0.01 secs] 
2014-03-20T17:28:40.112-0500: 692.567: Total time for which application threads were stopped: 0.0098580 seconds
2014-03-20T17:28:40.439-0500: 692.894: [GC
Desired survivor size 7340032 bytes, new threshold 1 (max 15)
 [PSYoungGen: 690464K->5408K(692224K)] 961490K->276570K(2090496K), 0.0081240 secs] [Times: user=0.07 sys=0.00, real=0.00 secs] 
2014-03-20T17:28:40.448-0500: 692.903: Total time for which application threads were stopped: 0.0095750 seconds
2014-03-20T17:28:40.763-0500: 693.218: [GC
Desired survivor size 7340032 bytes, new threshold 1 (max 15)
 [PSYoungGen: 690464K->5472K(692224K)] 961626K->276778K(2090496K), 0.0084410 secs] [Times: user=0.08 sys=0.00, real=0.01 secs] 
2014-03-20T17:28:40.772-0500: 693.226: Total time for which application threads were stopped: 0.0096550 seconds
2014-03-20T17:28:41.081-0500: 693.536: [GC
Desired survivor size 7864320 bytes, new threshold 1 (max 15)
 [PSYoungGen: 690528K->5632K(691200K)] 961834K->277074K(2089472K), 0.0085410 secs] [Times: user=0.08 sys=0.01, real=0.01 secs] 
2014-03-20T17:28:41.090-0500: 693.545: Total time for which application threads were stopped: 0.0097110 seconds
2014-03-20T17:28:41.414-0500: 693.868: [GC
Desired survivor size 7864320 bytes, new threshold 1 (max 15)
 [PSYoungGen: 689664K->5664K(691712K)] 961106K->277234K(2089984K), 0.0080210 secs] [Times: user=0.08 sys=0.00, real=0.01 secs] 
2014-03-20T17:28:41.422-0500: 693.877: Total time for which application threads were stopped: 0.0090830 seconds
2014-03-20T17:28:41.773-0500: 694.227: [GC
Desired survivor size 7864320 bytes, new threshold 1 (max 15)
 [PSYoungGen: 689696K->5760K(691712K)] 961266K->277474K(2089984K), 0.0081080 secs] [Times: user=0.08 sys=0.00, real=0.01 secs] 
2014-03-20T17:28:41.781-0500: 694.236: Total time for which application threads were stopped: 0.0094490 seconds
2014-03-20T17:28:42.090-0500: 694.544: [GC
Desired survivor size 7864320 bytes, new threshold 1 (max 15)
 [PSYoungGen: 689792K->1920K(691712K)] 961506K->273770K(2089984K), 0.0079340 secs] [Times: user=0.07 sys=0.00, real=0.00 secs] 
2014-03-20T17:28:42.098-0500: 694.552: Total time for which application threads were stopped: 0.0090150 seconds
2014-03-20T17:28:42.405-0500: 694.859: [GC
Desired survivor size 8388608 bytes, new threshold 1 (max 15)
 [PSYoungGen: 685952K->2080K(690688K)] 957802K->274074K(2088960K), 0.0092190 secs] [Times: user=0.08 sys=0.00, real=0.01 secs] 
2014-03-20T17:28:42.414-0500: 694.869: Total time for which application threads were stopped: 0.0105760 seconds
2014-03-20T17:28:42.726-0500: 695.181: [GC
Desired survivor size 8388608 bytes, new threshold 1 (max 15)
 [PSYoungGen: 685088K->2144K(691200K)] 957082K->274282K(2089472K), 0.0085830 secs] [Times: user=0.08 sys=0.00, real=0.01 secs] 
2014-03-20T17:28:42.735-0500: 695.190: Total time for which application threads were stopped: 0.0098850 seconds
2014-03-20T17:28:43.051-0500: 695.506: [GC
Desired survivor size 8388608 bytes, new threshold 1 (max 15)
 [PSYoungGen: 685152K->2144K(691200K)] 957290K->274418K(2089472K), 0.0089830 secs] [Times: user=0.08 sys=0.00, real=0.01 secs] 
2014-03-20T17:28:43.060-0500: 695.515: Total time for which application threads were stopped: 0.0102710 seconds
2014-03-20T17:28:43.367-0500: 695.821: [GC
Desired survivor size 8388608 bytes, new threshold 1 (max 15)
 [PSYoungGen: 685152K->2272K(691200K)] 957426K->274690K(2089472K), 0.0084190 secs] [Times: user=0.07 sys=0.00, real=0.01 secs] 
2014-03-20T17:28:43.375-0500: 695.830: Total time for which application threads were stopped: 0.0095120 seconds
2014-03-20T17:28:43.718-0500: 696.172: [GC
Desired survivor size 7864320 bytes, new threshold 1 (max 15)
 [PSYoungGen: 685280K->2240K(691712K)] 957698K->274802K(2089984K), 0.0086620 secs] [Times: user=0.09 sys=0.00, real=0.01 secs] 
2014-03-20T17:28:43.727-0500: 696.181: Total time for which application threads were stopped: 0.0099260 seconds
2014-03-20T17:28:44.039-0500: 696.494: [GC
Desired survivor size 7864320 bytes, new threshold 1 (max 15)
 [PSYoungGen: 685760K->2304K(691200K)] 958322K->275010K(2089472K), 0.0077460 secs] [Times: user=0.07 sys=0.00, real=0.01 secs] 
2014-03-20T17:28:44.047-0500: 696.501: Total time for which application threads were stopped: 0.0086830 seconds
2014-03-20T17:28:44.368-0500: 696.822: [GC
Desired survivor size 7864320 bytes, new threshold 1 (max 15)
 [PSYoungGen: 685824K->2368K(691712K)] 958530K->275210K(2089984K), 0.0090130 secs] [Times: user=0.09 sys=0.00, real=0.01 secs] 
2014-03-20T17:28:44.377-0500: 696.832: Total time for which application threads were stopped: 0.0103330 seconds
2014-03-20T17:28:44.709-0500: 697.164: [GC
Desired survivor size 7340032 bytes, new threshold 1 (max 15)
 [PSYoungGen: 686400K->2464K(691712K)] 959242K->275450K(2089984K), 0.0084620 secs] [Times: user=0.08 sys=0.01, real=0.00 secs] 
2014-03-20T17:28:44.718-0500: 697.173: Total time for which application threads were stopped: 0.0094770 seconds
2014-03-20T17:28:45.042-0500: 697.497: [GC
Desired survivor size 7340032 bytes, new threshold 1 (max 15)
 [PSYoungGen: 686496K->2624K(692224K)] 959482K->275746K(2090496K), 0.0085090 secs] [Times: user=0.07 sys=0.00, real=0.01 secs] 
2014-03-20T17:28:45.051-0500: 697.506: Total time for which application threads were stopped: 0.0098570 seconds
2014-03-20T17:28:45.363-0500: 697.818: [GC
Desired survivor size 6815744 bytes, new threshold 1 (max 15)
 [PSYoungGen: 687680K->2592K(692224K)] 960802K->275858K(2090496K), 0.0087700 secs] [Times: user=0.07 sys=0.00, real=0.01 secs] 
2014-03-20T17:28:45.372-0500: 697.827: Total time for which application threads were stopped: 0.0099150 seconds
2014-03-20T17:28:45.696-0500: 698.150: [GC
Desired survivor size 6815744 bytes, new threshold 1 (max 15)
 [PSYoungGen: 687648K->2752K(692736K)] 960914K->276154K(2091008K), 0.0085800 secs] [Times: user=0.09 sys=0.00, real=0.01 secs] 
2014-03-20T17:28:45.704-0500: 698.159: Total time for which application threads were stopped: 0.0099450 seconds
2014-03-20T17:28:46.023-0500: 698.477: [GC
Desired survivor size 6291456 bytes, new threshold 1 (max 15)
 [PSYoungGen: 688832K->2784K(692736K)] 962234K->276330K(2091008K), 0.0083310 secs] [Times: user=0.08 sys=0.00, real=0.01 secs] 
2014-03-20T17:28:46.031-0500: 698.486: Total time for which application threads were stopped: 0.0095260 seconds
2014-03-20T17:28:46.354-0500: 698.808: [GC
Desired survivor size 6291456 bytes, new threshold 1 (max 15)
 [PSYoungGen: 688864K->2816K(693248K)] 962410K->276506K(2091520K), 0.0084640 secs] [Times: user=0.09 sys=0.00, real=0.01 secs] 
2014-03-20T17:28:46.362-0500: 698.817: Total time for which application threads were stopped: 0.0096710 seconds
2014-03-20T17:28:46.669-0500: 699.124: [GC
Desired survivor size 5767168 bytes, new threshold 1 (max 15)
 [PSYoungGen: 689920K->3040K(693248K)] 963610K->276866K(2091520K), 0.0082850 secs] [Times: user=0.08 sys=0.00, real=0.01 secs] 
2014-03-20T17:28:46.678-0500: 699.132: Total time for which application threads were stopped: 0.0092950 seconds
2014-03-20T17:28:47.000-0500: 699.455: [GC
Desired survivor size 5767168 bytes, new threshold 1 (max 15)
 [PSYoungGen: 690144K->3200K(693760K)] 963970K->277170K(2092032K), 0.0081000 secs] [Times: user=0.08 sys=0.00, real=0.00 secs] 
2014-03-20T17:28:47.009-0500: 699.464: Total time for which application threads were stopped: 0.0094460 seconds
2014-03-20T17:28:47.325-0500: 699.780: [GC
Desired survivor size 5242880 bytes, new threshold 1 (max 15)
 [PSYoungGen: 691328K->3264K(693760K)] 965298K->277370K(2092032K), 0.0082670 secs] [Times: user=0.08 sys=0.00, real=0.01 secs] 
2014-03-20T17:28:47.334-0500: 699.788: Total time for which application threads were stopped: 0.0094330 seconds
2014-03-20T17:28:47.681-0500: 700.135: [GC
Desired survivor size 5242880 bytes, new threshold 1 (max 15)
 [PSYoungGen: 691392K->3392K(694272K)] 965498K->277634K(2092544K), 0.0083010 secs] [Times: user=0.08 sys=0.00, real=0.00 secs] 
2014-03-20T17:28:47.689-0500: 700.144: Total time for which application threads were stopped: 0.0096340 seconds
2014-03-20T17:28:48.004-0500: 700.459: [GC
Desired survivor size 5242880 bytes, new threshold 1 (max 15)
 [PSYoungGen: 692544K->3552K(694272K)] 966786K->277938K(2092544K), 0.0085180 secs] [Times: user=0.09 sys=0.00, real=0.01 secs] 
2014-03-20T17:28:48.013-0500: 700.467: Total time for which application threads were stopped: 0.0094970 seconds
2014-03-20T17:28:48.333-0500: 700.788: [GC
Desired survivor size 5242880 bytes, new threshold 1 (max 15)
 [PSYoungGen: 692704K->3904K(694272K)] 967090K->278434K(2092544K), 0.0087730 secs] [Times: user=0.09 sys=0.00, real=0.01 secs] 
2014-03-20T17:28:48.342-0500: 700.797: Total time for which application threads were stopped: 0.0101780 seconds
2014-03-20T17:28:48.657-0500: 701.112: [GC
Desired survivor size 5767168 bytes, new threshold 1 (max 15)
 [PSYoungGen: 693056K->3968K(693248K)] 967586K->278666K(2091520K), 0.0088860 secs] [Times: user=0.08 sys=0.00, real=0.01 secs] 
2014-03-20T17:28:48.666-0500: 701.121: Total time for which application threads were stopped: 0.0099960 seconds
2014-03-20T17:28:48.979-0500: 701.434: [GC
Desired survivor size 5767168 bytes, new threshold 1 (max 15)
 [PSYoungGen: 693120K->4096K(693760K)] 967818K->278930K(2092032K), 0.0105760 secs] [Times: user=0.08 sys=0.00, real=0.01 secs] 
2014-03-20T17:28:48.990-0500: 701.445: Total time for which application threads were stopped: 0.0118620 seconds
2014-03-20T17:28:49.305-0500: 701.760: [GC
Desired survivor size 5767168 bytes, new threshold 1 (max 15)
 [PSYoungGen: 692224K->4224K(693760K)] 967058K->279194K(2092032K), 0.0081720 secs] [Times: user=0.08 sys=0.01, real=0.01 secs] 
2014-03-20T17:28:49.313-0500: 701.768: Total time for which application threads were stopped: 0.0092440 seconds
2014-03-20T17:28:49.639-0500: 702.094: [GC
Desired survivor size 5767168 bytes, new threshold 1 (max 15)
 [PSYoungGen: 692352K->4384K(693760K)] 967322K->279498K(2092032K), 0.0091460 secs] [Times: user=0.09 sys=0.00, real=0.01 secs] 
2014-03-20T17:28:49.648-0500: 702.103: Total time for which application threads were stopped: 0.0105390 seconds
2014-03-20T17:28:49.972-0500: 702.427: [GC
Desired survivor size 6291456 bytes, new threshold 1 (max 15)
 [PSYoungGen: 692512K->4544K(692736K)] 967626K->279794K(2091008K), 0.0083680 secs] [Times: user=0.08 sys=0.00, real=0.01 secs] 
2014-03-20T17:28:49.981-0500: 702.436: Total time for which application threads were stopped: 0.0094670 seconds
2014-03-20T17:28:50.283-0500: 702.738: [GC
Desired survivor size 6291456 bytes, new threshold 1 (max 15)
 [PSYoungGen: 692672K->4608K(693248K)] 967922K->279994K(2091520K), 0.0097960 secs] [Times: user=0.07 sys=0.00, real=0.01 secs] 
2014-03-20T17:28:50.293-0500: 702.748: Total time for which application threads were stopped: 0.0109790 seconds
2014-03-20T17:28:50.605-0500: 703.060: [GC
Desired survivor size 6291456 bytes, new threshold 1 (max 15)
 [PSYoungGen: 691712K->4832K(693248K)] 967098K->280362K(2091520K), 0.0089620 secs] [Times: user=0.09 sys=0.00, real=0.01 secs] 
2014-03-20T17:28:50.614-0500: 703.069: Total time for which application threads were stopped: 0.0101720 seconds
2014-03-20T17:28:50.931-0500: 703.385: [GC
Desired survivor size 6815744 bytes, new threshold 1 (max 15)
 [PSYoungGen: 691936K->4832K(692224K)] 967466K->280498K(2090496K), 0.0087050 secs] [Times: user=0.08 sys=0.00, real=0.00 secs] 
2014-03-20T17:28:50.940-0500: 703.394: Total time for which application threads were stopped: 0.0100110 seconds
2014-03-20T17:28:51.254-0500: 703.709: [GC
Desired survivor size 6815744 bytes, new threshold 1 (max 15)
 [PSYoungGen: 690912K->5056K(692736K)] 966578K->280866K(2091008K), 0.0078240 secs] [Times: user=0.07 sys=0.00, real=0.01 secs] 
2014-03-20T17:28:51.262-0500: 703.717: Total time for which application threads were stopped: 0.0088380 seconds
2014-03-20T17:28:51.587-0500: 704.042: [GC
Desired survivor size 6815744 bytes, new threshold 1 (max 15)
 [PSYoungGen: 691136K->5056K(692736K)] 966946K->281010K(2091008K), 0.0084390 secs] [Times: user=0.08 sys=0.00, real=0.01 secs] 
2014-03-20T17:28:51.596-0500: 704.051: Total time for which application threads were stopped: 0.0096950 seconds
2014-03-20T17:28:51.914-0500: 704.369: [GC
Desired survivor size 7340032 bytes, new threshold 1 (max 15)
 [PSYoungGen: 691136K->5280K(691712K)] 967090K->281378K(2089984K), 0.0080850 secs] [Times: user=0.08 sys=0.00, real=0.01 secs] 
2014-03-20T17:28:51.922-0500: 704.377: Total time for which application threads were stopped: 0.0091360 seconds
2014-03-20T17:28:52.235-0500: 704.690: [GC
Desired survivor size 7340032 bytes, new threshold 1 (max 15)
 [PSYoungGen: 691360K->5280K(692224K)] 967458K->281514K(2090496K), 0.0085040 secs] [Times: user=0.08 sys=0.00, real=0.01 secs] 
2014-03-20T17:28:52.244-0500: 704.699: Total time for which application threads were stopped: 0.0097220 seconds
2014-03-20T17:28:52.549-0500: 705.004: [GC
Desired survivor size 7340032 bytes, new threshold 1 (max 15)
 [PSYoungGen: 690336K->5472K(692224K)] 966570K->281850K(2090496K), 0.0094990 secs] [Times: user=0.08 sys=0.00, real=0.01 secs] 
2014-03-20T17:28:52.559-0500: 705.013: Total time for which application threads were stopped: 0.0105460 seconds
2014-03-20T17:28:52.873-0500: 705.328: [GC
Desired survivor size 7340032 bytes, new threshold 1 (max 15)
 [PSYoungGen: 690528K->5504K(692224K)] 966906K->282018K(2090496K), 0.0080940 secs] [Times: user=0.08 sys=0.00, real=0.00 secs] 
2014-03-20T17:28:52.881-0500: 705.336: Total time for which application threads were stopped: 0.0093410 seconds
2014-03-20T17:28:53.192-0500: 705.647: [GC
Desired survivor size 7864320 bytes, new threshold 1 (max 15)
 [PSYoungGen: 690560K->5568K(690688K)] 967074K->282226K(2088960K), 0.0081870 secs] [Times: user=0.08 sys=0.01, real=0.00 secs] 
2014-03-20T17:28:53.201-0500: 705.656: Total time for which application threads were stopped: 0.0093660 seconds
2014-03-20T17:28:53.511-0500: 705.966: [GC
Desired survivor size 7864320 bytes, new threshold 1 (max 15)
 [PSYoungGen: 690624K->5664K(691712K)] 967282K->282450K(2089984K), 0.0178200 secs] [Times: user=0.18 sys=0.00, real=0.02 secs] 
2014-03-20T17:28:53.529-0500: 705.984: Total time for which application threads were stopped: 0.0191670 seconds
2014-03-20T17:28:53.855-0500: 706.310: [GC
Desired survivor size 7864320 bytes, new threshold 1 (max 15)
 [PSYoungGen: 689696K->5760K(691712K)] 966482K->282682K(2089984K), 0.0091430 secs] [Times: user=0.08 sys=0.01, real=0.01 secs] 
2014-03-20T17:28:53.864-0500: 706.319: Total time for which application threads were stopped: 0.0105660 seconds
2014-03-20T17:28:54.162-0500: 706.617: [GC
Desired survivor size 7864320 bytes, new threshold 1 (max 15)
 [PSYoungGen: 689792K->5792K(691712K)] 966714K->282858K(2089984K), 0.0082040 secs] [Times: user=0.07 sys=0.00, real=0.00 secs] 
2014-03-20T17:28:54.171-0500: 706.626: Total time for which application threads were stopped: 0.0096280 seconds
2014-03-20T17:28:54.476-0500: 706.931: [GC
Desired survivor size 7864320 bytes, new threshold 1 (max 15)
 [PSYoungGen: 689824K->5888K(691712K)] 966890K->283090K(2089984K), 0.0085800 secs] [Times: user=0.08 sys=0.00, real=0.01 secs] 
2014-03-20T17:28:54.485-0500: 706.940: Total time for which application threads were stopped: 0.0097440 seconds
2014-03-20T17:28:54.787-0500: 707.241: [GC
Desired survivor size 8388608 bytes, new threshold 1 (max 15)
 [PSYoungGen: 689920K->2080K(690688K)] 967122K->279426K(2088960K), 0.0080280 secs] [Times: user=0.08 sys=0.00, real=0.01 secs] 
2014-03-20T17:28:54.795-0500: 707.250: Total time for which application threads were stopped: 0.0093190 seconds
2014-03-20T17:28:55.104-0500: 707.558: [GC
Desired survivor size 8388608 bytes, new threshold 1 (max 15)
 [PSYoungGen: 685088K->2048K(691200K)] 962434K->279538K(2089472K), 0.0081480 secs] [Times: user=0.08 sys=0.00, real=0.01 secs] 
2014-03-20T17:28:55.112-0500: 707.567: Total time for which application threads were stopped: 0.0092110 seconds
2014-03-20T17:28:55.424-0500: 707.878: [GC
Desired survivor size 8388608 bytes, new threshold 1 (max 15)
 [PSYoungGen: 685056K->2144K(691200K)] 962546K->279778K(2089472K), 0.0081740 secs] [Times: user=0.08 sys=0.00, real=0.01 secs] 
2014-03-20T17:28:55.432-0500: 707.887: Total time for which application threads were stopped: 0.0094730 seconds
2014-03-20T17:28:55.764-0500: 708.219: [GC
Desired survivor size 8388608 bytes, new threshold 1 (max 15)
 [PSYoungGen: 685152K->2176K(691200K)] 962786K->279954K(2089472K), 0.0084320 secs] [Times: user=0.08 sys=0.00, real=0.01 secs] 
2014-03-20T17:28:55.773-0500: 708.228: Total time for which application threads were stopped: 0.0095460 seconds
2014-03-20T17:28:56.086-0500: 708.540: [GC
Desired survivor size 8388608 bytes, new threshold 1 (max 15)
 [PSYoungGen: 685184K->2240K(691200K)] 962962K->280154K(2089472K), 0.0081840 secs] [Times: user=0.08 sys=0.00, real=0.01 secs] 
2014-03-20T17:28:56.094-0500: 708.549: Total time for which application threads were stopped: 0.0095530 seconds
2014-03-20T17:28:56.398-0500: 708.852: [GC
Desired survivor size 8388608 bytes, new threshold 1 (max 15)
 [PSYoungGen: 685248K->2272K(691200K)] 963162K->280322K(2089472K), 0.0075290 secs] [Times: user=0.06 sys=0.00, real=0.01 secs] 
2014-03-20T17:28:56.405-0500: 708.860: Total time for which application threads were stopped: 0.0085870 seconds
2014-03-20T17:28:56.715-0500: 709.170: [GC
Desired survivor size 7864320 bytes, new threshold 1 (max 15)
 [PSYoungGen: 685280K->2400K(691712K)] 963330K->280586K(2089984K), 0.0086310 secs] [Times: user=0.08 sys=0.00, real=0.01 secs] 
2014-03-20T17:28:56.724-0500: 709.179: Total time for which application threads were stopped: 0.0101800 seconds
2014-03-20T17:28:57.029-0500: 709.484: [GC
Desired survivor size 7864320 bytes, new threshold 1 (max 15)
 [PSYoungGen: 685920K->2464K(691200K)] 964106K->280794K(2089472K), 0.0084420 secs] [Times: user=0.07 sys=0.01, real=0.01 secs] 
2014-03-20T17:28:57.038-0500: 709.493: Total time for which application threads were stopped: 0.0095510 seconds
2014-03-20T17:28:57.354-0500: 709.808: [GC
Desired survivor size 7340032 bytes, new threshold 1 (max 15)
 [PSYoungGen: 685984K->2560K(692224K)] 964314K->281026K(2090496K), 0.0082360 secs] [Times: user=0.08 sys=0.01, real=0.01 secs] 
2014-03-20T17:28:57.362-0500: 709.817: Total time for which application threads were stopped: 0.0097400 seconds
2014-03-20T17:28:57.685-0500: 710.140: [GC
Desired survivor size 7340032 bytes, new threshold 1 (max 15)
 [PSYoungGen: 687104K->2688K(691712K)] 965570K->281298K(2089984K), 0.0082010 secs] [Times: user=0.07 sys=0.00, real=0.01 secs] 
2014-03-20T17:28:57.693-0500: 710.148: Total time for which application threads were stopped: 0.0092990 seconds
2014-03-20T17:28:58.001-0500: 710.455: [GC
Desired survivor size 6815744 bytes, new threshold 1 (max 15)
 [PSYoungGen: 687232K->2656K(692736K)] 965842K->281410K(2091008K), 0.0087990 secs] [Times: user=0.08 sys=0.00, real=0.01 secs] 
2014-03-20T17:28:58.010-0500: 710.464: Total time for which application threads were stopped: 0.0100320 seconds
2014-03-20T17:28:58.320-0500: 710.775: [GC
Desired survivor size 6815744 bytes, new threshold 1 (max 15)
 [PSYoungGen: 688224K->2848K(692224K)] 966978K->281738K(2090496K), 0.0082090 secs] [Times: user=0.08 sys=0.00, real=0.01 secs] 
2014-03-20T17:28:58.329-0500: 710.783: Total time for which application threads were stopped: 0.0094810 seconds
2014-03-20T17:28:58.636-0500: 711.090: [GC
Desired survivor size 6291456 bytes, new threshold 1 (max 15)
 [PSYoungGen: 688416K->2848K(693248K)] 967306K->281874K(2091520K), 0.0078360 secs] [Times: user=0.07 sys=0.00, real=0.01 secs] 
2014-03-20T17:28:58.644-0500: 711.098: Total time for which application threads were stopped: 0.0090300 seconds
2014-03-20T17:28:58.956-0500: 711.411: [GC
Desired survivor size 6291456 bytes, new threshold 1 (max 15)
 [PSYoungGen: 689440K->3008K(692736K)] 968466K->282170K(2091008K), 0.0087770 secs] [Times: user=0.08 sys=0.01, real=0.01 secs] 
2014-03-20T17:28:58.965-0500: 711.420: Total time for which application threads were stopped: 0.0098350 seconds
2014-03-20T17:28:59.277-0500: 711.732: [GC
Desired survivor size 5767168 bytes, new threshold 1 (max 15)
 [PSYoungGen: 689600K->3168K(693760K)] 968762K->282474K(2092032K), 0.0085690 secs] [Times: user=0.08 sys=0.00, real=0.01 secs] 
2014-03-20T17:28:59.286-0500: 711.741: Total time for which application threads were stopped: 0.0098500 seconds
2014-03-20T17:28:59.618-0500: 712.073: [GC
Desired survivor size 5767168 bytes, new threshold 1 (max 15)
 [PSYoungGen: 690784K->3296K(693248K)] 970090K->282770K(2091520K), 0.0090050 secs] [Times: user=0.08 sys=0.00, real=0.01 secs] 
2014-03-20T17:28:59.627-0500: 712.082: Total time for which application threads were stopped: 0.0101400 seconds
2014-03-20T17:28:59.948-0500: 712.403: [GC
Desired survivor size 5767168 bytes, new threshold 1 (max 15)
 [PSYoungGen: 690912K->3328K(693760K)] 970386K->282922K(2092032K), 0.0122630 secs] [Times: user=0.07 sys=0.00, real=0.01 secs] 
2014-03-20T17:28:59.961-0500: 712.416: Total time for which application threads were stopped: 0.0136930 seconds
2014-03-20T17:29:00.277-0500: 712.732: [GC
Desired survivor size 5767168 bytes, new threshold 1 (max 15)
 [PSYoungGen: 691456K->3520K(693760K)] 971050K->283250K(2092032K), 0.0076240 secs] [Times: user=0.07 sys=0.00, real=0.01 secs] 
2014-03-20T17:29:00.285-0500: 712.740: Total time for which application threads were stopped: 0.0087080 seconds
2014-03-20T17:29:00.604-0500: 713.058: [GC
Desired survivor size 5767168 bytes, new threshold 1 (max 15)
 [PSYoungGen: 691648K->3712K(693760K)] 971378K->283586K(2092032K), 0.0084710 secs] [Times: user=0.08 sys=0.00, real=0.01 secs] 
2014-03-20T17:29:00.612-0500: 713.067: Total time for which application threads were stopped: 0.0097680 seconds
2014-03-20T17:29:00.930-0500: 713.385: [GC
Desired survivor size 5767168 bytes, new threshold 1 (max 15)
 [PSYoungGen: 691840K->3808K(693760K)] 971714K->283826K(2092032K), 0.0090170 secs] [Times: user=0.09 sys=0.00, real=0.01 secs] 
2014-03-20T17:29:00.940-0500: 713.394: Total time for which application threads were stopped: 0.0101800 seconds
2014-03-20T17:29:01.260-0500: 713.715: [GC
Desired survivor size 5767168 bytes, new threshold 1 (max 15)
 [PSYoungGen: 691936K->4000K(693760K)] 971954K->284146K(2092032K), 0.0085460 secs] [Times: user=0.08 sys=0.00, real=0.01 secs] 
2014-03-20T17:29:01.269-0500: 713.723: Total time for which application threads were stopped: 0.0097960 seconds
2014-03-20T17:29:01.606-0500: 714.060: [GC
Desired survivor size 5767168 bytes, new threshold 1 (max 15)
 [PSYoungGen: 692128K->4128K(693760K)] 972274K->284418K(2092032K), 0.0090150 secs] [Times: user=0.08 sys=0.00, real=0.01 secs] 
2014-03-20T17:29:01.615-0500: 714.070: Total time for which application threads were stopped: 0.0111090 seconds
2014-03-20T17:29:01.938-0500: 714.393: [GC
Desired survivor size 5767168 bytes, new threshold 1 (max 15)
 [PSYoungGen: 692256K->4192K(693760K)] 972546K->284626K(2092032K), 0.0085810 secs] [Times: user=0.08 sys=0.00, real=0.01 secs] 
2014-03-20T17:29:01.947-0500: 714.402: Total time for which application threads were stopped: 0.0097710 seconds
2014-03-20T17:29:02.265-0500: 714.719: [GC
Desired survivor size 5767168 bytes, new threshold 1 (max 15)
 [PSYoungGen: 692320K->4416K(693760K)] 972754K->284994K(2092032K), 0.0085270 secs] [Times: user=0.09 sys=0.00, real=0.01 secs] 
2014-03-20T17:29:02.274-0500: 714.728: Total time for which application threads were stopped: 0.0096960 seconds
2014-03-20T17:29:02.587-0500: 715.041: [GC
Desired survivor size 6291456 bytes, new threshold 1 (max 15)
 [PSYoungGen: 692544K->4512K(692736K)] 973122K->285234K(2091008K), 0.0085610 secs] [Times: user=0.09 sys=0.00, real=0.01 secs] 
2014-03-20T17:29:02.595-0500: 715.050: Total time for which application threads were stopped: 0.0116320 seconds
2014-03-20T17:29:02.908-0500: 715.363: [GC
Desired survivor size 6291456 bytes, new threshold 1 (max 15)
 [PSYoungGen: 691616K->4640K(693248K)] 972338K->285506K(2091520K), 0.0085770 secs] [Times: user=0.08 sys=0.00, real=0.01 secs] 
2014-03-20T17:29:02.917-0500: 715.371: Total time for which application threads were stopped: 0.0097390 seconds
2014-03-20T17:29:03.237-0500: 715.691: [GC
Desired survivor size 6291456 bytes, new threshold 1 (max 15)
 [PSYoungGen: 691744K->4800K(693248K)] 972610K->285810K(2091520K), 0.0088770 secs] [Times: user=0.09 sys=0.00, real=0.01 secs] 
2014-03-20T17:29:03.246-0500: 715.701: Total time for which application threads were stopped: 0.0101540 seconds
2014-03-20T17:29:03.562-0500: 716.017: [GC
Desired survivor size 6291456 bytes, new threshold 1 (max 15)
 [PSYoungGen: 691904K->4864K(693248K)] 972914K->286010K(2091520K), 0.0088230 secs] [Times: user=0.09 sys=0.00, real=0.00 secs] 
2014-03-20T17:29:03.571-0500: 716.026: Total time for which application threads were stopped: 0.0101550 seconds
2014-03-20T17:29:03.907-0500: 716.362: [GC
Desired survivor size 6815744 bytes, new threshold 1 (max 15)
 [PSYoungGen: 691968K->5024K(692224K)] 973114K->286314K(2090496K), 0.0087730 secs] [Times: user=0.08 sys=0.00, real=0.01 secs] 
2014-03-20T17:29:03.916-0500: 716.371: Total time for which application threads were stopped: 0.0101000 seconds
2014-03-20T17:29:04.230-0500: 716.684: [GC
Desired survivor size 6815744 bytes, new threshold 1 (max 15)
 [PSYoungGen: 691104K->5056K(692736K)] 972394K->286490K(2091008K), 0.0084980 secs] [Times: user=0.08 sys=0.00, real=0.01 secs] 
2014-03-20T17:29:04.238-0500: 716.693: Total time for which application threads were stopped: 0.0093840 seconds
2014-03-20T17:29:04.556-0500: 717.011: [GC
Desired survivor size 6815744 bytes, new threshold 1 (max 15)
 [PSYoungGen: 691136K->5248K(692736K)] 972570K->286818K(2091008K), 0.0083140 secs] [Times: user=0.08 sys=0.00, real=0.01 secs] 
2014-03-20T17:29:04.565-0500: 717.019: Total time for which application threads were stopped: 0.0096360 seconds
2014-03-20T17:29:04.889-0500: 717.344: [GC
Desired survivor size 7340032 bytes, new threshold 1 (max 15)
 [PSYoungGen: 691328K->5280K(691712K)] 972898K->286986K(2089984K), 0.0084520 secs] [Times: user=0.08 sys=0.00, real=0.01 secs] 
2014-03-20T17:29:04.898-0500: 717.352: Total time for which application threads were stopped: 0.0096100 seconds
2014-03-20T17:29:05.216-0500: 717.671: [GC
Desired survivor size 7340032 bytes, new threshold 1 (max 15)
 [PSYoungGen: 691360K->5472K(692224K)] 973066K->287322K(2090496K), 0.0088380 secs] [Times: user=0.09 sys=0.00, real=0.01 secs] 
2014-03-20T17:29:05.225-0500: 717.680: Total time for which application threads were stopped: 0.0101040 seconds
2014-03-20T17:29:05.548-0500: 718.003: [GC
Desired survivor size 7340032 bytes, new threshold 1 (max 15)
 [PSYoungGen: 690528K->5472K(692224K)] 972378K->287418K(2090496K), 0.0174630 secs] [Times: user=0.15 sys=0.00, real=0.02 secs] 
2014-03-20T17:29:05.566-0500: 718.021: Total time for which application threads were stopped: 0.0185900 seconds
2014-03-20T17:29:05.893-0500: 718.348: [GC
Desired survivor size 7340032 bytes, new threshold 1 (max 15)
 [PSYoungGen: 690528K->5600K(692224K)] 972474K->287690K(2090496K), 0.0086480 secs] [Times: user=0.09 sys=0.00, real=0.00 secs] 
2014-03-20T17:29:05.902-0500: 718.357: Total time for which application threads were stopped: 0.0098790 seconds
2014-03-20T17:29:06.221-0500: 718.676: [GC
Desired survivor size 7864320 bytes, new threshold 1 (max 15)
 [PSYoungGen: 690656K->5632K(690688K)] 972746K->287866K(2088960K), 0.0085260 secs] [Times: user=0.08 sys=0.00, real=0.01 secs] 
2014-03-20T17:29:06.230-0500: 718.685: Total time for which application threads were stopped: 0.0097170 seconds
2014-03-20T17:29:06.546-0500: 719.001: [GC
Desired survivor size 7864320 bytes, new threshold 1 (max 15)
 [PSYoungGen: 690688K->5760K(691712K)] 972922K->288106K(2089984K), 0.0091120 secs] [Times: user=0.07 sys=0.00, real=0.01 secs] 
2014-03-20T17:29:06.556-0500: 719.010: Total time for which application threads were stopped: 0.0105040 seconds
2014-03-20T17:29:06.868-0500: 719.323: [GC
Desired survivor size 7864320 bytes, new threshold 1 (max 15)
 [PSYoungGen: 689792K->5824K(691712K)] 972138K->288306K(2089984K), 0.0089520 secs] [Times: user=0.08 sys=0.00, real=0.01 secs] 
2014-03-20T17:29:06.878-0500: 719.332: Total time for which application threads were stopped: 0.0101040 seconds
2014-03-20T17:29:07.193-0500: 719.648: [GC
Desired survivor size 8388608 bytes, new threshold 1 (max 15)
 [PSYoungGen: 689856K->2112K(690688K)] 972338K->284730K(2088960K), 0.0089590 secs] [Times: user=0.07 sys=0.00, real=0.00 secs] 
2014-03-20T17:29:07.203-0500: 719.657: Total time for which application threads were stopped: 0.0102920 seconds
2014-03-20T17:29:07.523-0500: 719.978: [GC
Desired survivor size 8388608 bytes, new threshold 1 (max 15)
 [PSYoungGen: 685120K->2112K(691200K)] 967738K->284874K(2089472K), 0.0094070 secs] [Times: user=0.08 sys=0.00, real=0.01 secs] 
2014-03-20T17:29:07.533-0500: 719.987: Total time for which application threads were stopped: 0.0104660 seconds
2014-03-20T17:29:07.852-0500: 720.307: [GC
Desired survivor size 8388608 bytes, new threshold 1 (max 15)
 [PSYoungGen: 685120K->2176K(691200K)] 967882K->285082K(2089472K), 0.0085130 secs] [Times: user=0.08 sys=0.00, real=0.01 secs] 
2014-03-20T17:29:07.861-0500: 720.316: Total time for which application threads were stopped: 0.0099590 seconds
2014-03-20T17:29:08.173-0500: 720.628: [GC
Desired survivor size 8388608 bytes, new threshold 1 (max 15)
 [PSYoungGen: 685184K->2336K(691200K)] 968090K->285386K(2089472K), 0.0085920 secs] [Times: user=0.08 sys=0.00, real=0.01 secs] 
2014-03-20T17:29:08.182-0500: 720.636: Total time for which application threads were stopped: 0.0097910 seconds
2014-03-20T17:29:08.496-0500: 720.951: [GC
Desired survivor size 8388608 bytes, new threshold 1 (max 15)
 [PSYoungGen: 685344K->2240K(691200K)] 968394K->285426K(2089472K), 0.0080540 secs] [Times: user=0.07 sys=0.00, real=0.01 secs] 
2014-03-20T17:29:08.505-0500: 720.959: Total time for which application threads were stopped: 0.0092310 seconds
2014-03-20T17:29:08.817-0500: 721.272: [GC
Desired survivor size 7864320 bytes, new threshold 1 (max 15)
 [PSYoungGen: 685248K->2336K(691200K)] 968434K->285666K(2089472K), 0.0085110 secs] [Times: user=0.09 sys=0.00, real=0.01 secs] 
2014-03-20T17:29:08.826-0500: 721.280: Total time for which application threads were stopped: 0.0095210 seconds
2014-03-20T17:29:09.133-0500: 721.588: [GC
Desired survivor size 7864320 bytes, new threshold 1 (max 15)
 [PSYoungGen: 685344K->2400K(691712K)] 968674K->285874K(2089984K), 0.0085940 secs] [Times: user=0.08 sys=0.00, real=0.01 secs] 
2014-03-20T17:29:09.142-0500: 721.596: Total time for which application threads were stopped: 0.0098570 seconds
2014-03-20T17:29:09.452-0500: 721.907: [GC
Desired survivor size 7864320 bytes, new threshold 1 (max 15)
 [PSYoungGen: 686432K->2400K(691712K)] 969906K->286018K(2089984K), 0.0081550 secs] [Times: user=0.08 sys=0.00, real=0.01 secs] 
2014-03-20T17:29:09.460-0500: 721.915: Total time for which application threads were stopped: 0.0091840 seconds
2014-03-20T17:29:09.787-0500: 722.242: [GC
Desired survivor size 7340032 bytes, new threshold 1 (max 15)
 [PSYoungGen: 686432K->2496K(692224K)] 970050K->286250K(2090496K), 0.0084420 secs] [Times: user=0.08 sys=0.00, real=0.01 secs] 
2014-03-20T17:29:09.796-0500: 722.251: Total time for which application threads were stopped: 0.0098370 seconds
2014-03-20T17:29:10.109-0500: 722.564: [GC
Desired survivor size 7340032 bytes, new threshold 1 (max 15)
 [PSYoungGen: 687040K->2592K(691712K)] 970794K->286490K(2089984K), 0.0086860 secs] [Times: user=0.08 sys=0.01, real=0.01 secs] 
2014-03-20T17:29:10.118-0500: 722.572: Total time for which application threads were stopped: 0.0097430 seconds
2014-03-20T17:29:10.427-0500: 722.882: [GC
Desired survivor size 6815744 bytes, new threshold 1 (max 15)
 [PSYoungGen: 687136K->2720K(692736K)] 971034K->286762K(2091008K), 0.0091190 secs] [Times: user=0.08 sys=0.01, real=0.01 secs] 
2014-03-20T17:29:10.436-0500: 722.891: Total time for which application threads were stopped: 0.0104460 seconds
2014-03-20T17:29:10.749-0500: 723.203: [GC
Desired survivor size 6815744 bytes, new threshold 1 (max 15)
 [PSYoungGen: 688288K->2752K(692224K)] 972330K->286938K(2090496K), 0.0085200 secs] [Times: user=0.08 sys=0.00, real=0.01 secs] 
2014-03-20T17:29:10.757-0500: 723.212: Total time for which application threads were stopped: 0.0096490 seconds
2014-03-20T17:29:11.077-0500: 723.532: [GC
Desired survivor size 6291456 bytes, new threshold 1 (max 15)
 [PSYoungGen: 688320K->2912K(693248K)] 972506K->287242K(2091520K), 0.0084970 secs] [Times: user=0.09 sys=0.00, real=0.01 secs] 
2014-03-20T17:29:11.086-0500: 723.541: Total time for which application threads were stopped: 0.0097210 seconds
2014-03-20T17:29:11.399-0500: 723.854: [GC
Desired survivor size 6291456 bytes, new threshold 1 (max 15)
 [PSYoungGen: 689504K->3008K(692736K)] 973834K->287482K(2091008K), 0.0085250 secs] [Times: user=0.08 sys=0.00, real=0.01 secs] 
2014-03-20T17:29:11.408-0500: 723.863: Total time for which application threads were stopped: 0.0094740 seconds
2014-03-20T17:29:11.727-0500: 724.181: [GC
Desired survivor size 5767168 bytes, new threshold 1 (max 15)
 [PSYoungGen: 689600K->3072K(693760K)] 974074K->287690K(2092032K), 0.0087780 secs] [Times: user=0.08 sys=0.00, real=0.01 secs] 
2014-03-20T17:29:11.736-0500: 724.190: Total time for which application threads were stopped: 0.0100710 seconds
2014-03-20T17:29:12.050-0500: 724.505: [GC
Desired survivor size 5767168 bytes, new threshold 1 (max 15)
 [PSYoungGen: 690688K->3200K(693248K)] 975306K->287962K(2091520K), 0.0087780 secs] [Times: user=0.08 sys=0.00, real=0.01 secs] 
2014-03-20T17:29:12.059-0500: 724.514: Total time for which application threads were stopped: 0.0100630 seconds
2014-03-20T17:29:12.359-0500: 724.814: [GC
Desired survivor size 5767168 bytes, new threshold 1 (max 15)
 [PSYoungGen: 690816K->3392K(693760K)] 975578K->288290K(2092032K), 0.0082720 secs] [Times: user=0.08 sys=0.00, real=0.01 secs] 
2014-03-20T17:29:12.368-0500: 724.823: Total time for which application threads were stopped: 0.0094660 seconds
2014-03-20T17:29:12.677-0500: 725.132: [GC
Desired survivor size 5242880 bytes, new threshold 1 (max 15)
 [PSYoungGen: 691520K->3456K(693760K)] 976418K->288490K(2092032K), 0.0082100 secs] [Times: user=0.07 sys=0.00, real=0.01 secs] 
2014-03-20T17:29:12.686-0500: 725.140: Total time for which application threads were stopped: 0.0092010 seconds
2014-03-20T17:29:13.001-0500: 725.455: [GC
Desired survivor size 5242880 bytes, new threshold 1 (max 15)
 [PSYoungGen: 691584K->3648K(694272K)] 976618K->288826K(2092544K), 0.0089940 secs] [Times: user=0.08 sys=0.00, real=0.01 secs] 
2014-03-20T17:29:13.010-0500: 725.465: Total time for which application threads were stopped: 0.0102630 seconds
2014-03-20T17:29:13.336-0500: 725.791: [GC
Desired survivor size 5242880 bytes, new threshold 1 (max 15)
 [PSYoungGen: 692800K->3776K(694272K)] 977978K->289098K(2092544K), 0.0087280 secs] [Times: user=0.09 sys=0.00, real=0.01 secs] 
2014-03-20T17:29:13.345-0500: 725.800: Total time for which application threads were stopped: 0.0097770 seconds
2014-03-20T17:29:13.665-0500: 726.119: [GC
Desired survivor size 5767168 bytes, new threshold 1 (max 15)
 [PSYoungGen: 692928K->3968K(693248K)] 978250K->289426K(2091520K), 0.0080520 secs] [Times: user=0.08 sys=0.00, real=0.00 secs] 
2014-03-20T17:29:13.673-0500: 726.128: Total time for which application threads were stopped: 0.0093060 seconds
2014-03-20T17:29:13.984-0500: 726.439: [GC
Desired survivor size 5767168 bytes, new threshold 1 (max 15)
 [PSYoungGen: 692096K->4160K(693760K)] 977554K->289754K(2092032K), 0.0084530 secs] [Times: user=0.08 sys=0.00, real=0.00 secs] 
2014-03-20T17:29:13.993-0500: 726.448: Total time for which application threads were stopped: 0.0096890 seconds
2014-03-20T17:29:14.298-0500: 726.752: [GC
Desired survivor size 5767168 bytes, new threshold 1 (max 15)
 [PSYoungGen: 692288K->4192K(693760K)] 977882K->289906K(2092032K), 0.0086700 secs] [Times: user=0.07 sys=0.00, real=0.01 secs] 
2014-03-20T17:29:14.307-0500: 726.761: Total time for which application threads were stopped: 0.0100450 seconds
2014-03-20T17:29:14.618-0500: 727.073: [GC
Desired survivor size 5767168 bytes, new threshold 1 (max 15)
 [PSYoungGen: 692320K->4320K(693760K)] 978034K->290170K(2092032K), 0.0087450 secs] [Times: user=0.07 sys=0.00, real=0.01 secs] 
2014-03-20T17:29:14.627-0500: 727.082: Total time for which application threads were stopped: 0.0098010 seconds
2014-03-20T17:29:14.945-0500: 727.400: [GC
Desired survivor size 6291456 bytes, new threshold 1 (max 15)
 [PSYoungGen: 692448K->4544K(692736K)] 978298K->290514K(2091008K), 0.0083800 secs] [Times: user=0.07 sys=0.00, real=0.00 secs] 
2014-03-20T17:29:14.954-0500: 727.409: Total time for which application threads were stopped: 0.0095000 seconds
2014-03-20T17:29:15.265-0500: 727.719: [GC
Desired survivor size 6291456 bytes, new threshold 1 (max 15)
 [PSYoungGen: 691648K->4416K(693248K)] 977618K->290474K(2091520K), 0.0097580 secs] [Times: user=0.06 sys=0.00, real=0.01 secs] 
2014-03-20T17:29:15.275-0500: 727.729: Total time for which application threads were stopped: 0.0109380 seconds
2014-03-20T17:29:15.597-0500: 728.052: [GC
Desired survivor size 6291456 bytes, new threshold 1 (max 15)
 [PSYoungGen: 691520K->4672K(693248K)] 977578K->290874K(2091520K), 0.0082010 secs] [Times: user=0.08 sys=0.00, real=0.01 secs] 
2014-03-20T17:29:15.606-0500: 728.061: Total time for which application threads were stopped: 0.0094610 seconds
2014-03-20T17:29:15.916-0500: 728.371: [GC
Desired survivor size 6291456 bytes, new threshold 1 (max 15)
 [PSYoungGen: 691776K->4832K(693248K)] 977978K->291162K(2091520K), 0.0091350 secs] [Times: user=0.07 sys=0.00, real=0.01 secs] 
2014-03-20T17:29:15.926-0500: 728.380: Total time for which application threads were stopped: 0.0102540 seconds
2014-03-20T17:29:16.242-0500: 728.697: [GC
Desired survivor size 6815744 bytes, new threshold 1 (max 15)
 [PSYoungGen: 691936K->5024K(692224K)] 978266K->291498K(2090496K), 0.0084510 secs] [Times: user=0.08 sys=0.00, real=0.01 secs] 
2014-03-20T17:29:16.251-0500: 728.706: Total time for which application threads were stopped: 0.0097900 seconds
2014-03-20T17:29:16.557-0500: 729.012: [GC
Desired survivor size 6815744 bytes, new threshold 1 (max 15)
 [PSYoungGen: 691104K->5152K(692736K)] 977578K->291762K(2091008K), 0.0087430 secs] [Times: user=0.08 sys=0.00, real=0.01 secs] 
2014-03-20T17:29:16.566-0500: 729.021: Total time for which application threads were stopped: 0.0098070 seconds
2014-03-20T17:29:16.884-0500: 729.338: [GC
Desired survivor size 6815744 bytes, new threshold 1 (max 15)
 [PSYoungGen: 691232K->5248K(692736K)] 977842K->292002K(2091008K), 0.0080910 secs] [Times: user=0.08 sys=0.00, real=0.01 secs] 
2014-03-20T17:29:16.892-0500: 729.347: Total time for which application threads were stopped: 0.0095060 seconds
2014-03-20T17:29:17.198-0500: 729.653: [GC
Desired survivor size 7340032 bytes, new threshold 1 (max 15)
 [PSYoungGen: 691328K->5312K(691712K)] 978082K->292194K(2089984K), 0.0087650 secs] [Times: user=0.09 sys=0.00, real=0.01 secs] 
2014-03-20T17:29:17.207-0500: 729.662: Total time for which application threads were stopped: 0.0099210 seconds
2014-03-20T17:29:17.521-0500: 729.975: [GC
Desired survivor size 7340032 bytes, new threshold 1 (max 15)
 [PSYoungGen: 691392K->5408K(692224K)] 978274K->292418K(2090496K), 0.0095720 secs] [Times: user=0.08 sys=0.00, real=0.01 secs] 
2014-03-20T17:29:17.531-0500: 729.985: Total time for which application threads were stopped: 0.0109090 seconds
2014-03-20T17:29:17.856-0500: 730.311: [GC
Desired survivor size 7340032 bytes, new threshold 1 (max 15)
 [PSYoungGen: 690464K->5504K(692224K)] 977474K->292650K(2090496K), 0.0083610 secs] [Times: user=0.07 sys=0.00, real=0.00 secs] 
2014-03-20T17:29:17.865-0500: 730.320: Total time for which application threads were stopped: 0.0095950 seconds
2014-03-20T17:29:18.174-0500: 730.628: [GC
Desired survivor size 7340032 bytes, new threshold 1 (max 15)
 [PSYoungGen: 690560K->5568K(692224K)] 977706K->292834K(2090496K), 0.0083330 secs] [Times: user=0.07 sys=0.00, real=0.01 secs] 
2014-03-20T17:29:18.182-0500: 730.637: Total time for which application threads were stopped: 0.0096610 seconds
2014-03-20T17:29:18.489-0500: 730.943: [GC
Desired survivor size 7864320 bytes, new threshold 1 (max 15)
 [PSYoungGen: 690624K->5696K(691200K)] 977890K->293098K(2089472K), 0.0085690 secs] [Times: user=0.09 sys=0.00, real=0.01 secs] 
2014-03-20T17:29:18.497-0500: 730.952: Total time for which application threads were stopped: 0.0097270 seconds
2014-03-20T17:29:18.807-0500: 731.262: [GC
Desired survivor size 7864320 bytes, new threshold 1 (max 15)
 [PSYoungGen: 690752K->5792K(691712K)] 978154K->293330K(2089984K), 0.0085790 secs] [Times: user=0.08 sys=0.00, real=0.01 secs] 
2014-03-20T17:29:18.816-0500: 731.271: Total time for which application threads were stopped: 0.0099430 seconds
2014-03-20T17:29:19.119-0500: 731.574: [GC
Desired survivor size 7864320 bytes, new threshold 1 (max 15)
 [PSYoungGen: 689824K->1984K(691712K)] 977362K->289658K(2089984K), 0.0103470 secs] [Times: user=0.07 sys=0.00, real=0.01 secs] 
2014-03-20T17:29:19.129-0500: 731.584: Total time for which application threads were stopped: 0.0115260 seconds
2014-03-20T17:29:19.435-0500: 731.889: [GC
Desired survivor size 8388608 bytes, new threshold 1 (max 15)
 [PSYoungGen: 686016K->2048K(690688K)] 973690K->289858K(2088960K), 0.0087610 secs] [Times: user=0.08 sys=0.00, real=0.01 secs] 
2014-03-20T17:29:19.444-0500: 731.898: Total time for which application threads were stopped: 0.0100620 seconds
2014-03-20T17:29:19.775-0500: 732.229: [GC
Desired survivor size 8388608 bytes, new threshold 1 (max 15)
 [PSYoungGen: 685056K->2208K(691200K)] 972866K->290154K(2089472K), 0.0084560 secs] [Times: user=0.08 sys=0.00, real=0.01 secs] 
2014-03-20T17:29:19.783-0500: 732.238: Total time for which application threads were stopped: 0.0094950 seconds
2014-03-20T17:29:20.098-0500: 732.553: [GC
Desired survivor size 8388608 bytes, new threshold 1 (max 15)
 [PSYoungGen: 685216K->2176K(691200K)] 973162K->290266K(2089472K), 0.0084740 secs] [Times: user=0.08 sys=0.01, real=0.01 secs] 
2014-03-20T17:29:20.107-0500: 732.562: Total time for which application threads were stopped: 0.0097450 seconds
2014-03-20T17:29:20.413-0500: 732.868: [GC
Desired survivor size 7864320 bytes, new threshold 1 (max 15)
 [PSYoungGen: 685184K->2208K(691200K)] 973274K->290426K(2089472K), 0.0108970 secs] [Times: user=0.07 sys=0.00, real=0.01 secs] 
2014-03-20T17:29:20.424-0500: 732.879: Total time for which application threads were stopped: 0.0119560 seconds
2014-03-20T17:29:20.736-0500: 733.191: [GC
Desired survivor size 7864320 bytes, new threshold 1 (max 15)
 [PSYoungGen: 685216K->2304K(691712K)] 973434K->290666K(2089984K), 0.0089180 secs] [Times: user=0.08 sys=0.00, real=0.01 secs] 
2014-03-20T17:29:20.746-0500: 733.200: Total time for which application threads were stopped: 0.0102500 seconds
2014-03-20T17:29:21.062-0500: 733.517: [GC
Desired survivor size 7864320 bytes, new threshold 1 (max 15)
 [PSYoungGen: 686336K->2368K(691712K)] 974698K->290866K(2089984K), 0.0086690 secs] [Times: user=0.08 sys=0.00, real=0.01 secs] 
2014-03-20T17:29:21.071-0500: 733.525: Total time for which application threads were stopped: 0.0096810 seconds
2014-03-20T17:29:21.379-0500: 733.833: [GC
Desired survivor size 7340032 bytes, new threshold 1 (max 15)
 [PSYoungGen: 686400K->2464K(692224K)] 974898K->291106K(2090496K), 0.0082200 secs] [Times: user=0.08 sys=0.00, real=0.01 secs] 
2014-03-20T17:29:21.387-0500: 733.842: Total time for which application threads were stopped: 0.0095580 seconds
2014-03-20T17:29:21.728-0500: 734.182: [GC
Desired survivor size 7340032 bytes, new threshold 1 (max 15)
 [PSYoungGen: 687008K->2400K(691712K)] 975650K->291186K(2089984K), 0.0080490 secs] [Times: user=0.08 sys=0.00, real=0.01 secs] 
2014-03-20T17:29:21.736-0500: 734.191: Total time for which application threads were stopped: 0.0091770 seconds
2014-03-20T17:29:22.050-0500: 734.505: [GC
Desired survivor size 7340032 bytes, new threshold 1 (max 15)
 [PSYoungGen: 686944K->2528K(692224K)] 975730K->291450K(2090496K), 0.0081120 secs] [Times: user=0.08 sys=0.00, real=0.01 secs] 
2014-03-20T17:29:22.058-0500: 734.513: Total time for which application threads were stopped: 0.0092610 seconds
2014-03-20T17:29:22.364-0500: 734.819: [GC
Desired survivor size 6815744 bytes, new threshold 1 (max 15)
 [PSYoungGen: 687584K->2560K(692224K)] 976506K->291618K(2090496K), 0.0083040 secs] [Times: user=0.08 sys=0.00, real=0.01 secs] 
2014-03-20T17:29:22.373-0500: 734.827: Total time for which application threads were stopped: 0.0093300 seconds
2014-03-20T17:29:22.698-0500: 735.152: [GC
Desired survivor size 6815744 bytes, new threshold 1 (max 15)
 [PSYoungGen: 687616K->2656K(692736K)] 976674K->291850K(2091008K), 0.0083250 secs] [Times: user=0.08 sys=0.00, real=0.01 secs] 
2014-03-20T17:29:22.706-0500: 735.161: Total time for which application threads were stopped: 0.0122440 seconds
2014-03-20T17:29:23.014-0500: 735.468: [GC
Desired survivor size 6291456 bytes, new threshold 1 (max 15)
 [PSYoungGen: 688736K->2752K(692736K)] 977930K->292082K(2091008K), 0.0084270 secs] [Times: user=0.08 sys=0.00, real=0.01 secs] 
2014-03-20T17:29:23.022-0500: 735.477: Total time for which application threads were stopped: 0.0096600 seconds
2014-03-20T17:29:23.344-0500: 735.799: [GC
Desired survivor size 6291456 bytes, new threshold 1 (max 15)
 [PSYoungGen: 688832K->2848K(693248K)] 978162K->292322K(2091520K), 0.0084420 secs] [Times: user=0.08 sys=0.00, real=0.01 secs] 
2014-03-20T17:29:23.353-0500: 735.807: Total time for which application threads were stopped: 0.0096690 seconds
2014-03-20T17:29:23.681-0500: 736.136: [GC
Desired survivor size 5767168 bytes, new threshold 1 (max 15)
 [PSYoungGen: 689952K->2944K(693248K)] 979426K->292562K(2091520K), 0.0083340 secs] [Times: user=0.08 sys=0.00, real=0.01 secs] 
2014-03-20T17:29:23.690-0500: 736.145: Total time for which application threads were stopped: 0.0095880 seconds
2014-03-20T17:29:24.004-0500: 736.459: [GC
Desired survivor size 5767168 bytes, new threshold 1 (max 15)
 [PSYoungGen: 690048K->3200K(693760K)] 979666K->292962K(2092032K), 0.0092830 secs] [Times: user=0.08 sys=0.00, real=0.01 secs] 
2014-03-20T17:29:24.014-0500: 736.468: Total time for which application threads were stopped: 0.0106340 seconds
2014-03-20T17:29:24.326-0500: 736.781: [GC
Desired survivor size 5242880 bytes, new threshold 1 (max 15)
 [PSYoungGen: 691328K->3136K(693760K)] 981090K->293010K(2092032K), 0.0130280 secs] [Times: user=0.07 sys=0.00, real=0.02 secs] 
2014-03-20T17:29:24.339-0500: 736.794: Total time for which application threads were stopped: 0.0143440 seconds
2014-03-20T17:29:24.661-0500: 737.115: [GC
Desired survivor size 5242880 bytes, new threshold 1 (max 15)
 [PSYoungGen: 691264K->3296K(694272K)] 981138K->293314K(2092544K), 0.0088490 secs] [Times: user=0.09 sys=0.00, real=0.01 secs] 
2014-03-20T17:29:24.670-0500: 737.125: Total time for which application threads were stopped: 0.0100940 seconds
2014-03-20T17:29:24.991-0500: 737.446: [GC
Desired survivor size 5242880 bytes, new threshold 1 (max 15)
 [PSYoungGen: 692448K->3360K(694272K)] 982466K->293522K(2092544K), 0.0087240 secs] [Times: user=0.08 sys=0.00, real=0.01 secs] 
2014-03-20T17:29:25.000-0500: 737.455: Total time for which application threads were stopped: 0.0099390 seconds
2014-03-20T17:29:25.313-0500: 737.768: [GC
Desired survivor size 5242880 bytes, new threshold 1 (max 15)
 [PSYoungGen: 692512K->3552K(694272K)] 982674K->293858K(2092544K), 0.0085410 secs] [Times: user=0.09 sys=0.00, real=0.01 secs] 
2014-03-20T17:29:25.322-0500: 737.777: Total time for which application threads were stopped: 0.0099450 seconds
2014-03-20T17:29:25.641-0500: 738.096: [GC
Desired survivor size 5242880 bytes, new threshold 1 (max 15)
 [PSYoungGen: 692704K->3744K(694272K)] 983010K->294194K(2092544K), 0.0104320 secs] [Times: user=0.09 sys=0.00, real=0.01 secs] 
2014-03-20T17:29:25.652-0500: 738.107: Total time for which application threads were stopped: 0.0117460 seconds
2014-03-20T17:29:25.969-0500: 738.424: [GC
Desired survivor size 5242880 bytes, new threshold 1 (max 15)
 [PSYoungGen: 692896K->3872K(694272K)] 983346K->294458K(2092544K), 0.0084310 secs] [Times: user=0.08 sys=0.00, real=0.01 secs] 
2014-03-20T17:29:25.978-0500: 738.433: Total time for which application threads were stopped: 0.0097260 seconds
2014-03-20T17:29:26.292-0500: 738.747: [GC
Desired survivor size 5242880 bytes, new threshold 1 (max 15)
 [PSYoungGen: 693024K->4000K(694272K)] 983610K->294722K(2092544K), 0.0084850 secs] [Times: user=0.08 sys=0.00, real=0.01 secs] 
2014-03-20T17:29:26.301-0500: 738.755: Total time for which application threads were stopped: 0.0096190 seconds
2014-03-20T17:29:26.612-0500: 739.067: [GC
Desired survivor size 5767168 bytes, new threshold 1 (max 15)
 [PSYoungGen: 693152K->4192K(693248K)] 983874K->295058K(2091520K), 0.0087900 secs] [Times: user=0.09 sys=0.00, real=0.01 secs] 
2014-03-20T17:29:26.621-0500: 739.076: Total time for which application threads were stopped: 0.0103570 seconds
2014-03-20T17:29:26.946-0500: 739.401: [GC
Desired survivor size 5767168 bytes, new threshold 1 (max 15)
 [PSYoungGen: 692320K->4288K(693760K)] 983186K->295298K(2092032K), 0.0085080 secs] [Times: user=0.08 sys=0.00, real=0.00 secs] 
2014-03-20T17:29:26.955-0500: 739.410: Total time for which application threads were stopped: 0.0097110 seconds
2014-03-20T17:29:27.267-0500: 739.722: [GC
Desired survivor size 5767168 bytes, new threshold 1 (max 15)
 [PSYoungGen: 692416K->4448K(693760K)] 983426K->295602K(2092032K), 0.0089190 secs] [Times: user=0.08 sys=0.00, real=0.00 secs] 
2014-03-20T17:29:27.276-0500: 739.731: Total time for which application threads were stopped: 0.0102250 seconds
2014-03-20T17:29:27.606-0500: 740.061: [GC
Desired survivor size 6291456 bytes, new threshold 1 (max 15)
 [PSYoungGen: 692576K->4672K(693248K)] 983730K->295970K(2091520K), 0.0106390 secs] [Times: user=0.09 sys=0.00, real=0.01 secs] 
2014-03-20T17:29:27.617-0500: 740.072: Total time for which application threads were stopped: 0.0118490 seconds
2014-03-20T17:29:27.942-0500: 740.397: [GC
Desired survivor size 6291456 bytes, new threshold 1 (max 15)
 [PSYoungGen: 692800K->4832K(693248K)] 984098K->296242K(2091520K), 0.0086620 secs] [Times: user=0.06 sys=0.00, real=0.01 secs] 
2014-03-20T17:29:27.951-0500: 740.406: Total time for which application threads were stopped: 0.0099830 seconds
2014-03-20T17:29:28.271-0500: 740.726: [GC
Desired survivor size 6291456 bytes, new threshold 1 (max 15)
 [PSYoungGen: 691936K->4896K(693248K)] 983346K->296450K(2091520K), 0.0087050 secs] [Times: user=0.08 sys=0.01, real=0.01 secs] 
2014-03-20T17:29:28.280-0500: 740.735: Total time for which application threads were stopped: 0.0097780 seconds
2014-03-20T17:29:28.610-0500: 741.064: [GC
Desired survivor size 6815744 bytes, new threshold 1 (max 15)
 [PSYoungGen: 692000K->5056K(692224K)] 983554K->296754K(2090496K), 0.0093130 secs] [Times: user=0.09 sys=0.00, real=0.01 secs] 
2014-03-20T17:29:28.619-0500: 741.074: Total time for which application threads were stopped: 0.0108300 seconds
2014-03-20T17:29:28.937-0500: 741.392: [GC
Desired survivor size 6815744 bytes, new threshold 1 (max 15)
 [PSYoungGen: 691136K->5152K(692736K)] 982834K->296994K(2091008K), 0.0086580 secs] [Times: user=0.08 sys=0.00, real=0.00 secs] 
2014-03-20T17:29:28.946-0500: 741.401: Total time for which application threads were stopped: 0.0097190 seconds
2014-03-20T17:29:29.253-0500: 741.708: [GC
Desired survivor size 6815744 bytes, new threshold 1 (max 15)
 [PSYoungGen: 691232K->5216K(692736K)] 983074K->297202K(2091008K), 0.0084540 secs] [Times: user=0.08 sys=0.00, real=0.01 secs] 
2014-03-20T17:29:29.262-0500: 741.716: Total time for which application threads were stopped: 0.0097410 seconds
2014-03-20T17:29:29.596-0500: 742.050: [GC
Desired survivor size 7340032 bytes, new threshold 1 (max 15)
 [PSYoungGen: 691296K->5408K(691712K)] 983282K->297522K(2089984K), 0.0186710 secs] [Times: user=0.08 sys=0.01, real=0.02 secs] 
2014-03-20T17:29:29.615-0500: 742.069: Total time for which application threads were stopped: 0.0199220 seconds
2014-03-20T17:29:29.947-0500: 742.402: [GC
Desired survivor size 7340032 bytes, new threshold 1 (max 15)
 [PSYoungGen: 691488K->5440K(692224K)] 983602K->297698K(2090496K), 0.0087250 secs] [Times: user=0.09 sys=0.00, real=0.00 secs] 
2014-03-20T17:29:29.956-0500: 742.411: Total time for which application threads were stopped: 0.0099590 seconds
2014-03-20T17:29:30.280-0500: 742.735: [GC
Desired survivor size 7340032 bytes, new threshold 1 (max 15)
 [PSYoungGen: 690496K->5472K(692224K)] 982754K->297874K(2090496K), 0.0080660 secs] [Times: user=0.07 sys=0.01, real=0.01 secs] 
2014-03-20T17:29:30.288-0500: 742.743: Total time for which application threads were stopped: 0.0091230 seconds
2014-03-20T17:29:30.606-0500: 743.061: [GC
Desired survivor size 7864320 bytes, new threshold 1 (max 15)
 [PSYoungGen: 690528K->5664K(691200K)] 982930K->298210K(2089472K), 0.0085300 secs] [Times: user=0.09 sys=0.00, real=0.01 secs] 
2014-03-20T17:29:30.615-0500: 743.069: Total time for which application threads were stopped: 0.0098620 seconds
2014-03-20T17:29:30.927-0500: 743.382: [GC
Desired survivor size 7864320 bytes, new threshold 1 (max 15)
 [PSYoungGen: 689696K->5664K(691712K)] 982242K->298354K(2089984K), 0.0079830 secs] [Times: user=0.08 sys=0.00, real=0.00 secs] 
2014-03-20T17:29:30.936-0500: 743.390: Total time for which application threads were stopped: 0.0090710 seconds
2014-03-20T17:29:31.237-0500: 743.692: [GC
Desired survivor size 7864320 bytes, new threshold 1 (max 15)
 [PSYoungGen: 689696K->5696K(691712K)] 982386K->298522K(2089984K), 0.0086220 secs] [Times: user=0.09 sys=0.00, real=0.00 secs] 
2014-03-20T17:29:31.246-0500: 743.701: Total time for which application threads were stopped: 0.0099250 seconds
2014-03-20T17:29:31.565-0500: 744.020: [GC
Desired survivor size 7864320 bytes, new threshold 1 (max 15)
 [PSYoungGen: 689728K->5792K(691712K)] 982554K->298762K(2089984K), 0.0083180 secs] [Times: user=0.09 sys=0.01, real=0.01 secs] 
2014-03-20T17:29:31.574-0500: 744.028: Total time for which application threads were stopped: 0.0094360 seconds
2014-03-20T17:29:31.894-0500: 744.348: [GC
Desired survivor size 8388608 bytes, new threshold 1 (max 15)
 [PSYoungGen: 689824K->2080K(690688K)] 982794K->295186K(2088960K), 0.0080770 secs] [Times: user=0.07 sys=0.00, real=0.01 secs] 
2014-03-20T17:29:31.902-0500: 744.357: Total time for which application threads were stopped: 0.0092700 seconds
2014-03-20T17:29:32.222-0500: 744.677: [GC
Desired survivor size 8388608 bytes, new threshold 1 (max 15)
 [PSYoungGen: 685088K->2112K(691200K)] 978194K->295354K(2089472K), 0.0084070 secs] [Times: user=0.08 sys=0.00, real=0.01 secs] 
2014-03-20T17:29:32.231-0500: 744.686: Total time for which application threads were stopped: 0.0093870 seconds
2014-03-20T17:29:32.534-0500: 744.989: [GC
Desired survivor size 8388608 bytes, new threshold 1 (max 15)
 [PSYoungGen: 685120K->2112K(691200K)] 978362K->295490K(2089472K), 0.0078870 secs] [Times: user=0.06 sys=0.01, real=0.01 secs] 
2014-03-20T17:29:32.542-0500: 744.997: Total time for which application threads were stopped: 0.0092540 seconds
2014-03-20T17:29:32.861-0500: 745.315: [GC
Desired survivor size 8388608 bytes, new threshold 1 (max 15)
 [PSYoungGen: 685120K->2272K(691200K)] 978498K->295786K(2089472K), 0.0080160 secs] [Times: user=0.08 sys=0.00, real=0.01 secs] 
2014-03-20T17:29:32.869-0500: 745.324: Total time for which application threads were stopped: 0.0090450 seconds
2014-03-20T17:29:33.179-0500: 745.634: [GC
Desired survivor size 8388608 bytes, new threshold 1 (max 15)
 [PSYoungGen: 685280K->2304K(691200K)] 978794K->295938K(2089472K), 0.0077910 secs] [Times: user=0.06 sys=0.00, real=0.01 secs] 
2014-03-20T17:29:33.187-0500: 745.642: Total time for which application threads were stopped: 0.0088980 seconds
2014-03-20T17:29:33.489-0500: 745.943: [GC
Desired survivor size 7864320 bytes, new threshold 1 (max 15)
 [PSYoungGen: 685312K->2368K(691200K)] 978946K->296146K(2089472K), 0.0082840 secs] [Times: user=0.08 sys=0.00, real=0.00 secs] 
2014-03-20T17:29:33.497-0500: 745.952: Total time for which application threads were stopped: 0.0093780 seconds
2014-03-20T17:29:33.839-0500: 746.293: [GC
Desired survivor size 7864320 bytes, new threshold 1 (max 15)
 [PSYoungGen: 685376K->2400K(691712K)] 979154K->296314K(2089984K), 0.0081350 secs] [Times: user=0.08 sys=0.00, real=0.00 secs] 
2014-03-20T17:29:33.847-0500: 746.302: Total time for which application threads were stopped: 0.0094100 seconds
2014-03-20T17:29:34.154-0500: 746.608: [GC
Desired survivor size 7864320 bytes, new threshold 1 (max 15)
 [PSYoungGen: 686432K->2464K(691712K)] 980346K->296514K(2089984K), 0.0079650 secs] [Times: user=0.07 sys=0.00, real=0.01 secs] 
2014-03-20T17:29:34.162-0500: 746.616: Total time for which application threads were stopped: 0.0091660 seconds
2014-03-20T17:29:34.475-0500: 746.930: [GC
Desired survivor size 7340032 bytes, new threshold 1 (max 15)
 [PSYoungGen: 686496K->2528K(692224K)] 980546K->296722K(2090496K), 0.0080460 secs] [Times: user=0.08 sys=0.00, real=0.01 secs] 
2014-03-20T17:29:34.484-0500: 746.938: Total time for which application threads were stopped: 0.0093360 seconds
2014-03-20T17:29:34.802-0500: 747.257: [GC
Desired survivor size 7340032 bytes, new threshold 1 (max 15)
 [PSYoungGen: 687072K->2624K(691712K)] 981266K->296962K(2089984K), 0.0084950 secs] [Times: user=0.09 sys=0.00, real=0.01 secs] 
2014-03-20T17:29:34.811-0500: 747.266: Total time for which application threads were stopped: 0.0095810 seconds
2014-03-20T17:29:35.135-0500: 747.590: [GC
Desired survivor size 6815744 bytes, new threshold 1 (max 15)
 [PSYoungGen: 687168K->2656K(692736K)] 981506K->297138K(2091008K), 0.0080620 secs] [Times: user=0.08 sys=0.00, real=0.01 secs] 
2014-03-20T17:29:35.144-0500: 747.598: Total time for which application threads were stopped: 0.0094960 seconds
2014-03-20T17:29:35.463-0500: 747.918: [GC
Desired survivor size 6815744 bytes, new threshold 1 (max 15)
 [PSYoungGen: 688224K->2752K(692224K)] 982706K->297378K(2090496K), 0.0084360 secs] [Times: user=0.08 sys=0.00, real=0.01 secs] 
2014-03-20T17:29:35.471-0500: 747.926: Total time for which application threads were stopped: 0.0093620 seconds
2014-03-20T17:29:35.786-0500: 748.241: [GC
Desired survivor size 6291456 bytes, new threshold 1 (max 15)
 [PSYoungGen: 688320K->2880K(693248K)] 982946K->297642K(2091520K), 0.0073940 secs] [Times: user=0.07 sys=0.00, real=0.01 secs] 
2014-03-20T17:29:35.793-0500: 748.248: Total time for which application threads were stopped: 0.0086290 seconds
2014-03-20T17:29:36.095-0500: 748.549: [GC
Desired survivor size 6291456 bytes, new threshold 1 (max 15)
 [PSYoungGen: 689472K->3040K(692736K)] 984234K->297938K(2091008K), 0.0071180 secs] [Times: user=0.06 sys=0.00, real=0.01 secs] 
2014-03-20T17:29:36.102-0500: 748.557: Total time for which application threads were stopped: 0.0083760 seconds
2014-03-20T17:29:36.406-0500: 748.860: [GC
Desired survivor size 5767168 bytes, new threshold 1 (max 15)
 [PSYoungGen: 689632K->3136K(693760K)] 984530K->298146K(2092032K), 0.0119390 secs] [Times: user=0.07 sys=0.00, real=0.02 secs] 
2014-03-20T17:29:36.418-0500: 748.872: Total time for which application threads were stopped: 0.0132740 seconds
2014-03-20T17:29:36.716-0500: 749.171: [GC
Desired survivor size 5767168 bytes, new threshold 1 (max 15)
 [PSYoungGen: 690752K->3264K(693248K)] 985762K->298418K(2091520K), 0.0079920 secs] [Times: user=0.07 sys=0.00, real=0.01 secs] 
2014-03-20T17:29:36.724-0500: 749.179: Total time for which application threads were stopped: 0.0090520 seconds
2014-03-20T17:29:37.032-0500: 749.487: [GC
Desired survivor size 5767168 bytes, new threshold 1 (max 15)
 [PSYoungGen: 690880K->3424K(693760K)] 986034K->298714K(2092032K), 0.0077760 secs] [Times: user=0.07 sys=0.00, real=0.01 secs] 
2014-03-20T17:29:37.040-0500: 749.495: Total time for which application threads were stopped: 0.0091820 seconds
2014-03-20T17:29:37.343-0500: 749.798: [GC
Desired survivor size 5767168 bytes, new threshold 1 (max 15)
 [PSYoungGen: 691552K->3520K(693760K)] 986842K->298954K(2092032K), 0.0074080 secs] [Times: user=0.07 sys=0.00, real=0.01 secs] 
2014-03-20T17:29:37.351-0500: 749.806: Total time for which application threads were stopped: 0.0086040 seconds
2014-03-20T17:29:37.660-0500: 750.115: [GC
Desired survivor size 5242880 bytes, new threshold 1 (max 15)
 [PSYoungGen: 691648K->3712K(694272K)] 987082K->299290K(2092544K), 0.0073070 secs] [Times: user=0.07 sys=0.00, real=0.00 secs] 
2014-03-20T17:29:37.667-0500: 750.122: Total time for which application threads were stopped: 0.0086320 seconds
2014-03-20T17:29:37.953-0500: 750.407: [GC
Desired survivor size 5767168 bytes, new threshold 1 (max 15)
 [PSYoungGen: 692352K->3808K(693760K)] 987930K->299530K(2092032K), 0.0084120 secs] [Times: user=0.08 sys=0.00, real=0.01 secs] 
2014-03-20T17:29:37.961-0500: 750.416: Total time for which application threads were stopped: 0.0096790 seconds
2014-03-20T17:29:38.263-0500: 750.718: [GC
Desired survivor size 5767168 bytes, new threshold 1 (max 15)
 [PSYoungGen: 692448K->3968K(693760K)] 988170K->299818K(2092032K), 0.0076020 secs] [Times: user=0.07 sys=0.00, real=0.01 secs] 
2014-03-20T17:29:38.271-0500: 750.726: Total time for which application threads were stopped: 0.0088910 seconds
2014-03-20T17:29:38.561-0500: 751.016: [GC
Desired survivor size 5767168 bytes, new threshold 1 (max 15)
 [PSYoungGen: 692096K->4096K(693760K)] 987946K->300090K(2092032K), 0.0079370 secs] [Times: user=0.08 sys=0.00, real=0.01 secs] 
2014-03-20T17:29:38.569-0500: 751.024: Total time for which application threads were stopped: 0.0089840 seconds
2014-03-20T17:29:38.872-0500: 751.327: [GC
Desired survivor size 5767168 bytes, new threshold 1 (max 15)
 [PSYoungGen: 692224K->4320K(693760K)] 988218K->300458K(2092032K), 0.0081450 secs] [Times: user=0.08 sys=0.01, real=0.01 secs] 
2014-03-20T17:29:38.880-0500: 751.335: Total time for which application threads were stopped: 0.0094510 seconds
2014-03-20T17:29:39.172-0500: 751.627: [GC
Desired survivor size 5767168 bytes, new threshold 1 (max 15)
 [PSYoungGen: 692448K->4352K(693760K)] 988586K->300626K(2092032K), 0.0078010 secs] [Times: user=0.08 sys=0.01, real=0.01 secs] 
2014-03-20T17:29:39.180-0500: 751.635: Total time for which application threads were stopped: 0.0087650 seconds
2014-03-20T17:29:39.488-0500: 751.942: [GC
Desired survivor size 6291456 bytes, new threshold 1 (max 15)
 [PSYoungGen: 692480K->4576K(692736K)] 988754K->300994K(2091008K), 0.0076880 secs] [Times: user=0.07 sys=0.00, real=0.01 secs] 
2014-03-20T17:29:39.496-0500: 751.950: Total time for which application threads were stopped: 0.0089260 seconds
2014-03-20T17:29:39.822-0500: 752.276: [GC
Desired survivor size 6291456 bytes, new threshold 1 (max 15)
 [PSYoungGen: 691680K->4576K(693248K)] 988098K->301138K(2091520K), 0.0081040 secs] [Times: user=0.08 sys=0.00, real=0.01 secs] 
2014-03-20T17:29:39.830-0500: 752.285: Total time for which application threads were stopped: 0.0090890 seconds
2014-03-20T17:29:40.132-0500: 752.587: [GC
Desired survivor size 6291456 bytes, new threshold 1 (max 15)
 [PSYoungGen: 691680K->4768K(693248K)] 988242K->301474K(2091520K), 0.0077860 secs] [Times: user=0.07 sys=0.00, real=0.01 secs] 
2014-03-20T17:29:40.140-0500: 752.595: Total time for which application threads were stopped: 0.0091470 seconds
2014-03-20T17:29:40.470-0500: 752.924: [GC
Desired survivor size 6291456 bytes, new threshold 1 (max 15)
 [PSYoungGen: 691872K->4800K(693248K)] 988578K->301650K(2091520K), 0.0077130 secs] [Times: user=0.08 sys=0.00, real=0.00 secs] 
2014-03-20T17:29:40.478-0500: 752.932: Total time for which application threads were stopped: 0.0088650 seconds
2014-03-20T17:29:40.782-0500: 753.237: [GC
Desired survivor size 6815744 bytes, new threshold 1 (max 15)
 [PSYoungGen: 691904K->5024K(692224K)] 988754K->302018K(2090496K), 0.0083730 secs] [Times: user=0.08 sys=0.01, real=0.01 secs] 
2014-03-20T17:29:40.791-0500: 753.246: Total time for which application threads were stopped: 0.0097810 seconds
2014-03-20T17:29:41.101-0500: 753.556: [GC
Desired survivor size 6815744 bytes, new threshold 1 (max 15)
 [PSYoungGen: 691104K->5152K(692736K)] 988098K->302290K(2091008K), 0.0085770 secs] [Times: user=0.07 sys=0.00, real=0.01 secs] 
2014-03-20T17:29:41.110-0500: 753.565: Total time for which application threads were stopped: 0.0097610 seconds
2014-03-20T17:29:41.416-0500: 753.870: [GC
Desired survivor size 6815744 bytes, new threshold 1 (max 15)
 [PSYoungGen: 691232K->5248K(692736K)] 988370K->302522K(2091008K), 0.0082460 secs] [Times: user=0.08 sys=0.00, real=0.01 secs] 
2014-03-20T17:29:41.424-0500: 753.879: Total time for which application threads were stopped: 0.0095530 seconds
2014-03-20T17:29:41.757-0500: 754.212: [GC
Desired survivor size 7340032 bytes, new threshold 1 (max 15)
 [PSYoungGen: 691328K->5312K(691712K)] 988602K->302722K(2089984K), 0.0102930 secs] [Times: user=0.07 sys=0.00, real=0.01 secs] 
2014-03-20T17:29:41.768-0500: 754.223: Total time for which application threads were stopped: 0.0113810 seconds
2014-03-20T17:29:42.082-0500: 754.537: [GC
Desired survivor size 7340032 bytes, new threshold 1 (max 15)
 [PSYoungGen: 691392K->5504K(692224K)] 988802K->303050K(2090496K), 0.0091410 secs] [Times: user=0.07 sys=0.00, real=0.01 secs] 
2014-03-20T17:29:42.092-0500: 754.547: Total time for which application threads were stopped: 0.0105070 seconds
2014-03-20T17:29:42.395-0500: 754.850: [GC
Desired survivor size 7340032 bytes, new threshold 1 (max 15)
 [PSYoungGen: 690560K->5504K(692224K)] 988106K->303186K(2090496K), 0.0081230 secs] [Times: user=0.08 sys=0.00, real=0.01 secs] 
2014-03-20T17:29:42.404-0500: 754.859: Total time for which application threads were stopped: 0.0090790 seconds
2014-03-20T17:29:42.717-0500: 755.172: [GC
Desired survivor size 7864320 bytes, new threshold 1 (max 15)
 [PSYoungGen: 690560K->5632K(691200K)] 988242K->303450K(2089472K), 0.0092340 secs] [Times: user=0.08 sys=0.00, real=0.01 secs] 
2014-03-20T17:29:42.726-0500: 755.181: Total time for which application threads were stopped: 0.0105350 seconds
2014-03-20T17:29:43.041-0500: 755.496: [GC
Desired survivor size 7864320 bytes, new threshold 1 (max 15)
 [PSYoungGen: 689664K->5664K(691712K)] 987482K->303618K(2089984K), 0.0085990 secs] [Times: user=0.08 sys=0.01, real=0.01 secs] 
2014-03-20T17:29:43.050-0500: 755.505: Total time for which application threads were stopped: 0.0097910 seconds
2014-03-20T17:29:43.359-0500: 755.814: [GC
Desired survivor size 7864320 bytes, new threshold 1 (max 15)
 [PSYoungGen: 689696K->5824K(691712K)] 987650K->303914K(2089984K), 0.0084170 secs] [Times: user=0.08 sys=0.00, real=0.00 secs] 
2014-03-20T17:29:43.368-0500: 755.822: Total time for which application threads were stopped: 0.0096740 seconds
2014-03-20T17:29:43.686-0500: 756.141: [GC
Desired survivor size 7864320 bytes, new threshold 1 (max 15)
 [PSYoungGen: 689856K->5824K(691712K)] 987946K->304058K(2089984K), 0.0081150 secs] [Times: user=0.08 sys=0.00, real=0.01 secs] 
2014-03-20T17:29:43.695-0500: 756.149: Total time for which application threads were stopped: 0.0091560 seconds
2014-03-20T17:29:44.009-0500: 756.464: [GC
Desired survivor size 8388608 bytes, new threshold 1 (max 15)
 [PSYoungGen: 689856K->2048K(690688K)] 988090K->300426K(2088960K), 0.0081980 secs] [Times: user=0.07 sys=0.00, real=0.00 secs] 
2014-03-20T17:29:44.017-0500: 756.472: Total time for which application threads were stopped: 0.0095150 seconds
2014-03-20T17:29:44.321-0500: 756.775: [GC
Desired survivor size 8388608 bytes, new threshold 1 (max 15)
 [PSYoungGen: 685056K->2144K(691200K)] 983434K->300666K(2089472K), 0.0082500 secs] [Times: user=0.07 sys=0.00, real=0.00 secs] 
2014-03-20T17:29:44.329-0500: 756.784: Total time for which application threads were stopped: 0.0095210 seconds
2014-03-20T17:29:44.633-0500: 757.088: [GC
Desired survivor size 8388608 bytes, new threshold 1 (max 15)
 [PSYoungGen: 685152K->2144K(691200K)] 983674K->300810K(2089472K), 0.0081810 secs] [Times: user=0.07 sys=0.00, real=0.01 secs] 
2014-03-20T17:29:44.641-0500: 757.096: Total time for which application threads were stopped: 0.0092970 seconds
2014-03-20T17:29:44.953-0500: 757.408: [GC
Desired survivor size 8388608 bytes, new threshold 1 (max 15)
 [PSYoungGen: 685152K->2304K(691200K)] 983818K->301114K(2089472K), 0.0081930 secs] [Times: user=0.08 sys=0.00, real=0.01 secs] 
2014-03-20T17:29:44.961-0500: 757.416: Total time for which application threads were stopped: 0.0094790 seconds
2014-03-20T17:29:45.269-0500: 757.724: [GC
Desired survivor size 8388608 bytes, new threshold 1 (max 15)
 [PSYoungGen: 685312K->2272K(691200K)] 984122K->301218K(2089472K), 0.0084770 secs] [Times: user=0.08 sys=0.00, real=0.00 secs] 
2014-03-20T17:29:45.278-0500: 757.733: Total time for which application threads were stopped: 0.0099310 seconds
2014-03-20T17:29:45.604-0500: 758.058: [GC
Desired survivor size 7864320 bytes, new threshold 1 (max 15)
 [PSYoungGen: 685280K->2240K(691200K)] 984226K->301322K(2089472K), 0.0085260 secs] [Times: user=0.08 sys=0.00, real=0.01 secs] 
2014-03-20T17:29:45.612-0500: 758.067: Total time for which application threads were stopped: 0.0097780 seconds
2014-03-20T17:29:45.929-0500: 758.384: [GC
Desired survivor size 7864320 bytes, new threshold 1 (max 15)
 [PSYoungGen: 685248K->2304K(691712K)] 984330K->301530K(2089984K), 0.0090390 secs] [Times: user=0.09 sys=0.00, real=0.01 secs] 
2014-03-20T17:29:45.938-0500: 758.393: Total time for which application threads were stopped: 0.0102780 seconds
2014-03-20T17:29:46.259-0500: 758.714: [GC
Desired survivor size 7864320 bytes, new threshold 1 (max 15)
 [PSYoungGen: 686336K->2432K(691712K)] 985562K->301802K(2089984K), 0.0085550 secs] [Times: user=0.08 sys=0.00, real=0.01 secs] 
2014-03-20T17:29:46.268-0500: 758.722: Total time for which application threads were stopped: 0.0096190 seconds
2014-03-20T17:29:46.578-0500: 759.033: [GC
Desired survivor size 7340032 bytes, new threshold 1 (max 15)
 [PSYoungGen: 686464K->2528K(692224K)] 985834K->302026K(2090496K), 0.0114200 secs] [Times: user=0.08 sys=0.00, real=0.02 secs] 
2014-03-20T17:29:46.590-0500: 759.045: Total time for which application threads were stopped: 0.0127240 seconds
2014-03-20T17:29:46.896-0500: 759.351: [GC
Desired survivor size 7340032 bytes, new threshold 1 (max 15)
 [PSYoungGen: 687072K->2560K(691712K)] 986570K->302202K(2089984K), 0.0087140 secs] [Times: user=0.09 sys=0.00, real=0.01 secs] 
2014-03-20T17:29:46.905-0500: 759.360: Total time for which application threads were stopped: 0.0097890 seconds
2014-03-20T17:29:47.214-0500: 759.668: [GC
Desired survivor size 6815744 bytes, new threshold 1 (max 15)
 [PSYoungGen: 687104K->2720K(692736K)] 986746K->302498K(2091008K), 0.0083440 secs] [Times: user=0.08 sys=0.00, real=0.01 secs] 
2014-03-20T17:29:47.222-0500: 759.677: Total time for which application threads were stopped: 0.0096730 seconds
2014-03-20T17:29:47.546-0500: 760.001: [GC
Desired survivor size 6815744 bytes, new threshold 1 (max 15)
 [PSYoungGen: 688288K->2720K(692224K)] 988066K->302642K(2090496K), 0.0088750 secs] [Times: user=0.08 sys=0.00, real=0.01 secs] 
2014-03-20T17:29:47.555-0500: 760.010: Total time for which application threads were stopped: 0.0099730 seconds
2014-03-20T17:29:47.873-0500: 760.328: [GC
Desired survivor size 6291456 bytes, new threshold 1 (max 15)
 [PSYoungGen: 688288K->2784K(693248K)] 988210K->302842K(2091520K), 0.0088200 secs] [Times: user=0.09 sys=0.00, real=0.01 secs] 
2014-03-20T17:29:47.882-0500: 760.337: Total time for which application threads were stopped: 0.0100430 seconds
2014-03-20T17:29:48.198-0500: 760.652: [GC
Desired survivor size 6291456 bytes, new threshold 1 (max 15)
 [PSYoungGen: 689376K->2912K(692736K)] 989434K->303114K(2091008K), 0.0084800 secs] [Times: user=0.08 sys=0.00, real=0.01 secs] 
2014-03-20T17:29:48.206-0500: 760.661: Total time for which application threads were stopped: 0.0095400 seconds
2014-03-20T17:29:48.534-0500: 760.988: [GC
Desired survivor size 5767168 bytes, new threshold 1 (max 15)
 [PSYoungGen: 689504K->3104K(693760K)] 989706K->303450K(2092032K), 0.0085880 secs] [Times: user=0.09 sys=0.00, real=0.01 secs] 
2014-03-20T17:29:48.543-0500: 760.997: Total time for which application threads were stopped: 0.0098850 seconds
2014-03-20T17:29:48.868-0500: 761.323: [GC
Desired survivor size 5767168 bytes, new threshold 1 (max 15)
 [PSYoungGen: 690720K->3296K(693248K)] 991066K->303786K(2091520K), 0.0083300 secs] [Times: user=0.07 sys=0.00, real=0.01 secs] 
2014-03-20T17:29:48.876-0500: 761.331: Total time for which application threads were stopped: 0.0093590 seconds
2014-03-20T17:29:49.185-0500: 761.639: [GC
Desired survivor size 5767168 bytes, new threshold 1 (max 15)
 [PSYoungGen: 690912K->3296K(693760K)] 991402K->303930K(2092032K), 0.0086850 secs] [Times: user=0.08 sys=0.00, real=0.01 secs] 
2014-03-20T17:29:49.194-0500: 761.648: Total time for which application threads were stopped: 0.0100290 seconds
2014-03-20T17:29:49.506-0500: 761.961: [GC
Desired survivor size 5767168 bytes, new threshold 1 (max 15)
 [PSYoungGen: 691424K->3488K(693760K)] 992058K->304258K(2092032K), 0.0083990 secs] [Times: user=0.08 sys=0.00, real=0.01 secs] 
2014-03-20T17:29:49.515-0500: 761.970: Total time for which application threads were stopped: 0.0095200 seconds
2014-03-20T17:29:49.844-0500: 762.299: [GC
Desired survivor size 5767168 bytes, new threshold 1 (max 15)
 [PSYoungGen: 691616K->3680K(693760K)] 992386K->304594K(2092032K), 0.0084640 secs] [Times: user=0.08 sys=0.00, real=0.01 secs] 
2014-03-20T17:29:49.853-0500: 762.308: Total time for which application threads were stopped: 0.0097890 seconds
2014-03-20T17:29:50.172-0500: 762.627: [GC
Desired survivor size 5767168 bytes, new threshold 1 (max 15)
 [PSYoungGen: 691808K->3840K(693760K)] 992722K->304898K(2092032K), 0.0086380 secs] [Times: user=0.09 sys=0.01, real=0.01 secs] 
2014-03-20T17:29:50.181-0500: 762.636: Total time for which application threads were stopped: 0.0098640 seconds
2014-03-20T17:29:50.493-0500: 762.948: [GC
Desired survivor size 5767168 bytes, new threshold 1 (max 15)
 [PSYoungGen: 691968K->3904K(693760K)] 993026K->305090K(2092032K), 0.0087730 secs] [Times: user=0.07 sys=0.00, real=0.01 secs] 
2014-03-20T17:29:50.502-0500: 762.957: Total time for which application threads were stopped: 0.0102850 seconds
2014-03-20T17:29:50.821-0500: 763.276: [GC
Desired survivor size 5767168 bytes, new threshold 1 (max 15)
 [PSYoungGen: 692032K->4032K(693760K)] 993218K->305362K(2092032K), 0.0077680 secs] [Times: user=0.07 sys=0.00, real=0.00 secs] 
2014-03-20T17:29:50.829-0500: 763.284: Total time for which application threads were stopped: 0.0088670 seconds
2014-03-20T17:29:51.139-0500: 763.594: [GC
Desired survivor size 5767168 bytes, new threshold 1 (max 15)
 [PSYoungGen: 692160K->4288K(693760K)] 993490K->305762K(2092032K), 0.0090180 secs] [Times: user=0.09 sys=0.00, real=0.01 secs] 
2014-03-20T17:29:51.148-0500: 763.603: Total time for which application threads were stopped: 0.0104170 seconds
2014-03-20T17:29:51.467-0500: 763.922: [GC
Desired survivor size 5767168 bytes, new threshold 1 (max 15)
 [PSYoungGen: 692416K->4224K(693760K)] 993890K->305842K(2092032K), 0.0089910 secs] [Times: user=0.08 sys=0.00, real=0.01 secs] 
2014-03-20T17:29:51.476-0500: 763.931: Total time for which application threads were stopped: 0.0100800 seconds
2014-03-20T17:29:51.811-0500: 764.265: [GC
Desired survivor size 5767168 bytes, new threshold 1 (max 15)
 [PSYoungGen: 692352K->4448K(693760K)] 993970K->306210K(2092032K), 0.0082700 secs] [Times: user=0.08 sys=0.00, real=0.00 secs] 
2014-03-20T17:29:51.819-0500: 764.274: Total time for which application threads were stopped: 0.0094680 seconds
2014-03-20T17:29:52.132-0500: 764.587: [GC
Desired survivor size 6291456 bytes, new threshold 1 (max 15)
 [PSYoungGen: 692576K->4480K(692736K)] 994338K->306306K(2091008K), 0.0096860 secs] [Times: user=0.05 sys=0.00, real=0.01 secs] 
2014-03-20T17:29:52.142-0500: 764.597: Total time for which application threads were stopped: 0.0110340 seconds
2014-03-20T17:29:52.449-0500: 764.904: [GC
Desired survivor size 6291456 bytes, new threshold 1 (max 15)
 [PSYoungGen: 692608K->4736K(693248K)] 994434K->306706K(2091520K), 0.0082920 secs] [Times: user=0.08 sys=0.00, real=0.01 secs] 
2014-03-20T17:29:52.457-0500: 764.912: Total time for which application threads were stopped: 0.0095970 seconds
2014-03-20T17:29:52.934-0500: 765.389: [GC
Desired survivor size 6291456 bytes, new threshold 1 (max 15)
 [PSYoungGen: 691840K->4832K(693248K)] 993810K->306938K(2091520K), 0.0083500 secs] [Times: user=0.09 sys=0.00, real=0.01 secs] 
2014-03-20T17:29:52.943-0500: 765.398: Total time for which application threads were stopped: 0.0095740 seconds
2014-03-20T17:29:53.265-0500: 765.720: [GC
Desired survivor size 6815744 bytes, new threshold 1 (max 15)
 [PSYoungGen: 691936K->5024K(692224K)] 994042K->307266K(2090496K), 0.0082680 secs] [Times: user=0.08 sys=0.00, real=0.01 secs] 
2014-03-20T17:29:53.274-0500: 765.728: Total time for which application threads were stopped: 0.0096400 seconds
2014-03-20T17:29:53.629-0500: 766.084: [GC
Desired survivor size 6815744 bytes, new threshold 1 (max 15)
 [PSYoungGen: 691104K->5088K(692736K)] 993346K->307474K(2091008K), 0.0082030 secs] [Times: user=0.08 sys=0.00, real=0.01 secs] 
2014-03-20T17:29:53.638-0500: 766.092: Total time for which application threads were stopped: 0.0092260 seconds
2014-03-20T17:29:53.976-0500: 766.430: [GC
Desired survivor size 6815744 bytes, new threshold 1 (max 15)
 [PSYoungGen: 691168K->5152K(692736K)] 993554K->307674K(2091008K), 0.0083720 secs] [Times: user=0.08 sys=0.00, real=0.01 secs] 
2014-03-20T17:29:53.984-0500: 766.439: Total time for which application threads were stopped: 0.0096960 seconds
2014-03-20T17:29:54.307-0500: 766.761: [GC
Desired survivor size 7340032 bytes, new threshold 1 (max 15)
 [PSYoungGen: 691232K->5344K(691712K)] 993754K->308010K(2089984K), 0.0086540 secs] [Times: user=0.09 sys=0.00, real=0.01 secs] 
2014-03-20T17:29:54.316-0500: 766.770: Total time for which application threads were stopped: 0.0096890 seconds
2014-03-20T17:29:54.640-0500: 767.095: [GC
Desired survivor size 7340032 bytes, new threshold 1 (max 15)
 [PSYoungGen: 691424K->5440K(692224K)] 994090K->308266K(2090496K), 0.0085290 secs] [Times: user=0.08 sys=0.00, real=0.01 secs] 
2014-03-20T17:29:54.649-0500: 767.103: Total time for which application threads were stopped: 0.0098470 seconds
2014-03-20T17:29:54.973-0500: 767.428: [GC
Desired survivor size 7340032 bytes, new threshold 1 (max 15)
 [PSYoungGen: 690496K->5632K(692224K)] 993322K->308602K(2090496K), 0.0099160 secs] [Times: user=0.09 sys=0.00, real=0.01 secs] 
2014-03-20T17:29:54.984-0500: 767.438: Total time for which application threads were stopped: 0.0111210 seconds
2014-03-20T17:29:55.328-0500: 767.782: [GC
Desired survivor size 7864320 bytes, new threshold 1 (max 15)
 [PSYoungGen: 690688K->5728K(691200K)] 993658K->308834K(2089472K), 0.0086120 secs] [Times: user=0.09 sys=0.00, real=0.01 secs] 
2014-03-20T17:29:55.336-0500: 767.791: Total time for which application threads were stopped: 0.0098730 seconds
2014-03-20T17:29:55.661-0500: 768.116: [GC
Desired survivor size 7864320 bytes, new threshold 1 (max 15)
 [PSYoungGen: 689760K->5728K(691712K)] 992866K->308970K(2089984K), 0.0086320 secs] [Times: user=0.08 sys=0.00, real=0.00 secs] 
2014-03-20T17:29:55.670-0500: 768.125: Total time for which application threads were stopped: 0.0096240 seconds
2014-03-20T17:29:55.976-0500: 768.431: [GC
Desired survivor size 7864320 bytes, new threshold 1 (max 15)
 [PSYoungGen: 689760K->5792K(691712K)] 993002K->309170K(2089984K), 0.0086490 secs] [Times: user=0.08 sys=0.00, real=0.01 secs] 
2014-03-20T17:29:55.985-0500: 768.440: Total time for which application threads were stopped: 0.0099430 seconds
2014-03-20T17:29:56.299-0500: 768.754: [GC
Desired survivor size 7864320 bytes, new threshold 1 (max 15)
 [PSYoungGen: 689824K->5920K(691712K)] 993202K->309442K(2089984K), 0.0085110 secs] [Times: user=0.08 sys=0.00, real=0.01 secs] 
2014-03-20T17:29:56.308-0500: 768.763: Total time for which application threads were stopped: 0.0095240 seconds
2014-03-20T17:29:56.622-0500: 769.077: [GC
Desired survivor size 8388608 bytes, new threshold 1 (max 15)
 [PSYoungGen: 689952K->2048K(690688K)] 993474K->305714K(2088960K), 0.0082990 secs] [Times: user=0.08 sys=0.00, real=0.01 secs] 
2014-03-20T17:29:56.630-0500: 769.085: Total time for which application threads were stopped: 0.0093940 seconds
2014-03-20T17:29:56.970-0500: 769.424: [GC
Desired survivor size 8388608 bytes, new threshold 1 (max 15)
 [PSYoungGen: 685056K->2112K(691200K)] 988722K->305922K(2089472K), 0.0082000 secs] [Times: user=0.08 sys=0.00, real=0.01 secs] 
2014-03-20T17:29:56.978-0500: 769.433: Total time for which application threads were stopped: 0.0091670 seconds
2014-03-20T17:29:57.284-0500: 769.739: [GC
Desired survivor size 8388608 bytes, new threshold 1 (max 15)
 [PSYoungGen: 685120K->2272K(691200K)] 988930K->306194K(2089472K), 0.0081420 secs] [Times: user=0.06 sys=0.00, real=0.01 secs] 
2014-03-20T17:29:57.293-0500: 769.747: Total time for which application threads were stopped: 0.0092640 seconds
2014-03-20T17:29:57.611-0500: 770.066: [GC
Desired survivor size 8388608 bytes, new threshold 1 (max 15)
 [PSYoungGen: 685280K->2240K(691200K)] 989202K->306298K(2089472K), 0.0086130 secs] [Times: user=0.07 sys=0.01, real=0.01 secs] 
2014-03-20T17:29:57.620-0500: 770.075: Total time for which application threads were stopped: 0.0095830 seconds
2014-03-20T17:29:57.942-0500: 770.397: [GC
Desired survivor size 8388608 bytes, new threshold 1 (max 15)
 [PSYoungGen: 685248K->2400K(691200K)] 989306K->306570K(2089472K), 0.0088470 secs] [Times: user=0.06 sys=0.00, real=0.00 secs] 
2014-03-20T17:29:57.951-0500: 770.406: Total time for which application threads were stopped: 0.0102160 seconds
2014-03-20T17:29:58.271-0500: 770.726: [GC
Desired survivor size 8388608 bytes, new threshold 1 (max 15)
 [PSYoungGen: 685408K->2272K(691200K)] 989578K->306586K(2089472K), 0.0081930 secs] [Times: user=0.08 sys=0.00, real=0.00 secs] 
2014-03-20T17:29:58.280-0500: 770.734: Total time for which application threads were stopped: 0.0094190 seconds
2014-03-20T17:29:58.593-0500: 771.048: [GC
Desired survivor size 7864320 bytes, new threshold 1 (max 15)
 [PSYoungGen: 685280K->2432K(691712K)] 989594K->306850K(2089984K), 0.0081900 secs] [Times: user=0.07 sys=0.00, real=0.01 secs] 
2014-03-20T17:29:58.602-0500: 771.056: Total time for which application threads were stopped: 0.0094030 seconds
2014-03-20T17:29:58.911-0500: 771.366: [GC
Desired survivor size 7864320 bytes, new threshold 1 (max 15)
 [PSYoungGen: 685952K->2432K(691200K)] 990370K->306994K(2089472K), 0.0081540 secs] [Times: user=0.08 sys=0.00, real=0.00 secs] 
2014-03-20T17:29:58.919-0500: 771.374: Total time for which application threads were stopped: 0.0092850 seconds
2014-03-20T17:29:59.230-0500: 771.684: [GC
Desired survivor size 7340032 bytes, new threshold 1 (max 15)
 [PSYoungGen: 685952K->2560K(692224K)] 990514K->307266K(2090496K), 0.0083540 secs] [Times: user=0.08 sys=0.00, real=0.01 secs] 
2014-03-20T17:29:59.238-0500: 771.693: Total time for which application threads were stopped: 0.0095890 seconds
2014-03-20T17:29:59.567-0500: 772.021: [GC
Desired survivor size 7340032 bytes, new threshold 1 (max 15)
 [PSYoungGen: 687104K->2624K(691712K)] 991810K->307482K(2089984K), 0.0084690 secs] [Times: user=0.08 sys=0.00, real=0.01 secs] 
2014-03-20T17:29:59.575-0500: 772.030: Total time for which application threads were stopped: 0.0095510 seconds
2014-03-20T17:29:59.901-0500: 772.356: [GC
Desired survivor size 6815744 bytes, new threshold 1 (max 15)
 [PSYoungGen: 687168K->2656K(692736K)] 992026K->307634K(2091008K), 0.0140980 secs] [Times: user=0.08 sys=0.00, real=0.01 secs] 
2014-03-20T17:29:59.916-0500: 772.370: Total time for which application threads were stopped: 0.0155120 seconds
2014-03-20T17:30:00.226-0500: 772.681: [GC
Desired survivor size 6815744 bytes, new threshold 1 (max 15)
 [PSYoungGen: 688224K->2816K(692224K)] 993202K->307930K(2090496K), 0.0086750 secs] [Times: user=0.07 sys=0.00, real=0.01 secs] 
2014-03-20T17:30:00.235-0500: 772.690: Total time for which application threads were stopped: 0.0097900 seconds
2014-03-20T17:30:00.564-0500: 773.019: [GC
Desired survivor size 6291456 bytes, new threshold 1 (max 15)
 [PSYoungGen: 688384K->2816K(693248K)] 993498K->308090K(2091520K), 0.0086390 secs] [Times: user=0.08 sys=0.00, real=0.01 secs] 
2014-03-20T17:30:00.573-0500: 773.028: Total time for which application threads were stopped: 0.0099000 seconds
2014-03-20T17:30:00.901-0500: 773.356: [GC
Desired survivor size 6291456 bytes, new threshold 1 (max 15)
 [PSYoungGen: 689408K->3040K(692736K)] 994682K->308450K(2091008K), 0.0087880 secs] [Times: user=0.09 sys=0.00, real=0.01 secs] 
2014-03-20T17:30:00.910-0500: 773.365: Total time for which application threads were stopped: 0.0098100 seconds
2014-03-20T17:30:01.238-0500: 773.693: [GC
Desired survivor size 5767168 bytes, new threshold 1 (max 15)
 [PSYoungGen: 689632K->3168K(693760K)] 995042K->308722K(2092032K), 0.0085520 secs] [Times: user=0.09 sys=0.00, real=0.01 secs] 
2014-03-20T17:30:01.247-0500: 773.702: Total time for which application threads were stopped: 0.0097290 seconds
2014-03-20T17:30:01.585-0500: 774.040: [GC
Desired survivor size 5767168 bytes, new threshold 1 (max 15)
 [PSYoungGen: 690784K->3296K(693248K)] 996338K->308986K(2091520K), 0.0094270 secs] [Times: user=0.08 sys=0.00, real=0.01 secs] 
2014-03-20T17:30:01.595-0500: 774.050: Total time for which application threads were stopped: 0.0105980 seconds
2014-03-20T17:30:01.951-0500: 774.406: [GC
Desired survivor size 5767168 bytes, new threshold 1 (max 15)
 [PSYoungGen: 690912K->3392K(693760K)] 996602K->309226K(2092032K), 0.0083990 secs] [Times: user=0.09 sys=0.00, real=0.01 secs] 
2014-03-20T17:30:01.960-0500: 774.414: Total time for which application threads were stopped: 0.0097170 seconds
2014-03-20T17:30:02.290-0500: 774.745: [GC
Desired survivor size 5767168 bytes, new threshold 1 (max 15)
 [PSYoungGen: 691520K->3584K(693760K)] 997354K->309554K(2092032K), 0.0085610 secs] [Times: user=0.09 sys=0.00, real=0.01 secs] 
2014-03-20T17:30:02.299-0500: 774.753: Total time for which application threads were stopped: 0.0096500 seconds
2014-03-20T17:30:02.616-0500: 775.070: [GC
Desired survivor size 5767168 bytes, new threshold 1 (max 15)
 [PSYoungGen: 691712K->3648K(693760K)] 997682K->309762K(2092032K), 0.0086810 secs] [Times: user=0.09 sys=0.00, real=0.01 secs] 
2014-03-20T17:30:02.625-0500: 775.079: Total time for which application threads were stopped: 0.0099320 seconds
2014-03-20T17:30:02.941-0500: 775.395: [GC
Desired survivor size 5767168 bytes, new threshold 1 (max 15)
 [PSYoungGen: 691776K->3808K(693760K)] 997890K->310066K(2092032K), 0.0086430 secs] [Times: user=0.08 sys=0.00, real=0.01 secs] 
2014-03-20T17:30:02.949-0500: 775.404: Total time for which application threads were stopped: 0.0096280 seconds
2014-03-20T17:30:03.263-0500: 775.717: [GC
Desired survivor size 5767168 bytes, new threshold 1 (max 15)
 [PSYoungGen: 691936K->4000K(693760K)] 998194K->310402K(2092032K), 0.0084060 secs] [Times: user=0.08 sys=0.00, real=0.01 secs] 
2014-03-20T17:30:03.271-0500: 775.726: Total time for which application threads were stopped: 0.0095470 seconds
2014-03-20T17:30:03.592-0500: 776.047: [GC
Desired survivor size 5767168 bytes, new threshold 1 (max 15)
 [PSYoungGen: 692128K->4096K(693760K)] 998530K->310634K(2092032K), 0.0088750 secs] [Times: user=0.07 sys=0.00, real=0.00 secs] 
2014-03-20T17:30:03.601-0500: 776.056: Total time for which application threads were stopped: 0.0098540 seconds
2014-03-20T17:30:03.941-0500: 776.396: [GC
Desired survivor size 5767168 bytes, new threshold 1 (max 15)
 [PSYoungGen: 692224K->4288K(693760K)] 998762K->310962K(2092032K), 0.0083390 secs] [Times: user=0.08 sys=0.00, real=0.01 secs] 
2014-03-20T17:30:03.950-0500: 776.404: Total time for which application threads were stopped: 0.0098280 seconds
2014-03-20T17:30:04.274-0500: 776.729: [GC
Desired survivor size 5767168 bytes, new threshold 1 (max 15)
 [PSYoungGen: 692416K->4384K(693760K)] 999090K->311202K(2092032K), 0.0082810 secs] [Times: user=0.08 sys=0.00, real=0.01 secs] 
2014-03-20T17:30:04.283-0500: 776.737: Total time for which application threads were stopped: 0.0095290 seconds
2014-03-20T17:30:04.609-0500: 777.064: [GC
Desired survivor size 6291456 bytes, new threshold 1 (max 15)
 [PSYoungGen: 692512K->4480K(692736K)] 999330K->311434K(2091008K), 0.0091770 secs] [Times: user=0.09 sys=0.00, real=0.01 secs] 
2014-03-20T17:30:04.618-0500: 777.073: Total time for which application threads were stopped: 0.0105060 seconds
2014-03-20T17:30:04.939-0500: 777.393: [GC
Desired survivor size 6291456 bytes, new threshold 1 (max 15)
 [PSYoungGen: 691584K->4576K(693248K)] 998538K->311674K(2091520K), 0.0085020 secs] [Times: user=0.09 sys=0.00, real=0.01 secs] 
2014-03-20T17:30:04.947-0500: 777.402: Total time for which application threads were stopped: 0.0095880 seconds
2014-03-20T17:30:05.265-0500: 777.719: [GC
Desired survivor size 6291456 bytes, new threshold 1 (max 15)
 [PSYoungGen: 691680K->4768K(693248K)] 998778K->312010K(2091520K), 0.0080970 secs] [Times: user=0.08 sys=0.00, real=0.01 secs] 
2014-03-20T17:30:05.273-0500: 777.728: Total time for which application threads were stopped: 0.0093470 seconds
2014-03-20T17:30:05.594-0500: 778.048: [GC
Desired survivor size 6291456 bytes, new threshold 1 (max 15)
 [PSYoungGen: 691872K->4928K(693248K)] 999114K->312306K(2091520K), 0.0085630 secs] [Times: user=0.09 sys=0.00, real=0.01 secs] 
2014-03-20T17:30:05.602-0500: 778.057: Total time for which application threads were stopped: 0.0095480 seconds
2014-03-20T17:30:05.930-0500: 778.385: [GC
Desired survivor size 6815744 bytes, new threshold 1 (max 15)
 [PSYoungGen: 692032K->5088K(692224K)] 999410K->312610K(2090496K), 0.0082540 secs] [Times: user=0.09 sys=0.00, real=0.01 secs] 
2014-03-20T17:30:05.939-0500: 778.393: Total time for which application threads were stopped: 0.0094400 seconds
2014-03-20T17:30:06.266-0500: 778.720: [GC
Desired survivor size 6815744 bytes, new threshold 1 (max 15)
 [PSYoungGen: 691168K->5152K(692736K)] 998690K->312818K(2091008K), 0.0085090 secs] [Times: user=0.08 sys=0.00, real=0.01 secs] 
2014-03-20T17:30:06.274-0500: 778.729: Total time for which application threads were stopped: 0.0097170 seconds
2014-03-20T17:30:06.597-0500: 779.052: [GC
Desired survivor size 7340032 bytes, new threshold 1 (max 15)
 [PSYoungGen: 691232K->5312K(691712K)] 998898K->313122K(2089984K), 0.0090700 secs] [Times: user=0.09 sys=0.00, real=0.01 secs] 
2014-03-20T17:30:06.606-0500: 779.061: Total time for which application threads were stopped: 0.0102390 seconds
2014-03-20T17:30:06.922-0500: 779.376: [GC
Desired survivor size 7340032 bytes, new threshold 1 (max 15)
 [PSYoungGen: 690368K->5408K(692224K)] 998178K->313354K(2090496K), 0.0089180 secs] [Times: user=0.09 sys=0.00, real=0.01 secs] 
2014-03-20T17:30:06.931-0500: 779.386: Total time for which application threads were stopped: 0.0102300 seconds
2014-03-20T17:30:07.245-0500: 779.700: [GC
Desired survivor size 7340032 bytes, new threshold 1 (max 15)
 [PSYoungGen: 690464K->5376K(692224K)] 998410K->313458K(2090496K), 0.0084370 secs] [Times: user=0.08 sys=0.00, real=0.01 secs] 
2014-03-20T17:30:07.254-0500: 779.708: Total time for which application threads were stopped: 0.0096760 seconds
2014-03-20T17:30:07.571-0500: 780.026: [GC
Desired survivor size 7340032 bytes, new threshold 1 (max 15)
 [PSYoungGen: 690432K->5536K(692224K)] 998514K->313754K(2090496K), 0.0087950 secs] [Times: user=0.08 sys=0.00, real=0.01 secs] 
2014-03-20T17:30:07.580-0500: 780.035: Total time for which application threads were stopped: 0.0100060 seconds
2014-03-20T17:30:07.900-0500: 780.355: [GC
Desired survivor size 7864320 bytes, new threshold 1 (max 15)
 [PSYoungGen: 690592K->5632K(691200K)] 998810K->313978K(2089472K), 0.0083450 secs] [Times: user=0.08 sys=0.00, real=0.01 secs] 
2014-03-20T17:30:07.908-0500: 780.363: Total time for which application threads were stopped: 0.0096650 seconds
2014-03-20T17:30:08.231-0500: 780.685: [GC
Desired survivor size 7864320 bytes, new threshold 1 (max 15)
 [PSYoungGen: 689664K->5728K(691712K)] 998010K->314202K(2089984K), 0.0090350 secs] [Times: user=0.09 sys=0.00, real=0.01 secs] 
2014-03-20T17:30:08.240-0500: 780.695: Total time for which application threads were stopped: 0.0100890 seconds
2014-03-20T17:30:08.566-0500: 781.021: [GC
Desired survivor size 7864320 bytes, new threshold 1 (max 15)
 [PSYoungGen: 689760K->5760K(691712K)] 998234K->314362K(2089984K), 0.0083350 secs] [Times: user=0.08 sys=0.00, real=0.01 secs] 
2014-03-20T17:30:08.575-0500: 781.029: Total time for which application threads were stopped: 0.0097260 seconds
2014-03-20T17:30:08.894-0500: 781.349: [GC
Desired survivor size 7864320 bytes, new threshold 1 (max 15)
 [PSYoungGen: 689792K->5792K(691712K)] 998394K->314538K(2089984K), 0.0090260 secs] [Times: user=0.09 sys=0.00, real=0.01 secs] 
2014-03-20T17:30:08.903-0500: 781.358: Total time for which application threads were stopped: 0.0102640 seconds
2014-03-20T17:30:09.214-0500: 781.668: [GC
Desired survivor size 8388608 bytes, new threshold 1 (max 15)
 [PSYoungGen: 689824K->1952K(690688K)] 998570K->310842K(2088960K), 0.0082100 secs] [Times: user=0.07 sys=0.00, real=0.00 secs] 
2014-03-20T17:30:09.222-0500: 781.677: Total time for which application threads were stopped: 0.0093340 seconds
2014-03-20T17:30:09.546-0500: 782.000: [GC
Desired survivor size 8388608 bytes, new threshold 1 (max 15)
 [PSYoungGen: 684960K->2112K(691200K)] 993850K->311138K(2089472K), 0.0097750 secs] [Times: user=0.08 sys=0.00, real=0.01 secs] 
2014-03-20T17:30:09.556-0500: 782.010: Total time for which application threads were stopped: 0.0109410 seconds
2014-03-20T17:30:09.875-0500: 782.330: [GC
Desired survivor size 8388608 bytes, new threshold 1 (max 15)
 [PSYoungGen: 685120K->2144K(691200K)] 994146K->311314K(2089472K), 0.0107650 secs] [Times: user=0.08 sys=0.00, real=0.01 secs] 
2014-03-20T17:30:09.886-0500: 782.341: Total time for which application threads were stopped: 0.0120760 seconds
2014-03-20T17:30:10.205-0500: 782.659: [GC
Desired survivor size 8388608 bytes, new threshold 1 (max 15)
 [PSYoungGen: 685152K->2352K(691200K)] 994322K->311658K(2089472K), 0.0086760 secs] [Times: user=0.09 sys=0.00, real=0.01 secs] 
2014-03-20T17:30:10.214-0500: 782.668: Total time for which application threads were stopped: 0.0098070 seconds
2014-03-20T17:30:10.534-0500: 782.989: [GC
Desired survivor size 8388608 bytes, new threshold 1 (max 15)
 [PSYoungGen: 685360K->2112K(691200K)] 994666K->311554K(2089472K), 0.0089590 secs] [Times: user=0.08 sys=0.01, real=0.00 secs] 
2014-03-20T17:30:10.543-0500: 782.998: Total time for which application threads were stopped: 0.0101270 seconds
2014-03-20T17:30:10.870-0500: 783.325: [GC
Desired survivor size 8388608 bytes, new threshold 1 (max 15)
 [PSYoungGen: 685120K->2240K(691200K)] 994562K->311826K(2089472K), 0.0085710 secs] [Times: user=0.08 sys=0.00, real=0.01 secs] 
2014-03-20T17:30:10.879-0500: 783.333: Total time for which application threads were stopped: 0.0095640 seconds
2014-03-20T17:30:11.195-0500: 783.650: [GC
Desired survivor size 7864320 bytes, new threshold 1 (max 15)
 [PSYoungGen: 685248K->2368K(691712K)] 994834K->312090K(2089984K), 0.0085340 secs] [Times: user=0.08 sys=0.01, real=0.01 secs] 
2014-03-20T17:30:11.204-0500: 783.658: Total time for which application threads were stopped: 0.0097890 seconds
2014-03-20T17:30:11.510-0500: 783.965: [GC
Desired survivor size 7864320 bytes, new threshold 1 (max 15)
 [PSYoungGen: 685888K->2400K(691200K)] 995610K->312266K(2089472K), 0.0084270 secs] [Times: user=0.08 sys=0.00, real=0.01 secs] 
2014-03-20T17:30:11.519-0500: 783.974: Total time for which application threads were stopped: 0.0095930 seconds
2014-03-20T17:30:11.842-0500: 784.297: [GC
Desired survivor size 7340032 bytes, new threshold 1 (max 15)
 [PSYoungGen: 685920K->2528K(692224K)] 995786K->312530K(2090496K), 0.0083050 secs] [Times: user=0.08 sys=0.00, real=0.01 secs] 
2014-03-20T17:30:11.851-0500: 784.305: Total time for which application threads were stopped: 0.0096940 seconds
2014-03-20T17:30:12.157-0500: 784.612: [GC
Desired survivor size 7340032 bytes, new threshold 1 (max 15)
 [PSYoungGen: 687072K->2592K(691712K)] 997074K->312738K(2089984K), 0.0088530 secs] [Times: user=0.09 sys=0.00, real=0.01 secs] 
2014-03-20T17:30:12.166-0500: 784.621: Total time for which application threads were stopped: 0.0100390 seconds
2014-03-20T17:30:12.482-0500: 784.937: [GC
Desired survivor size 6815744 bytes, new threshold 1 (max 15)
 [PSYoungGen: 687136K->2528K(692736K)] 997282K->312818K(2091008K), 0.0085260 secs] [Times: user=0.08 sys=0.00, real=0.01 secs] 
2014-03-20T17:30:12.491-0500: 784.945: Total time for which application threads were stopped: 0.0099500 seconds
2014-03-20T17:30:12.815-0500: 785.269: [GC
Desired survivor size 6815744 bytes, new threshold 1 (max 15)
 [PSYoungGen: 688096K->2656K(692224K)] 998386K->313090K(2090496K), 0.0088640 secs] [Times: user=0.07 sys=0.00, real=0.01 secs] 
2014-03-20T17:30:12.824-0500: 785.278: Total time for which application threads were stopped: 0.0099560 seconds
2014-03-20T17:30:13.151-0500: 785.606: [GC
Desired survivor size 6291456 bytes, new threshold 1 (max 15)
 [PSYoungGen: 688224K->2816K(693248K)] 998658K->313338K(2091520K), 0.0085810 secs] [Times: user=0.06 sys=0.00, real=0.01 secs] 
2014-03-20T17:30:13.160-0500: 785.615: Total time for which application threads were stopped: 0.0100090 seconds
2014-03-20T17:30:13.487-0500: 785.942: [GC
Desired survivor size 6291456 bytes, new threshold 1 (max 15)
 [PSYoungGen: 689408K->2976K(692736K)] 999930K->313642K(2091008K), 0.0087530 secs] [Times: user=0.09 sys=0.00, real=0.01 secs] 
2014-03-20T17:30:13.496-0500: 785.951: Total time for which application threads were stopped: 0.0098730 seconds
2014-03-20T17:30:13.813-0500: 786.268: [GC
Desired survivor size 5767168 bytes, new threshold 1 (max 15)
 [PSYoungGen: 689568K->3040K(693760K)] 1000234K->313842K(2092032K), 0.0086050 secs] [Times: user=0.08 sys=0.00, real=0.01 secs] 
2014-03-20T17:30:13.822-0500: 786.276: Total time for which application threads were stopped: 0.0099570 seconds
2014-03-20T17:30:14.124-0500: 786.579: [GC
Desired survivor size 5767168 bytes, new threshold 1 (max 15)
 [PSYoungGen: 690656K->3168K(693248K)] 1001458K->314114K(2091520K), 0.0086370 secs] [Times: user=0.08 sys=0.00, real=0.00 secs] 
2014-03-20T17:30:14.133-0500: 786.588: Total time for which application threads were stopped: 0.0099800 seconds
2014-03-20T17:30:14.445-0500: 786.900: [GC
Desired survivor size 5767168 bytes, new threshold 1 (max 15)
 [PSYoungGen: 690784K->3296K(693760K)] 1001730K->314386K(2092032K), 0.0079260 secs] [Times: user=0.07 sys=0.00, real=0.01 secs] 
2014-03-20T17:30:14.453-0500: 786.908: Total time for which application threads were stopped: 0.0093080 seconds
2014-03-20T17:30:14.779-0500: 787.234: [GC
Desired survivor size 5767168 bytes, new threshold 1 (max 15)
 [PSYoungGen: 691424K->3520K(693760K)] 1002514K->314754K(2092032K), 0.0090310 secs] [Times: user=0.08 sys=0.00, real=0.01 secs] 
2014-03-20T17:30:14.789-0500: 787.243: Total time for which application threads were stopped: 0.0101900 seconds
2014-03-20T17:30:15.106-0500: 787.561: [GC
Desired survivor size 5242880 bytes, new threshold 1 (max 15)
 [PSYoungGen: 691648K->3648K(694272K)] 1002882K->315026K(2092544K), 0.0087660 secs] [Times: user=0.09 sys=0.00, real=0.01 secs] 
2014-03-20T17:30:15.115-0500: 787.570: Total time for which application threads were stopped: 0.0100810 seconds
2014-03-20T17:30:15.431-0500: 787.886: [GC
Desired survivor size 5242880 bytes, new threshold 1 (max 15)
 [PSYoungGen: 692288K->3744K(693760K)] 1003666K->315258K(2092032K), 0.0080230 secs] [Times: user=0.07 sys=0.01, real=0.01 secs] 
2014-03-20T17:30:15.439-0500: 787.894: Total time for which application threads were stopped: 0.0091250 seconds
2014-03-20T17:30:15.765-0500: 788.219: [GC
Desired survivor size 5767168 bytes, new threshold 1 (max 15)
 [PSYoungGen: 692384K->3808K(693248K)] 1003898K->315458K(2091520K), 0.0086840 secs] [Times: user=0.08 sys=0.00, real=0.01 secs] 
2014-03-20T17:30:15.774-0500: 788.228: Total time for which application threads were stopped: 0.0098810 seconds
2014-03-20T17:30:16.092-0500: 788.547: [GC
Desired survivor size 5767168 bytes, new threshold 1 (max 15)
 [PSYoungGen: 691936K->4096K(693760K)] 1003586K->315890K(2092032K), 0.0090290 secs] [Times: user=0.09 sys=0.00, real=0.01 secs] 
2014-03-20T17:30:16.101-0500: 788.556: Total time for which application threads were stopped: 0.0102300 seconds
2014-03-20T17:30:16.413-0500: 788.868: [GC
Desired survivor size 5767168 bytes, new threshold 1 (max 15)
 [PSYoungGen: 692224K->4160K(693760K)] 1004018K->316098K(2092032K), 0.0078320 secs] [Times: user=0.08 sys=0.00, real=0.01 secs] 
2014-03-20T17:30:16.421-0500: 788.876: Total time for which application threads were stopped: 0.0093160 seconds
2014-03-20T17:30:16.743-0500: 789.198: [GC
Desired survivor size 5767168 bytes, new threshold 1 (max 15)
 [PSYoungGen: 692288K->4320K(693760K)] 1004226K->316394K(2092032K), 0.0082190 secs] [Times: user=0.08 sys=0.00, real=0.01 secs] 
2014-03-20T17:30:16.751-0500: 789.206: Total time for which application threads were stopped: 0.0092520 seconds
2014-03-20T17:30:17.058-0500: 789.513: [GC
Desired survivor size 5767168 bytes, new threshold 1 (max 15)
 [PSYoungGen: 692448K->4448K(693760K)] 1004522K->316666K(2092032K), 0.0086650 secs] [Times: user=0.09 sys=0.01, real=0.01 secs] 
2014-03-20T17:30:17.067-0500: 789.522: Total time for which application threads were stopped: 0.0098800 seconds
2014-03-20T17:30:17.384-0500: 789.839: [GC
Desired survivor size 6291456 bytes, new threshold 1 (max 15)
 [PSYoungGen: 692576K->4704K(693248K)] 1004794K->317058K(2091520K), 0.0084200 secs] [Times: user=0.08 sys=0.00, real=0.00 secs] 
2014-03-20T17:30:17.393-0500: 789.848: Total time for which application threads were stopped: 0.0095300 seconds
2014-03-20T17:30:17.724-0500: 790.178: [GC
Desired survivor size 6291456 bytes, new threshold 1 (max 15)
 [PSYoungGen: 692832K->4736K(693248K)] 1005186K->317226K(2091520K), 0.0087430 secs] [Times: user=0.08 sys=0.00, real=0.01 secs] 
2014-03-20T17:30:17.733-0500: 790.187: Total time for which application threads were stopped: 0.0100140 seconds
2014-03-20T17:30:18.038-0500: 790.493: [GC
Desired survivor size 6291456 bytes, new threshold 1 (max 15)
 [PSYoungGen: 691840K->4896K(693248K)] 1004330K->317530K(2091520K), 0.0094240 secs] [Times: user=0.08 sys=0.00, real=0.01 secs] 
2014-03-20T17:30:18.048-0500: 790.502: Total time for which application threads were stopped: 0.0104190 seconds
2014-03-20T17:30:18.352-0500: 790.806: [GC
Desired survivor size 6815744 bytes, new threshold 1 (max 15)
 [PSYoungGen: 692000K->5088K(692224K)] 1004634K->317866K(2090496K), 0.0086290 secs] [Times: user=0.08 sys=0.00, real=0.01 secs] 
2014-03-20T17:30:18.360-0500: 790.815: Total time for which application threads were stopped: 0.0099300 seconds
2014-03-20T17:30:18.673-0500: 791.128: [GC
Desired survivor size 6815744 bytes, new threshold 1 (max 15)
 [PSYoungGen: 691168K->5120K(692736K)] 1003946K->318034K(2091008K), 0.0086190 secs] [Times: user=0.08 sys=0.00, real=0.01 secs] 
2014-03-20T17:30:18.682-0500: 791.136: Total time for which application threads were stopped: 0.0096040 seconds
2014-03-20T17:30:18.985-0500: 791.440: [GC
Desired survivor size 7340032 bytes, new threshold 1 (max 15)
 [PSYoungGen: 691200K->5248K(691712K)] 1004114K->318290K(2089984K), 0.0087260 secs] [Times: user=0.08 sys=0.01, real=0.00 secs] 
2014-03-20T17:30:18.994-0500: 791.449: Total time for which application threads were stopped: 0.0099780 seconds
2014-03-20T17:30:19.308-0500: 791.763: [GC
Desired survivor size 7340032 bytes, new threshold 1 (max 15)
 [PSYoungGen: 690304K->5344K(692224K)] 1003346K->318530K(2090496K), 0.0091270 secs] [Times: user=0.09 sys=0.00, real=0.01 secs] 
2014-03-20T17:30:19.317-0500: 791.772: Total time for which application threads were stopped: 0.0101610 seconds
2014-03-20T17:30:19.638-0500: 792.093: [GC
Desired survivor size 7340032 bytes, new threshold 1 (max 15)
 [PSYoungGen: 690400K->5376K(692224K)] 1003586K->318706K(2090496K), 0.0094450 secs] [Times: user=0.09 sys=0.01, real=0.01 secs] 
2014-03-20T17:30:19.648-0500: 792.103: Total time for which application threads were stopped: 0.0107450 seconds
2014-03-20T17:30:19.968-0500: 792.423: [GC
Desired survivor size 7340032 bytes, new threshold 1 (max 15)
 [PSYoungGen: 690432K->5472K(692224K)] 1003762K->318946K(2090496K), 0.0085560 secs] [Times: user=0.09 sys=0.00, real=0.01 secs] 
2014-03-20T17:30:19.977-0500: 792.432: Total time for which application threads were stopped: 0.0098150 seconds
2014-03-20T17:30:20.324-0500: 792.779: [GC
Desired survivor size 7864320 bytes, new threshold 1 (max 15)
 [PSYoungGen: 690528K->5600K(691200K)] 1004002K->319210K(2089472K), 0.0085600 secs] [Times: user=0.09 sys=0.00, real=0.00 secs] 
2014-03-20T17:30:20.333-0500: 792.788: Total time for which application threads were stopped: 0.0098530 seconds
2014-03-20T17:30:20.661-0500: 793.116: [GC
Desired survivor size 7864320 bytes, new threshold 1 (max 15)
 [PSYoungGen: 689632K->5568K(691712K)] 1003242K->319314K(2089984K), 0.0085130 secs] [Times: user=0.08 sys=0.00, real=0.01 secs] 
2014-03-20T17:30:20.670-0500: 793.125: Total time for which application threads were stopped: 0.0095910 seconds
2014-03-20T17:30:20.984-0500: 793.438: [GC
Desired survivor size 7864320 bytes, new threshold 1 (max 15)
 [PSYoungGen: 689600K->5760K(691712K)] 1003346K->319642K(2089984K), 0.0096300 secs] [Times: user=0.07 sys=0.00, real=0.01 secs] 
2014-03-20T17:30:20.993-0500: 793.448: Total time for which application threads were stopped: 0.0109460 seconds
2014-03-20T17:30:21.296-0500: 793.751: [GC
Desired survivor size 7864320 bytes, new threshold 1 (max 15)
 [PSYoungGen: 689792K->5856K(691712K)] 1003674K->319866K(2089984K), 0.0084050 secs] [Times: user=0.08 sys=0.00, real=0.01 secs] 
2014-03-20T17:30:21.305-0500: 793.760: Total time for which application threads were stopped: 0.0095460 seconds
2014-03-20T17:30:21.620-0500: 794.075: [GC
Desired survivor size 8388608 bytes, new threshold 1 (max 15)
 [PSYoungGen: 689888K->1984K(690688K)] 1003898K->316130K(2088960K), 0.0107870 secs] [Times: user=0.08 sys=0.01, real=0.01 secs] 
2014-03-20T17:30:21.631-0500: 794.086: Total time for which application threads were stopped: 0.0119580 seconds
2014-03-20T17:30:21.954-0500: 794.409: [GC
Desired survivor size 8388608 bytes, new threshold 1 (max 15)
 [PSYoungGen: 684992K->1920K(691200K)] 999138K->316210K(2089472K), 0.0077520 secs] [Times: user=0.07 sys=0.00, real=0.00 secs] 
2014-03-20T17:30:21.962-0500: 794.417: Total time for which application threads were stopped: 0.0087510 seconds
2014-03-20T17:30:22.270-0500: 794.724: [GC
Desired survivor size 8388608 bytes, new threshold 1 (max 15)
 [PSYoungGen: 684928K->2048K(691200K)] 999218K->316474K(2089472K), 0.0083980 secs] [Times: user=0.08 sys=0.00, real=0.01 secs] 
2014-03-20T17:30:22.278-0500: 794.733: Total time for which application threads were stopped: 0.0096520 seconds
2014-03-20T17:30:22.589-0500: 795.044: [GC
Desired survivor size 8388608 bytes, new threshold 1 (max 15)
 [PSYoungGen: 685056K->2144K(691200K)] 999482K->316714K(2089472K), 0.0084360 secs] [Times: user=0.08 sys=0.00, real=0.01 secs] 
2014-03-20T17:30:22.598-0500: 795.053: Total time for which application threads were stopped: 0.0096360 seconds
2014-03-20T17:30:22.903-0500: 795.358: [GC
Desired survivor size 8388608 bytes, new threshold 1 (max 15)
 [PSYoungGen: 685152K->2240K(691200K)] 999722K->316946K(2089472K), 0.0082100 secs] [Times: user=0.07 sys=0.00, real=0.01 secs] 
2014-03-20T17:30:22.912-0500: 795.366: Total time for which application threads were stopped: 0.0095450 seconds
2014-03-20T17:30:23.235-0500: 795.690: [GC
Desired survivor size 7864320 bytes, new threshold 1 (max 15)
 [PSYoungGen: 685248K->2240K(691200K)] 999954K->317082K(2089472K), 0.0080470 secs] [Times: user=0.08 sys=0.00, real=0.00 secs] 
2014-03-20T17:30:23.244-0500: 795.698: Total time for which application threads were stopped: 0.0090920 seconds
2014-03-20T17:30:23.564-0500: 796.019: [GC
Desired survivor size 7864320 bytes, new threshold 1 (max 15)
 [PSYoungGen: 685248K->2304K(691712K)] 1000090K->317290K(2089984K), 0.0082190 secs] [Times: user=0.08 sys=0.00, real=0.01 secs] 
2014-03-20T17:30:23.573-0500: 796.028: Total time for which application threads were stopped: 0.0094800 seconds
2014-03-20T17:30:23.901-0500: 796.356: [GC
Desired survivor size 7864320 bytes, new threshold 1 (max 15)
 [PSYoungGen: 686336K->2464K(691712K)] 1001322K->317594K(2089984K), 0.0101600 secs] [Times: user=0.08 sys=0.00, real=0.01 secs] 
2014-03-20T17:30:23.911-0500: 796.366: Total time for which application threads were stopped: 0.0115070 seconds
2014-03-20T17:30:24.231-0500: 796.686: [GC
Desired survivor size 7340032 bytes, new threshold 1 (max 15)
 [PSYoungGen: 686496K->2528K(692224K)] 1001626K->317802K(2090496K), 0.0087490 secs] [Times: user=0.09 sys=0.00, real=0.01 secs] 
2014-03-20T17:30:24.240-0500: 796.695: Total time for which application threads were stopped: 0.0100560 seconds
2014-03-20T17:30:24.556-0500: 797.011: [GC
Desired survivor size 7340032 bytes, new threshold 1 (max 15)
 [PSYoungGen: 687072K->2624K(691712K)] 1002346K->318042K(2089984K), 0.0087330 secs] [Times: user=0.09 sys=0.00, real=0.00 secs] 
2014-03-20T17:30:24.565-0500: 797.020: Total time for which application threads were stopped: 0.0097150 seconds
2014-03-20T17:30:24.874-0500: 797.329: [GC
Desired survivor size 6815744 bytes, new threshold 1 (max 15)
 [PSYoungGen: 687168K->2656K(692736K)] 1002586K->318218K(2091008K), 0.0081960 secs] [Times: user=0.08 sys=0.01, real=0.01 secs] 
2014-03-20T17:30:24.883-0500: 797.338: Total time for which application threads were stopped: 0.0095300 seconds
2014-03-20T17:30:25.194-0500: 797.648: [GC
Desired survivor size 6815744 bytes, new threshold 1 (max 15)
 [PSYoungGen: 688224K->2656K(692224K)] 1003786K->318362K(2090496K), 0.0085690 secs] [Times: user=0.09 sys=0.00, real=0.01 secs] 
2014-03-20T17:30:25.203-0500: 797.657: Total time for which application threads were stopped: 0.0096490 seconds
2014-03-20T17:30:25.521-0500: 797.976: [GC
Desired survivor size 6291456 bytes, new threshold 1 (max 15)
 [PSYoungGen: 688224K->2816K(693248K)] 1003930K->318658K(2091520K), 0.0087820 secs] [Times: user=0.08 sys=0.01, real=0.01 secs] 
2014-03-20T17:30:25.530-0500: 797.985: Total time for which application threads were stopped: 0.0101230 seconds
2014-03-20T17:30:25.850-0500: 798.305: [GC
Desired survivor size 6291456 bytes, new threshold 1 (max 15)
 [PSYoungGen: 689408K->2976K(692736K)] 1005250K->318962K(2091008K), 0.0083780 secs] [Times: user=0.08 sys=0.01, real=0.01 secs] 
2014-03-20T17:30:25.859-0500: 798.314: Total time for which application threads were stopped: 0.0096590 seconds
2014-03-20T17:30:26.171-0500: 798.626: [GC
Desired survivor size 5767168 bytes, new threshold 1 (max 15)
 [PSYoungGen: 689568K->3104K(693760K)] 1005554K->319226K(2092032K), 0.0084760 secs] [Times: user=0.08 sys=0.00, real=0.01 secs] 
2014-03-20T17:30:26.180-0500: 798.635: Total time for which application threads were stopped: 0.0097730 seconds
2014-03-20T17:30:26.492-0500: 798.947: [GC
Desired survivor size 5767168 bytes, new threshold 1 (max 15)
 [PSYoungGen: 690720K->3200K(693248K)] 1006842K->319466K(2091520K), 0.0079390 secs] [Times: user=0.07 sys=0.00, real=0.01 secs] 
2014-03-20T17:30:26.500-0500: 798.955: Total time for which application threads were stopped: 0.0090270 seconds
2014-03-20T17:30:26.825-0500: 799.279: [GC
Desired survivor size 5767168 bytes, new threshold 1 (max 15)
 [PSYoungGen: 690816K->3392K(693760K)] 1007082K->319794K(2092032K), 0.0088120 secs] [Times: user=0.09 sys=0.00, real=0.01 secs] 
2014-03-20T17:30:26.834-0500: 799.288: Total time for which application threads were stopped: 0.0100660 seconds
2014-03-20T17:30:27.139-0500: 799.594: [GC
Desired survivor size 5242880 bytes, new threshold 1 (max 15)
 [PSYoungGen: 691520K->3520K(693760K)] 1007922K->320066K(2092032K), 0.0087750 secs] [Times: user=0.08 sys=0.00, real=0.01 secs] 
2014-03-20T17:30:27.148-0500: 799.603: Total time for which application threads were stopped: 0.0099360 seconds
2014-03-20T17:30:27.472-0500: 799.927: [GC
Desired survivor size 5242880 bytes, new threshold 1 (max 15)
 [PSYoungGen: 691648K->3616K(694272K)] 1008194K->320290K(2092544K), 0.0096460 secs] [Times: user=0.07 sys=0.00, real=0.01 secs] 
2014-03-20T17:30:27.482-0500: 799.937: Total time for which application threads were stopped: 0.0111180 seconds
2014-03-20T17:30:27.812-0500: 800.266: [GC
Desired survivor size 5767168 bytes, new threshold 1 (max 15)
 [PSYoungGen: 692768K->3808K(693248K)] 1009442K->320626K(2091520K), 0.0095470 secs] [Times: user=0.08 sys=0.00, real=0.01 secs] 
2014-03-20T17:30:27.821-0500: 800.276: Total time for which application threads were stopped: 0.0105210 seconds
2014-03-20T17:30:28.148-0500: 800.603: [GC
Desired survivor size 5767168 bytes, new threshold 1 (max 15)
 [PSYoungGen: 692960K->4000K(693760K)] 1009778K->320962K(2092032K), 0.0082900 secs] [Times: user=0.07 sys=0.00, real=0.01 secs] 
2014-03-20T17:30:28.157-0500: 800.612: Total time for which application threads were stopped: 0.0096120 seconds
2014-03-20T17:30:28.494-0500: 800.949: [GC
Desired survivor size 5767168 bytes, new threshold 1 (max 15)
 [PSYoungGen: 692128K->4096K(693760K)] 1009090K->321202K(2092032K), 0.0087940 secs] [Times: user=0.08 sys=0.00, real=0.01 secs] 
2014-03-20T17:30:28.503-0500: 800.958: Total time for which application threads were stopped: 0.0098400 seconds
2014-03-20T17:30:28.836-0500: 801.291: [GC
Desired survivor size 5767168 bytes, new threshold 1 (max 15)
 [PSYoungGen: 692224K->4256K(693760K)] 1009330K->321506K(2092032K), 0.0088190 secs] [Times: user=0.08 sys=0.00, real=0.01 secs] 
2014-03-20T17:30:28.845-0500: 801.300: Total time for which application threads were stopped: 0.0101750 seconds
2014-03-20T17:30:29.162-0500: 801.616: [GC
Desired survivor size 5767168 bytes, new threshold 1 (max 15)
 [PSYoungGen: 692384K->4384K(693760K)] 1009634K->321770K(2092032K), 0.0088340 secs] [Times: user=0.08 sys=0.00, real=0.01 secs] 
2014-03-20T17:30:29.171-0500: 801.626: Total time for which application threads were stopped: 0.0100920 seconds
2014-03-20T17:30:29.511-0500: 801.966: [GC
Desired survivor size 6291456 bytes, new threshold 1 (max 15)
 [PSYoungGen: 692512K->4608K(692736K)] 1009898K->322130K(2091008K), 0.0097150 secs] [Times: user=0.07 sys=0.01, real=0.01 secs] 
2014-03-20T17:30:29.521-0500: 801.976: Total time for which application threads were stopped: 0.0111000 seconds
2014-03-20T17:30:29.879-0500: 802.334: [GC
Desired survivor size 6291456 bytes, new threshold 1 (max 15)
 [PSYoungGen: 691712K->4736K(693248K)] 1009234K->322402K(2091520K), 0.0089840 secs] [Times: user=0.09 sys=0.00, real=0.01 secs] 
2014-03-20T17:30:29.889-0500: 802.343: Total time for which application threads were stopped: 0.0102450 seconds
2014-03-20T17:30:30.218-0500: 802.672: [GC
Desired survivor size 6291456 bytes, new threshold 1 (max 15)
 [PSYoungGen: 691840K->4832K(693248K)] 1009506K->322634K(2091520K), 0.0084860 secs] [Times: user=0.08 sys=0.00, real=0.01 secs] 
2014-03-20T17:30:30.227-0500: 802.681: Total time for which application threads were stopped: 0.0099750 seconds
2014-03-20T17:30:30.553-0500: 803.008: [GC
Desired survivor size 6815744 bytes, new threshold 1 (max 15)
 [PSYoungGen: 691936K->4992K(692224K)] 1009738K->322930K(2090496K), 0.0088270 secs] [Times: user=0.08 sys=0.01, real=0.01 secs] 
2014-03-20T17:30:30.562-0500: 803.017: Total time for which application threads were stopped: 0.0098910 seconds
2014-03-20T17:30:30.876-0500: 803.330: [GC
Desired survivor size 6815744 bytes, new threshold 1 (max 15)
 [PSYoungGen: 692096K->5024K(692736K)] 1010034K->323090K(2091008K), 0.0078830 secs] [Times: user=0.07 sys=0.00, real=0.01 secs] 
2014-03-20T17:30:30.884-0500: 803.339: Total time for which application threads were stopped: 0.0089910 seconds
2014-03-20T17:30:31.204-0500: 803.659: [GC
Desired survivor size 6815744 bytes, new threshold 1 (max 15)
 [PSYoungGen: 691104K->5216K(692736K)] 1009170K->323426K(2091008K), 0.0088940 secs] [Times: user=0.09 sys=0.00, real=0.01 secs] 
2014-03-20T17:30:31.213-0500: 803.668: Total time for which application threads were stopped: 0.0100380 seconds
2014-03-20T17:30:31.539-0500: 803.994: [GC
Desired survivor size 7340032 bytes, new threshold 1 (max 15)
 [PSYoungGen: 691296K->5184K(691712K)] 1009506K->323530K(2089984K), 0.0128970 secs] [Times: user=0.07 sys=0.01, real=0.01 secs] 
2014-03-20T17:30:31.552-0500: 804.007: Total time for which application threads were stopped: 0.0144540 seconds
2014-03-20T17:30:31.677-0500: 804.131: Total time for which application threads were stopped: 0.0008780 seconds
2014-03-20T17:30:31.882-0500: 804.337: [GC
Desired survivor size 7340032 bytes, new threshold 1 (max 15)
 [PSYoungGen: 690240K->5280K(692224K)] 1008586K->323762K(2090496K), 0.0085960 secs] [Times: user=0.09 sys=0.00, real=0.01 secs] 
2014-03-20T17:30:31.891-0500: 804.346: Total time for which application threads were stopped: 0.0096600 seconds
2014-03-20T17:30:32.219-0500: 804.673: [GC
Desired survivor size 7340032 bytes, new threshold 1 (max 15)
 [PSYoungGen: 690336K->5344K(692224K)] 1008818K->323970K(2090496K), 0.0084110 secs] [Times: user=0.09 sys=0.00, real=0.01 secs] 
2014-03-20T17:30:32.227-0500: 804.682: Total time for which application threads were stopped: 0.0096910 seconds
2014-03-20T17:30:32.545-0500: 805.000: [GC
Desired survivor size 7340032 bytes, new threshold 1 (max 15)
 [PSYoungGen: 690400K->5504K(692224K)] 1009026K->324266K(2090496K), 0.0088440 secs] [Times: user=0.09 sys=0.00, real=0.01 secs] 
2014-03-20T17:30:32.555-0500: 805.009: Total time for which application threads were stopped: 0.0098310 seconds
2014-03-20T17:30:32.863-0500: 805.318: [GC
Desired survivor size 7864320 bytes, new threshold 1 (max 15)
 [PSYoungGen: 690560K->5568K(691200K)] 1009322K->324466K(2089472K), 0.0088470 secs] [Times: user=0.09 sys=0.00, real=0.01 secs] 
2014-03-20T17:30:32.873-0500: 805.327: Total time for which application threads were stopped: 0.0100550 seconds
2014-03-20T17:30:33.193-0500: 805.648: [GC
Desired survivor size 7864320 bytes, new threshold 1 (max 15)
 [PSYoungGen: 689600K->5696K(691712K)] 1008498K->324738K(2089984K), 0.0090200 secs] [Times: user=0.08 sys=0.00, real=0.01 secs] 
2014-03-20T17:30:33.202-0500: 805.657: Total time for which application threads were stopped: 0.0102210 seconds
2014-03-20T17:30:33.539-0500: 805.994: [GC
Desired survivor size 7864320 bytes, new threshold 1 (max 15)
 [PSYoungGen: 689728K->5760K(691712K)] 1008770K->324946K(2089984K), 0.0092630 secs] [Times: user=0.09 sys=0.00, real=0.01 secs] 
2014-03-20T17:30:33.549-0500: 806.004: Total time for which application threads were stopped: 0.0105630 seconds
2014-03-20T17:30:33.878-0500: 806.333: [GC
Desired survivor size 7864320 bytes, new threshold 1 (max 15)
 [PSYoungGen: 689792K->5856K(691712K)] 1008978K->325178K(2089984K), 0.0085300 secs] [Times: user=0.08 sys=0.00, real=0.01 secs] 
2014-03-20T17:30:33.887-0500: 806.342: Total time for which application threads were stopped: 0.0097030 seconds
2014-03-20T17:30:34.196-0500: 806.651: [GC
Desired survivor size 8388608 bytes, new threshold 1 (max 15)
 [PSYoungGen: 689888K->2048K(690688K)] 1009210K->321514K(2088960K), 0.0086010 secs] [Times: user=0.08 sys=0.00, real=0.00 secs] 
2014-03-20T17:30:34.205-0500: 806.660: Total time for which application threads were stopped: 0.0098580 seconds
2014-03-20T17:30:34.519-0500: 806.974: [GC
Desired survivor size 8388608 bytes, new threshold 1 (max 15)
 [PSYoungGen: 685056K->2144K(691200K)] 1004522K->321770K(2089472K), 0.0089300 secs] [Times: user=0.08 sys=0.00, real=0.01 secs] 
2014-03-20T17:30:34.529-0500: 806.983: Total time for which application threads were stopped: 0.0099780 seconds
2014-03-20T17:30:34.840-0500: 807.294: [GC
Desired survivor size 8388608 bytes, new threshold 1 (max 15)
 [PSYoungGen: 685150K->2144K(691200K)] 1004777K->321874K(2089472K), 0.0087770 secs] [Times: user=0.06 sys=0.00, real=0.01 secs] 
2014-03-20T17:30:34.849-0500: 807.303: Total time for which application threads were stopped: 0.0099920 seconds
2014-03-20T17:30:35.170-0500: 807.625: [GC
Desired survivor size 8388608 bytes, new threshold 1 (max 15)
 [PSYoungGen: 685152K->2208K(691200K)] 1004882K->322034K(2089472K), 0.0089950 secs] [Times: user=0.06 sys=0.00, real=0.01 secs] 
2014-03-20T17:30:35.179-0500: 807.634: Total time for which application threads were stopped: 0.0101390 seconds
2014-03-20T17:30:35.484-0500: 807.939: [GC
Desired survivor size 8388608 bytes, new threshold 1 (max 15)
 [PSYoungGen: 685216K->2272K(691200K)] 1005042K->322234K(2089472K), 0.0082240 secs] [Times: user=0.08 sys=0.01, real=0.01 secs] 
2014-03-20T17:30:35.493-0500: 807.947: Total time for which application threads were stopped: 0.0095520 seconds
2014-03-20T17:30:35.823-0500: 808.278: [GC
Desired survivor size 7864320 bytes, new threshold 1 (max 15)
 [PSYoungGen: 685280K->2304K(691200K)] 1005242K->322410K(2089472K), 0.0090360 secs] [Times: user=0.09 sys=0.00, real=0.01 secs] 
2014-03-20T17:30:35.833-0500: 808.287: Total time for which application threads were stopped: 0.0101910 seconds
2014-03-20T17:30:36.143-0500: 808.598: [GC
Desired survivor size 7864320 bytes, new threshold 1 (max 15)
 [PSYoungGen: 685312K->2400K(691712K)] 1005418K->322642K(2089984K), 0.0088750 secs] [Times: user=0.08 sys=0.01, real=0.01 secs] 
2014-03-20T17:30:36.152-0500: 808.607: Total time for which application threads were stopped: 0.0101790 seconds
2014-03-20T17:30:36.463-0500: 808.918: [GC
Desired survivor size 7864320 bytes, new threshold 1 (max 15)
 [PSYoungGen: 686432K->2464K(691712K)] 1006674K->322850K(2089984K), 0.0090210 secs] [Times: user=0.07 sys=0.01, real=0.01 secs] 
2014-03-20T17:30:36.472-0500: 808.927: Total time for which application threads were stopped: 0.0102530 seconds
2014-03-20T17:30:36.785-0500: 809.240: [GC
Desired survivor size 7340032 bytes, new threshold 1 (max 15)
 [PSYoungGen: 686496K->2528K(692224K)] 1006882K->323050K(2090496K), 0.0098850 secs] [Times: user=0.08 sys=0.00, real=0.01 secs] 
2014-03-20T17:30:36.795-0500: 809.250: Total time for which application threads were stopped: 0.0111100 seconds
2014-03-20T17:30:37.099-0500: 809.553: [GC
Desired survivor size 7340032 bytes, new threshold 1 (max 15)
 [PSYoungGen: 687072K->2592K(691712K)] 1007594K->323258K(2089984K), 0.0116870 secs] [Times: user=0.08 sys=0.00, real=0.01 secs] 
2014-03-20T17:30:37.111-0500: 809.565: Total time for which application threads were stopped: 0.0127880 seconds
2014-03-20T17:30:37.433-0500: 809.888: [GC
Desired survivor size 6815744 bytes, new threshold 1 (max 15)
 [PSYoungGen: 687136K->2688K(692736K)] 1007802K->323490K(2091008K), 0.0087050 secs] [Times: user=0.09 sys=0.00, real=0.01 secs] 
2014-03-20T17:30:37.442-0500: 809.897: Total time for which application threads were stopped: 0.0100120 seconds
2014-03-20T17:30:37.768-0500: 810.222: [GC
Desired survivor size 6815744 bytes, new threshold 1 (max 15)
 [PSYoungGen: 688256K->2752K(692224K)] 1009058K->323698K(2090496K), 0.0086940 secs] [Times: user=0.09 sys=0.00, real=0.00 secs] 
2014-03-20T17:30:37.776-0500: 810.231: Total time for which application threads were stopped: 0.0099280 seconds
2014-03-20T17:30:38.077-0500: 810.532: [GC
Desired survivor size 6291456 bytes, new threshold 1 (max 15)
 [PSYoungGen: 688320K->2816K(693248K)] 1009266K->323890K(2091520K), 0.0088780 secs] [Times: user=0.07 sys=0.00, real=0.01 secs] 
2014-03-20T17:30:38.086-0500: 810.541: Total time for which application threads were stopped: 0.0100590 seconds
2014-03-20T17:30:38.394-0500: 810.849: [GC
Desired survivor size 6291456 bytes, new threshold 1 (max 15)
 [PSYoungGen: 689408K->3040K(692736K)] 1010482K->324250K(2091008K), 0.0080890 secs] [Times: user=0.07 sys=0.00, real=0.01 secs] 
2014-03-20T17:30:38.402-0500: 810.857: Total time for which application threads were stopped: 0.0092220 seconds
2014-03-20T17:30:38.724-0500: 811.178: [GC
Desired survivor size 5767168 bytes, new threshold 1 (max 15)
 [PSYoungGen: 689632K->3072K(693760K)] 1010842K->324426K(2092032K), 0.0085180 secs] [Times: user=0.07 sys=0.01, real=0.01 secs] 
2014-03-20T17:30:38.732-0500: 811.187: Total time for which application threads were stopped: 0.0099350 seconds
2014-03-20T17:30:39.040-0500: 811.495: [GC
Desired survivor size 5767168 bytes, new threshold 1 (max 15)
 [PSYoungGen: 690688K->3232K(693248K)] 1012042K->324722K(2091520K), 0.0081610 secs] [Times: user=0.08 sys=0.00, real=0.01 secs] 
2014-03-20T17:30:39.049-0500: 811.503: Total time for which application threads were stopped: 0.0092800 seconds
2014-03-20T17:30:39.357-0500: 811.811: [GC
Desired survivor size 5767168 bytes, new threshold 1 (max 15)
 [PSYoungGen: 690848K->3392K(693760K)] 1012338K->325026K(2092032K), 0.0091080 secs] [Times: user=0.08 sys=0.00, real=0.01 secs] 
2014-03-20T17:30:39.366-0500: 811.821: Total time for which application threads were stopped: 0.0103300 seconds
2014-03-20T17:30:39.718-0500: 812.173: [GC
Desired survivor size 5767168 bytes, new threshold 1 (max 15)
 [PSYoungGen: 691520K->3616K(693760K)] 1013154K->325394K(2092032K), 0.0090580 secs] [Times: user=0.08 sys=0.01, real=0.00 secs] 
2014-03-20T17:30:39.727-0500: 812.182: Total time for which application threads were stopped: 0.0102280 seconds
2014-03-20T17:30:40.042-0500: 812.497: [GC
Desired survivor size 5767168 bytes, new threshold 1 (max 15)
 [PSYoungGen: 691744K->3648K(693760K)] 1013522K->325570K(2092032K), 0.0087950 secs] [Times: user=0.08 sys=0.00, real=0.01 secs] 
2014-03-20T17:30:40.051-0500: 812.506: Total time for which application threads were stopped: 0.0103650 seconds
2014-03-20T17:30:40.385-0500: 812.840: [GC
Desired survivor size 5767168 bytes, new threshold 1 (max 15)
 [PSYoungGen: 691776K->3776K(693760K)] 1013698K->325842K(2092032K), 0.0092140 secs] [Times: user=0.08 sys=0.00, real=0.01 secs] 
2014-03-20T17:30:40.395-0500: 812.849: Total time for which application threads were stopped: 0.0103580 seconds
2014-03-20T17:30:40.712-0500: 813.167: [GC
Desired survivor size 5767168 bytes, new threshold 1 (max 15)
 [PSYoungGen: 691904K->3936K(693760K)] 1013970K->326146K(2092032K), 0.0088030 secs] [Times: user=0.09 sys=0.00, real=0.01 secs] 
2014-03-20T17:30:40.721-0500: 813.176: Total time for which application threads were stopped: 0.0100710 seconds
2014-03-20T17:30:41.040-0500: 813.494: [GC
Desired survivor size 5767168 bytes, new threshold 1 (max 15)
 [PSYoungGen: 692064K->4032K(693760K)] 1014274K->326386K(2092032K), 0.0089750 secs] [Times: user=0.09 sys=0.00, real=0.01 secs] 
2014-03-20T17:30:41.049-0500: 813.504: Total time for which application threads were stopped: 0.0099890 seconds
2014-03-20T17:30:41.372-0500: 813.827: [GC
Desired survivor size 5767168 bytes, new threshold 1 (max 15)
 [PSYoungGen: 692160K->4192K(693760K)] 1014514K->326690K(2092032K), 0.0089310 secs] [Times: user=0.09 sys=0.00, real=0.01 secs] 
2014-03-20T17:30:41.382-0500: 813.836: Total time for which application threads were stopped: 0.0104200 seconds
2014-03-20T17:30:41.718-0500: 814.173: [GC
Desired survivor size 5767168 bytes, new threshold 1 (max 15)
 [PSYoungGen: 692320K->4320K(693760K)] 1014818K->326954K(2092032K), 0.0088370 secs] [Times: user=0.09 sys=0.00, real=0.01 secs] 
2014-03-20T17:30:41.727-0500: 814.182: Total time for which application threads were stopped: 0.0099810 seconds
2014-03-20T17:30:42.042-0500: 814.497: [GC
Desired survivor size 5767168 bytes, new threshold 1 (max 15)
 [PSYoungGen: 692448K->4480K(693760K)] 1015082K->327258K(2092032K), 0.0080890 secs] [Times: user=0.07 sys=0.00, real=0.01 secs] 
2014-03-20T17:30:42.051-0500: 814.505: Total time for which application threads were stopped: 0.0093950 seconds
2014-03-20T17:30:42.370-0500: 814.825: [GC
Desired survivor size 6291456 bytes, new threshold 1 (max 15)
 [PSYoungGen: 692608K->4576K(692736K)] 1015386K->327498K(2091008K), 0.0085810 secs] [Times: user=0.09 sys=0.00, real=0.01 secs] 
2014-03-20T17:30:42.379-0500: 814.833: Total time for which application threads were stopped: 0.0098090 seconds
2014-03-20T17:30:42.691-0500: 815.145: [GC
Desired survivor size 6291456 bytes, new threshold 1 (max 15)
 [PSYoungGen: 692704K->4768K(693248K)] 1015626K->327834K(2091520K), 0.0089870 secs] [Times: user=0.09 sys=0.00, real=0.01 secs] 
2014-03-20T17:30:42.700-0500: 815.154: Total time for which application threads were stopped: 0.0101370 seconds
2014-03-20T17:30:43.009-0500: 815.464: [GC
Desired survivor size 6291456 bytes, new threshold 1 (max 15)
 [PSYoungGen: 691872K->4864K(693248K)] 1014938K->328066K(2091520K), 0.0082750 secs] [Times: user=0.07 sys=0.00, real=0.01 secs] 
2014-03-20T17:30:43.017-0500: 815.472: Total time for which application threads were stopped: 0.0094210 seconds
2014-03-20T17:30:43.335-0500: 815.790: [GC
Desired survivor size 6815744 bytes, new threshold 1 (max 15)
 [PSYoungGen: 691968K->5024K(692224K)] 1015170K->328362K(2090496K), 0.0086040 secs] [Times: user=0.08 sys=0.00, real=0.01 secs] 
2014-03-20T17:30:43.344-0500: 815.799: Total time for which application threads were stopped: 0.0099050 seconds
2014-03-20T17:30:43.661-0500: 816.116: [GC
Desired survivor size 6815744 bytes, new threshold 1 (max 15)
 [PSYoungGen: 691104K->5088K(692736K)] 1014442K->328562K(2091008K), 0.0087230 secs] [Times: user=0.08 sys=0.01, real=0.01 secs] 
2014-03-20T17:30:43.670-0500: 816.125: Total time for which application threads were stopped: 0.0097860 seconds
2014-03-20T17:30:43.984-0500: 816.438: [GC
Desired survivor size 6815744 bytes, new threshold 1 (max 15)
 [PSYoungGen: 691168K->5216K(692736K)] 1014642K->328826K(2091008K), 0.0089460 secs] [Times: user=0.08 sys=0.00, real=0.01 secs] 
2014-03-20T17:30:43.993-0500: 816.447: Total time for which application threads were stopped: 0.0104140 seconds
2014-03-20T17:30:44.309-0500: 816.764: [GC
Desired survivor size 7340032 bytes, new threshold 1 (max 15)
 [PSYoungGen: 691296K->5376K(691712K)] 1014906K->329130K(2089984K), 0.0087720 secs] [Times: user=0.09 sys=0.00, real=0.01 secs] 
2014-03-20T17:30:44.318-0500: 816.773: Total time for which application threads were stopped: 0.0098220 seconds
2014-03-20T17:30:44.635-0500: 817.090: [GC
Desired survivor size 7340032 bytes, new threshold 1 (max 15)
 [PSYoungGen: 691456K->5376K(692224K)] 1015210K->329266K(2090496K), 0.0083700 secs] [Times: user=0.08 sys=0.00, real=0.01 secs] 
2014-03-20T17:30:44.644-0500: 817.099: Total time for which application threads were stopped: 0.0095810 seconds
2014-03-20T17:30:44.974-0500: 817.429: [GC
Desired survivor size 7340032 bytes, new threshold 1 (max 15)
 [PSYoungGen: 690432K->5536K(692224K)] 1014322K->329562K(2090496K), 0.0081250 secs] [Times: user=0.07 sys=0.00, real=0.01 secs] 
2014-03-20T17:30:44.983-0500: 817.437: Total time for which application threads were stopped: 0.0092710 seconds
2014-03-20T17:30:45.291-0500: 817.745: [GC
Desired survivor size 7864320 bytes, new threshold 1 (max 15)
 [PSYoungGen: 690592K->5664K(691200K)] 1014618K->329834K(2089472K), 0.0089070 secs] [Times: user=0.09 sys=0.00, real=0.01 secs] 
2014-03-20T17:30:45.300-0500: 817.754: Total time for which application threads were stopped: 0.0103930 seconds
2014-03-20T17:30:45.627-0500: 818.081: [GC
Desired survivor size 7864320 bytes, new threshold 1 (max 15)
 [PSYoungGen: 689696K->5728K(691712K)] 1013866K->330042K(2089984K), 0.0086330 secs] [Times: user=0.08 sys=0.00, real=0.01 secs] 
2014-03-20T17:30:45.635-0500: 818.090: Total time for which application threads were stopped: 0.0096940 seconds
2014-03-20T17:30:45.958-0500: 818.412: [GC
Desired survivor size 7864320 bytes, new threshold 1 (max 15)
 [PSYoungGen: 689759K->5728K(691712K)] 1014074K->330186K(2089984K), 0.0087560 secs] [Times: user=0.08 sys=0.00, real=0.01 secs] 
2014-03-20T17:30:45.967-0500: 818.422: Total time for which application threads were stopped: 0.0103080 seconds
2014-03-20T17:30:46.294-0500: 818.748: [GC
Desired survivor size 7864320 bytes, new threshold 1 (max 15)
 [PSYoungGen: 689760K->5792K(691712K)] 1014218K->330394K(2089984K), 0.0088450 secs] [Times: user=0.09 sys=0.00, real=0.01 secs] 
2014-03-20T17:30:46.303-0500: 818.757: Total time for which application threads were stopped: 0.0099720 seconds
2014-03-20T17:30:46.614-0500: 819.069: [GC
Desired survivor size 8388608 bytes, new threshold 1 (max 15)
 [PSYoungGen: 689824K->2080K(690688K)] 1014426K->326826K(2088960K), 0.0085480 secs] [Times: user=0.08 sys=0.00, real=0.01 secs] 
2014-03-20T17:30:46.623-0500: 819.078: Total time for which application threads were stopped: 0.0099020 seconds
2014-03-20T17:30:46.933-0500: 819.388: [GC
Desired survivor size 8388608 bytes, new threshold 1 (max 15)
 [PSYoungGen: 685088K->2144K(691200K)] 1009834K->327034K(2089472K), 0.0085590 secs] [Times: user=0.08 sys=0.00, real=0.01 secs] 
2014-03-20T17:30:46.942-0500: 819.397: Total time for which application threads were stopped: 0.0097520 seconds
2014-03-20T17:30:47.254-0500: 819.709: [GC
Desired survivor size 8388608 bytes, new threshold 1 (max 15)
 [PSYoungGen: 685152K->2144K(691200K)] 1010042K->327170K(2089472K), 0.0078780 secs] [Times: user=0.07 sys=0.00, real=0.01 secs] 
2014-03-20T17:30:47.262-0500: 819.717: Total time for which application threads were stopped: 0.0090710 seconds
2014-03-20T17:30:47.584-0500: 820.039: [GC
Desired survivor size 8388608 bytes, new threshold 1 (max 15)
 [PSYoungGen: 685152K->2176K(691200K)] 1010178K->327338K(2089472K), 0.0082290 secs] [Times: user=0.07 sys=0.00, real=0.01 secs] 
2014-03-20T17:30:47.593-0500: 820.047: Total time for which application threads were stopped: 0.0092480 seconds
2014-03-20T17:30:47.934-0500: 820.388: [GC
Desired survivor size 8388608 bytes, new threshold 1 (max 15)
 [PSYoungGen: 685184K->2304K(691200K)] 1010346K->327610K(2089472K), 0.0087210 secs] [Times: user=0.09 sys=0.01, real=0.01 secs] 
2014-03-20T17:30:47.943-0500: 820.397: Total time for which application threads were stopped: 0.0099130 seconds
2014-03-20T17:30:48.261-0500: 820.715: [GC
Desired survivor size 7864320 bytes, new threshold 1 (max 15)
 [PSYoungGen: 685312K->2688K(691200K)] 1010618K->328130K(2089472K), 0.0089160 secs] [Times: user=0.09 sys=0.00, real=0.01 secs] 
2014-03-20T17:30:48.270-0500: 820.725: Total time for which application threads were stopped: 0.0100140 seconds
2014-03-20T17:30:48.595-0500: 821.050: [GC
Desired survivor size 7864320 bytes, new threshold 1 (max 15)
 [PSYoungGen: 685696K->2368K(691712K)] 1011138K->328250K(2089984K), 0.0088360 secs] [Times: user=0.09 sys=0.00, real=0.01 secs] 
2014-03-20T17:30:48.604-0500: 821.059: Total time for which application threads were stopped: 0.0101810 seconds
2014-03-20T17:30:48.922-0500: 821.377: [GC
Desired survivor size 7864320 bytes, new threshold 1 (max 15)
 [PSYoungGen: 686400K->2688K(691712K)] 1012282K->328762K(2089984K), 0.0086400 secs] [Times: user=0.08 sys=0.01, real=0.01 secs] 
2014-03-20T17:30:48.931-0500: 821.386: Total time for which application threads were stopped: 0.0096300 seconds
2014-03-20T17:30:49.236-0500: 821.691: [GC
Desired survivor size 7340032 bytes, new threshold 1 (max 15)
 [PSYoungGen: 686720K->2560K(692224K)] 1012794K->329130K(2090496K), 0.0086460 secs] [Times: user=0.08 sys=0.00, real=0.01 secs] 
2014-03-20T17:30:49.245-0500: 821.700: Total time for which application threads were stopped: 0.0099910 seconds
2014-03-20T17:30:49.557-0500: 822.012: [GC
Desired survivor size 7340032 bytes, new threshold 1 (max 15)
 [PSYoungGen: 687104K->3008K(691712K)] 1013674K->329714K(2089984K), 0.0090810 secs] [Times: user=0.09 sys=0.00, real=0.01 secs] 
2014-03-20T17:30:49.567-0500: 822.021: Total time for which application threads were stopped: 0.0101680 seconds
2014-03-20T17:30:49.913-0500: 822.368: [GC
Desired survivor size 6815744 bytes, new threshold 1 (max 15)
 [PSYoungGen: 687552K->2656K(692736K)] 1014258K->329898K(2091008K), 0.0096680 secs] [Times: user=0.08 sys=0.00, real=0.01 secs] 
2014-03-20T17:30:49.923-0500: 822.378: Total time for which application threads were stopped: 0.0110400 seconds
2014-03-20T17:30:50.242-0500: 822.697: [GC
Desired survivor size 6815744 bytes, new threshold 1 (max 15)
 [PSYoungGen: 688224K->2784K(692224K)] 1015466K->330170K(2090496K), 0.0079230 secs] [Times: user=0.07 sys=0.00, real=0.01 secs] 
2014-03-20T17:30:50.250-0500: 822.705: Total time for which application threads were stopped: 0.0090470 seconds
2014-03-20T17:30:50.566-0500: 823.021: [GC
Desired survivor size 6291456 bytes, new threshold 1 (max 15)
 [PSYoungGen: 688352K->2816K(693248K)] 1015738K->330338K(2091520K), 0.0087650 secs] [Times: user=0.08 sys=0.00, real=0.01 secs] 
2014-03-20T17:30:50.575-0500: 823.030: Total time for which application threads were stopped: 0.0100970 seconds
2014-03-20T17:30:50.890-0500: 823.345: [GC
Desired survivor size 6291456 bytes, new threshold 1 (max 15)
 [PSYoungGen: 689408K->3264K(692736K)] 1016930K->330946K(2091008K), 0.0088900 secs] [Times: user=0.09 sys=0.00, real=0.01 secs] 
2014-03-20T17:30:50.899-0500: 823.354: Total time for which application threads were stopped: 0.0100000 seconds
2014-03-20T17:30:51.210-0500: 823.665: [GC
Desired survivor size 6291456 bytes, new threshold 1 (max 15)
 [PSYoungGen: 689856K->3776K(693248K)] 1017538K->331906K(2091520K), 0.0089850 secs] [Times: user=0.09 sys=0.00, real=0.01 secs] 
2014-03-20T17:30:51.220-0500: 823.674: Total time for which application threads were stopped: 0.0102650 seconds
2014-03-20T17:30:51.544-0500: 823.999: [GC
Desired survivor size 5767168 bytes, new threshold 1 (max 15)
 [PSYoungGen: 690880K->3296K(693248K)] 1019010K->332266K(2091520K), 0.0093660 secs] [Times: user=0.10 sys=0.00, real=0.01 secs] 
2014-03-20T17:30:51.554-0500: 824.008: Total time for which application threads were stopped: 0.0105100 seconds
2014-03-20T17:30:51.878-0500: 824.332: [GC
Desired survivor size 5767168 bytes, new threshold 1 (max 15)
 [PSYoungGen: 690400K->3296K(693760K)] 1019370K->332442K(2092032K), 0.0103700 secs] [Times: user=0.12 sys=0.00, real=0.01 secs] 
2014-03-20T17:30:51.888-0500: 824.343: Total time for which application threads were stopped: 0.0118130 seconds
2014-03-20T17:30:52.197-0500: 824.652: [GC
Desired survivor size 5767168 bytes, new threshold 1 (max 15)
 [PSYoungGen: 691424K->3488K(693760K)] 1020570K->332778K(2092032K), 0.0088690 secs] [Times: user=0.07 sys=0.00, real=0.01 secs] 
2014-03-20T17:30:52.206-0500: 824.661: Total time for which application threads were stopped: 0.0100330 seconds
2014-03-20T17:30:52.524-0500: 824.979: [GC
Desired survivor size 5767168 bytes, new threshold 1 (max 15)
 [PSYoungGen: 691616K->3840K(693760K)] 1020906K->333266K(2092032K), 0.0087690 secs] [Times: user=0.08 sys=0.00, real=0.01 secs] 
2014-03-20T17:30:52.533-0500: 824.988: Total time for which application threads were stopped: 0.0100840 seconds
2014-03-20T17:30:52.843-0500: 825.298: [GC
Desired survivor size 5767168 bytes, new threshold 1 (max 15)
 [PSYoungGen: 691968K->3872K(693760K)] 1021394K->333722K(2092032K), 0.0092550 secs] [Times: user=0.09 sys=0.00, real=0.01 secs] 
2014-03-20T17:30:52.853-0500: 825.307: Total time for which application threads were stopped: 0.0104060 seconds
2014-03-20T17:30:53.169-0500: 825.624: [GC
Desired survivor size 5767168 bytes, new threshold 1 (max 15)
 [PSYoungGen: 692000K->3936K(693760K)] 1021850K->333970K(2092032K), 0.0118880 secs] [Times: user=0.14 sys=0.00, real=0.01 secs] 
2014-03-20T17:30:53.182-0500: 825.636: Total time for which application threads were stopped: 0.0131350 seconds
2014-03-20T17:30:53.499-0500: 825.954: [GC
Desired survivor size 5767168 bytes, new threshold 1 (max 15)
 [PSYoungGen: 692064K->4000K(693760K)] 1022098K->334178K(2092032K), 0.0091670 secs] [Times: user=0.10 sys=0.00, real=0.00 secs] 
2014-03-20T17:30:53.509-0500: 825.963: Total time for which application threads were stopped: 0.0103460 seconds
2014-03-20T17:30:53.852-0500: 826.307: [GC
Desired survivor size 5767168 bytes, new threshold 1 (max 15)
 [PSYoungGen: 692128K->4192K(693760K)] 1022306K->334514K(2092032K), 0.0087750 secs] [Times: user=0.09 sys=0.00, real=0.01 secs] 
2014-03-20T17:30:53.861-0500: 826.316: Total time for which application threads were stopped: 0.0100190 seconds
2014-03-20T17:30:54.183-0500: 826.638: [GC
Desired survivor size 5767168 bytes, new threshold 1 (max 15)
 [PSYoungGen: 692320K->4736K(693760K)] 1022642K->335195K(2092032K), 0.0091090 secs] [Times: user=0.09 sys=0.00, real=0.01 secs] 
2014-03-20T17:30:54.192-0500: 826.647: Total time for which application threads were stopped: 0.0102110 seconds
2014-03-20T17:30:54.506-0500: 826.960: [GC
Desired survivor size 6291456 bytes, new threshold 1 (max 15)
 [PSYoungGen: 692864K->4800K(692736K)] 1023323K->335819K(2091008K), 0.0092060 secs] [Times: user=0.09 sys=0.01, real=0.01 secs] 
2014-03-20T17:30:54.515-0500: 826.970: Total time for which application threads were stopped: 0.0104730 seconds
2014-03-20T17:30:54.834-0500: 827.289: [GC
Desired survivor size 6291456 bytes, new threshold 1 (max 15)
 [PSYoungGen: 691904K->4608K(693248K)] 1022923K->336115K(2091520K), 0.0096680 secs] [Times: user=0.11 sys=0.00, real=0.01 secs] 
2014-03-20T17:30:54.844-0500: 827.299: Total time for which application threads were stopped: 0.0107260 seconds
2014-03-20T17:30:55.167-0500: 827.621: [GC
Desired survivor size 6291456 bytes, new threshold 1 (max 15)
 [PSYoungGen: 691712K->5088K(693248K)] 1023219K->336739K(2091520K), 0.0118180 secs] [Times: user=0.11 sys=0.00, real=0.01 secs] 
2014-03-20T17:30:55.179-0500: 827.633: Total time for which application threads were stopped: 0.0130150 seconds
2014-03-20T17:30:55.498-0500: 827.953: [GC
Desired survivor size 6815744 bytes, new threshold 1 (max 15)
 [PSYoungGen: 692192K->4800K(692224K)] 1023843K->336955K(2090496K), 0.0087540 secs] [Times: user=0.09 sys=0.00, real=0.01 secs] 
2014-03-20T17:30:55.507-0500: 827.962: Total time for which application threads were stopped: 0.0099040 seconds
2014-03-20T17:30:55.833-0500: 828.288: [GC
Desired survivor size 6815744 bytes, new threshold 1 (max 15)
 [PSYoungGen: 691904K->5312K(692736K)] 1024059K->337611K(2091008K), 0.0158000 secs] [Times: user=0.13 sys=0.00, real=0.02 secs] 
2014-03-20T17:30:55.849-0500: 828.304: Total time for which application threads were stopped: 0.0170070 seconds
2014-03-20T17:30:56.161-0500: 828.616: [GC
Desired survivor size 6815744 bytes, new threshold 1 (max 15)
 [PSYoungGen: 691392K->5024K(692736K)] 1023691K->337819K(2091008K), 0.0105940 secs] [Times: user=0.11 sys=0.00, real=0.01 secs] 
2014-03-20T17:30:56.172-0500: 828.626: Total time for which application threads were stopped: 0.0118450 seconds
2014-03-20T17:30:56.477-0500: 828.932: [GC
Desired survivor size 7340032 bytes, new threshold 1 (max 15)
 [PSYoungGen: 691104K->5888K(691712K)] 1023899K->338843K(2089984K), 0.0101920 secs] [Times: user=0.11 sys=0.00, real=0.01 secs] 
2014-03-20T17:30:56.487-0500: 828.942: Total time for which application threads were stopped: 0.0114440 seconds
2014-03-20T17:30:56.796-0500: 829.250: [GC
Desired survivor size 7340032 bytes, new threshold 1 (max 15)
 [PSYoungGen: 690944K->5216K(692224K)] 1023899K->339051K(2090496K), 0.0097250 secs] [Times: user=0.11 sys=0.00, real=0.01 secs] 
2014-03-20T17:30:56.806-0500: 829.260: Total time for which application threads were stopped: 0.0110050 seconds
2014-03-20T17:30:57.114-0500: 829.568: [GC
Desired survivor size 7340032 bytes, new threshold 1 (max 15)
 [PSYoungGen: 690272K->5280K(692224K)] 1024107K->339259K(2090496K), 0.0146770 secs] [Times: user=0.11 sys=0.00, real=0.01 secs] 
2014-03-20T17:30:57.129-0500: 829.583: Total time for which application threads were stopped: 0.0160390 seconds
2014-03-20T17:30:57.447-0500: 829.902: [GC
Desired survivor size 7340032 bytes, new threshold 1 (max 15)
 [PSYoungGen: 690336K->5408K(692224K)] 1024315K->339531K(2090496K), 0.0093030 secs] [Times: user=0.09 sys=0.00, real=0.01 secs] 
2014-03-20T17:30:57.456-0500: 829.911: Total time for which application threads were stopped: 0.0104270 seconds
2014-03-20T17:30:57.784-0500: 830.239: [GC
Desired survivor size 7340032 bytes, new threshold 1 (max 15)
 [PSYoungGen: 690464K->5504K(692224K)] 1024587K->339771K(2090496K), 0.0092090 secs] [Times: user=0.10 sys=0.01, real=0.01 secs] 
2014-03-20T17:30:57.794-0500: 830.249: Total time for which application threads were stopped: 0.0105450 seconds
2014-03-20T17:30:58.093-0500: 830.548: [GC
Desired survivor size 7864320 bytes, new threshold 1 (max 15)
 [PSYoungGen: 690560K->5600K(690688K)] 1024827K->340011K(2088960K), 0.0105010 secs] [Times: user=0.12 sys=0.00, real=0.01 secs] 
2014-03-20T17:30:58.104-0500: 830.559: Total time for which application threads were stopped: 0.0116090 seconds
2014-03-20T17:30:58.434-0500: 830.889: [GC
Desired survivor size 7864320 bytes, new threshold 1 (max 15)
 [PSYoungGen: 690656K->5600K(691712K)] 1025067K->340155K(2089984K), 0.0109140 secs] [Times: user=0.12 sys=0.00, real=0.01 secs] 
2014-03-20T17:30:58.445-0500: 830.900: Total time for which application threads were stopped: 0.0122990 seconds
2014-03-20T17:30:58.752-0500: 831.207: [GC
Desired survivor size 7864320 bytes, new threshold 1 (max 15)
 [PSYoungGen: 689632K->6112K(691712K)] 1024187K->340803K(2089984K), 0.0107410 secs] [Times: user=0.13 sys=0.00, real=0.01 secs] 
2014-03-20T17:30:58.763-0500: 831.218: Total time for which application threads were stopped: 0.0120370 seconds
2014-03-20T17:30:59.078-0500: 831.532: [GC
Desired survivor size 7864320 bytes, new threshold 1 (max 15)
 [PSYoungGen: 690144K->5824K(691712K)] 1024835K->341019K(2089984K), 0.0096210 secs] [Times: user=0.10 sys=0.00, real=0.01 secs] 
2014-03-20T17:30:59.088-0500: 831.542: Total time for which application threads were stopped: 0.0110910 seconds
2014-03-20T17:30:59.401-0500: 831.856: [GC
Desired survivor size 8388608 bytes, new threshold 1 (max 15)
 [PSYoungGen: 689856K->1920K(686080K)] 1025051K->337275K(2084352K), 0.0100460 secs] [Times: user=0.11 sys=0.00, real=0.01 secs] 
2014-03-20T17:30:59.411-0500: 831.866: Total time for which application threads were stopped: 0.0111960 seconds
2014-03-20T17:30:59.749-0500: 832.204: [GC
Desired survivor size 8388608 bytes, new threshold 1 (max 15)
 [PSYoungGen: 685952K->2112K(691200K)] 1021307K->337611K(2089472K), 0.0100560 secs] [Times: user=0.11 sys=0.00, real=0.01 secs] 
2014-03-20T17:30:59.759-0500: 832.214: Total time for which application threads were stopped: 0.0114920 seconds
2014-03-20T17:31:00.072-0500: 832.527: [GC
Desired survivor size 8388608 bytes, new threshold 1 (max 15)
 [PSYoungGen: 685120K->2112K(691200K)] 1020619K->337747K(2089472K), 0.0098320 secs] [Times: user=0.10 sys=0.00, real=0.01 secs] 
2014-03-20T17:31:00.082-0500: 832.537: Total time for which application threads were stopped: 0.0108640 seconds
2014-03-20T17:31:00.418-0500: 832.872: [GC
Desired survivor size 8388608 bytes, new threshold 1 (max 15)
 [PSYoungGen: 685120K->2528K(691200K)] 1020755K->338307K(2089472K), 0.0101950 secs] [Times: user=0.11 sys=0.00, real=0.01 secs] 
2014-03-20T17:31:00.428-0500: 832.883: Total time for which application threads were stopped: 0.0113210 seconds
2014-03-20T17:31:00.740-0500: 833.195: [GC
Desired survivor size 8388608 bytes, new threshold 1 (max 15)
 [PSYoungGen: 685536K->2208K(691200K)] 1021315K->338499K(2089472K), 0.0097060 secs] [Times: user=0.11 sys=0.00, real=0.01 secs] 
2014-03-20T17:31:00.750-0500: 833.205: Total time for which application threads were stopped: 0.0108720 seconds
2014-03-20T17:31:01.067-0500: 833.522: [GC
Desired survivor size 8388608 bytes, new threshold 1 (max 15)
 [PSYoungGen: 685216K->2176K(691200K)] 1021507K->338611K(2089472K), 0.0101110 secs] [Times: user=0.11 sys=0.00, real=0.01 secs] 
2014-03-20T17:31:01.077-0500: 833.532: Total time for which application threads were stopped: 0.0112980 seconds
2014-03-20T17:31:01.383-0500: 833.838: [GC
Desired survivor size 7864320 bytes, new threshold 1 (max 15)
 [PSYoungGen: 685184K->2688K(691200K)] 1021619K->339259K(2089472K), 0.0098270 secs] [Times: user=0.10 sys=0.00, real=0.01 secs] 
2014-03-20T17:31:01.393-0500: 833.848: Total time for which application threads were stopped: 0.0107870 seconds
2014-03-20T17:31:01.738-0500: 834.193: [GC
Desired survivor size 7864320 bytes, new threshold 1 (max 15)
 [PSYoungGen: 685696K->2336K(691712K)] 1022267K->339395K(2089984K), 0.0099380 secs] [Times: user=0.11 sys=0.01, real=0.01 secs] 
2014-03-20T17:31:01.748-0500: 834.203: Total time for which application threads were stopped: 0.0114460 seconds
2014-03-20T17:31:02.071-0500: 834.526: [GC
Desired survivor size 7864320 bytes, new threshold 1 (max 15)
 [PSYoungGen: 686368K->2368K(691712K)] 1023427K->339563K(2089984K), 0.0100700 secs] [Times: user=0.11 sys=0.00, real=0.01 secs] 
2014-03-20T17:31:02.081-0500: 834.536: Total time for which application threads were stopped: 0.0112230 seconds
2014-03-20T17:31:02.394-0500: 834.849: [GC
Desired survivor size 7340032 bytes, new threshold 1 (max 15)
 [PSYoungGen: 686400K->2528K(692224K)] 1023595K->339859K(2090496K), 0.0099450 secs] [Times: user=0.11 sys=0.00, real=0.01 secs] 
2014-03-20T17:31:02.404-0500: 834.859: Total time for which application threads were stopped: 0.0111940 seconds
2014-03-20T17:31:02.724-0500: 835.178: [GC
Desired survivor size 7340032 bytes, new threshold 1 (max 15)
 [PSYoungGen: 687072K->2560K(691712K)] 1024403K->340027K(2089984K), 0.0101340 secs] [Times: user=0.11 sys=0.01, real=0.01 secs] 
2014-03-20T17:31:02.734-0500: 835.189: Total time for which application threads were stopped: 0.0111380 seconds
2014-03-20T17:31:03.051-0500: 835.506: [GC
Desired survivor size 6815744 bytes, new threshold 1 (max 15)
 [PSYoungGen: 687104K->2720K(692736K)] 1024571K->340323K(2091008K), 0.0098400 secs] [Times: user=0.11 sys=0.00, real=0.01 secs] 
2014-03-20T17:31:03.061-0500: 835.516: Total time for which application threads were stopped: 0.0109910 seconds
2014-03-20T17:31:03.379-0500: 835.833: [GC
Desired survivor size 6815744 bytes, new threshold 1 (max 15)
 [PSYoungGen: 688288K->2656K(692224K)] 1025891K->340395K(2090496K), 0.0100220 secs] [Times: user=0.11 sys=0.00, real=0.01 secs] 
2014-03-20T17:31:03.389-0500: 835.844: Total time for which application threads were stopped: 0.0177670 seconds
2014-03-20T17:31:03.714-0500: 836.169: [GC
Desired survivor size 6291456 bytes, new threshold 1 (max 15)
 [PSYoungGen: 688224K->2912K(693248K)] 1025963K->340795K(2091520K), 0.0103590 secs] [Times: user=0.11 sys=0.01, real=0.01 secs] 
2014-03-20T17:31:03.725-0500: 836.179: Total time for which application threads were stopped: 0.0117010 seconds
2014-03-20T17:31:04.038-0500: 836.493: [GC
Desired survivor size 6291456 bytes, new threshold 1 (max 15)
 [PSYoungGen: 689504K->2976K(692736K)] 1027387K->340995K(2091008K), 0.0103790 secs] [Times: user=0.12 sys=0.00, real=0.01 secs] 
2014-03-20T17:31:04.049-0500: 836.503: Total time for which application threads were stopped: 0.0114790 seconds
2014-03-20T17:31:04.361-0500: 836.816: [GC
Desired survivor size 5767168 bytes, new threshold 1 (max 15)
 [PSYoungGen: 689568K->3072K(693760K)] 1027587K->341235K(2092032K), 0.0123490 secs] [Times: user=0.14 sys=0.00, real=0.01 secs] 
2014-03-20T17:31:04.374-0500: 836.829: Total time for which application threads were stopped: 0.0135870 seconds
2014-03-20T17:31:04.684-0500: 837.138: [GC
Desired survivor size 5767168 bytes, new threshold 1 (max 15)
 [PSYoungGen: 690688K->3200K(693248K)] 1028851K->341507K(2091520K), 0.0092020 secs] [Times: user=0.10 sys=0.00, real=0.01 secs] 
2014-03-20T17:31:04.693-0500: 837.148: Total time for which application threads were stopped: 0.0104180 seconds
2014-03-20T17:31:05.006-0500: 837.461: [GC
Desired survivor size 5767168 bytes, new threshold 1 (max 15)
 [PSYoungGen: 690816K->3360K(693760K)] 1029123K->341811K(2092032K), 0.0094250 secs] [Times: user=0.10 sys=0.00, real=0.01 secs] 
2014-03-20T17:31:05.016-0500: 837.471: Total time for which application threads were stopped: 0.0106150 seconds
2014-03-20T17:31:05.335-0500: 837.789: [GC
Desired survivor size 5242880 bytes, new threshold 1 (max 15)
 [PSYoungGen: 691488K->3520K(693760K)] 1029939K->342107K(2092032K), 0.0104940 secs] [Times: user=0.11 sys=0.00, real=0.01 secs] 
2014-03-20T17:31:05.345-0500: 837.800: Total time for which application threads were stopped: 0.0117590 seconds
2014-03-20T17:31:05.673-0500: 838.128: [GC
Desired survivor size 5242880 bytes, new threshold 1 (max 15)
 [PSYoungGen: 691648K->3616K(694272K)] 1030235K->342339K(2092544K), 0.0110670 secs] [Times: user=0.12 sys=0.00, real=0.01 secs] 
2014-03-20T17:31:05.685-0500: 838.139: Total time for which application threads were stopped: 0.0122980 seconds
2014-03-20T17:31:06.019-0500: 838.474: [GC
Desired survivor size 5242880 bytes, new threshold 1 (max 15)
 [PSYoungGen: 692768K->3776K(694272K)] 1031491K->342635K(2092544K), 0.0097550 secs] [Times: user=0.11 sys=0.00, real=0.01 secs] 
2014-03-20T17:31:06.029-0500: 838.484: Total time for which application threads were stopped: 0.0108040 seconds
2014-03-20T17:31:06.349-0500: 838.804: [GC
Desired survivor size 5767168 bytes, new threshold 1 (max 15)
 [PSYoungGen: 692928K->3936K(693248K)] 1031787K->342931K(2091520K), 0.0098810 secs] [Times: user=0.11 sys=0.00, real=0.01 secs] 
2014-03-20T17:31:06.359-0500: 838.814: Total time for which application threads were stopped: 0.0111250 seconds
2014-03-20T17:31:06.678-0500: 839.133: [GC
Desired survivor size 5767168 bytes, new threshold 1 (max 15)
 [PSYoungGen: 692064K->4096K(693760K)] 1031059K->343219K(2092032K), 0.0091500 secs] [Times: user=0.10 sys=0.00, real=0.01 secs] 
2014-03-20T17:31:06.687-0500: 839.142: Total time for which application threads were stopped: 0.0102820 seconds
2014-03-20T17:31:07.006-0500: 839.461: [GC
Desired survivor size 5767168 bytes, new threshold 1 (max 15)
 [PSYoungGen: 692224K->4192K(693760K)] 1031347K->343459K(2092032K), 0.0090410 secs] [Times: user=0.09 sys=0.01, real=0.01 secs] 
2014-03-20T17:31:07.016-0500: 839.470: Total time for which application threads were stopped: 0.0103500 seconds
2014-03-20T17:31:07.326-0500: 839.781: [GC
Desired survivor size 5767168 bytes, new threshold 1 (max 15)
 [PSYoungGen: 692320K->4288K(693760K)] 1031587K->343699K(2092032K), 0.0102290 secs] [Times: user=0.11 sys=0.01, real=0.01 secs] 
2014-03-20T17:31:07.337-0500: 839.791: Total time for which application threads were stopped: 0.0113050 seconds
2014-03-20T17:31:07.668-0500: 840.122: [GC
Desired survivor size 5767168 bytes, new threshold 1 (max 15)
 [PSYoungGen: 692416K->4544K(693760K)] 1031827K->344091K(2092032K), 0.0108810 secs] [Times: user=0.10 sys=0.00, real=0.01 secs] 
2014-03-20T17:31:07.679-0500: 840.133: Total time for which application threads were stopped: 0.0121430 seconds
2014-03-20T17:31:07.992-0500: 840.446: [GC
Desired survivor size 6291456 bytes, new threshold 1 (max 15)
 [PSYoungGen: 692672K->4640K(693248K)] 1032219K->344331K(2091520K), 0.0127000 secs] [Times: user=0.13 sys=0.00, real=0.01 secs] 
2014-03-20T17:31:08.005-0500: 840.459: Total time for which application threads were stopped: 0.0137740 seconds
2014-03-20T17:31:08.325-0500: 840.780: [GC
Desired survivor size 6291456 bytes, new threshold 1 (max 15)
 [PSYoungGen: 692768K->4736K(693248K)] 1032459K->344571K(2091520K), 0.0100370 secs] [Times: user=0.11 sys=0.00, real=0.01 secs] 
2014-03-20T17:31:08.335-0500: 840.790: Total time for which application threads were stopped: 0.0114000 seconds
2014-03-20T17:31:08.666-0500: 841.121: [GC
Desired survivor size 6291456 bytes, new threshold 1 (max 15)
 [PSYoungGen: 691840K->4832K(693248K)] 1031675K->344811K(2091520K), 0.0100790 secs] [Times: user=0.11 sys=0.00, real=0.01 secs] 
2014-03-20T17:31:08.677-0500: 841.131: Total time for which application threads were stopped: 0.0110720 seconds
2014-03-20T17:31:09.012-0500: 841.467: [GC
Desired survivor size 6815744 bytes, new threshold 1 (max 15)
 [PSYoungGen: 691936K->5024K(692224K)] 1031915K->345147K(2090496K), 0.0100220 secs] [Times: user=0.11 sys=0.01, real=0.01 secs] 
2014-03-20T17:31:09.022-0500: 841.477: Total time for which application threads were stopped: 0.0112120 seconds
2014-03-20T17:31:09.352-0500: 841.807: [GC
Desired survivor size 6815744 bytes, new threshold 1 (max 15)
 [PSYoungGen: 691104K->5088K(692736K)] 1031227K->345355K(2091008K), 0.0099960 secs] [Times: user=0.11 sys=0.00, real=0.01 secs] 
2014-03-20T17:31:09.362-0500: 841.817: Total time for which application threads were stopped: 0.0110450 seconds
2014-03-20T17:31:09.698-0500: 842.153: [GC
Desired survivor size 6815744 bytes, new threshold 1 (max 15)
 [PSYoungGen: 691168K->5184K(692736K)] 1031435K->345595K(2091008K), 0.0101200 secs] [Times: user=0.11 sys=0.00, real=0.01 secs] 
2014-03-20T17:31:09.709-0500: 842.163: Total time for which application threads were stopped: 0.0112960 seconds
2014-03-20T17:31:10.018-0500: 842.473: [GC
Desired survivor size 7340032 bytes, new threshold 1 (max 15)
 [PSYoungGen: 691264K->5280K(691712K)] 1031675K->345827K(2089984K), 0.0100770 secs] [Times: user=0.11 sys=0.00, real=0.01 secs] 
2014-03-20T17:31:10.028-0500: 842.483: Total time for which application threads were stopped: 0.0111670 seconds
2014-03-20T17:31:10.341-0500: 842.796: [GC
Desired survivor size 7340032 bytes, new threshold 1 (max 15)
 [PSYoungGen: 691360K->5472K(692224K)] 1031907K->346163K(2090496K), 0.0093610 secs] [Times: user=0.10 sys=0.01, real=0.01 secs] 
2014-03-20T17:31:10.351-0500: 842.806: Total time for which application threads were stopped: 0.0106610 seconds
2014-03-20T17:31:10.666-0500: 843.121: [GC
Desired survivor size 7340032 bytes, new threshold 1 (max 15)
 [PSYoungGen: 690528K->5536K(692224K)] 1031219K->346363K(2090496K), 0.0116800 secs] [Times: user=0.13 sys=0.00, real=0.01 secs] 
2014-03-20T17:31:10.678-0500: 843.133: Total time for which application threads were stopped: 0.0127490 seconds
2014-03-20T17:31:10.988-0500: 843.443: [GC
Desired survivor size 7864320 bytes, new threshold 1 (max 15)
 [PSYoungGen: 690592K->5632K(691200K)] 1031419K->346603K(2089472K), 0.0090320 secs] [Times: user=0.09 sys=0.00, real=0.01 secs] 
2014-03-20T17:31:10.998-0500: 843.452: Total time for which application threads were stopped: 0.0103400 seconds
2014-03-20T17:31:11.304-0500: 843.759: [GC
Desired survivor size 7864320 bytes, new threshold 1 (max 15)
 [PSYoungGen: 689664K->5728K(691712K)] 1030635K->346843K(2089984K), 0.0094030 secs] [Times: user=0.11 sys=0.00, real=0.01 secs] 
2014-03-20T17:31:11.314-0500: 843.768: Total time for which application threads were stopped: 0.0105070 seconds
2014-03-20T17:31:11.638-0500: 844.093: [GC
Desired survivor size 7864320 bytes, new threshold 1 (max 15)
 [PSYoungGen: 689760K->5664K(691712K)] 1030875K->346915K(2089984K), 0.0121400 secs] [Times: user=0.13 sys=0.01, real=0.01 secs] 
2014-03-20T17:31:11.651-0500: 844.106: Total time for which application threads were stopped: 0.0133300 seconds
2014-03-20T17:31:11.962-0500: 844.416: [GC
Desired survivor size 7864320 bytes, new threshold 1 (max 15)
 [PSYoungGen: 689696K->5792K(691712K)] 1030947K->347179K(2089984K), 0.0095750 secs] [Times: user=0.10 sys=0.00, real=0.01 secs] 
2014-03-20T17:31:11.972-0500: 844.426: Total time for which application threads were stopped: 0.0107750 seconds
2014-03-20T17:31:12.281-0500: 844.736: [GC
Desired survivor size 8388608 bytes, new threshold 1 (max 15)
 [PSYoungGen: 689824K->2016K(690688K)] 1031211K->343539K(2088960K), 0.0096920 secs] [Times: user=0.11 sys=0.00, real=0.01 secs] 
2014-03-20T17:31:12.291-0500: 844.746: Total time for which application threads were stopped: 0.0110840 seconds
2014-03-20T17:31:12.611-0500: 845.066: [GC
Desired survivor size 8388608 bytes, new threshold 1 (max 15)
 [PSYoungGen: 685024K->2016K(691200K)] 1026547K->343667K(2089472K), 0.0096450 secs] [Times: user=0.10 sys=0.00, real=0.01 secs] 
2014-03-20T17:31:12.621-0500: 845.076: Total time for which application threads were stopped: 0.0107580 seconds
2014-03-20T17:31:12.931-0500: 845.386: [GC
Desired survivor size 8388608 bytes, new threshold 1 (max 15)
 [PSYoungGen: 685024K->2144K(691200K)] 1026675K->343939K(2089472K), 0.0099250 secs] [Times: user=0.10 sys=0.00, real=0.01 secs] 
2014-03-20T17:31:12.941-0500: 845.396: Total time for which application threads were stopped: 0.0112810 seconds
2014-03-20T17:31:13.252-0500: 845.706: [GC
Desired survivor size 8388608 bytes, new threshold 1 (max 15)
 [PSYoungGen: 685152K->2240K(691200K)] 1026947K->344179K(2089472K), 0.0098040 secs] [Times: user=0.10 sys=0.00, real=0.01 secs] 
2014-03-20T17:31:13.262-0500: 845.717: Total time for which application threads were stopped: 0.0109110 seconds
2014-03-20T17:31:13.570-0500: 846.025: [GC
Desired survivor size 8388608 bytes, new threshold 1 (max 15)
 [PSYoungGen: 685248K->2176K(691200K)] 1027187K->344251K(2089472K), 0.0099400 secs] [Times: user=0.11 sys=0.00, real=0.01 secs] 
2014-03-20T17:31:13.581-0500: 846.035: Total time for which application threads were stopped: 0.0112860 seconds
2014-03-20T17:31:13.903-0500: 846.357: [GC
Desired survivor size 7864320 bytes, new threshold 1 (max 15)
 [PSYoungGen: 685184K->2304K(691200K)] 1027259K->344523K(2089472K), 0.0099910 secs] [Times: user=0.11 sys=0.00, real=0.01 secs] 
2014-03-20T17:31:13.913-0500: 846.367: Total time for which application threads were stopped: 0.0111770 seconds
2014-03-20T17:31:14.218-0500: 846.673: [GC
Desired survivor size 7864320 bytes, new threshold 1 (max 15)
 [PSYoungGen: 685312K->2336K(691712K)] 1027531K->344699K(2089984K), 0.0100790 secs] [Times: user=0.11 sys=0.00, real=0.01 secs] 
2014-03-20T17:31:14.228-0500: 846.683: Total time for which application threads were stopped: 0.0115440 seconds
2014-03-20T17:31:14.552-0500: 847.006: [GC
Desired survivor size 7864320 bytes, new threshold 1 (max 15)
 [PSYoungGen: 686368K->2400K(691712K)] 1028731K->344899K(2089984K), 0.0098410 secs] [Times: user=0.11 sys=0.01, real=0.01 secs] 
2014-03-20T17:31:14.562-0500: 847.017: Total time for which application threads were stopped: 0.0110790 seconds
2014-03-20T17:31:14.870-0500: 847.325: [GC
Desired survivor size 7340032 bytes, new threshold 1 (max 15)
 [PSYoungGen: 686432K->2496K(692224K)] 1028931K->345139K(2090496K), 0.0118600 secs] [Times: user=0.11 sys=0.00, real=0.02 secs] 
2014-03-20T17:31:14.883-0500: 847.337: Total time for which application threads were stopped: 0.0131240 seconds
2014-03-20T17:31:15.197-0500: 847.651: [GC
Desired survivor size 7340032 bytes, new threshold 1 (max 15)
 [PSYoungGen: 687040K->2528K(691712K)] 1029683K->345315K(2089984K), 0.0121950 secs] [Times: user=0.12 sys=0.00, real=0.01 secs] 
2014-03-20T17:31:15.209-0500: 847.664: Total time for which application threads were stopped: 0.0133300 seconds
2014-03-20T17:31:15.523-0500: 847.978: [GC
Desired survivor size 6815744 bytes, new threshold 1 (max 15)
 [PSYoungGen: 687072K->2624K(692736K)] 1029859K->345547K(2091008K), 0.0126250 secs] [Times: user=0.11 sys=0.00, real=0.01 secs] 
2014-03-20T17:31:15.536-0500: 847.991: Total time for which application threads were stopped: 0.0138970 seconds
2014-03-20T17:31:15.864-0500: 848.319: [GC
Desired survivor size 6815744 bytes, new threshold 1 (max 15)
 [PSYoungGen: 688192K->2720K(692224K)] 1031115K->345795K(2090496K), 0.0101870 secs] [Times: user=0.11 sys=0.00, real=0.01 secs] 
2014-03-20T17:31:15.875-0500: 848.329: Total time for which application threads were stopped: 0.0113210 seconds
2014-03-20T17:31:16.188-0500: 848.642: [GC
Desired survivor size 6291456 bytes, new threshold 1 (max 15)
 [PSYoungGen: 688288K->2816K(693248K)] 1031363K->346035K(2091520K), 0.0098280 secs] [Times: user=0.11 sys=0.00, real=0.01 secs] 
2014-03-20T17:31:16.198-0500: 848.652: Total time for which application threads were stopped: 0.0111060 seconds
2014-03-20T17:31:16.505-0500: 848.960: [GC
Desired survivor size 6291456 bytes, new threshold 1 (max 15)
 [PSYoungGen: 689408K->2976K(692736K)] 1032627K->346339K(2091008K), 0.0151420 secs] [Times: user=0.12 sys=0.00, real=0.01 secs] 
2014-03-20T17:31:16.520-0500: 848.975: Total time for which application threads were stopped: 0.0165730 seconds
2014-03-20T17:31:16.837-0500: 849.292: [GC
Desired survivor size 5767168 bytes, new threshold 1 (max 15)
 [PSYoungGen: 689568K->3072K(693760K)] 1032931K->346571K(2092032K), 0.0099380 secs] [Times: user=0.11 sys=0.00, real=0.01 secs] 
2014-03-20T17:31:16.847-0500: 849.302: Total time for which application threads were stopped: 0.0112160 seconds
2014-03-20T17:31:17.157-0500: 849.612: [GC
Desired survivor size 5767168 bytes, new threshold 1 (max 15)
 [PSYoungGen: 690688K->3232K(693248K)] 1034187K->346875K(2091520K), 0.0099370 secs] [Times: user=0.11 sys=0.00, real=0.01 secs] 
2014-03-20T17:31:17.167-0500: 849.622: Total time for which application threads were stopped: 0.0111370 seconds
2014-03-20T17:31:17.481-0500: 849.936: [GC
Desired survivor size 5767168 bytes, new threshold 1 (max 15)
 [PSYoungGen: 690848K->3328K(693760K)] 1034491K->347107K(2092032K), 0.0106380 secs] [Times: user=0.11 sys=0.00, real=0.01 secs] 
2014-03-20T17:31:17.492-0500: 849.946: Total time for which application threads were stopped: 0.0123110 seconds
2014-03-20T17:31:17.809-0500: 850.264: [GC
Desired survivor size 5242880 bytes, new threshold 1 (max 15)
 [PSYoungGen: 691456K->3520K(693760K)] 1035235K->347435K(2092032K), 0.0109950 secs] [Times: user=0.12 sys=0.00, real=0.01 secs] 
2014-03-20T17:31:17.820-0500: 850.275: Total time for which application threads were stopped: 0.0122580 seconds
2014-03-20T17:31:18.125-0500: 850.580: [GC
Desired survivor size 5767168 bytes, new threshold 1 (max 15)
 [PSYoungGen: 691648K->3712K(693248K)] 1035563K->347763K(2091520K), 0.0089990 secs] [Times: user=0.10 sys=0.00, real=0.01 secs] 
2014-03-20T17:31:18.135-0500: 850.589: Total time for which application threads were stopped: 0.0103770 seconds
2014-03-20T17:31:18.443-0500: 850.898: [GC
Desired survivor size 5242880 bytes, new threshold 1 (max 15)
 [PSYoungGen: 691840K->3680K(693760K)] 1035891K->347867K(2092032K), 0.0088140 secs] [Times: user=0.09 sys=0.00, real=0.01 secs] 
2014-03-20T17:31:18.452-0500: 850.907: Total time for which application threads were stopped: 0.0098210 seconds
2014-03-20T17:31:18.757-0500: 851.211: [GC
Desired survivor size 5767168 bytes, new threshold 1 (max 15)
 [PSYoungGen: 691808K->3904K(693248K)] 1035995K->348235K(2091520K), 0.0094250 secs] [Times: user=0.09 sys=0.00, real=0.01 secs] 
2014-03-20T17:31:18.766-0500: 851.221: Total time for which application threads were stopped: 0.0107370 seconds
2014-03-20T17:31:19.095-0500: 851.550: [GC
Desired survivor size 5767168 bytes, new threshold 1 (max 15)
 [PSYoungGen: 692032K->3968K(693760K)] 1036363K->348435K(2092032K), 0.0092950 secs] [Times: user=0.10 sys=0.00, real=0.01 secs] 
2014-03-20T17:31:19.105-0500: 851.559: Total time for which application threads were stopped: 0.0104920 seconds
2014-03-20T17:31:19.428-0500: 851.883: [GC
Desired survivor size 5767168 bytes, new threshold 1 (max 15)
 [PSYoungGen: 692096K->4224K(693760K)] 1036563K->348827K(2092032K), 0.0111290 secs] [Times: user=0.12 sys=0.00, real=0.01 secs] 
2014-03-20T17:31:19.439-0500: 851.894: Total time for which application threads were stopped: 0.0126340 seconds
2014-03-20T17:31:19.768-0500: 852.223: [GC
Desired survivor size 5767168 bytes, new threshold 1 (max 15)
 [PSYoungGen: 692352K->4320K(693760K)] 1036955K->349067K(2092032K), 0.0100090 secs] [Times: user=0.10 sys=0.00, real=0.01 secs] 
2014-03-20T17:31:19.778-0500: 852.233: Total time for which application threads were stopped: 0.0113140 seconds
2014-03-20T17:31:20.099-0500: 852.554: [GC
Desired survivor size 5767168 bytes, new threshold 1 (max 15)
 [PSYoungGen: 692448K->4416K(693760K)] 1037195K->349299K(2092032K), 0.0089160 secs] [Times: user=0.09 sys=0.00, real=0.01 secs] 
2014-03-20T17:31:20.109-0500: 852.563: Total time for which application threads were stopped: 0.0104140 seconds
2014-03-20T17:31:20.466-0500: 852.921: [GC
Desired survivor size 6291456 bytes, new threshold 1 (max 15)
 [PSYoungGen: 692544K->4544K(692736K)] 1037427K->349563K(2091008K), 0.0092870 secs] [Times: user=0.09 sys=0.00, real=0.01 secs] 
2014-03-20T17:31:20.476-0500: 852.931: Total time for which application threads were stopped: 0.0103660 seconds
2014-03-20T17:31:20.795-0500: 853.249: [GC
Desired survivor size 6291456 bytes, new threshold 1 (max 15)
 [PSYoungGen: 692672K->4832K(693248K)] 1037691K->349995K(2091520K), 0.0092750 secs] [Times: user=0.10 sys=0.00, real=0.01 secs] 
2014-03-20T17:31:20.804-0500: 853.259: Total time for which application threads were stopped: 0.0105980 seconds
2014-03-20T17:31:21.129-0500: 853.584: [GC
Desired survivor size 6291456 bytes, new threshold 1 (max 15)
 [PSYoungGen: 691936K->4896K(693248K)] 1037099K->350203K(2091520K), 0.0093600 secs] [Times: user=0.09 sys=0.01, real=0.01 secs] 
2014-03-20T17:31:21.138-0500: 853.593: Total time for which application threads were stopped: 0.0105520 seconds
2014-03-20T17:31:21.446-0500: 853.901: [GC
Desired survivor size 6815744 bytes, new threshold 1 (max 15)
 [PSYoungGen: 692000K->5088K(692224K)] 1037307K->350531K(2090496K), 0.0112240 secs] [Times: user=0.13 sys=0.00, real=0.01 secs] 
2014-03-20T17:31:21.458-0500: 853.912: Total time for which application threads were stopped: 0.0126550 seconds
2014-03-20T17:31:21.801-0500: 854.256: [GC
Desired survivor size 6815744 bytes, new threshold 1 (max 15)
 [PSYoungGen: 691168K->5120K(692736K)] 1036611K->350707K(2091008K), 0.0105330 secs] [Times: user=0.11 sys=0.01, real=0.01 secs] 
2014-03-20T17:31:21.812-0500: 854.267: Total time for which application threads were stopped: 0.0119090 seconds
2014-03-20T17:31:22.137-0500: 854.592: [GC
Desired survivor size 6815744 bytes, new threshold 1 (max 15)
 [PSYoungGen: 691200K->5184K(692736K)] 1036787K->350907K(2091008K), 0.0106350 secs] [Times: user=0.10 sys=0.00, real=0.01 secs] 
2014-03-20T17:31:22.148-0500: 854.603: Total time for which application threads were stopped: 0.0119160 seconds
2014-03-20T17:31:22.454-0500: 854.908: [GC
Desired survivor size 7340032 bytes, new threshold 1 (max 15)
 [PSYoungGen: 691264K->5376K(691712K)] 1036987K->351243K(2089984K), 0.0110160 secs] [Times: user=0.12 sys=0.01, real=0.01 secs] 
2014-03-20T17:31:22.465-0500: 854.920: Total time for which application threads were stopped: 0.0123300 seconds
2014-03-20T17:31:22.802-0500: 855.256: [GC
Desired survivor size 7340032 bytes, new threshold 1 (max 15)
 [PSYoungGen: 691456K->5472K(692224K)] 1037323K->351483K(2090496K), 0.0105760 secs] [Times: user=0.11 sys=0.00, real=0.01 secs] 
2014-03-20T17:31:22.812-0500: 855.267: Total time for which application threads were stopped: 0.0119460 seconds
2014-03-20T17:31:23.142-0500: 855.597: [GC
Desired survivor size 7340032 bytes, new threshold 1 (max 15)
 [PSYoungGen: 690528K->5504K(692224K)] 1036539K->351651K(2090496K), 0.0104730 secs] [Times: user=0.11 sys=0.00, real=0.01 secs] 
2014-03-20T17:31:23.153-0500: 855.608: Total time for which application threads were stopped: 0.0116140 seconds
2014-03-20T17:31:23.478-0500: 855.933: [GC
Desired survivor size 7864320 bytes, new threshold 1 (max 15)
 [PSYoungGen: 690560K->5632K(691200K)] 1036707K->351923K(2089472K), 0.0105010 secs] [Times: user=0.12 sys=0.00, real=0.01 secs] 
2014-03-20T17:31:23.489-0500: 855.944: Total time for which application threads were stopped: 0.0118990 seconds
2014-03-20T17:31:23.812-0500: 856.266: [GC
Desired survivor size 7864320 bytes, new threshold 1 (max 15)
 [PSYoungGen: 689664K->5728K(691712K)] 1035955K->352163K(2089984K), 0.0103670 secs] [Times: user=0.10 sys=0.00, real=0.01 secs] 
2014-03-20T17:31:23.822-0500: 856.277: Total time for which application threads were stopped: 0.0115300 seconds
2014-03-20T17:31:24.153-0500: 856.608: [GC
Desired survivor size 7864320 bytes, new threshold 1 (max 15)
 [PSYoungGen: 689760K->5792K(691712K)] 1036195K->352371K(2089984K), 0.0104190 secs] [Times: user=0.12 sys=0.00, real=0.01 secs] 
2014-03-20T17:31:24.164-0500: 856.618: Total time for which application threads were stopped: 0.0117740 seconds
2014-03-20T17:31:24.470-0500: 856.925: [GC
Desired survivor size 7864320 bytes, new threshold 1 (max 15)
 [PSYoungGen: 689824K->5792K(691712K)] 1036403K->352507K(2089984K), 0.0116760 secs] [Times: user=0.12 sys=0.00, real=0.01 secs] 
2014-03-20T17:31:24.482-0500: 856.937: Total time for which application threads were stopped: 0.0130170 seconds
2014-03-20T17:31:24.803-0500: 857.257: [GC
Desired survivor size 8388608 bytes, new threshold 1 (max 15)
 [PSYoungGen: 689824K->2048K(690688K)] 1036539K->348907K(2088960K), 0.0096330 secs] [Times: user=0.10 sys=0.00, real=0.01 secs] 
2014-03-20T17:31:24.812-0500: 857.267: Total time for which application threads were stopped: 0.0109770 seconds
2014-03-20T17:31:25.115-0500: 857.570: [GC
Desired survivor size 8388608 bytes, new threshold 1 (max 15)
 [PSYoungGen: 685056K->2080K(691200K)] 1031915K->349083K(2089472K), 0.0097010 secs] [Times: user=0.10 sys=0.00, real=0.01 secs] 
2014-03-20T17:31:25.125-0500: 857.580: Total time for which application threads were stopped: 0.0109220 seconds
2014-03-20T17:31:25.444-0500: 857.898: [GC
Desired survivor size 8388608 bytes, new threshold 1 (max 15)
 [PSYoungGen: 685088K->2144K(691200K)] 1032091K->349291K(2089472K), 0.0096790 secs] [Times: user=0.10 sys=0.00, real=0.01 secs] 
2014-03-20T17:31:25.453-0500: 857.908: Total time for which application threads were stopped: 0.0109500 seconds
2014-03-20T17:31:25.780-0500: 858.234: [GC
Desired survivor size 8388608 bytes, new threshold 1 (max 15)
 [PSYoungGen: 685152K->2144K(691200K)] 1032299K->349427K(2089472K), 0.0095920 secs] [Times: user=0.11 sys=0.00, real=0.01 secs] 
2014-03-20T17:31:25.789-0500: 858.244: Total time for which application threads were stopped: 0.0108290 seconds
2014-03-20T17:31:26.099-0500: 858.553: [GC
Desired survivor size 8388608 bytes, new threshold 1 (max 15)
 [PSYoungGen: 685152K->2368K(691200K)] 1032435K->349795K(2089472K), 0.0101340 secs] [Times: user=0.10 sys=0.00, real=0.01 secs] 
2014-03-20T17:31:26.109-0500: 858.564: Total time for which application threads were stopped: 0.0115170 seconds
2014-03-20T17:31:26.422-0500: 858.877: [GC
Desired survivor size 8388608 bytes, new threshold 1 (max 15)
 [PSYoungGen: 685376K->2272K(691200K)] 1032803K->349843K(2089472K), 0.0107000 secs] [Times: user=0.11 sys=0.00, real=0.01 secs] 
2014-03-20T17:31:26.433-0500: 858.888: Total time for which application threads were stopped: 0.0118530 seconds
2014-03-20T17:31:26.758-0500: 859.212: [GC
Desired survivor size 7864320 bytes, new threshold 1 (max 15)
 [PSYoungGen: 685280K->2336K(691712K)] 1032851K->350051K(2089984K), 0.0094710 secs] [Times: user=0.10 sys=0.00, real=0.01 secs] 
2014-03-20T17:31:26.767-0500: 859.222: Total time for which application threads were stopped: 0.0107040 seconds
2014-03-20T17:31:27.106-0500: 859.560: [GC
Desired survivor size 7864320 bytes, new threshold 1 (max 15)
 [PSYoungGen: 685856K->2400K(691200K)] 1033571K->350259K(2089472K), 0.0100990 secs] [Times: user=0.10 sys=0.00, real=0.01 secs] 
2014-03-20T17:31:27.116-0500: 859.571: Total time for which application threads were stopped: 0.0112870 seconds
2014-03-20T17:31:27.486-0500: 859.941: [GC
Desired survivor size 7340032 bytes, new threshold 1 (max 15)
 [PSYoungGen: 685920K->2432K(692224K)] 1033779K->350427K(2090496K), 0.0100600 secs] [Times: user=0.11 sys=0.00, real=0.01 secs] 
2014-03-20T17:31:27.496-0500: 859.951: Total time for which application threads were stopped: 0.0113760 seconds
2014-03-20T17:31:27.830-0500: 860.285: [GC
Desired survivor size 7340032 bytes, new threshold 1 (max 15)
 [PSYoungGen: 686976K->2688K(691712K)] 1034971K->350827K(2089984K), 0.0100910 secs] [Times: user=0.10 sys=0.01, real=0.01 secs] 
2014-03-20T17:31:27.840-0500: 860.295: Total time for which application threads were stopped: 0.0112750 seconds
2014-03-20T17:31:28.165-0500: 860.620: [GC
Desired survivor size 6815744 bytes, new threshold 1 (max 15)
 [PSYoungGen: 687232K->2624K(692736K)] 1035371K->350907K(2091008K), 0.0102390 secs] [Times: user=0.11 sys=0.00, real=0.01 secs] 
2014-03-20T17:31:28.175-0500: 860.630: Total time for which application threads were stopped: 0.0117050 seconds
2014-03-20T17:31:28.484-0500: 860.939: [GC
Desired survivor size 6815744 bytes, new threshold 1 (max 15)
 [PSYoungGen: 688192K->2784K(692224K)] 1036475K->351211K(2090496K), 0.0099720 secs] [Times: user=0.11 sys=0.00, real=0.01 secs] 
2014-03-20T17:31:28.495-0500: 860.949: Total time for which application threads were stopped: 0.0111730 seconds
2014-03-20T17:31:28.839-0500: 861.294: [GC
Desired survivor size 6291456 bytes, new threshold 1 (max 15)
 [PSYoungGen: 688352K->2816K(693248K)] 1036779K->351387K(2091520K), 0.0102960 secs] [Times: user=0.11 sys=0.01, real=0.01 secs] 
2014-03-20T17:31:28.849-0500: 861.304: Total time for which application threads were stopped: 0.0116050 seconds
2014-03-20T17:31:29.170-0500: 861.624: [GC
Desired survivor size 6291456 bytes, new threshold 1 (max 15)
 [PSYoungGen: 689408K->2944K(692736K)] 1037979K->351651K(2091008K), 0.0103590 secs] [Times: user=0.11 sys=0.00, real=0.01 secs] 
2014-03-20T17:31:29.180-0500: 861.635: Total time for which application threads were stopped: 0.0114840 seconds
2014-03-20T17:31:29.523-0500: 861.978: [GC
Desired survivor size 5767168 bytes, new threshold 1 (max 15)
 [PSYoungGen: 689536K->3040K(693760K)] 1038243K->351891K(2092032K), 0.0099910 secs] [Times: user=0.10 sys=0.00, real=0.01 secs] 
2014-03-20T17:31:29.533-0500: 861.988: Total time for which application threads were stopped: 0.0114270 seconds
2014-03-20T17:31:29.899-0500: 862.354: [GC
Desired survivor size 5767168 bytes, new threshold 1 (max 15)
 [PSYoungGen: 690656K->3168K(693248K)] 1039507K->352163K(2091520K), 0.0108250 secs] [Times: user=0.10 sys=0.00, real=0.01 secs] 
2014-03-20T17:31:29.910-0500: 862.365: Total time for which application threads were stopped: 0.0122090 seconds
2014-03-20T17:31:30.232-0500: 862.687: [GC
Desired survivor size 5767168 bytes, new threshold 1 (max 15)
 [PSYoungGen: 690784K->3328K(693760K)] 1039779K->352467K(2092032K), 0.0142460 secs] [Times: user=0.14 sys=0.00, real=0.02 secs] 
2014-03-20T17:31:30.247-0500: 862.701: Total time for which application threads were stopped: 0.0158960 seconds
2014-03-20T17:31:30.556-0500: 863.011: [GC
Desired survivor size 5242880 bytes, new threshold 1 (max 15)
 [PSYoungGen: 691456K->3488K(693760K)] 1040595K->352771K(2092032K), 0.0105970 secs] [Times: user=0.12 sys=0.00, real=0.01 secs] 
2014-03-20T17:31:30.567-0500: 863.022: Total time for which application threads were stopped: 0.0117570 seconds
2014-03-20T17:31:30.896-0500: 863.351: [GC
Desired survivor size 5242880 bytes, new threshold 1 (max 15)
 [PSYoungGen: 691616K->3648K(694272K)] 1040899K->353075K(2092544K), 0.0105640 secs] [Times: user=0.12 sys=0.00, real=0.01 secs] 
2014-03-20T17:31:30.907-0500: 863.361: Total time for which application threads were stopped: 0.0120340 seconds
2014-03-20T17:31:31.220-0500: 863.675: [GC
Desired survivor size 5242880 bytes, new threshold 1 (max 15)
 [PSYoungGen: 692800K->3744K(694272K)] 1042227K->353307K(2092544K), 0.0114250 secs] [Times: user=0.12 sys=0.01, real=0.01 secs] 
2014-03-20T17:31:31.232-0500: 863.687: Total time for which application threads were stopped: 0.0126400 seconds
2014-03-20T17:31:31.565-0500: 864.019: [GC
Desired survivor size 5767168 bytes, new threshold 1 (max 15)
 [PSYoungGen: 692896K->3968K(693248K)] 1042459K->353675K(2091520K), 0.0105270 secs] [Times: user=0.12 sys=0.00, real=0.02 secs] 
2014-03-20T17:31:31.575-0500: 864.030: Total time for which application threads were stopped: 0.0117870 seconds
2014-03-20T17:31:31.711-0500: 864.165: Total time for which application threads were stopped: 0.0008850 seconds
2014-03-20T17:31:31.902-0500: 864.357: [GC
Desired survivor size 5767168 bytes, new threshold 1 (max 15)
 [PSYoungGen: 692096K->4032K(693760K)] 1041803K->353883K(2092032K), 0.0106740 secs] [Times: user=0.12 sys=0.00, real=0.01 secs] 
2014-03-20T17:31:31.913-0500: 864.368: Total time for which application threads were stopped: 0.0118250 seconds
2014-03-20T17:31:32.224-0500: 864.679: [GC
Desired survivor size 5767168 bytes, new threshold 1 (max 15)
 [PSYoungGen: 692160K->4128K(693760K)] 1042011K->354123K(2092032K), 0.0106180 secs] [Times: user=0.12 sys=0.00, real=0.01 secs] 
2014-03-20T17:31:32.235-0500: 864.689: Total time for which application threads were stopped: 0.0119660 seconds
2014-03-20T17:31:32.548-0500: 865.003: [GC
Desired survivor size 5767168 bytes, new threshold 1 (max 15)
 [PSYoungGen: 692256K->4416K(693760K)] 1042251K->354555K(2092032K), 0.0109040 secs] [Times: user=0.12 sys=0.00, real=0.01 secs] 
2014-03-20T17:31:32.559-0500: 865.014: Total time for which application threads were stopped: 0.0120600 seconds
2014-03-20T17:31:32.864-0500: 865.318: [GC
Desired survivor size 6291456 bytes, new threshold 1 (max 15)
 [PSYoungGen: 692544K->4480K(692736K)] 1042683K->354763K(2091008K), 0.0103410 secs] [Times: user=0.10 sys=0.00, real=0.01 secs] 
2014-03-20T17:31:32.874-0500: 865.329: Total time for which application threads were stopped: 0.0116880 seconds
2014-03-20T17:31:33.197-0500: 865.652: [GC
Desired survivor size 6291456 bytes, new threshold 1 (max 15)
 [PSYoungGen: 691584K->4512K(693248K)] 1041867K->354939K(2091520K), 0.0094810 secs] [Times: user=0.09 sys=0.00, real=0.01 secs] 
2014-03-20T17:31:33.207-0500: 865.662: Total time for which application threads were stopped: 0.0106550 seconds
2014-03-20T17:31:33.532-0500: 865.987: [GC
Desired survivor size 6291456 bytes, new threshold 1 (max 15)
 [PSYoungGen: 691616K->4800K(693248K)] 1042043K->355371K(2091520K), 0.0126540 secs] [Times: user=0.14 sys=0.00, real=0.01 secs] 
2014-03-20T17:31:33.545-0500: 866.000: Total time for which application threads were stopped: 0.0141180 seconds
2014-03-20T17:31:33.889-0500: 866.344: [GC
Desired survivor size 6291456 bytes, new threshold 1 (max 15)
 [PSYoungGen: 691904K->4928K(693248K)] 1042475K->355635K(2091520K), 0.0129410 secs] [Times: user=0.13 sys=0.00, real=0.01 secs] 
2014-03-20T17:31:33.902-0500: 866.357: Total time for which application threads were stopped: 0.0139370 seconds
2014-03-20T17:31:34.221-0500: 866.676: [GC
Desired survivor size 6815744 bytes, new threshold 1 (max 15)
 [PSYoungGen: 692032K->4992K(692224K)] 1042739K->355835K(2090496K), 0.0103810 secs] [Times: user=0.11 sys=0.00, real=0.01 secs] 
2014-03-20T17:31:34.232-0500: 866.687: Total time for which application threads were stopped: 0.0117360 seconds
2014-03-20T17:31:34.547-0500: 867.002: [GC
Desired survivor size 6815744 bytes, new threshold 1 (max 15)
 [PSYoungGen: 691072K->5152K(692736K)] 1041915K->356139K(2091008K), 0.0102490 secs] [Times: user=0.11 sys=0.00, real=0.01 secs] 
2014-03-20T17:31:34.558-0500: 867.013: Total time for which application threads were stopped: 0.0113860 seconds
2014-03-20T17:31:34.886-0500: 867.341: [GC
Desired survivor size 6815744 bytes, new threshold 1 (max 15)
 [PSYoungGen: 691232K->5184K(692736K)] 1042219K->356315K(2091008K), 0.0098730 secs] [Times: user=0.10 sys=0.00, real=0.01 secs] 
2014-03-20T17:31:34.896-0500: 867.351: Total time for which application threads were stopped: 0.0111890 seconds
2014-03-20T17:31:35.211-0500: 867.666: [GC
Desired survivor size 7340032 bytes, new threshold 1 (max 15)
 [PSYoungGen: 691264K->5280K(691712K)] 1042395K->356555K(2089984K), 0.0127060 secs] [Times: user=0.13 sys=0.01, real=0.01 secs] 
2014-03-20T17:31:35.224-0500: 867.679: Total time for which application threads were stopped: 0.0138480 seconds
2014-03-20T17:31:35.538-0500: 867.992: [GC
Desired survivor size 7340032 bytes, new threshold 1 (max 15)
 [PSYoungGen: 691360K->5440K(692224K)] 1042635K->356851K(2090496K), 0.0101850 secs] [Times: user=0.11 sys=0.00, real=0.01 secs] 
2014-03-20T17:31:35.548-0500: 868.003: Total time for which application threads were stopped: 0.0114990 seconds
2014-03-20T17:31:35.884-0500: 868.339: [GC
Desired survivor size 7340032 bytes, new threshold 1 (max 15)
 [PSYoungGen: 690496K->5568K(692224K)] 1041907K->357123K(2090496K), 0.0102260 secs] [Times: user=0.12 sys=0.00, real=0.01 secs] 
2014-03-20T17:31:35.894-0500: 868.349: Total time for which application threads were stopped: 0.0114880 seconds
2014-03-20T17:31:36.209-0500: 868.664: [GC
Desired survivor size 7864320 bytes, new threshold 1 (max 15)
 [PSYoungGen: 690624K->5632K(691200K)] 1042179K->357331K(2089472K), 0.0132500 secs] [Times: user=0.14 sys=0.00, real=0.01 secs] 
2014-03-20T17:31:36.223-0500: 868.678: Total time for which application threads were stopped: 0.0146130 seconds
2014-03-20T17:31:36.540-0500: 868.994: [GC
Desired survivor size 7864320 bytes, new threshold 1 (max 15)
 [PSYoungGen: 689664K->5728K(691712K)] 1041363K->357571K(2089984K), 0.0107330 secs] [Times: user=0.12 sys=0.00, real=0.01 secs] 
2014-03-20T17:31:36.551-0500: 869.005: Total time for which application threads were stopped: 0.0120560 seconds
2014-03-20T17:31:36.856-0500: 869.311: [GC
Desired survivor size 7864320 bytes, new threshold 1 (max 15)
 [PSYoungGen: 689760K->5728K(691712K)] 1041603K->357707K(2089984K), 0.0102920 secs] [Times: user=0.11 sys=0.00, real=0.02 secs] 
2014-03-20T17:31:36.867-0500: 869.321: Total time for which application threads were stopped: 0.0117520 seconds
2014-03-20T17:31:37.175-0500: 869.630: [GC
Desired survivor size 7864320 bytes, new threshold 1 (max 15)
 [PSYoungGen: 689760K->5856K(691712K)] 1041739K->357971K(2089984K), 0.0103390 secs] [Times: user=0.12 sys=0.00, real=0.01 secs] 
2014-03-20T17:31:37.186-0500: 869.641: Total time for which application threads were stopped: 0.0116970 seconds
2014-03-20T17:31:37.495-0500: 869.950: [GC
Desired survivor size 8388608 bytes, new threshold 1 (max 15)
 [PSYoungGen: 689888K->1984K(690688K)] 1042003K->354243K(2088960K), 0.0104720 secs] [Times: user=0.11 sys=0.00, real=0.01 secs] 
2014-03-20T17:31:37.506-0500: 869.961: Total time for which application threads were stopped: 0.0118590 seconds
2014-03-20T17:31:37.843-0500: 870.298: [GC
Desired survivor size 8388608 bytes, new threshold 1 (max 15)
 [PSYoungGen: 684992K->2048K(691200K)] 1037251K->354443K(2089472K), 0.0101600 secs] [Times: user=0.11 sys=0.00, real=0.01 secs] 
2014-03-20T17:31:37.853-0500: 870.308: Total time for which application threads were stopped: 0.0112260 seconds
2014-03-20T17:31:38.161-0500: 870.616: [GC
Desired survivor size 8388608 bytes, new threshold 1 (max 15)
 [PSYoungGen: 685056K->2112K(691200K)] 1037451K->354651K(2089472K), 0.0103550 secs] [Times: user=0.10 sys=0.00, real=0.01 secs] 
2014-03-20T17:31:38.172-0500: 870.626: Total time for which application threads were stopped: 0.0116690 seconds
2014-03-20T17:31:38.476-0500: 870.930: [GC
Desired survivor size 8388608 bytes, new threshold 1 (max 15)
 [PSYoungGen: 685120K->2208K(691200K)] 1037659K->354883K(2089472K), 0.0103960 secs] [Times: user=0.11 sys=0.00, real=0.02 secs] 
2014-03-20T17:31:38.486-0500: 870.941: Total time for which application threads were stopped: 0.0116460 seconds
2014-03-20T17:31:38.791-0500: 871.246: [GC
Desired survivor size 8388608 bytes, new threshold 1 (max 15)
 [PSYoungGen: 685216K->2272K(691200K)] 1037891K->355091K(2089472K), 0.0097800 secs] [Times: user=0.11 sys=0.00, real=0.01 secs] 
2014-03-20T17:31:38.801-0500: 871.256: Total time for which application threads were stopped: 0.0111470 seconds
2014-03-20T17:31:39.114-0500: 871.569: [GC
Desired survivor size 8388608 bytes, new threshold 1 (max 15)
 [PSYoungGen: 685280K->2304K(691200K)] 1038099K->355259K(2089472K), 0.0104270 secs] [Times: user=0.12 sys=0.00, real=0.01 secs] 
2014-03-20T17:31:39.125-0500: 871.580: Total time for which application threads were stopped: 0.0116170 seconds
2014-03-20T17:31:39.436-0500: 871.891: [GC
Desired survivor size 7864320 bytes, new threshold 1 (max 15)
 [PSYoungGen: 685312K->2368K(691712K)] 1038267K->355467K(2089984K), 0.0095420 secs] [Times: user=0.10 sys=0.00, real=0.01 secs] 
2014-03-20T17:31:39.446-0500: 871.900: Total time for which application threads were stopped: 0.0107450 seconds
2014-03-20T17:31:39.796-0500: 872.251: [GC
Desired survivor size 7864320 bytes, new threshold 1 (max 15)
 [PSYoungGen: 685888K->2272K(691200K)] 1038987K->355443K(2089472K), 0.0133670 secs] [Times: user=0.07 sys=0.00, real=0.01 secs] 
2014-03-20T17:31:39.810-0500: 872.265: Total time for which application threads were stopped: 0.0145440 seconds
2014-03-20T17:31:40.111-0500: 872.566: [GC
Desired survivor size 7340032 bytes, new threshold 1 (max 15)
 [PSYoungGen: 685792K->2368K(692224K)] 1038963K->355683K(2090496K), 0.0100190 secs] [Times: user=0.10 sys=0.00, real=0.01 secs] 
2014-03-20T17:31:40.121-0500: 872.576: Total time for which application threads were stopped: 0.0112990 seconds
2014-03-20T17:31:40.436-0500: 872.891: [GC
Desired survivor size 7340032 bytes, new threshold 1 (max 15)
 [PSYoungGen: 686912K->2560K(691712K)] 1040227K->356019K(2089984K), 0.0099420 secs] [Times: user=0.10 sys=0.01, real=0.02 secs] 
2014-03-20T17:31:40.446-0500: 872.901: Total time for which application threads were stopped: 0.0110230 seconds
2014-03-20T17:31:40.775-0500: 873.230: [GC
Desired survivor size 6815744 bytes, new threshold 1 (max 15)
 [PSYoungGen: 687104K->2592K(692736K)] 1040563K->356187K(2091008K), 0.0103690 secs] [Times: user=0.12 sys=0.00, real=0.01 secs] 
2014-03-20T17:31:40.786-0500: 873.240: Total time for which application threads were stopped: 0.0117570 seconds
2014-03-20T17:31:41.105-0500: 873.560: [GC
Desired survivor size 6815744 bytes, new threshold 1 (max 15)
 [PSYoungGen: 688160K->2720K(692224K)] 1041755K->356451K(2090496K), 0.0117500 secs] [Times: user=0.14 sys=0.00, real=0.02 secs] 
2014-03-20T17:31:41.117-0500: 873.572: Total time for which application threads were stopped: 0.0127770 seconds
2014-03-20T17:31:41.425-0500: 873.880: [GC
Desired survivor size 6291456 bytes, new threshold 1 (max 15)
 [PSYoungGen: 688288K->2784K(693248K)] 1042019K->356651K(2091520K), 0.0103900 secs] [Times: user=0.11 sys=0.00, real=0.01 secs] 
2014-03-20T17:31:41.436-0500: 873.890: Total time for which application threads were stopped: 0.0116820 seconds
2014-03-20T17:31:41.769-0500: 874.223: [GC
Desired survivor size 6291456 bytes, new threshold 1 (max 15)
 [PSYoungGen: 689376K->2880K(692736K)] 1043243K->356883K(2091008K), 0.0118940 secs] [Times: user=0.14 sys=0.00, real=0.01 secs] 
2014-03-20T17:31:41.781-0500: 874.235: Total time for which application threads were stopped: 0.0130290 seconds
2014-03-20T17:31:42.099-0500: 874.554: [GC
Desired survivor size 5767168 bytes, new threshold 1 (max 15)
 [PSYoungGen: 689472K->3072K(693760K)] 1043475K->357219K(2092032K), 0.0099270 secs] [Times: user=0.11 sys=0.00, real=0.01 secs] 
2014-03-20T17:31:42.109-0500: 874.564: Total time for which application threads were stopped: 0.0112640 seconds
2014-03-20T17:31:42.423-0500: 874.877: [GC
Desired survivor size 5767168 bytes, new threshold 1 (max 15)
 [PSYoungGen: 690688K->3136K(693248K)] 1044835K->357427K(2091520K), 0.0099200 secs] [Times: user=0.10 sys=0.00, real=0.01 secs] 
2014-03-20T17:31:42.433-0500: 874.887: Total time for which application threads were stopped: 0.0110540 seconds
2014-03-20T17:31:42.739-0500: 875.193: [GC
Desired survivor size 5767168 bytes, new threshold 1 (max 15)
 [PSYoungGen: 690752K->3328K(693760K)] 1045043K->357755K(2092032K), 0.0102920 secs] [Times: user=0.11 sys=0.00, real=0.01 secs] 
2014-03-20T17:31:42.749-0500: 875.204: Total time for which application threads were stopped: 0.0115510 seconds
2014-03-20T17:31:43.056-0500: 875.511: [GC
Desired survivor size 5242880 bytes, new threshold 1 (max 15)
 [PSYoungGen: 691456K->3424K(693760K)] 1045883K->357987K(2092032K), 0.0110520 secs] [Times: user=0.12 sys=0.00, real=0.02 secs] 
2014-03-20T17:31:43.067-0500: 875.522: Total time for which application threads were stopped: 0.0120130 seconds
2014-03-20T17:31:43.386-0500: 875.840: [GC
Desired survivor size 5242880 bytes, new threshold 1 (max 15)
 [PSYoungGen: 691552K->3616K(694272K)] 1046115K->358323K(2092544K), 0.0120350 secs] [Times: user=0.13 sys=0.00, real=0.02 secs] 
2014-03-20T17:31:43.398-0500: 875.853: Total time for which application threads were stopped: 0.0136460 seconds
2014-03-20T17:31:43.710-0500: 876.165: [GC
Desired survivor size 5242880 bytes, new threshold 1 (max 15)
 [PSYoungGen: 692768K->3680K(694272K)] 1047475K->358531K(2092544K), 0.0099530 secs] [Times: user=0.11 sys=0.01, real=0.01 secs] 
2014-03-20T17:31:43.720-0500: 876.175: Total time for which application threads were stopped: 0.0112740 seconds
2014-03-20T17:31:44.036-0500: 876.491: [GC
Desired survivor size 5242880 bytes, new threshold 1 (max 15)
 [PSYoungGen: 692832K->3840K(694272K)] 1047683K->358835K(2092544K), 0.0116550 secs] [Times: user=0.12 sys=0.00, real=0.02 secs] 
2014-03-20T17:31:44.048-0500: 876.503: Total time for which application threads were stopped: 0.0130470 seconds
2014-03-20T17:31:44.369-0500: 876.824: [GC
Desired survivor size 5767168 bytes, new threshold 1 (max 15)
 [PSYoungGen: 692992K->4064K(693248K)] 1047987K->359203K(2091520K), 0.0093450 secs] [Times: user=0.10 sys=0.00, real=0.01 secs] 
2014-03-20T17:31:44.379-0500: 876.833: Total time for which application threads were stopped: 0.0103310 seconds
2014-03-20T17:31:44.712-0500: 877.167: [GC
Desired survivor size 5767168 bytes, new threshold 1 (max 15)
 [PSYoungGen: 693216K->4160K(693760K)] 1048355K->359435K(2092032K), 0.0133260 secs] [Times: user=0.13 sys=0.00, real=0.01 secs] 
2014-03-20T17:31:44.725-0500: 877.180: Total time for which application threads were stopped: 0.0146000 seconds
2014-03-20T17:31:45.052-0500: 877.506: [GC
Desired survivor size 5767168 bytes, new threshold 1 (max 15)
 [PSYoungGen: 692288K->4384K(693760K)] 1047563K->359803K(2092032K), 0.0104760 secs] [Times: user=0.12 sys=0.00, real=0.01 secs] 
2014-03-20T17:31:45.062-0500: 877.517: Total time for which application threads were stopped: 0.0116850 seconds
2014-03-20T17:31:45.374-0500: 877.829: [GC
Desired survivor size 6291456 bytes, new threshold 1 (max 15)
 [PSYoungGen: 692512K->4480K(692736K)] 1047931K->360035K(2091008K), 0.0105770 secs] [Times: user=0.12 sys=0.00, real=0.01 secs] 
2014-03-20T17:31:45.385-0500: 877.840: Total time for which application threads were stopped: 0.0118990 seconds
2014-03-20T17:31:45.714-0500: 878.168: [GC
Desired survivor size 6291456 bytes, new threshold 1 (max 15)
 [PSYoungGen: 691584K->4640K(693248K)] 1047139K->360339K(2091520K), 0.0105270 secs] [Times: user=0.11 sys=0.00, real=0.01 secs] 
2014-03-20T17:31:45.724-0500: 878.179: Total time for which application threads were stopped: 0.0118070 seconds
2014-03-20T17:31:46.034-0500: 878.489: [GC
Desired survivor size 6291456 bytes, new threshold 1 (max 15)
 [PSYoungGen: 691744K->4704K(693248K)] 1047443K->360539K(2091520K), 0.0102690 secs] [Times: user=0.11 sys=0.00, real=0.01 secs] 
2014-03-20T17:31:46.045-0500: 878.499: Total time for which application threads were stopped: 0.0115640 seconds
2014-03-20T17:31:46.372-0500: 878.827: [GC
Desired survivor size 6815744 bytes, new threshold 1 (max 15)
 [PSYoungGen: 691808K->4992K(692224K)] 1047643K->360971K(2090496K), 0.0112340 secs] [Times: user=0.13 sys=0.00, real=0.01 secs] 
2014-03-20T17:31:46.384-0500: 878.838: Total time for which application threads were stopped: 0.0124570 seconds
2014-03-20T17:31:46.714-0500: 879.169: [GC
Desired survivor size 6815744 bytes, new threshold 1 (max 15)
 [PSYoungGen: 692096K->4992K(692736K)] 1048075K->361115K(2091008K), 0.0100950 secs] [Times: user=0.11 sys=0.00, real=0.01 secs] 
2014-03-20T17:31:46.725-0500: 879.179: Total time for which application threads were stopped: 0.0113590 seconds
2014-03-20T17:31:47.041-0500: 879.496: [GC
Desired survivor size 6815744 bytes, new threshold 1 (max 15)
 [PSYoungGen: 691072K->5088K(692736K)] 1047195K->361355K(2091008K), 0.0103290 secs] [Times: user=0.12 sys=0.00, real=0.01 secs] 
2014-03-20T17:31:47.052-0500: 879.507: Total time for which application threads were stopped: 0.0114800 seconds
2014-03-20T17:31:47.372-0500: 879.827: [GC
Desired survivor size 6815744 bytes, new threshold 1 (max 15)
 [PSYoungGen: 691168K->5216K(692736K)] 1047435K->361619K(2091008K), 0.0103670 secs] [Times: user=0.12 sys=0.00, real=0.01 secs] 
2014-03-20T17:31:47.383-0500: 879.838: Total time for which application threads were stopped: 0.0118650 seconds
2014-03-20T17:31:47.727-0500: 880.181: [GC
Desired survivor size 7340032 bytes, new threshold 1 (max 15)
 [PSYoungGen: 691296K->5344K(691712K)] 1047699K->361891K(2089984K), 0.0102880 secs] [Times: user=0.11 sys=0.00, real=0.02 secs] 
2014-03-20T17:31:47.737-0500: 880.192: Total time for which application threads were stopped: 0.0114100 seconds
2014-03-20T17:31:48.054-0500: 880.509: [GC
Desired survivor size 7340032 bytes, new threshold 1 (max 15)
 [PSYoungGen: 691424K->5440K(692224K)] 1047971K->362131K(2090496K), 0.0118520 secs] [Times: user=0.12 sys=0.00, real=0.01 secs] 
2014-03-20T17:31:48.066-0500: 880.521: Total time for which application threads were stopped: 0.0132650 seconds
2014-03-20T17:31:48.379-0500: 880.834: [GC
Desired survivor size 7340032 bytes, new threshold 1 (max 15)
 [PSYoungGen: 690496K->5472K(692224K)] 1047187K->362299K(2090496K), 0.0106650 secs] [Times: user=0.12 sys=0.00, real=0.01 secs] 
2014-03-20T17:31:48.390-0500: 880.845: Total time for which application threads were stopped: 0.0119080 seconds
2014-03-20T17:31:48.713-0500: 881.168: [GC
Desired survivor size 7864320 bytes, new threshold 1 (max 15)
 [PSYoungGen: 690528K->5632K(691200K)] 1047355K->362595K(2089472K), 0.0104670 secs] [Times: user=0.12 sys=0.00, real=0.01 secs] 
2014-03-20T17:31:48.724-0500: 881.179: Total time for which application threads were stopped: 0.0118200 seconds
2014-03-20T17:31:49.036-0500: 881.491: [GC
Desired survivor size 7864320 bytes, new threshold 1 (max 15)
 [PSYoungGen: 689664K->5632K(691712K)] 1046627K->362739K(2089984K), 0.0131130 secs] [Times: user=0.11 sys=0.00, real=0.02 secs] 
2014-03-20T17:31:49.050-0500: 881.505: Total time for which application threads were stopped: 0.0144560 seconds
2014-03-20T17:31:49.365-0500: 881.819: [GC
Desired survivor size 7864320 bytes, new threshold 1 (max 15)
 [PSYoungGen: 689664K->5792K(691712K)] 1046771K->363043K(2089984K), 0.0094790 secs] [Times: user=0.10 sys=0.01, real=0.01 secs] 
2014-03-20T17:31:49.374-0500: 881.829: Total time for which application threads were stopped: 0.0108770 seconds
2014-03-20T17:31:49.718-0500: 882.173: [GC
Desired survivor size 7864320 bytes, new threshold 1 (max 15)
 [PSYoungGen: 689824K->5888K(691712K)] 1047075K->363283K(2089984K), 0.0097370 secs] [Times: user=0.10 sys=0.01, real=0.01 secs] 
2014-03-20T17:31:49.728-0500: 882.183: Total time for which application threads were stopped: 0.0109380 seconds
2014-03-20T17:31:50.040-0500: 882.495: [GC
Desired survivor size 8388608 bytes, new threshold 1 (max 15)
 [PSYoungGen: 689920K->2016K(690688K)] 1047315K->359555K(2088960K), 0.0127920 secs] [Times: user=0.13 sys=0.00, real=0.01 secs] 
2014-03-20T17:31:50.053-0500: 882.508: Total time for which application threads were stopped: 0.0141940 seconds
2014-03-20T17:31:50.376-0500: 882.830: [GC
Desired survivor size 8388608 bytes, new threshold 1 (max 15)
 [PSYoungGen: 685024K->2080K(691200K)] 1042563K->359755K(2089472K), 0.0103790 secs] [Times: user=0.11 sys=0.00, real=0.01 secs] 
2014-03-20T17:31:50.386-0500: 882.841: Total time for which application threads were stopped: 0.0115450 seconds
2014-03-20T17:31:50.712-0500: 883.167: [GC
Desired survivor size 8388608 bytes, new threshold 1 (max 15)
 [PSYoungGen: 685088K->2208K(691200K)] 1042763K->360027K(2089472K), 0.0098680 secs] [Times: user=0.11 sys=0.00, real=0.01 secs] 
2014-03-20T17:31:50.722-0500: 883.177: Total time for which application threads were stopped: 0.0110520 seconds
2014-03-20T17:31:51.038-0500: 883.493: [GC
Desired survivor size 8388608 bytes, new threshold 1 (max 15)
 [PSYoungGen: 685216K->2176K(691200K)] 1043035K->360131K(2089472K), 0.0097510 secs] [Times: user=0.10 sys=0.01, real=0.01 secs] 
2014-03-20T17:31:51.048-0500: 883.503: Total time for which application threads were stopped: 0.0108180 seconds
2014-03-20T17:31:51.361-0500: 883.815: [GC
Desired survivor size 8388608 bytes, new threshold 1 (max 15)
 [PSYoungGen: 685184K->2304K(691200K)] 1043139K->360403K(2089472K), 0.0098470 secs] [Times: user=0.11 sys=0.00, real=0.01 secs] 
2014-03-20T17:31:51.371-0500: 883.825: Total time for which application threads were stopped: 0.0110160 seconds
2014-03-20T17:31:51.694-0500: 884.148: [GC
Desired survivor size 7864320 bytes, new threshold 1 (max 15)
 [PSYoungGen: 685312K->2336K(691200K)] 1043411K->360579K(2089472K), 0.0101730 secs] [Times: user=0.11 sys=0.00, real=0.01 secs] 
2014-03-20T17:31:51.704-0500: 884.159: Total time for which application threads were stopped: 0.0112890 seconds
2014-03-20T17:31:52.022-0500: 884.477: [GC
Desired survivor size 7864320 bytes, new threshold 1 (max 15)
 [PSYoungGen: 685344K->2368K(691712K)] 1043587K->360755K(2089984K), 0.0100580 secs] [Times: user=0.11 sys=0.00, real=0.01 secs] 
2014-03-20T17:31:52.033-0500: 884.487: Total time for which application threads were stopped: 0.0114080 seconds
2014-03-20T17:31:52.341-0500: 884.796: [GC
Desired survivor size 7864320 bytes, new threshold 1 (max 15)
 [PSYoungGen: 686400K->2432K(691712K)] 1044787K->360955K(2089984K), 0.0100120 secs] [Times: user=0.11 sys=0.00, real=0.01 secs] 
2014-03-20T17:31:52.351-0500: 884.806: Total time for which application threads were stopped: 0.0111480 seconds
2014-03-20T17:31:52.654-0500: 885.109: [GC
Desired survivor size 7340032 bytes, new threshold 1 (max 15)
 [PSYoungGen: 686464K->2528K(692224K)] 1044987K->361195K(2090496K), 0.0117950 secs] [Times: user=0.12 sys=0.00, real=0.01 secs] 
2014-03-20T17:31:52.666-0500: 885.121: Total time for which application threads were stopped: 0.0129970 seconds
2014-03-20T17:31:52.981-0500: 885.436: [GC
Desired survivor size 7340032 bytes, new threshold 1 (max 15)
 [PSYoungGen: 687072K->2592K(691712K)] 1045739K->361395K(2089984K), 0.0101080 secs] [Times: user=0.12 sys=0.00, real=0.01 secs] 
2014-03-20T17:31:52.991-0500: 885.446: Total time for which application threads were stopped: 0.0111780 seconds
2014-03-20T17:31:53.294-0500: 885.749: [GC
Desired survivor size 6815744 bytes, new threshold 1 (max 15)
 [PSYoungGen: 687136K->2720K(692736K)] 1045939K->361659K(2091008K), 0.0100310 secs] [Times: user=0.11 sys=0.00, real=0.01 secs] 
2014-03-20T17:31:53.305-0500: 885.759: Total time for which application threads were stopped: 0.0112150 seconds
2014-03-20T17:31:53.613-0500: 886.068: [GC
Desired survivor size 6815744 bytes, new threshold 1 (max 15)
 [PSYoungGen: 688288K->2784K(692224K)] 1047227K->361867K(2090496K), 0.0096550 secs] [Times: user=0.10 sys=0.00, real=0.01 secs] 
2014-03-20T17:31:53.623-0500: 886.078: Total time for which application threads were stopped: 0.0107500 seconds
2014-03-20T17:31:53.940-0500: 886.394: [GC
Desired survivor size 6291456 bytes, new threshold 1 (max 15)
 [PSYoungGen: 688352K->2912K(693248K)] 1047435K->362139K(2091520K), 0.0135010 secs] [Times: user=0.14 sys=0.00, real=0.01 secs] 
2014-03-20T17:31:53.953-0500: 886.408: Total time for which application threads were stopped: 0.0149670 seconds
2014-03-20T17:31:54.259-0500: 886.713: [GC
Desired survivor size 6291456 bytes, new threshold 1 (max 15)
 [PSYoungGen: 689504K->3008K(692736K)] 1048731K->362379K(2091008K), 0.0106250 secs] [Times: user=0.12 sys=0.00, real=0.01 secs] 
2014-03-20T17:31:54.270-0500: 886.724: Total time for which application threads were stopped: 0.0119300 seconds
2014-03-20T17:31:54.566-0500: 887.020: [GC
Desired survivor size 5767168 bytes, new threshold 1 (max 15)
 [PSYoungGen: 689600K->3168K(693760K)] 1048971K->362683K(2092032K), 0.0106090 secs] [Times: user=0.12 sys=0.00, real=0.01 secs] 
2014-03-20T17:31:54.577-0500: 887.031: Total time for which application threads were stopped: 0.0120470 seconds
2014-03-20T17:31:54.881-0500: 887.336: [GC
Desired survivor size 5767168 bytes, new threshold 1 (max 15)
 [PSYoungGen: 690784K->3232K(693248K)] 1050299K->362891K(2091520K), 0.0090680 secs] [Times: user=0.11 sys=0.00, real=0.01 secs] 
2014-03-20T17:31:54.890-0500: 887.345: Total time for which application threads were stopped: 0.0100650 seconds
2014-03-20T17:31:55.188-0500: 887.643: [GC
Desired survivor size 5767168 bytes, new threshold 1 (max 15)
 [PSYoungGen: 690848K->3424K(693760K)] 1050507K->363211K(2092032K), 0.0097610 secs] [Times: user=0.11 sys=0.00, real=0.01 secs] 
2014-03-20T17:31:55.198-0500: 887.653: Total time for which application threads were stopped: 0.0108270 seconds
2014-03-20T17:31:55.497-0500: 887.952: [GC
Desired survivor size 5767168 bytes, new threshold 1 (max 15)
 [PSYoungGen: 691552K->3520K(693760K)] 1051339K->363451K(2092032K), 0.0095790 secs] [Times: user=0.10 sys=0.01, real=0.01 secs] 
2014-03-20T17:31:55.507-0500: 887.961: Total time for which application threads were stopped: 0.0106230 seconds
2014-03-20T17:31:55.813-0500: 888.268: [GC
Desired survivor size 5242880 bytes, new threshold 1 (max 15)
 [PSYoungGen: 691648K->3680K(694272K)] 1051579K->363779K(2092544K), 0.0096290 secs] [Times: user=0.10 sys=0.00, real=0.01 secs] 
2014-03-20T17:31:55.823-0500: 888.277: Total time for which application threads were stopped: 0.0109380 seconds
2014-03-20T17:31:56.118-0500: 888.573: [GC
Desired survivor size 5767168 bytes, new threshold 1 (max 15)
 [PSYoungGen: 692320K->3936K(693760K)] 1052419K->364179K(2092032K), 0.0098200 secs] [Times: user=0.10 sys=0.00, real=0.01 secs] 
2014-03-20T17:31:56.129-0500: 888.583: Total time for which application threads were stopped: 0.0109290 seconds
2014-03-20T17:31:56.456-0500: 888.911: [GC
Desired survivor size 5767168 bytes, new threshold 1 (max 15)
 [PSYoungGen: 692576K->3936K(693760K)] 1052819K->364315K(2092032K), 0.0101800 secs] [Times: user=0.11 sys=0.00, real=0.01 secs] 
2014-03-20T17:31:56.466-0500: 888.921: Total time for which application threads were stopped: 0.0113790 seconds
2014-03-20T17:31:56.783-0500: 889.237: [GC
Desired survivor size 5767168 bytes, new threshold 1 (max 15)
 [PSYoungGen: 692064K->4096K(693760K)] 1052443K->364587K(2092032K), 0.0103310 secs] [Times: user=0.10 sys=0.00, real=0.01 secs] 
2014-03-20T17:31:56.793-0500: 889.248: Total time for which application threads were stopped: 0.0117590 seconds
2014-03-20T17:31:57.114-0500: 889.569: [GC
Desired survivor size 5767168 bytes, new threshold 1 (max 15)
 [PSYoungGen: 692224K->4320K(693760K)] 1052715K->364947K(2092032K), 0.0121410 secs] [Times: user=0.14 sys=0.00, real=0.01 secs] 
2014-03-20T17:31:57.127-0500: 889.581: Total time for which application threads were stopped: 0.0135210 seconds
2014-03-20T17:31:57.448-0500: 889.903: [GC
Desired survivor size 5767168 bytes, new threshold 1 (max 15)
 [PSYoungGen: 692448K->4384K(693760K)] 1053075K->365155K(2092032K), 0.0102240 secs] [Times: user=0.11 sys=0.00, real=0.01 secs] 
2014-03-20T17:31:57.459-0500: 889.914: Total time for which application threads were stopped: 0.0115240 seconds
2014-03-20T17:31:57.788-0500: 890.243: [GC
Desired survivor size 6291456 bytes, new threshold 1 (max 15)
 [PSYoungGen: 692512K->4512K(692736K)] 1053283K->365419K(2091008K), 0.0104130 secs] [Times: user=0.11 sys=0.00, real=0.01 secs] 
2014-03-20T17:31:57.799-0500: 890.254: Total time for which application threads were stopped: 0.0116680 seconds
2014-03-20T17:31:58.106-0500: 890.561: [GC
Desired survivor size 6291456 bytes, new threshold 1 (max 15)
 [PSYoungGen: 691616K->4704K(693248K)] 1052523K->365755K(2091520K), 0.0095610 secs] [Times: user=0.10 sys=0.00, real=0.01 secs] 
2014-03-20T17:31:58.116-0500: 890.571: Total time for which application threads were stopped: 0.0109180 seconds
2014-03-20T17:31:58.427-0500: 890.882: [GC
Desired survivor size 6291456 bytes, new threshold 1 (max 15)
 [PSYoungGen: 691808K->4896K(693248K)] 1052859K->366091K(2091520K), 0.0097690 secs] [Times: user=0.10 sys=0.01, real=0.01 secs] 
2014-03-20T17:31:58.437-0500: 890.892: Total time for which application threads were stopped: 0.0110200 seconds
2014-03-20T17:31:58.747-0500: 891.202: [GC
Desired survivor size 6815744 bytes, new threshold 1 (max 15)
 [PSYoungGen: 692000K->4960K(692224K)] 1053195K->366299K(2090496K), 0.0100620 secs] [Times: user=0.11 sys=0.00, real=0.01 secs] 
2014-03-20T17:31:58.757-0500: 891.212: Total time for which application threads were stopped: 0.0111660 seconds
2014-03-20T17:31:59.067-0500: 891.522: [GC
Desired survivor size 6815744 bytes, new threshold 1 (max 15)
 [PSYoungGen: 692064K->5088K(692736K)] 1053403K->366563K(2091008K), 0.0130850 secs] [Times: user=0.11 sys=0.01, real=0.02 secs] 
2014-03-20T17:31:59.080-0500: 891.535: Total time for which application threads were stopped: 0.0143020 seconds
2014-03-20T17:31:59.388-0500: 891.843: [GC
Desired survivor size 6815744 bytes, new threshold 1 (max 15)
 [PSYoungGen: 691168K->5088K(692736K)] 1052643K->366723K(2091008K), 0.0092720 secs] [Times: user=0.09 sys=0.00, real=0.01 secs] 
2014-03-20T17:31:59.398-0500: 891.852: Total time for which application threads were stopped: 0.0103200 seconds
2014-03-20T17:31:59.739-0500: 892.194: [GC
Desired survivor size 7340032 bytes, new threshold 1 (max 15)
 [PSYoungGen: 691168K->5280K(691712K)] 1052803K->367051K(2089984K), 0.0116530 secs] [Times: user=0.14 sys=0.00, real=0.01 secs] 
2014-03-20T17:31:59.751-0500: 892.206: Total time for which application threads were stopped: 0.0128260 seconds
2014-03-20T17:32:00.067-0500: 892.521: [GC
Desired survivor size 7340032 bytes, new threshold 1 (max 15)
 [PSYoungGen: 690336K->5376K(692224K)] 1052107K->367291K(2090496K), 0.0094330 secs] [Times: user=0.11 sys=0.00, real=0.01 secs] 
2014-03-20T17:32:00.076-0500: 892.531: Total time for which application threads were stopped: 0.0107970 seconds
2014-03-20T17:32:00.383-0500: 892.838: [GC
Desired survivor size 7340032 bytes, new threshold 1 (max 15)
 [PSYoungGen: 690432K->5472K(692224K)] 1052347K->367523K(2090496K), 0.0091670 secs] [Times: user=0.10 sys=0.00, real=0.01 secs] 
2014-03-20T17:32:00.392-0500: 892.847: Total time for which application threads were stopped: 0.0103390 seconds
2014-03-20T17:32:00.711-0500: 893.166: [GC
Desired survivor size 7340032 bytes, new threshold 1 (max 15)
 [PSYoungGen: 690528K->5504K(692224K)] 1052579K->367699K(2090496K), 0.0095130 secs] [Times: user=0.10 sys=0.00, real=0.01 secs] 
2014-03-20T17:32:00.721-0500: 893.176: Total time for which application threads were stopped: 0.0105550 seconds
2014-03-20T17:32:01.043-0500: 893.498: [GC
Desired survivor size 7864320 bytes, new threshold 1 (max 15)
 [PSYoungGen: 690560K->5632K(691200K)] 1052755K->367963K(2089472K), 0.0116350 secs] [Times: user=0.13 sys=0.00, real=0.01 secs] 
2014-03-20T17:32:01.055-0500: 893.510: Total time for which application threads were stopped: 0.0129150 seconds
2014-03-20T17:32:01.366-0500: 893.821: [GC
Desired survivor size 7864320 bytes, new threshold 1 (max 15)
 [PSYoungGen: 689664K->5632K(691712K)] 1051995K->368099K(2089984K), 0.0101130 secs] [Times: user=0.11 sys=0.00, real=0.01 secs] 
2014-03-20T17:32:01.376-0500: 893.831: Total time for which application threads were stopped: 0.0113750 seconds
2014-03-20T17:32:01.708-0500: 894.162: [GC
Desired survivor size 7864320 bytes, new threshold 1 (max 15)
 [PSYoungGen: 689664K->5792K(691712K)] 1052131K->368395K(2089984K), 0.0100240 secs] [Times: user=0.11 sys=0.00, real=0.01 secs] 
2014-03-20T17:32:01.718-0500: 894.173: Total time for which application threads were stopped: 0.0112320 seconds
2014-03-20T17:32:02.050-0500: 894.505: [GC
Desired survivor size 7864320 bytes, new threshold 1 (max 15)
 [PSYoungGen: 689824K->5792K(691712K)] 1052427K->368539K(2089984K), 0.0103170 secs] [Times: user=0.11 sys=0.00, real=0.01 secs] 
2014-03-20T17:32:02.061-0500: 894.516: Total time for which application threads were stopped: 0.0113760 seconds
2014-03-20T17:32:02.406-0500: 894.860: [GC
Desired survivor size 8388608 bytes, new threshold 1 (max 15)
 [PSYoungGen: 689824K->2048K(690688K)] 1052571K->364939K(2088960K), 0.0098240 secs] [Times: user=0.11 sys=0.00, real=0.01 secs] 
2014-03-20T17:32:02.416-0500: 894.870: Total time for which application threads were stopped: 0.0110440 seconds
2014-03-20T17:32:02.721-0500: 895.175: [GC
Desired survivor size 8388608 bytes, new threshold 1 (max 15)
 [PSYoungGen: 685056K->2144K(691200K)] 1047947K->365171K(2089472K), 0.0101600 secs] [Times: user=0.11 sys=0.00, real=0.01 secs] 
2014-03-20T17:32:02.731-0500: 895.186: Total time for which application threads were stopped: 0.0113690 seconds
2014-03-20T17:32:03.041-0500: 895.496: [GC
Desired survivor size 8388608 bytes, new threshold 1 (max 15)
 [PSYoungGen: 685152K->2112K(691200K)] 1048179K->365283K(2089472K), 0.0106730 secs] [Times: user=0.12 sys=0.00, real=0.01 secs] 
2014-03-20T17:32:03.052-0500: 895.507: Total time for which application threads were stopped: 0.0119890 seconds
2014-03-20T17:32:03.366-0500: 895.820: [GC
Desired survivor size 8388608 bytes, new threshold 1 (max 15)
 [PSYoungGen: 685120K->2080K(691200K)] 1048291K->365395K(2089472K), 0.0090180 secs] [Times: user=0.10 sys=0.00, real=0.01 secs] 
2014-03-20T17:32:03.375-0500: 895.830: Total time for which application threads were stopped: 0.0101360 seconds
2014-03-20T17:32:03.711-0500: 896.166: [GC
Desired survivor size 8388608 bytes, new threshold 1 (max 15)
 [PSYoungGen: 685088K->2272K(691200K)] 1048403K->365731K(2089472K), 0.0094970 secs] [Times: user=0.10 sys=0.00, real=0.01 secs] 
2014-03-20T17:32:03.721-0500: 896.175: Total time for which application threads were stopped: 0.0105650 seconds
2014-03-20T17:32:04.040-0500: 896.495: [GC
Desired survivor size 8388608 bytes, new threshold 1 (max 15)
 [PSYoungGen: 685280K->2304K(691200K)] 1048739K->365907K(2089472K), 0.0094110 secs] [Times: user=0.10 sys=0.01, real=0.00 secs] 
2014-03-20T17:32:04.050-0500: 896.504: Total time for which application threads were stopped: 0.0104450 seconds
2014-03-20T17:32:04.369-0500: 896.824: [GC
Desired survivor size 7864320 bytes, new threshold 1 (max 15)
 [PSYoungGen: 685312K->2304K(691712K)] 1048915K->366051K(2089984K), 0.0138710 secs] [Times: user=0.13 sys=0.01, real=0.02 secs] 
2014-03-20T17:32:04.383-0500: 896.838: Total time for which application threads were stopped: 0.0150280 seconds
2014-03-20T17:32:04.712-0500: 897.167: [GC
Desired survivor size 7864320 bytes, new threshold 1 (max 15)
 [PSYoungGen: 685824K->2368K(691200K)] 1049571K->366259K(2089472K), 0.0163560 secs] [Times: user=0.12 sys=0.00, real=0.01 secs] 
2014-03-20T17:32:04.729-0500: 897.184: Total time for which application threads were stopped: 0.0176510 seconds
2014-03-20T17:32:05.042-0500: 897.497: [GC
Desired survivor size 7340032 bytes, new threshold 1 (max 15)
 [PSYoungGen: 685888K->2496K(692224K)] 1049779K->366523K(2090496K), 0.0119860 secs] [Times: user=0.14 sys=0.00, real=0.01 secs] 
2014-03-20T17:32:05.055-0500: 897.509: Total time for which application threads were stopped: 0.0132500 seconds
2014-03-20T17:32:05.374-0500: 897.828: [GC
Desired survivor size 7340032 bytes, new threshold 1 (max 15)
 [PSYoungGen: 687040K->2528K(691712K)] 1051067K->366691K(2089984K), 0.0102340 secs] [Times: user=0.12 sys=0.00, real=0.01 secs] 
2014-03-20T17:32:05.384-0500: 897.839: Total time for which application threads were stopped: 0.0112750 seconds
2014-03-20T17:32:05.707-0500: 898.162: [GC
Desired survivor size 6815744 bytes, new threshold 1 (max 15)
 [PSYoungGen: 687072K->2560K(692736K)] 1051235K->366859K(2091008K), 0.0099490 secs] [Times: user=0.11 sys=0.00, real=0.01 secs] 
2014-03-20T17:32:05.717-0500: 898.172: Total time for which application threads were stopped: 0.0111080 seconds
2014-03-20T17:32:06.038-0500: 898.492: [GC
Desired survivor size 6815744 bytes, new threshold 1 (max 15)
 [PSYoungGen: 688128K->2784K(692224K)] 1052427K->367219K(2090496K), 0.0100060 secs] [Times: user=0.11 sys=0.00, real=0.01 secs] 
2014-03-20T17:32:06.048-0500: 898.503: Total time for which application threads were stopped: 0.0111050 seconds
2014-03-20T17:32:06.366-0500: 898.821: [GC
Desired survivor size 6291456 bytes, new threshold 1 (max 15)
 [PSYoungGen: 688352K->2848K(693248K)] 1052787K->367419K(2091520K), 0.0100920 secs] [Times: user=0.11 sys=0.00, real=0.01 secs] 
2014-03-20T17:32:06.377-0500: 898.831: Total time for which application threads were stopped: 0.0114370 seconds
2014-03-20T17:32:06.695-0500: 899.150: [GC
Desired survivor size 6291456 bytes, new threshold 1 (max 15)
 [PSYoungGen: 689440K->2944K(692736K)] 1054011K->367659K(2091008K), 0.0105830 secs] [Times: user=0.12 sys=0.00, real=0.01 secs] 
2014-03-20T17:32:06.706-0500: 899.161: Total time for which application threads were stopped: 0.0116720 seconds
2014-03-20T17:32:07.019-0500: 899.474: [GC
Desired survivor size 5767168 bytes, new threshold 1 (max 15)
 [PSYoungGen: 689536K->3040K(693760K)] 1054251K->367899K(2092032K), 0.0099960 secs] [Times: user=0.11 sys=0.00, real=0.01 secs] 
2014-03-20T17:32:07.030-0500: 899.484: Total time for which application threads were stopped: 0.0113340 seconds
2014-03-20T17:32:07.349-0500: 899.804: [GC
Desired survivor size 5767168 bytes, new threshold 1 (max 15)
 [PSYoungGen: 690656K->3200K(693248K)] 1055515K->368203K(2091520K), 0.0109300 secs] [Times: user=0.12 sys=0.00, real=0.02 secs] 
2014-03-20T17:32:07.361-0500: 899.815: Total time for which application threads were stopped: 0.0120300 seconds
2014-03-20T17:32:07.681-0500: 900.136: [GC
Desired survivor size 5767168 bytes, new threshold 1 (max 15)
 [PSYoungGen: 690816K->3360K(693760K)] 1055819K->368507K(2092032K), 0.0127920 secs] [Times: user=0.13 sys=0.00, real=0.01 secs] 
2014-03-20T17:32:07.695-0500: 900.149: Total time for which application threads were stopped: 0.0141310 seconds
2014-03-20T17:32:08.016-0500: 900.471: [GC
Desired survivor size 5767168 bytes, new threshold 1 (max 15)
 [PSYoungGen: 691488K->3488K(693760K)] 1056635K->368779K(2092032K), 0.0117450 secs] [Times: user=0.14 sys=0.00, real=0.01 secs] 
2014-03-20T17:32:08.028-0500: 900.483: Total time for which application threads were stopped: 0.0128790 seconds
2014-03-20T17:32:08.343-0500: 900.798: [GC
Desired survivor size 5242880 bytes, new threshold 1 (max 15)
 [PSYoungGen: 691616K->3616K(694272K)] 1056907K->369051K(2092544K), 0.0099970 secs] [Times: user=0.11 sys=0.00, real=0.01 secs] 
2014-03-20T17:32:08.353-0500: 900.808: Total time for which application threads were stopped: 0.0114880 seconds
2014-03-20T17:32:08.676-0500: 901.131: [GC
Desired survivor size 5767168 bytes, new threshold 1 (max 15)
 [PSYoungGen: 692256K->3776K(693760K)] 1057691K->369355K(2092032K), 0.0100260 secs] [Times: user=0.11 sys=0.00, real=0.01 secs] 
2014-03-20T17:32:08.687-0500: 901.141: Total time for which application threads were stopped: 0.0111740 seconds
2014-03-20T17:32:08.996-0500: 901.451: [GC
Desired survivor size 5767168 bytes, new threshold 1 (max 15)
 [PSYoungGen: 692416K->3968K(693760K)] 1057995K->369683K(2092032K), 0.0104730 secs] [Times: user=0.12 sys=0.00, real=0.01 secs] 
2014-03-20T17:32:09.007-0500: 901.462: Total time for which application threads were stopped: 0.0116450 seconds
2014-03-20T17:32:09.328-0500: 901.783: [GC
Desired survivor size 5767168 bytes, new threshold 1 (max 15)
 [PSYoungGen: 692096K->4032K(693760K)] 1057811K->369883K(2092032K), 0.0102950 secs] [Times: user=0.12 sys=0.00, real=0.01 secs] 
2014-03-20T17:32:09.338-0500: 901.793: Total time for which application threads were stopped: 0.0114370 seconds
2014-03-20T17:32:09.679-0500: 902.134: [GC
Desired survivor size 5767168 bytes, new threshold 1 (max 15)
 [PSYoungGen: 692160K->4192K(693760K)] 1058011K->370171K(2092032K), 0.0106420 secs] [Times: user=0.11 sys=0.00, real=0.01 secs] 
2014-03-20T17:32:09.690-0500: 902.144: Total time for which application threads were stopped: 0.0117840 seconds
2014-03-20T17:32:10.004-0500: 902.459: [GC
Desired survivor size 5767168 bytes, new threshold 1 (max 15)
 [PSYoungGen: 692320K->4288K(693760K)] 1058299K->370411K(2092032K), 0.0139880 secs] [Times: user=0.14 sys=0.01, real=0.01 secs] 
2014-03-20T17:32:10.018-0500: 902.473: Total time for which application threads were stopped: 0.0152510 seconds
2014-03-20T17:32:10.560-0500: 903.015: [GC
Desired survivor size 5767168 bytes, new threshold 1 (max 15)
 [PSYoungGen: 692416K->4416K(693760K)] 1058539K->370675K(2092032K), 0.0135940 secs] [Times: user=0.11 sys=0.00, real=0.02 secs] 
2014-03-20T17:32:10.574-0500: 903.029: Total time for which application threads were stopped: 0.0149790 seconds
2014-03-20T17:32:10.895-0500: 903.350: [GC
Desired survivor size 6291456 bytes, new threshold 1 (max 15)
 [PSYoungGen: 692544K->4608K(692736K)] 1058803K->370979K(2091008K), 0.0101640 secs] [Times: user=0.10 sys=0.00, real=0.01 secs] 
2014-03-20T17:32:10.905-0500: 903.360: Total time for which application threads were stopped: 0.0114020 seconds
2014-03-20T17:32:11.240-0500: 903.695: [GC
Desired survivor size 6291456 bytes, new threshold 1 (max 15)
 [PSYoungGen: 692736K->4768K(693248K)] 1059107K->371283K(2091520K), 0.0124930 secs] [Times: user=0.12 sys=0.00, real=0.02 secs] 
2014-03-20T17:32:11.253-0500: 903.708: Total time for which application threads were stopped: 0.0141800 seconds
2014-03-20T17:32:11.585-0500: 904.039: [GC
Desired survivor size 6291456 bytes, new threshold 1 (max 15)
 [PSYoungGen: 691872K->4864K(693248K)] 1058387K->371515K(2091520K), 0.0112930 secs] [Times: user=0.12 sys=0.00, real=0.01 secs] 
2014-03-20T17:32:11.596-0500: 904.051: Total time for which application threads were stopped: 0.0124310 seconds
2014-03-20T17:32:11.932-0500: 904.387: [GC
Desired survivor size 6815744 bytes, new threshold 1 (max 15)
 [PSYoungGen: 691968K->5024K(692224K)] 1058619K->371811K(2090496K), 0.0096360 secs] [Times: user=0.10 sys=0.00, real=0.01 secs] 
2014-03-20T17:32:11.942-0500: 904.397: Total time for which application threads were stopped: 0.0109880 seconds
2014-03-20T17:32:12.244-0500: 904.699: [GC
Desired survivor size 6815744 bytes, new threshold 1 (max 15)
 [PSYoungGen: 691104K->5088K(692736K)] 1057891K->372019K(2091008K), 0.0098550 secs] [Times: user=0.10 sys=0.00, real=0.01 secs] 
2014-03-20T17:32:12.254-0500: 904.709: Total time for which application threads were stopped: 0.0110270 seconds
2014-03-20T17:32:12.554-0500: 905.008: [GC
Desired survivor size 6815744 bytes, new threshold 1 (max 15)
 [PSYoungGen: 691168K->5280K(692736K)] 1058099K->372347K(2091008K), 0.0129510 secs] [Times: user=0.14 sys=0.00, real=0.01 secs] 
2014-03-20T17:32:12.567-0500: 905.022: Total time for which application threads were stopped: 0.0145360 seconds
2014-03-20T17:32:12.866-0500: 905.321: [GC
Desired survivor size 7340032 bytes, new threshold 1 (max 15)
 [PSYoungGen: 691360K->5280K(691712K)] 1058427K->372491K(2089984K), 0.0101080 secs] [Times: user=0.11 sys=0.01, real=0.01 secs] 
2014-03-20T17:32:12.876-0500: 905.331: Total time for which application threads were stopped: 0.0112980 seconds
2014-03-20T17:32:13.200-0500: 905.655: [GC
Desired survivor size 7340032 bytes, new threshold 1 (max 15)
 [PSYoungGen: 691360K->5408K(692224K)] 1058571K->372763K(2090496K), 0.0103470 secs] [Times: user=0.11 sys=0.00, real=0.01 secs] 
2014-03-20T17:32:13.211-0500: 905.665: Total time for which application threads were stopped: 0.0118320 seconds
2014-03-20T17:32:13.528-0500: 905.982: [GC
Desired survivor size 7340032 bytes, new threshold 1 (max 15)
 [PSYoungGen: 690464K->5408K(692224K)] 1057819K->372899K(2090496K), 0.0142710 secs] [Times: user=0.13 sys=0.00, real=0.02 secs] 
2014-03-20T17:32:13.542-0500: 905.997: Total time for which application threads were stopped: 0.0156390 seconds
2014-03-20T17:32:13.876-0500: 906.331: [GC
Desired survivor size 7340032 bytes, new threshold 1 (max 15)
 [PSYoungGen: 690464K->5536K(692224K)] 1057955K->373163K(2090496K), 0.0109020 secs] [Times: user=0.11 sys=0.00, real=0.01 secs] 
2014-03-20T17:32:13.887-0500: 906.342: Total time for which application threads were stopped: 0.0123410 seconds
2014-03-20T17:32:14.206-0500: 906.660: [GC
Desired survivor size 7864320 bytes, new threshold 1 (max 15)
 [PSYoungGen: 690592K->5664K(691200K)] 1058219K->373435K(2089472K), 0.0095760 secs] [Times: user=0.10 sys=0.00, real=0.01 secs] 
2014-03-20T17:32:14.215-0500: 906.670: Total time for which application threads were stopped: 0.0106940 seconds
2014-03-20T17:32:14.540-0500: 906.994: [GC
Desired survivor size 7864320 bytes, new threshold 1 (max 15)
 [PSYoungGen: 690720K->5760K(691712K)] 1058491K->373675K(2089984K), 0.0101790 secs] [Times: user=0.10 sys=0.00, real=0.01 secs] 
2014-03-20T17:32:14.550-0500: 907.005: Total time for which application threads were stopped: 0.0117160 seconds
2014-03-20T17:32:14.871-0500: 907.326: [GC
Desired survivor size 7864320 bytes, new threshold 1 (max 15)
 [PSYoungGen: 689792K->5856K(691712K)] 1057707K->373915K(2089984K), 0.0107860 secs] [Times: user=0.12 sys=0.01, real=0.02 secs] 
2014-03-20T17:32:14.882-0500: 907.337: Total time for which application threads were stopped: 0.0119700 seconds
2014-03-20T17:32:15.197-0500: 907.652: [GC
Desired survivor size 8388608 bytes, new threshold 1 (max 15)
 [PSYoungGen: 689888K->2112K(690688K)] 1057947K->370307K(2088960K), 0.0103290 secs] [Times: user=0.12 sys=0.00, real=0.01 secs] 
2014-03-20T17:32:15.208-0500: 907.663: Total time for which application threads were stopped: 0.0117350 seconds
2014-03-20T17:32:15.525-0500: 907.980: [GC
Desired survivor size 8388608 bytes, new threshold 1 (max 15)
 [PSYoungGen: 685120K->2112K(691200K)] 1053315K->370451K(2089472K), 0.0141580 secs] [Times: user=0.13 sys=0.00, real=0.01 secs] 
2014-03-20T17:32:15.539-0500: 907.994: Total time for which application threads were stopped: 0.0152660 seconds
2014-03-20T17:32:15.865-0500: 908.319: [GC
Desired survivor size 8388608 bytes, new threshold 1 (max 15)
 [PSYoungGen: 685120K->2144K(691200K)] 1053459K->370627K(2089472K), 0.0096290 secs] [Times: user=0.10 sys=0.00, real=0.01 secs] 
2014-03-20T17:32:15.874-0500: 908.329: Total time for which application threads were stopped: 0.0115880 seconds
2014-03-20T17:32:16.188-0500: 908.643: [GC
Desired survivor size 8388608 bytes, new threshold 1 (max 15)
 [PSYoungGen: 685152K->2176K(691200K)] 1053635K->370795K(2089472K), 0.0097700 secs] [Times: user=0.11 sys=0.01, real=0.01 secs] 
2014-03-20T17:32:16.198-0500: 908.652: Total time for which application threads were stopped: 0.0107680 seconds
2014-03-20T17:32:16.521-0500: 908.976: [GC
Desired survivor size 8388608 bytes, new threshold 1 (max 15)
 [PSYoungGen: 685184K->2208K(691200K)] 1053803K->370923K(2089472K), 0.0117760 secs] [Times: user=0.07 sys=0.00, real=0.02 secs] 
2014-03-20T17:32:16.533-0500: 908.988: Total time for which application threads were stopped: 0.0130580 seconds
2014-03-20T17:32:16.840-0500: 909.295: [GC
Desired survivor size 7864320 bytes, new threshold 1 (max 15)
 [PSYoungGen: 685216K->2304K(691200K)] 1053931K->371163K(2089472K), 0.0093210 secs] [Times: user=0.09 sys=0.01, real=0.01 secs] 
2014-03-20T17:32:16.850-0500: 909.305: Total time for which application threads were stopped: 0.0103500 seconds
2014-03-20T17:32:17.160-0500: 909.614: [GC
Desired survivor size 7864320 bytes, new threshold 1 (max 15)
 [PSYoungGen: 685312K->2368K(691712K)] 1054171K->371371K(2089984K), 0.0099880 secs] [Times: user=0.11 sys=0.00, real=0.01 secs] 
2014-03-20T17:32:17.170-0500: 909.625: Total time for which application threads were stopped: 0.0113330 seconds
2014-03-20T17:32:17.484-0500: 909.939: [GC
Desired survivor size 7864320 bytes, new threshold 1 (max 15)
 [PSYoungGen: 686400K->2464K(691712K)] 1055403K->371611K(2089984K), 0.0100740 secs] [Times: user=0.11 sys=0.00, real=0.01 secs] 
2014-03-20T17:32:17.495-0500: 909.949: Total time for which application threads were stopped: 0.0111760 seconds
2014-03-20T17:32:17.818-0500: 910.273: [GC
Desired survivor size 7340032 bytes, new threshold 1 (max 15)
 [PSYoungGen: 686496K->2464K(692224K)] 1055643K->371755K(2090496K), 0.0100420 secs] [Times: user=0.11 sys=0.00, real=0.01 secs] 
2014-03-20T17:32:17.829-0500: 910.283: Total time for which application threads were stopped: 0.0112840 seconds
2014-03-20T17:32:18.168-0500: 910.623: [GC
Desired survivor size 7340032 bytes, new threshold 1 (max 15)
 [PSYoungGen: 687008K->2656K(691712K)] 1056299K->372083K(2089984K), 0.0101960 secs] [Times: user=0.11 sys=0.00, real=0.01 secs] 
2014-03-20T17:32:18.179-0500: 910.633: Total time for which application threads were stopped: 0.0113160 seconds
2014-03-20T17:32:18.507-0500: 910.961: [GC
Desired survivor size 6815744 bytes, new threshold 1 (max 15)
 [PSYoungGen: 687200K->2656K(692736K)] 1056627K->372227K(2091008K), 0.0100860 secs] [Times: user=0.11 sys=0.00, real=0.01 secs] 
2014-03-20T17:32:18.517-0500: 910.972: Total time for which application threads were stopped: 0.0114190 seconds
2014-03-20T17:32:18.836-0500: 911.291: [GC
Desired survivor size 6815744 bytes, new threshold 1 (max 15)
 [PSYoungGen: 688224K->2720K(692224K)] 1057795K->372427K(2090496K), 0.0101540 secs] [Times: user=0.11 sys=0.00, real=0.01 secs] 
2014-03-20T17:32:18.846-0500: 911.301: Total time for which application threads were stopped: 0.0112340 seconds
2014-03-20T17:32:19.175-0500: 911.629: [GC
Desired survivor size 6291456 bytes, new threshold 1 (max 15)
 [PSYoungGen: 688288K->2880K(693248K)] 1057995K->372723K(2091520K), 0.0103910 secs] [Times: user=0.12 sys=0.00, real=0.01 secs] 
2014-03-20T17:32:19.185-0500: 911.640: Total time for which application threads were stopped: 0.0116750 seconds
2014-03-20T17:32:19.509-0500: 911.963: [GC
Desired survivor size 6291456 bytes, new threshold 1 (max 15)
 [PSYoungGen: 689472K->3008K(692736K)] 1059315K->372995K(2091008K), 0.0110430 secs] [Times: user=0.12 sys=0.00, real=0.01 secs] 
2014-03-20T17:32:19.520-0500: 911.975: Total time for which application threads were stopped: 0.0121580 seconds
2014-03-20T17:32:19.864-0500: 912.319: [GC
Desired survivor size 5767168 bytes, new threshold 1 (max 15)
 [PSYoungGen: 689600K->3008K(693760K)] 1059587K->373131K(2092032K), 0.0115070 secs] [Times: user=0.13 sys=0.00, real=0.01 secs] 
2014-03-20T17:32:19.876-0500: 912.331: Total time for which application threads were stopped: 0.0128320 seconds
2014-03-20T17:32:20.197-0500: 912.652: [GC
Desired survivor size 5767168 bytes, new threshold 1 (max 15)
 [PSYoungGen: 690624K->3232K(693248K)] 1060747K->373491K(2091520K), 0.0102780 secs] [Times: user=0.12 sys=0.00, real=0.01 secs] 
2014-03-20T17:32:20.207-0500: 912.662: Total time for which application threads were stopped: 0.0115310 seconds
2014-03-20T17:32:20.535-0500: 912.990: [GC
Desired survivor size 5767168 bytes, new threshold 1 (max 15)
 [PSYoungGen: 690848K->3360K(693760K)] 1061107K->373763K(2092032K), 0.0101140 secs] [Times: user=0.11 sys=0.00, real=0.01 secs] 
2014-03-20T17:32:20.545-0500: 913.000: Total time for which application threads were stopped: 0.0113160 seconds
2014-03-20T17:32:20.876-0500: 913.331: [GC
Desired survivor size 5242880 bytes, new threshold 1 (max 15)
 [PSYoungGen: 691488K->3520K(693760K)] 1061891K->374051K(2092032K), 0.0101100 secs] [Times: user=0.12 sys=0.00, real=0.01 secs] 
2014-03-20T17:32:20.886-0500: 913.341: Total time for which application threads were stopped: 0.0112890 seconds
2014-03-20T17:32:21.225-0500: 913.680: [GC
Desired survivor size 5242880 bytes, new threshold 1 (max 15)
 [PSYoungGen: 691648K->3680K(694272K)] 1062179K->374347K(2092544K), 0.0101920 secs] [Times: user=0.12 sys=0.00, real=0.01 secs] 
2014-03-20T17:32:21.235-0500: 913.690: Total time for which application threads were stopped: 0.0114660 seconds
2014-03-20T17:32:21.577-0500: 914.032: [GC
Desired survivor size 5767168 bytes, new threshold 1 (max 15)
 [PSYoungGen: 692832K->3872K(693248K)] 1063499K->374683K(2091520K), 0.0146240 secs] [Times: user=0.17 sys=0.00, real=0.01 secs] 
2014-03-20T17:32:21.592-0500: 914.046: Total time for which application threads were stopped: 0.0156370 seconds
2014-03-20T17:32:21.915-0500: 914.369: [GC
Desired survivor size 5767168 bytes, new threshold 1 (max 15)
 [PSYoungGen: 693024K->4096K(693760K)] 1063835K->375051K(2092032K), 0.0093790 secs] [Times: user=0.10 sys=0.00, real=0.01 secs] 
2014-03-20T17:32:21.924-0500: 914.379: Total time for which application threads were stopped: 0.0106400 seconds
2014-03-20T17:32:22.249-0500: 914.704: [GC
Desired survivor size 5767168 bytes, new threshold 1 (max 15)
 [PSYoungGen: 692224K->4096K(693760K)] 1063179K->375195K(2092032K), 0.0099500 secs] [Times: user=0.10 sys=0.00, real=0.01 secs] 
2014-03-20T17:32:22.259-0500: 914.714: Total time for which application threads were stopped: 0.0110630 seconds
2014-03-20T17:32:22.588-0500: 915.043: [GC
Desired survivor size 5767168 bytes, new threshold 1 (max 15)
 [PSYoungGen: 692224K->4256K(693760K)] 1063323K->375491K(2092032K), 0.0101060 secs] [Times: user=0.11 sys=0.00, real=0.01 secs] 
2014-03-20T17:32:22.598-0500: 915.053: Total time for which application threads were stopped: 0.0112120 seconds
2014-03-20T17:32:22.912-0500: 915.366: [GC
Desired survivor size 5767168 bytes, new threshold 1 (max 15)
 [PSYoungGen: 692384K->4480K(693760K)] 1063619K->375859K(2092032K), 0.0103600 secs] [Times: user=0.12 sys=0.00, real=0.01 secs] 
2014-03-20T17:32:22.922-0500: 915.377: Total time for which application threads were stopped: 0.0114720 seconds
2014-03-20T17:32:23.297-0500: 915.752: [GC
Desired survivor size 6291456 bytes, new threshold 1 (max 15)
 [PSYoungGen: 692608K->4544K(692736K)] 1063987K->376051K(2091008K), 0.0101690 secs] [Times: user=0.12 sys=0.00, real=0.01 secs] 
2014-03-20T17:32:23.308-0500: 915.762: Total time for which application threads were stopped: 0.0113820 seconds
2014-03-20T17:32:23.636-0500: 916.090: [GC
Desired survivor size 6291456 bytes, new threshold 1 (max 15)
 [PSYoungGen: 691648K->4672K(693248K)] 1063155K->376275K(2091520K), 0.0115950 secs] [Times: user=0.09 sys=0.00, real=0.01 secs] 
2014-03-20T17:32:23.647-0500: 916.102: Total time for which application threads were stopped: 0.0127750 seconds
2014-03-20T17:32:23.976-0500: 916.431: [GC
Desired survivor size 6291456 bytes, new threshold 1 (max 15)
 [PSYoungGen: 691776K->4832K(693248K)] 1063379K->376579K(2091520K), 0.0102280 secs] [Times: user=0.11 sys=0.01, real=0.01 secs] 
2014-03-20T17:32:23.987-0500: 916.441: Total time for which application threads were stopped: 0.0115150 seconds
2014-03-20T17:32:24.316-0500: 916.771: [GC
Desired survivor size 6815744 bytes, new threshold 1 (max 15)
 [PSYoungGen: 691936K->4960K(692224K)] 1063683K->376851K(2090496K), 0.0152590 secs] [Times: user=0.15 sys=0.00, real=0.01 secs] 
2014-03-20T17:32:24.332-0500: 916.787: Total time for which application threads were stopped: 0.0163310 seconds
2014-03-20T17:32:24.641-0500: 917.095: [GC
Desired survivor size 6815744 bytes, new threshold 1 (max 15)
 [PSYoungGen: 692064K->5024K(692736K)] 1063955K->377059K(2091008K), 0.0104750 secs] [Times: user=0.11 sys=0.00, real=0.01 secs] 
2014-03-20T17:32:24.651-0500: 917.106: Total time for which application threads were stopped: 0.0118290 seconds
2014-03-20T17:32:24.971-0500: 917.425: [GC
Desired survivor size 6815744 bytes, new threshold 1 (max 15)
 [PSYoungGen: 691104K->5184K(692736K)] 1063139K->377363K(2091008K), 0.0104710 secs] [Times: user=0.11 sys=0.01, real=0.01 secs] 
2014-03-20T17:32:24.981-0500: 917.436: Total time for which application threads were stopped: 0.0118710 seconds
2014-03-20T17:32:25.312-0500: 917.767: [GC
Desired survivor size 7340032 bytes, new threshold 1 (max 15)
 [PSYoungGen: 691264K->5248K(691712K)] 1063443K->377563K(2089984K), 0.0105680 secs] [Times: user=0.12 sys=0.00, real=0.01 secs] 
2014-03-20T17:32:25.323-0500: 917.778: Total time for which application threads were stopped: 0.0119620 seconds
2014-03-20T17:32:25.653-0500: 918.108: [GC
Desired survivor size 7340032 bytes, new threshold 1 (max 15)
 [PSYoungGen: 690304K->5312K(692224K)] 1062619K->377763K(2090496K), 0.0121250 secs] [Times: user=0.14 sys=0.00, real=0.01 secs] 
2014-03-20T17:32:25.666-0500: 918.120: Total time for which application threads were stopped: 0.0132270 seconds
2014-03-20T17:32:26.002-0500: 918.457: [GC
Desired survivor size 7340032 bytes, new threshold 1 (max 15)
 [PSYoungGen: 690368K->5440K(692224K)] 1062819K->378035K(2090496K), 0.0125570 secs] [Times: user=0.12 sys=0.00, real=0.02 secs] 
2014-03-20T17:32:26.015-0500: 918.470: Total time for which application threads were stopped: 0.0138970 seconds
2014-03-20T17:32:26.368-0500: 918.823: [GC
Desired survivor size 7340032 bytes, new threshold 1 (max 15)
 [PSYoungGen: 690496K->5568K(692224K)] 1063091K->378299K(2090496K), 0.0119320 secs] [Times: user=0.13 sys=0.00, real=0.01 secs] 
2014-03-20T17:32:26.380-0500: 918.835: Total time for which application threads were stopped: 0.0132020 seconds
2014-03-20T17:32:26.714-0500: 919.169: [GC
Desired survivor size 7864320 bytes, new threshold 1 (max 15)
 [PSYoungGen: 690624K->5664K(691200K)] 1063355K->378539K(2089472K), 0.0106690 secs] [Times: user=0.12 sys=0.01, real=0.01 secs] 
2014-03-20T17:32:26.725-0500: 919.180: Total time for which application threads were stopped: 0.0120610 seconds
2014-03-20T17:32:27.055-0500: 919.510: [GC
Desired survivor size 7864320 bytes, new threshold 1 (max 15)
 [PSYoungGen: 689696K->5728K(691712K)] 1062571K->378747K(2089984K), 0.0110120 secs] [Times: user=0.11 sys=0.00, real=0.01 secs] 
2014-03-20T17:32:27.066-0500: 919.521: Total time for which application threads were stopped: 0.0123790 seconds
2014-03-20T17:32:27.403-0500: 919.858: [GC
Desired survivor size 7864320 bytes, new threshold 1 (max 15)
 [PSYoungGen: 689760K->5792K(691712K)] 1062779K->378955K(2089984K), 0.0097860 secs] [Times: user=0.10 sys=0.00, real=0.01 secs] 
2014-03-20T17:32:27.413-0500: 919.868: Total time for which application threads were stopped: 0.0112870 seconds
2014-03-20T17:32:27.756-0500: 920.211: [GC
Desired survivor size 8388608 bytes, new threshold 1 (max 15)
 [PSYoungGen: 689824K->1984K(686080K)] 1062987K->375291K(2084352K), 0.0100980 secs] [Times: user=0.11 sys=0.00, real=0.01 secs] 
2014-03-20T17:32:27.766-0500: 920.221: Total time for which application threads were stopped: 0.0111320 seconds
2014-03-20T17:32:28.102-0500: 920.557: [GC
Desired survivor size 8388608 bytes, new threshold 1 (max 15)
 [PSYoungGen: 686016K->2080K(691200K)] 1059323K->375523K(2089472K), 0.0115660 secs] [Times: user=0.12 sys=0.00, real=0.02 secs] 
2014-03-20T17:32:28.114-0500: 920.569: Total time for which application threads were stopped: 0.0127790 seconds
2014-03-20T17:32:28.429-0500: 920.884: [GC
Desired survivor size 8388608 bytes, new threshold 1 (max 15)
 [PSYoungGen: 685088K->2272K(691200K)] 1058531K->375851K(2089472K), 0.0105020 secs] [Times: user=0.11 sys=0.00, real=0.01 secs] 
2014-03-20T17:32:28.440-0500: 920.895: Total time for which application threads were stopped: 0.0115870 seconds
2014-03-20T17:32:28.764-0500: 921.219: [GC
Desired survivor size 8388608 bytes, new threshold 1 (max 15)
 [PSYoungGen: 685280K->2176K(691200K)] 1058859K->375899K(2089472K), 0.0103760 secs] [Times: user=0.10 sys=0.00, real=0.02 secs] 
2014-03-20T17:32:28.774-0500: 921.229: Total time for which application threads were stopped: 0.0116990 seconds
2014-03-20T17:32:29.087-0500: 921.542: [GC
Desired survivor size 8388608 bytes, new threshold 1 (max 15)
 [PSYoungGen: 685184K->2240K(691200K)] 1058907K->376107K(2089472K), 0.0099440 secs] [Times: user=0.10 sys=0.00, real=0.01 secs] 
2014-03-20T17:32:29.097-0500: 921.552: Total time for which application threads were stopped: 0.0110360 seconds
2014-03-20T17:32:29.467-0500: 921.921: [GC
Desired survivor size 7864320 bytes, new threshold 1 (max 15)
 [PSYoungGen: 685248K->2336K(691712K)] 1059115K->376347K(2089984K), 0.0096300 secs] [Times: user=0.10 sys=0.00, real=0.01 secs] 
2014-03-20T17:32:29.477-0500: 921.931: Total time for which application threads were stopped: 0.0108870 seconds
2014-03-20T17:32:29.834-0500: 922.289: [GC
Desired survivor size 7864320 bytes, new threshold 1 (max 15)
 [PSYoungGen: 685856K->2272K(691200K)] 1059867K->376427K(2089472K), 0.0107000 secs] [Times: user=0.12 sys=0.01, real=0.01 secs] 
2014-03-20T17:32:29.845-0500: 922.300: Total time for which application threads were stopped: 0.0118090 seconds
2014-03-20T17:32:30.260-0500: 922.715: [GC
Desired survivor size 7864320 bytes, new threshold 1 (max 15)
 [PSYoungGen: 685792K->2400K(691712K)] 1059947K->376691K(2089984K), 0.0121680 secs] [Times: user=0.13 sys=0.00, real=0.01 secs] 
2014-03-20T17:32:30.273-0500: 922.728: Total time for which application threads were stopped: 0.0136300 seconds
2014-03-20T17:32:30.617-0500: 923.072: [GC
Desired survivor size 7340032 bytes, new threshold 1 (max 15)
 [PSYoungGen: 686432K->2496K(691712K)] 1060723K->376923K(2089984K), 0.0107060 secs] [Times: user=0.11 sys=0.00, real=0.01 secs] 
2014-03-20T17:32:30.628-0500: 923.083: Total time for which application threads were stopped: 0.0118290 seconds
2014-03-20T17:32:30.960-0500: 923.415: [GC
Desired survivor size 7340032 bytes, new threshold 1 (max 15)
 [PSYoungGen: 686528K->2560K(692224K)] 1060955K->377123K(2090496K), 0.0109380 secs] [Times: user=0.12 sys=0.00, real=0.01 secs] 
2014-03-20T17:32:30.971-0500: 923.426: Total time for which application threads were stopped: 0.0122340 seconds
2014-03-20T17:32:31.321-0500: 923.775: [GC
Desired survivor size 6815744 bytes, new threshold 1 (max 15)
 [PSYoungGen: 687616K->2656K(692224K)] 1062179K->377363K(2090496K), 0.0103930 secs] [Times: user=0.11 sys=0.00, real=0.01 secs] 
2014-03-20T17:32:31.331-0500: 923.786: Total time for which application threads were stopped: 0.0115330 seconds
2014-03-20T17:32:31.698-0500: 924.152: [GC
Desired survivor size 6815744 bytes, new threshold 1 (max 15)
 [PSYoungGen: 687712K->2816K(692736K)] 1062419K->377659K(2091008K), 0.0101460 secs] [Times: user=0.11 sys=0.01, real=0.01 secs] 
2014-03-20T17:32:31.708-0500: 924.163: Total time for which application threads were stopped: 0.0112830 seconds
2014-03-20T17:32:31.744-0500: 924.199: Total time for which application threads were stopped: 0.0007570 seconds
2014-03-20T17:32:32.022-0500: 924.476: [GC
Desired survivor size 6291456 bytes, new threshold 1 (max 15)
 [PSYoungGen: 688896K->2880K(692736K)] 1063739K->377859K(2091008K), 0.0103820 secs] [Times: user=0.12 sys=0.00, real=0.01 secs] 
2014-03-20T17:32:32.032-0500: 924.487: Total time for which application threads were stopped: 0.0115220 seconds
2014-03-20T17:32:32.368-0500: 924.823: [GC
Desired survivor size 6291456 bytes, new threshold 1 (max 15)
 [PSYoungGen: 688960K->2912K(693248K)] 1063939K->378035K(2091520K), 0.0102390 secs] [Times: user=0.11 sys=0.00, real=0.01 secs] 
2014-03-20T17:32:32.379-0500: 924.833: Total time for which application threads were stopped: 0.0115230 seconds
2014-03-20T17:32:32.714-0500: 925.168: [GC
Desired survivor size 5767168 bytes, new threshold 1 (max 15)
 [PSYoungGen: 690016K->3104K(693248K)] 1065139K->378355K(2091520K), 0.0103820 secs] [Times: user=0.11 sys=0.00, real=0.02 secs] 
2014-03-20T17:32:32.724-0500: 925.179: Total time for which application threads were stopped: 0.0117900 seconds
2014-03-20T17:32:33.074-0500: 925.529: [GC
Desired survivor size 5767168 bytes, new threshold 1 (max 15)
 [PSYoungGen: 690208K->3200K(693760K)] 1065459K->378587K(2092032K), 0.0103850 secs] [Times: user=0.11 sys=0.00, real=0.02 secs] 
2014-03-20T17:32:33.085-0500: 925.539: Total time for which application threads were stopped: 0.0115610 seconds
2014-03-20T17:32:33.407-0500: 925.861: [GC
Desired survivor size 5767168 bytes, new threshold 1 (max 15)
 [PSYoungGen: 691328K->3360K(693760K)] 1066715K->378891K(2092032K), 0.0104120 secs] [Times: user=0.11 sys=0.00, real=0.01 secs] 
2014-03-20T17:32:33.417-0500: 925.872: Total time for which application threads were stopped: 0.0146060 seconds
2014-03-20T17:32:33.770-0500: 926.224: [GC
Desired survivor size 5242880 bytes, new threshold 1 (max 15)
 [PSYoungGen: 691488K->3488K(694272K)] 1067019K->379163K(2092544K), 0.0102420 secs] [Times: user=0.12 sys=0.00, real=0.01 secs] 
2014-03-20T17:32:33.780-0500: 926.235: Total time for which application threads were stopped: 0.0117680 seconds
2014-03-20T17:32:34.090-0500: 926.545: [GC
Desired survivor size 5242880 bytes, new threshold 1 (max 15)
 [PSYoungGen: 692128K->3712K(693760K)] 1067803K->379523K(2092032K), 0.0102780 secs] [Times: user=0.12 sys=0.00, real=0.01 secs] 
2014-03-20T17:32:34.101-0500: 926.555: Total time for which application threads were stopped: 0.0115090 seconds
2014-03-20T17:32:34.446-0500: 926.900: [GC
Desired survivor size 5242880 bytes, new threshold 1 (max 15)
 [PSYoungGen: 692352K->3808K(694272K)] 1068163K->379755K(2092544K), 0.0102760 secs] [Times: user=0.11 sys=0.00, real=0.01 secs] 
2014-03-20T17:32:34.456-0500: 926.911: Total time for which application threads were stopped: 0.0115760 seconds
2014-03-20T17:32:34.804-0500: 927.259: [GC
Desired survivor size 5767168 bytes, new threshold 1 (max 15)
 [PSYoungGen: 692960K->3968K(693248K)] 1068907K->380059K(2091520K), 0.0100550 secs] [Times: user=0.11 sys=0.00, real=0.01 secs] 
2014-03-20T17:32:34.815-0500: 927.269: Total time for which application threads were stopped: 0.0111700 seconds
2014-03-20T17:32:35.146-0500: 927.601: [GC
Desired survivor size 5767168 bytes, new threshold 1 (max 15)
 [PSYoungGen: 693120K->4128K(693760K)] 1069211K->380363K(2092032K), 0.0093850 secs] [Times: user=0.10 sys=0.00, real=0.01 secs] 
2014-03-20T17:32:35.156-0500: 927.610: Total time for which application threads were stopped: 0.0106470 seconds
2014-03-20T17:32:35.479-0500: 927.933: [GC
Desired survivor size 5767168 bytes, new threshold 1 (max 15)
 [PSYoungGen: 692256K->4256K(693760K)] 1068491K->380627K(2092032K), 0.0099830 secs] [Times: user=0.11 sys=0.00, real=0.01 secs] 
2014-03-20T17:32:35.489-0500: 927.944: Total time for which application threads were stopped: 0.0112010 seconds
2014-03-20T17:32:35.810-0500: 928.265: [GC
Desired survivor size 5767168 bytes, new threshold 1 (max 15)
 [PSYoungGen: 692384K->4320K(693760K)] 1068755K->380835K(2092032K), 0.0099630 secs] [Times: user=0.11 sys=0.00, real=0.01 secs] 
2014-03-20T17:32:35.820-0500: 928.275: Total time for which application threads were stopped: 0.0111980 seconds
2014-03-20T17:32:36.145-0500: 928.600: [GC
Desired survivor size 6291456 bytes, new threshold 1 (max 15)
 [PSYoungGen: 692448K->4544K(692736K)] 1068963K->381195K(2091008K), 0.0096920 secs] [Times: user=0.10 sys=0.01, real=0.01 secs] 
2014-03-20T17:32:36.155-0500: 928.610: Total time for which application threads were stopped: 0.0107650 seconds
2014-03-20T17:32:36.469-0500: 928.924: [GC
Desired survivor size 6291456 bytes, new threshold 1 (max 15)
 [PSYoungGen: 692672K->4672K(693248K)] 1069323K->381467K(2091520K), 0.0101080 secs] [Times: user=0.11 sys=0.00, real=0.01 secs] 
2014-03-20T17:32:36.479-0500: 928.934: Total time for which application threads were stopped: 0.0113290 seconds
2014-03-20T17:32:36.803-0500: 929.258: [GC
Desired survivor size 6291456 bytes, new threshold 1 (max 15)
 [PSYoungGen: 691776K->4800K(693248K)] 1068571K->381739K(2091520K), 0.0102550 secs] [Times: user=0.12 sys=0.00, real=0.01 secs] 
2014-03-20T17:32:36.814-0500: 929.269: Total time for which application threads were stopped: 0.0113880 seconds
2014-03-20T17:32:37.135-0500: 929.590: [GC
Desired survivor size 6815744 bytes, new threshold 1 (max 15)
 [PSYoungGen: 691904K->4960K(692224K)] 1068843K->382043K(2090496K), 0.0104600 secs] [Times: user=0.12 sys=0.00, real=0.02 secs] 
2014-03-20T17:32:37.146-0500: 929.600: Total time for which application threads were stopped: 0.0118900 seconds
2014-03-20T17:32:37.459-0500: 929.914: [GC
Desired survivor size 6815744 bytes, new threshold 1 (max 15)
 [PSYoungGen: 691040K->4992K(692736K)] 1068123K->382203K(2091008K), 0.0104290 secs] [Times: user=0.12 sys=0.00, real=0.01 secs] 
2014-03-20T17:32:37.470-0500: 929.925: Total time for which application threads were stopped: 0.0115640 seconds
2014-03-20T17:32:37.815-0500: 930.269: [GC
Desired survivor size 6815744 bytes, new threshold 1 (max 15)
 [PSYoungGen: 691072K->5152K(692736K)] 1068283K->382507K(2091008K), 0.0104830 secs] [Times: user=0.11 sys=0.00, real=0.02 secs] 
2014-03-20T17:32:37.826-0500: 930.280: Total time for which application threads were stopped: 0.0122020 seconds
2014-03-20T17:32:38.143-0500: 930.597: [GC
Desired survivor size 7340032 bytes, new threshold 1 (max 15)
 [PSYoungGen: 691232K->5344K(691712K)] 1068587K->382835K(2089984K), 0.0123420 secs] [Times: user=0.13 sys=0.01, real=0.02 secs] 
2014-03-20T17:32:38.155-0500: 930.610: Total time for which application threads were stopped: 0.0135320 seconds
2014-03-20T17:32:38.461-0500: 930.916: [GC
Desired survivor size 7340032 bytes, new threshold 1 (max 15)
 [PSYoungGen: 691424K->5344K(692224K)] 1068915K->382979K(2090496K), 0.0102950 secs] [Times: user=0.11 sys=0.00, real=0.01 secs] 
2014-03-20T17:32:38.472-0500: 930.926: Total time for which application threads were stopped: 0.0117200 seconds
2014-03-20T17:32:38.772-0500: 931.226: [GC
Desired survivor size 7340032 bytes, new threshold 1 (max 15)
 [PSYoungGen: 690400K->5376K(692224K)] 1068035K->383155K(2090496K), 0.0110420 secs] [Times: user=0.12 sys=0.00, real=0.01 secs] 
2014-03-20T17:32:38.783-0500: 931.238: Total time for which application threads were stopped: 0.0122860 seconds
2014-03-20T17:32:39.099-0500: 931.553: [GC
Desired survivor size 7340032 bytes, new threshold 1 (max 15)
 [PSYoungGen: 690432K->5536K(692224K)] 1068211K->383451K(2090496K), 0.0109960 secs] [Times: user=0.12 sys=0.00, real=0.01 secs] 
2014-03-20T17:32:39.110-0500: 931.565: Total time for which application threads were stopped: 0.0123630 seconds
2014-03-20T17:32:39.435-0500: 931.890: [GC
Desired survivor size 7864320 bytes, new threshold 1 (max 15)
 [PSYoungGen: 690592K->5600K(690688K)] 1068507K->383659K(2088960K), 0.0098660 secs] [Times: user=0.11 sys=0.00, real=0.01 secs] 
2014-03-20T17:32:39.445-0500: 931.900: Total time for which application threads were stopped: 0.0109230 seconds
2014-03-20T17:32:39.785-0500: 932.240: [GC
Desired survivor size 7864320 bytes, new threshold 1 (max 15)
 [PSYoungGen: 690656K->5728K(691712K)] 1068715K->383923K(2089984K), 0.0099880 secs] [Times: user=0.10 sys=0.00, real=0.01 secs] 
2014-03-20T17:32:39.796-0500: 932.250: Total time for which application threads were stopped: 0.0113170 seconds
2014-03-20T17:32:40.107-0500: 932.562: [GC
Desired survivor size 7864320 bytes, new threshold 1 (max 15)
 [PSYoungGen: 689760K->5760K(691712K)] 1067955K->384091K(2089984K), 0.0097730 secs] [Times: user=0.10 sys=0.00, real=0.01 secs] 
2014-03-20T17:32:40.117-0500: 932.572: Total time for which application threads were stopped: 0.0110320 seconds
2014-03-20T17:32:40.439-0500: 932.893: [GC
Desired survivor size 7864320 bytes, new threshold 1 (max 15)
 [PSYoungGen: 689792K->5856K(691712K)] 1068123K->384331K(2089984K), 0.0098950 secs] [Times: user=0.10 sys=0.00, real=0.01 secs] 
2014-03-20T17:32:40.449-0500: 932.904: Total time for which application threads were stopped: 0.0113430 seconds
2014-03-20T17:32:40.782-0500: 933.237: [GC
Desired survivor size 8388608 bytes, new threshold 1 (max 15)
 [PSYoungGen: 689888K->2048K(686080K)] 1068363K->380667K(2084352K), 0.0103450 secs] [Times: user=0.12 sys=0.00, real=0.01 secs] 
2014-03-20T17:32:40.792-0500: 933.247: Total time for which application threads were stopped: 0.0114330 seconds
2014-03-20T17:32:41.123-0500: 933.577: [GC
Desired survivor size 8388608 bytes, new threshold 1 (max 15)
 [PSYoungGen: 686080K->2144K(691200K)] 1064699K->380907K(2089472K), 0.0105740 secs] [Times: user=0.12 sys=0.00, real=0.01 secs] 
2014-03-20T17:32:41.133-0500: 933.588: Total time for which application threads were stopped: 0.0120360 seconds
2014-03-20T17:32:41.462-0500: 933.917: [GC
Desired survivor size 8388608 bytes, new threshold 1 (max 15)
 [PSYoungGen: 685152K->2176K(691200K)] 1063915K->381075K(2089472K), 0.0105300 secs] [Times: user=0.12 sys=0.00, real=0.01 secs] 
2014-03-20T17:32:41.473-0500: 933.928: Total time for which application threads were stopped: 0.0118390 seconds
2014-03-20T17:32:41.811-0500: 934.266: [GC
Desired survivor size 8388608 bytes, new threshold 1 (max 15)
 [PSYoungGen: 685184K->2176K(691200K)] 1064083K->381219K(2089472K), 0.0103890 secs] [Times: user=0.12 sys=0.00, real=0.01 secs] 
2014-03-20T17:32:41.822-0500: 934.277: Total time for which application threads were stopped: 0.0116940 seconds
2014-03-20T17:32:42.170-0500: 934.625: [GC
Desired survivor size 8388608 bytes, new threshold 1 (max 15)
 [PSYoungGen: 685184K->2304K(691200K)] 1064227K->381483K(2089472K), 0.0103480 secs] [Times: user=0.11 sys=0.00, real=0.01 secs] 
2014-03-20T17:32:42.181-0500: 934.635: Total time for which application threads were stopped: 0.0114210 seconds
2014-03-20T17:32:42.557-0500: 935.011: [GC
Desired survivor size 8388608 bytes, new threshold 1 (max 15)
 [PSYoungGen: 685312K->2272K(691200K)] 1064491K->381587K(2089472K), 0.0101060 secs] [Times: user=0.11 sys=0.00, real=0.01 secs] 
2014-03-20T17:32:42.567-0500: 935.022: Total time for which application threads were stopped: 0.0115170 seconds
2014-03-20T17:32:42.918-0500: 935.373: [GC
Desired survivor size 7864320 bytes, new threshold 1 (max 15)
 [PSYoungGen: 685280K->2368K(691200K)] 1064595K->381819K(2089472K), 0.0117360 secs] [Times: user=0.13 sys=0.01, real=0.01 secs] 
2014-03-20T17:32:42.930-0500: 935.385: Total time for which application threads were stopped: 0.0127910 seconds
2014-03-20T17:32:43.256-0500: 935.711: [GC
Desired survivor size 7864320 bytes, new threshold 1 (max 15)
 [PSYoungGen: 685376K->2432K(691712K)] 1064827K->382027K(2089984K), 0.0126470 secs] [Times: user=0.14 sys=0.00, real=0.02 secs] 
2014-03-20T17:32:43.269-0500: 935.724: Total time for which application threads were stopped: 0.0139410 seconds
2014-03-20T17:32:43.595-0500: 936.050: [GC
Desired survivor size 7340032 bytes, new threshold 1 (max 15)
 [PSYoungGen: 686464K->2496K(691712K)] 1066059K->382235K(2089984K), 0.0098010 secs] [Times: user=0.10 sys=0.00, real=0.01 secs] 
2014-03-20T17:32:43.605-0500: 936.060: Total time for which application threads were stopped: 0.0109300 seconds
2014-03-20T17:32:43.922-0500: 936.377: [GC
Desired survivor size 7340032 bytes, new threshold 1 (max 15)
 [PSYoungGen: 686528K->2624K(692224K)] 1066267K->382499K(2090496K), 0.0105470 secs] [Times: user=0.11 sys=0.00, real=0.01 secs] 
2014-03-20T17:32:43.933-0500: 936.388: Total time for which application threads were stopped: 0.0119950 seconds
2014-03-20T17:32:44.245-0500: 936.699: [GC
Desired survivor size 6815744 bytes, new threshold 1 (max 15)
 [PSYoungGen: 687680K->2720K(692224K)] 1067555K->382739K(2090496K), 0.0108490 secs] [Times: user=0.11 sys=0.01, real=0.01 secs] 
2014-03-20T17:32:44.256-0500: 936.711: Total time for which application threads were stopped: 0.0118740 seconds
2014-03-20T17:32:44.594-0500: 937.049: [GC
Desired survivor size 6815744 bytes, new threshold 1 (max 15)
 [PSYoungGen: 687776K->2752K(692736K)] 1067795K->382915K(2091008K), 0.0105170 secs] [Times: user=0.12 sys=0.01, real=0.01 secs] 
2014-03-20T17:32:44.605-0500: 937.060: Total time for which application threads were stopped: 0.0120340 seconds
2014-03-20T17:32:44.948-0500: 937.403: [GC
Desired survivor size 6291456 bytes, new threshold 1 (max 15)
 [PSYoungGen: 688832K->2880K(692736K)] 1068995K->383171K(2091008K), 0.0105580 secs] [Times: user=0.11 sys=0.00, real=0.01 secs] 
2014-03-20T17:32:44.959-0500: 937.413: Total time for which application threads were stopped: 0.0117320 seconds
2014-03-20T17:32:45.278-0500: 937.733: [GC
Desired survivor size 6291456 bytes, new threshold 1 (max 15)
 [PSYoungGen: 688960K->3008K(693248K)] 1069251K->383443K(2091520K), 0.0108590 secs] [Times: user=0.12 sys=0.01, real=0.01 secs] 
2014-03-20T17:32:45.289-0500: 937.744: Total time for which application threads were stopped: 0.0121920 seconds
2014-03-20T17:32:45.611-0500: 938.066: [GC
Desired survivor size 5767168 bytes, new threshold 1 (max 15)
 [PSYoungGen: 690112K->3104K(693248K)] 1070547K->383683K(2091520K), 0.0107160 secs] [Times: user=0.12 sys=0.00, real=0.01 secs] 
2014-03-20T17:32:45.622-0500: 938.077: Total time for which application threads were stopped: 0.0117660 seconds
2014-03-20T17:32:45.974-0500: 938.429: [GC
Desired survivor size 5767168 bytes, new threshold 1 (max 15)
 [PSYoungGen: 690208K->3328K(693760K)] 1070787K->384051K(2092032K), 0.0108490 secs] [Times: user=0.11 sys=0.00, real=0.01 secs] 
2014-03-20T17:32:45.985-0500: 938.440: Total time for which application threads were stopped: 0.0121870 seconds
2014-03-20T17:32:46.300-0500: 938.754: [GC
Desired survivor size 5767168 bytes, new threshold 1 (max 15)
 [PSYoungGen: 691456K->3360K(693760K)] 1072179K->384219K(2092032K), 0.0125100 secs] [Times: user=0.14 sys=0.00, real=0.01 secs] 
2014-03-20T17:32:46.312-0500: 938.767: Total time for which application threads were stopped: 0.0136240 seconds
2014-03-20T17:32:46.644-0500: 939.098: [GC
Desired survivor size 5767168 bytes, new threshold 1 (max 15)
 [PSYoungGen: 691488K->3456K(693760K)] 1072347K->384451K(2092032K), 0.0104440 secs] [Times: user=0.11 sys=0.00, real=0.01 secs] 
2014-03-20T17:32:46.654-0500: 939.109: Total time for which application threads were stopped: 0.0116330 seconds
2014-03-20T17:32:46.984-0500: 939.439: [GC
Desired survivor size 5242880 bytes, new threshold 1 (max 15)
 [PSYoungGen: 691584K->3616K(693760K)] 1072579K->384747K(2092032K), 0.0106030 secs] [Times: user=0.12 sys=0.00, real=0.01 secs] 
2014-03-20T17:32:46.995-0500: 939.450: Total time for which application threads were stopped: 0.0116120 seconds
2014-03-20T17:32:47.330-0500: 939.785: [GC
Desired survivor size 5242880 bytes, new threshold 1 (max 15)
 [PSYoungGen: 691744K->3744K(694272K)] 1072875K->385011K(2092544K), 0.0105830 secs] [Times: user=0.12 sys=0.00, real=0.01 secs] 
2014-03-20T17:32:47.341-0500: 939.796: Total time for which application threads were stopped: 0.0119180 seconds
2014-03-20T17:32:47.677-0500: 940.131: [GC
Desired survivor size 5767168 bytes, new threshold 1 (max 15)
 [PSYoungGen: 692896K->3968K(693248K)] 1074163K->385371K(2091520K), 0.0128510 secs] [Times: user=0.12 sys=0.00, real=0.01 secs] 
2014-03-20T17:32:47.690-0500: 940.145: Total time for which application threads were stopped: 0.0140940 seconds
2014-03-20T17:32:48.037-0500: 940.492: [GC
Desired survivor size 5767168 bytes, new threshold 1 (max 15)
 [PSYoungGen: 693120K->4192K(693760K)] 1074523K->385739K(2092032K), 0.0105270 secs] [Times: user=0.12 sys=0.00, real=0.01 secs] 
2014-03-20T17:32:48.048-0500: 940.502: Total time for which application threads were stopped: 0.0118180 seconds
2014-03-20T17:32:48.400-0500: 940.855: [GC
Desired survivor size 5767168 bytes, new threshold 1 (max 15)
 [PSYoungGen: 692320K->4224K(693760K)] 1073867K->385907K(2092032K), 0.0121070 secs] [Times: user=0.14 sys=0.01, real=0.01 secs] 
2014-03-20T17:32:48.412-0500: 940.867: Total time for which application threads were stopped: 0.0132990 seconds
2014-03-20T17:32:48.759-0500: 941.214: [GC
Desired survivor size 5767168 bytes, new threshold 1 (max 15)
 [PSYoungGen: 692352K->4416K(693760K)] 1074035K->386235K(2092032K), 0.0113710 secs] [Times: user=0.13 sys=0.00, real=0.01 secs] 
2014-03-20T17:32:48.771-0500: 941.225: Total time for which application threads were stopped: 0.0126640 seconds
2014-03-20T17:32:49.093-0500: 941.548: [GC
Desired survivor size 6291456 bytes, new threshold 1 (max 15)
 [PSYoungGen: 692544K->4512K(692736K)] 1074363K->386475K(2091008K), 0.0106130 secs] [Times: user=0.12 sys=0.00, real=0.01 secs] 
2014-03-20T17:32:49.104-0500: 941.559: Total time for which application threads were stopped: 0.0118370 seconds
2014-03-20T17:32:49.420-0500: 941.875: [GC
Desired survivor size 6291456 bytes, new threshold 1 (max 15)
 [PSYoungGen: 692640K->4672K(693248K)] 1074603K->386771K(2091520K), 0.0104230 secs] [Times: user=0.11 sys=0.00, real=0.01 secs] 
2014-03-20T17:32:49.431-0500: 941.886: Total time for which application threads were stopped: 0.0119190 seconds
2014-03-20T17:32:49.768-0500: 942.223: [GC
Desired survivor size 6291456 bytes, new threshold 1 (max 15)
 [PSYoungGen: 691776K->4768K(693248K)] 1073875K->387035K(2091520K), 0.0108300 secs] [Times: user=0.12 sys=0.00, real=0.01 secs] 
2014-03-20T17:32:49.779-0500: 942.234: Total time for which application threads were stopped: 0.0131080 seconds
2014-03-20T17:32:50.100-0500: 942.554: [GC
Desired survivor size 6291456 bytes, new threshold 1 (max 15)
 [PSYoungGen: 691872K->4864K(693248K)] 1074139K->387267K(2091520K), 0.0103650 secs] [Times: user=0.11 sys=0.01, real=0.01 secs] 
2014-03-20T17:32:50.110-0500: 942.565: Total time for which application threads were stopped: 0.0118770 seconds
2014-03-20T17:32:50.423-0500: 942.878: [GC
Desired survivor size 6815744 bytes, new threshold 1 (max 15)
 [PSYoungGen: 691968K->5088K(692224K)] 1074371K->387635K(2090496K), 0.0103220 secs] [Times: user=0.12 sys=0.00, real=0.01 secs] 
2014-03-20T17:32:50.434-0500: 942.888: Total time for which application threads were stopped: 0.0115180 seconds
2014-03-20T17:32:50.758-0500: 943.213: [GC
Desired survivor size 6815744 bytes, new threshold 1 (max 15)
 [PSYoungGen: 692192K->5024K(692736K)] 1074739K->387707K(2091008K), 0.0105740 secs] [Times: user=0.12 sys=0.00, real=0.01 secs] 
2014-03-20T17:32:50.769-0500: 943.223: Total time for which application threads were stopped: 0.0117520 seconds
2014-03-20T17:32:51.092-0500: 943.546: [GC
Desired survivor size 6815744 bytes, new threshold 1 (max 15)
 [PSYoungGen: 691104K->5248K(692736K)] 1073787K->388067K(2091008K), 0.0113290 secs] [Times: user=0.12 sys=0.00, real=0.01 secs] 
2014-03-20T17:32:51.103-0500: 943.558: Total time for which application threads were stopped: 0.0125370 seconds
2014-03-20T17:32:51.439-0500: 943.894: [GC
Desired survivor size 7340032 bytes, new threshold 1 (max 15)
 [PSYoungGen: 691328K->5312K(691712K)] 1074147K->388275K(2089984K), 0.0190140 secs] [Times: user=0.14 sys=0.01, real=0.02 secs] 
2014-03-20T17:32:51.458-0500: 943.913: Total time for which application threads were stopped: 0.0203120 seconds
2014-03-20T17:32:51.796-0500: 944.250: [GC
Desired survivor size 7340032 bytes, new threshold 1 (max 15)
 [PSYoungGen: 690368K->5408K(692224K)] 1073331K->388507K(2090496K), 0.0110750 secs] [Times: user=0.12 sys=0.00, real=0.01 secs] 
2014-03-20T17:32:51.807-0500: 944.262: Total time for which application threads were stopped: 0.0124410 seconds
2014-03-20T17:32:52.121-0500: 944.575: [GC
Desired survivor size 7340032 bytes, new threshold 1 (max 15)
 [PSYoungGen: 690464K->5600K(692224K)] 1073563K->388843K(2090496K), 0.0104950 secs] [Times: user=0.12 sys=0.00, real=0.01 secs] 
2014-03-20T17:32:52.131-0500: 944.586: Total time for which application threads were stopped: 0.0118630 seconds
2014-03-20T17:32:52.447-0500: 944.901: [GC
Desired survivor size 7864320 bytes, new threshold 1 (max 15)
 [PSYoungGen: 690656K->5664K(691200K)] 1073899K->389051K(2089472K), 0.0106200 secs] [Times: user=0.11 sys=0.00, real=0.02 secs] 
2014-03-20T17:32:52.457-0500: 944.912: Total time for which application threads were stopped: 0.0118600 seconds
2014-03-20T17:32:52.770-0500: 945.225: [GC
Desired survivor size 7864320 bytes, new threshold 1 (max 15)
 [PSYoungGen: 690720K->5760K(691712K)] 1074107K->389291K(2089984K), 0.0109730 secs] [Times: user=0.12 sys=0.00, real=0.01 secs] 
2014-03-20T17:32:52.781-0500: 945.236: Total time for which application threads were stopped: 0.0122890 seconds
2014-03-20T17:32:53.108-0500: 945.563: [GC
Desired survivor size 7864320 bytes, new threshold 1 (max 15)
 [PSYoungGen: 689792K->5760K(691712K)] 1073323K->389435K(2089984K), 0.0133840 secs] [Times: user=0.15 sys=0.00, real=0.01 secs] 
2014-03-20T17:32:53.121-0500: 945.576: Total time for which application threads were stopped: 0.0144380 seconds
2014-03-20T17:32:53.451-0500: 945.906: [GC
Desired survivor size 8388608 bytes, new threshold 1 (max 15)
 [PSYoungGen: 689792K->1952K(690688K)] 1073467K->385771K(2088960K), 0.0106310 secs] [Times: user=0.12 sys=0.00, real=0.01 secs] 
2014-03-20T17:32:53.462-0500: 945.917: Total time for which application threads were stopped: 0.0120210 seconds
2014-03-20T17:32:53.774-0500: 946.229: [GC
Desired survivor size 8388608 bytes, new threshold 1 (max 15)
 [PSYoungGen: 684960K->1952K(691200K)] 1068779K->385907K(2089472K), 0.0102140 secs] [Times: user=0.11 sys=0.00, real=0.01 secs] 
2014-03-20T17:32:53.785-0500: 946.240: Total time for which application threads were stopped: 0.0115050 seconds
2014-03-20T17:32:54.077-0500: 946.531: [GC
Desired survivor size 8388608 bytes, new threshold 1 (max 15)
 [PSYoungGen: 684960K->2112K(691200K)] 1068915K->386203K(2089472K), 0.0106450 secs] [Times: user=0.12 sys=0.00, real=0.02 secs] 
2014-03-20T17:32:54.088-0500: 946.542: Total time for which application threads were stopped: 0.0119300 seconds
2014-03-20T17:32:54.386-0500: 946.840: [GC
Desired survivor size 8388608 bytes, new threshold 1 (max 15)
 [PSYoungGen: 685120K->2144K(691200K)] 1069211K->386379K(2089472K), 0.0112610 secs] [Times: user=0.11 sys=0.00, real=0.01 secs] 
2014-03-20T17:32:54.397-0500: 946.852: Total time for which application threads were stopped: 0.0123040 seconds
2014-03-20T17:32:54.704-0500: 947.158: [GC
Desired survivor size 8388608 bytes, new threshold 1 (max 15)
 [PSYoungGen: 685152K->2240K(691200K)] 1069387K->386611K(2089472K), 0.0115710 secs] [Times: user=0.13 sys=0.00, real=0.01 secs] 
2014-03-20T17:32:54.716-0500: 947.170: Total time for which application threads were stopped: 0.0127350 seconds
2014-03-20T17:32:55.045-0500: 947.499: [GC
Desired survivor size 7864320 bytes, new threshold 1 (max 15)
 [PSYoungGen: 685248K->2272K(691200K)] 1069619K->386787K(2089472K), 0.0101800 secs] [Times: user=0.12 sys=0.00, real=0.01 secs] 
2014-03-20T17:32:55.055-0500: 947.510: Total time for which application threads were stopped: 0.0112990 seconds
2014-03-20T17:32:55.372-0500: 947.827: [GC
Desired survivor size 7864320 bytes, new threshold 1 (max 15)
 [PSYoungGen: 685280K->2272K(691712K)] 1069795K->386923K(2089984K), 0.0104080 secs] [Times: user=0.12 sys=0.00, real=0.01 secs] 
2014-03-20T17:32:55.383-0500: 947.838: Total time for which application threads were stopped: 0.0114470 seconds
2014-03-20T17:32:55.702-0500: 948.157: [GC
Desired survivor size 7864320 bytes, new threshold 1 (max 15)
 [PSYoungGen: 686304K->2336K(691712K)] 1070955K->387123K(2089984K), 0.0120610 secs] [Times: user=0.14 sys=0.00, real=0.01 secs] 
2014-03-20T17:32:55.715-0500: 948.169: Total time for which application threads were stopped: 0.0131170 seconds
2014-03-20T17:32:56.043-0500: 948.498: [GC
Desired survivor size 7340032 bytes, new threshold 1 (max 15)
 [PSYoungGen: 686368K->2496K(692224K)] 1071155K->387427K(2090496K), 0.0092140 secs] [Times: user=0.10 sys=0.01, real=0.01 secs] 
2014-03-20T17:32:56.053-0500: 948.507: Total time for which application threads were stopped: 0.0103250 seconds
2014-03-20T17:32:56.398-0500: 948.853: [GC
Desired survivor size 7340032 bytes, new threshold 1 (max 15)
 [PSYoungGen: 687040K->2560K(691712K)] 1071971K->387635K(2089984K), 0.0093400 secs] [Times: user=0.10 sys=0.00, real=0.01 secs] 
2014-03-20T17:32:56.408-0500: 948.862: Total time for which application threads were stopped: 0.0105040 seconds
2014-03-20T17:32:56.712-0500: 949.167: [GC
Desired survivor size 6815744 bytes, new threshold 1 (max 15)
 [PSYoungGen: 687104K->2592K(692736K)] 1072179K->387803K(2091008K), 0.0097750 secs] [Times: user=0.11 sys=0.00, real=0.01 secs] 
2014-03-20T17:32:56.722-0500: 949.177: Total time for which application threads were stopped: 0.0110280 seconds
2014-03-20T17:32:57.031-0500: 949.486: [GC
Desired survivor size 6815744 bytes, new threshold 1 (max 15)
 [PSYoungGen: 688160K->2752K(692224K)] 1073371K->388099K(2090496K), 0.0113320 secs] [Times: user=0.13 sys=0.00, real=0.01 secs] 
2014-03-20T17:32:57.043-0500: 949.498: Total time for which application threads were stopped: 0.0124170 seconds
2014-03-20T17:32:57.359-0500: 949.814: [GC
Desired survivor size 6291456 bytes, new threshold 1 (max 15)
 [PSYoungGen: 688320K->2784K(693248K)] 1073667K->388275K(2091520K), 0.0100630 secs] [Times: user=0.12 sys=0.00, real=0.01 secs] 
2014-03-20T17:32:57.369-0500: 949.824: Total time for which application threads were stopped: 0.0113600 seconds
2014-03-20T17:32:57.691-0500: 950.146: [GC
Desired survivor size 6291456 bytes, new threshold 1 (max 15)
 [PSYoungGen: 689376K->2880K(692736K)] 1074867K->388507K(2091008K), 0.0112960 secs] [Times: user=0.12 sys=0.00, real=0.01 secs] 
2014-03-20T17:32:57.703-0500: 950.157: Total time for which application threads were stopped: 0.0125110 seconds
2014-03-20T17:32:58.032-0500: 950.487: [GC
Desired survivor size 5767168 bytes, new threshold 1 (max 15)
 [PSYoungGen: 689472K->3040K(693760K)] 1075099K->388803K(2092032K), 0.0102240 secs] [Times: user=0.11 sys=0.00, real=0.01 secs] 
2014-03-20T17:32:58.042-0500: 950.497: Total time for which application threads were stopped: 0.0115720 seconds
2014-03-20T17:32:58.359-0500: 950.814: [GC
Desired survivor size 5767168 bytes, new threshold 1 (max 15)
 [PSYoungGen: 690656K->3104K(693248K)] 1076419K->389003K(2091520K), 0.0102010 secs] [Times: user=0.11 sys=0.00, real=0.01 secs] 
2014-03-20T17:32:58.370-0500: 950.824: Total time for which application threads were stopped: 0.0113190 seconds
2014-03-20T17:32:58.689-0500: 951.144: [GC
Desired survivor size 5242880 bytes, new threshold 1 (max 15)
 [PSYoungGen: 690720K->3264K(694272K)] 1076619K->389307K(2092544K), 0.0100120 secs] [Times: user=0.11 sys=0.00, real=0.01 secs] 
2014-03-20T17:32:58.699-0500: 951.154: Total time for which application threads were stopped: 0.0112590 seconds
2014-03-20T17:32:59.045-0500: 951.500: [GC
Desired survivor size 5242880 bytes, new threshold 1 (max 15)
 [PSYoungGen: 691904K->3488K(693760K)] 1077947K->389675K(2092032K), 0.0096110 secs] [Times: user=0.11 sys=0.00, real=0.01 secs] 
2014-03-20T17:32:59.055-0500: 951.510: Total time for which application threads were stopped: 0.0106270 seconds
2014-03-20T17:32:59.362-0500: 951.817: [GC
Desired survivor size 5242880 bytes, new threshold 1 (max 15)
 [PSYoungGen: 692128K->3616K(694272K)] 1078315K->389971K(2092544K), 0.0093940 secs] [Times: user=0.11 sys=0.00, real=0.01 secs] 
2014-03-20T17:32:59.372-0500: 951.827: Total time for which application threads were stopped: 0.0106980 seconds
2014-03-20T17:32:59.704-0500: 952.159: [GC
Desired survivor size 5242880 bytes, new threshold 1 (max 15)
 [PSYoungGen: 692768K->3712K(694272K)] 1079123K->390211K(2092544K), 0.0101810 secs] [Times: user=0.12 sys=0.00, real=0.01 secs] 
2014-03-20T17:32:59.714-0500: 952.169: Total time for which application threads were stopped: 0.0113540 seconds
2014-03-20T17:33:00.046-0500: 952.501: [GC
Desired survivor size 5242880 bytes, new threshold 1 (max 15)
 [PSYoungGen: 692864K->3904K(694272K)] 1079363K->390547K(2092544K), 0.0102800 secs] [Times: user=0.12 sys=0.01, real=0.01 secs] 
2014-03-20T17:33:00.056-0500: 952.511: Total time for which application threads were stopped: 0.0115290 seconds
2014-03-20T17:33:00.380-0500: 952.834: [GC
Desired survivor size 5767168 bytes, new threshold 1 (max 15)
 [PSYoungGen: 693056K->3968K(693248K)] 1079699K->390755K(2091520K), 0.0103760 secs] [Times: user=0.12 sys=0.00, real=0.01 secs] 
2014-03-20T17:33:00.390-0500: 952.845: Total time for which application threads were stopped: 0.0116300 seconds
2014-03-20T17:33:00.710-0500: 953.165: [GC
Desired survivor size 5767168 bytes, new threshold 1 (max 15)
 [PSYoungGen: 693120K->4224K(693760K)] 1079907K->391155K(2092032K), 0.0100360 secs] [Times: user=0.12 sys=0.00, real=0.01 secs] 
2014-03-20T17:33:00.721-0500: 953.175: Total time for which application threads were stopped: 0.0113130 seconds
2014-03-20T17:33:01.042-0500: 953.497: [GC
Desired survivor size 5767168 bytes, new threshold 1 (max 15)
 [PSYoungGen: 692352K->4320K(693760K)] 1079283K->391395K(2092032K), 0.0094230 secs] [Times: user=0.10 sys=0.01, real=0.01 secs] 
2014-03-20T17:33:01.052-0500: 953.506: Total time for which application threads were stopped: 0.0104310 seconds
2014-03-20T17:33:01.381-0500: 953.836: [GC
Desired survivor size 5767168 bytes, new threshold 1 (max 15)
 [PSYoungGen: 692448K->4416K(693760K)] 1079523K->391619K(2092032K), 0.0094560 secs] [Times: user=0.10 sys=0.00, real=0.01 secs] 
2014-03-20T17:33:01.391-0500: 953.846: Total time for which application threads were stopped: 0.0105300 seconds
2014-03-20T17:33:01.738-0500: 954.193: [GC
Desired survivor size 6291456 bytes, new threshold 1 (max 15)
 [PSYoungGen: 692544K->4640K(693248K)] 1079747K->391979K(2091520K), 0.0093540 secs] [Times: user=0.10 sys=0.00, real=0.01 secs] 
2014-03-20T17:33:01.748-0500: 954.203: Total time for which application threads were stopped: 0.0105040 seconds
2014-03-20T17:33:02.081-0500: 954.535: [GC
Desired survivor size 6291456 bytes, new threshold 1 (max 15)
 [PSYoungGen: 692768K->4768K(693248K)] 1080107K->392251K(2091520K), 0.0095980 secs] [Times: user=0.10 sys=0.00, real=0.01 secs] 
2014-03-20T17:33:02.091-0500: 954.545: Total time for which application threads were stopped: 0.0111150 seconds
2014-03-20T17:33:02.405-0500: 954.859: [GC
Desired survivor size 6815744 bytes, new threshold 1 (max 15)
 [PSYoungGen: 691872K->4928K(692224K)] 1079355K->392547K(2090496K), 0.0117140 secs] [Times: user=0.14 sys=0.00, real=0.01 secs] 
2014-03-20T17:33:02.417-0500: 954.871: Total time for which application threads were stopped: 0.0127930 seconds
2014-03-20T17:33:02.722-0500: 955.177: [GC
Desired survivor size 6815744 bytes, new threshold 1 (max 15)
 [PSYoungGen: 692032K->5024K(692736K)] 1079651K->392787K(2091008K), 0.0105970 secs] [Times: user=0.12 sys=0.00, real=0.01 secs] 
2014-03-20T17:33:02.733-0500: 955.187: Total time for which application threads were stopped: 0.0118260 seconds
2014-03-20T17:33:03.045-0500: 955.499: [GC
Desired survivor size 6815744 bytes, new threshold 1 (max 15)
 [PSYoungGen: 691104K->5088K(692736K)] 1078867K->392995K(2091008K), 0.0104110 secs] [Times: user=0.12 sys=0.00, real=0.01 secs] 
2014-03-20T17:33:03.055-0500: 955.510: Total time for which application threads were stopped: 0.0116100 seconds
2014-03-20T17:33:03.376-0500: 955.831: [GC
Desired survivor size 6815744 bytes, new threshold 1 (max 15)
 [PSYoungGen: 691168K->5184K(692736K)] 1079075K->393227K(2091008K), 0.0102430 secs] [Times: user=0.12 sys=0.01, real=0.01 secs] 
2014-03-20T17:33:03.386-0500: 955.841: Total time for which application threads were stopped: 0.0115000 seconds
2014-03-20T17:33:03.701-0500: 956.155: [GC
Desired survivor size 7340032 bytes, new threshold 1 (max 15)
 [PSYoungGen: 691264K->5312K(691712K)] 1079307K->393491K(2089984K), 0.0100890 secs] [Times: user=0.12 sys=0.00, real=0.01 secs] 
2014-03-20T17:33:03.711-0500: 956.166: Total time for which application threads were stopped: 0.0111430 seconds
2014-03-20T17:33:04.057-0500: 956.512: [GC
Desired survivor size 7340032 bytes, new threshold 1 (max 15)
 [PSYoungGen: 691392K->5440K(692224K)] 1079571K->393755K(2090496K), 0.0102500 secs] [Times: user=0.12 sys=0.00, real=0.01 secs] 
2014-03-20T17:33:04.068-0500: 956.522: Total time for which application threads were stopped: 0.0113980 seconds
2014-03-20T17:33:04.416-0500: 956.870: [GC
Desired survivor size 7340032 bytes, new threshold 1 (max 15)
 [PSYoungGen: 690496K->5568K(692224K)] 1078811K->394019K(2090496K), 0.0103340 secs] [Times: user=0.11 sys=0.00, real=0.01 secs] 
2014-03-20T17:33:04.426-0500: 956.881: Total time for which application threads were stopped: 0.0140270 seconds
2014-03-20T17:33:04.734-0500: 957.188: [GC
Desired survivor size 7864320 bytes, new threshold 1 (max 15)
 [PSYoungGen: 690624K->5632K(691200K)] 1079075K->394227K(2089472K), 0.0102810 secs] [Times: user=0.12 sys=0.00, real=0.01 secs] 
2014-03-20T17:33:04.744-0500: 957.199: Total time for which application threads were stopped: 0.0114520 seconds
2014-03-20T17:33:05.059-0500: 957.514: [GC
Desired survivor size 7864320 bytes, new threshold 1 (max 15)
 [PSYoungGen: 689664K->5664K(691712K)] 1078259K->394395K(2089984K), 0.0101800 secs] [Times: user=0.12 sys=0.00, real=0.02 secs] 
2014-03-20T17:33:05.069-0500: 957.524: Total time for which application threads were stopped: 0.0112960 seconds
2014-03-20T17:33:05.391-0500: 957.846: [GC
Desired survivor size 7864320 bytes, new threshold 1 (max 15)
 [PSYoungGen: 689696K->5728K(691712K)] 1078427K->394595K(2089984K), 0.0103890 secs] [Times: user=0.12 sys=0.00, real=0.01 secs] 
2014-03-20T17:33:05.402-0500: 957.856: Total time for which application threads were stopped: 0.0117080 seconds
2014-03-20T17:33:05.737-0500: 958.191: [GC
Desired survivor size 7864320 bytes, new threshold 1 (max 15)
 [PSYoungGen: 689760K->5888K(691712K)] 1078627K->394899K(2089984K), 0.0103880 secs] [Times: user=0.12 sys=0.00, real=0.01 secs] 
2014-03-20T17:33:05.747-0500: 958.202: Total time for which application threads were stopped: 0.0115650 seconds
2014-03-20T17:33:06.066-0500: 958.521: [GC
Desired survivor size 8388608 bytes, new threshold 1 (max 15)
 [PSYoungGen: 689920K->2080K(690688K)] 1078931K->391227K(2088960K), 0.0100170 secs] [Times: user=0.11 sys=0.00, real=0.01 secs] 
2014-03-20T17:33:06.076-0500: 958.531: Total time for which application threads were stopped: 0.0111960 seconds
2014-03-20T17:33:06.390-0500: 958.845: [GC
Desired survivor size 8388608 bytes, new threshold 1 (max 15)
 [PSYoungGen: 685088K->2080K(691200K)] 1074235K->391355K(2089472K), 0.0105450 secs] [Times: user=0.11 sys=0.01, real=0.01 secs] 
2014-03-20T17:33:06.401-0500: 958.856: Total time for which application threads were stopped: 0.0116340 seconds
2014-03-20T17:33:06.723-0500: 959.178: [GC
Desired survivor size 8388608 bytes, new threshold 1 (max 15)
 [PSYoungGen: 685088K->2112K(691200K)] 1074363K->391531K(2089472K), 0.0100720 secs] [Times: user=0.12 sys=0.01, real=0.01 secs] 
2014-03-20T17:33:06.733-0500: 959.188: Total time for which application threads were stopped: 0.0112860 seconds
2014-03-20T17:33:07.054-0500: 959.508: [GC
Desired survivor size 8388608 bytes, new threshold 1 (max 15)
 [PSYoungGen: 685120K->2144K(691200K)] 1074539K->391707K(2089472K), 0.0101150 secs] [Times: user=0.12 sys=0.00, real=0.01 secs] 
2014-03-20T17:33:07.064-0500: 959.519: Total time for which application threads were stopped: 0.0109320 seconds
2014-03-20T17:33:07.407-0500: 959.861: [GC
Desired survivor size 8388608 bytes, new threshold 1 (max 15)
 [PSYoungGen: 685152K->2208K(691200K)] 1074715K->391915K(2089472K), 0.0100570 secs] [Times: user=0.12 sys=0.00, real=0.01 secs] 
2014-03-20T17:33:07.417-0500: 959.872: Total time for which application threads were stopped: 0.0113480 seconds
2014-03-20T17:33:07.754-0500: 960.209: [GC
Desired survivor size 8388608 bytes, new threshold 1 (max 15)
 [PSYoungGen: 685216K->2272K(691200K)] 1074923K->392115K(2089472K), 0.0102890 secs] [Times: user=0.12 sys=0.00, real=0.01 secs] 
2014-03-20T17:33:07.764-0500: 960.219: Total time for which application threads were stopped: 0.0114380 seconds
2014-03-20T17:33:08.097-0500: 960.552: [GC
Desired survivor size 7864320 bytes, new threshold 1 (max 15)
 [PSYoungGen: 685280K->2336K(691712K)] 1075123K->392323K(2089984K), 0.0104920 secs] [Times: user=0.11 sys=0.00, real=0.01 secs] 
2014-03-20T17:33:08.108-0500: 960.562: Total time for which application threads were stopped: 0.0117790 seconds
2014-03-20T17:33:08.440-0500: 960.895: [GC
Desired survivor size 7864320 bytes, new threshold 1 (max 15)
 [PSYoungGen: 685856K->2400K(691200K)] 1075843K->392531K(2089472K), 0.0105930 secs] [Times: user=0.12 sys=0.00, real=0.02 secs] 
2014-03-20T17:33:08.451-0500: 960.906: Total time for which application threads were stopped: 0.0116300 seconds
2014-03-20T17:33:08.787-0500: 961.242: [GC
Desired survivor size 7340032 bytes, new threshold 1 (max 15)
 [PSYoungGen: 685920K->2432K(692224K)] 1076051K->392699K(2090496K), 0.0105370 secs] [Times: user=0.12 sys=0.00, real=0.01 secs] 
2014-03-20T17:33:08.798-0500: 961.253: Total time for which application threads were stopped: 0.0118970 seconds
2014-03-20T17:33:09.120-0500: 961.575: [GC
Desired survivor size 7340032 bytes, new threshold 1 (max 15)
 [PSYoungGen: 686976K->2528K(691712K)] 1077243K->392939K(2089984K), 0.0106900 secs] [Times: user=0.11 sys=0.00, real=0.02 secs] 
2014-03-20T17:33:09.131-0500: 961.585: Total time for which application threads were stopped: 0.0117330 seconds
2014-03-20T17:33:09.445-0500: 961.900: [GC
Desired survivor size 6815744 bytes, new threshold 1 (max 15)
 [PSYoungGen: 687072K->2592K(692736K)] 1077483K->393147K(2091008K), 0.0104490 secs] [Times: user=0.12 sys=0.00, real=0.01 secs] 
2014-03-20T17:33:09.456-0500: 961.911: Total time for which application threads were stopped: 0.0117110 seconds
2014-03-20T17:33:09.780-0500: 962.235: [GC
Desired survivor size 6815744 bytes, new threshold 1 (max 15)
 [PSYoungGen: 688160K->2816K(692224K)] 1078715K->393515K(2090496K), 0.0106090 secs] [Times: user=0.12 sys=0.00, real=0.02 secs] 
2014-03-20T17:33:09.791-0500: 962.245: Total time for which application threads were stopped: 0.0116210 seconds
2014-03-20T17:33:10.118-0500: 962.573: [GC
Desired survivor size 6291456 bytes, new threshold 1 (max 15)
 [PSYoungGen: 688384K->2816K(693248K)] 1079083K->393651K(2091520K), 0.0106250 secs] [Times: user=0.12 sys=0.00, real=0.01 secs] 
2014-03-20T17:33:10.129-0500: 962.584: Total time for which application threads were stopped: 0.0118140 seconds
2014-03-20T17:33:10.454-0500: 962.909: [GC
Desired survivor size 6291456 bytes, new threshold 1 (max 15)
 [PSYoungGen: 689408K->2944K(692736K)] 1080243K->393915K(2091008K), 0.0129650 secs] [Times: user=0.12 sys=0.00, real=0.01 secs] 
2014-03-20T17:33:10.468-0500: 962.922: Total time for which application threads were stopped: 0.0140880 seconds
2014-03-20T17:33:10.790-0500: 963.245: [GC
Desired survivor size 5767168 bytes, new threshold 1 (max 15)
 [PSYoungGen: 689536K->3040K(693760K)] 1080507K->394155K(2092032K), 0.0104380 secs] [Times: user=0.11 sys=0.01, real=0.01 secs] 
2014-03-20T17:33:10.801-0500: 963.256: Total time for which application threads were stopped: 0.0118360 seconds
2014-03-20T17:33:11.130-0500: 963.584: [GC
Desired survivor size 5767168 bytes, new threshold 1 (max 15)
 [PSYoungGen: 690656K->3232K(693248K)] 1081771K->394483K(2091520K), 0.0102710 secs] [Times: user=0.12 sys=0.00, real=0.01 secs] 
2014-03-20T17:33:11.140-0500: 963.595: Total time for which application threads were stopped: 0.0113120 seconds
2014-03-20T17:33:11.480-0500: 963.935: [GC
Desired survivor size 5767168 bytes, new threshold 1 (max 15)
 [PSYoungGen: 690848K->3360K(693760K)] 1082099K->394747K(2092032K), 0.0104600 secs] [Times: user=0.11 sys=0.00, real=0.02 secs] 
2014-03-20T17:33:11.491-0500: 963.946: Total time for which application threads were stopped: 0.0119350 seconds
2014-03-20T17:33:11.826-0500: 964.280: [GC
Desired survivor size 5242880 bytes, new threshold 1 (max 15)
 [PSYoungGen: 691488K->3424K(693760K)] 1082875K->394947K(2092032K), 0.0101850 secs] [Times: user=0.12 sys=0.00, real=0.01 secs] 
2014-03-20T17:33:11.836-0500: 964.291: Total time for which application threads were stopped: 0.0112250 seconds
2014-03-20T17:33:12.177-0500: 964.631: [GC
Desired survivor size 5242880 bytes, new threshold 1 (max 15)
 [PSYoungGen: 691552K->3584K(694272K)] 1083075K->395251K(2092544K), 0.0100700 secs] [Times: user=0.12 sys=0.00, real=0.01 secs] 
2014-03-20T17:33:12.187-0500: 964.642: Total time for which application threads were stopped: 0.0113910 seconds
2014-03-20T17:33:12.512-0500: 964.966: [GC
Desired survivor size 5242880 bytes, new threshold 1 (max 15)
 [PSYoungGen: 692736K->3808K(694272K)] 1084403K->395611K(2092544K), 0.0103930 secs] [Times: user=0.12 sys=0.00, real=0.01 secs] 
2014-03-20T17:33:12.522-0500: 964.977: Total time for which application threads were stopped: 0.0115870 seconds
2014-03-20T17:33:12.856-0500: 965.311: [GC
Desired survivor size 5767168 bytes, new threshold 1 (max 15)
 [PSYoungGen: 692960K->3968K(693248K)] 1084763K->395915K(2091520K), 0.0106090 secs] [Times: user=0.12 sys=0.01, real=0.01 secs] 
2014-03-20T17:33:12.867-0500: 965.322: Total time for which application threads were stopped: 0.0118570 seconds
2014-03-20T17:33:13.196-0500: 965.651: [GC
Desired survivor size 5767168 bytes, new threshold 1 (max 15)
 [PSYoungGen: 692096K->4000K(693760K)] 1084043K->396083K(2092032K), 0.0104180 secs] [Times: user=0.12 sys=0.00, real=0.01 secs] 
2014-03-20T17:33:13.207-0500: 965.661: Total time for which application threads were stopped: 0.0116580 seconds
2014-03-20T17:33:13.510-0500: 965.964: [GC
Desired survivor size 5767168 bytes, new threshold 1 (max 15)
 [PSYoungGen: 692128K->4256K(693760K)] 1084211K->396483K(2092032K), 0.0103060 secs] [Times: user=0.12 sys=0.01, real=0.01 secs] 
2014-03-20T17:33:13.520-0500: 965.975: Total time for which application threads were stopped: 0.0115060 seconds
2014-03-20T17:33:13.853-0500: 966.307: [GC
Desired survivor size 5767168 bytes, new threshold 1 (max 15)
 [PSYoungGen: 692384K->4352K(693760K)] 1084611K->396723K(2092032K), 0.0108980 secs] [Times: user=0.12 sys=0.00, real=0.01 secs] 
2014-03-20T17:33:13.864-0500: 966.318: Total time for which application threads were stopped: 0.0119460 seconds
2014-03-20T17:33:14.212-0500: 966.667: [GC
Desired survivor size 6291456 bytes, new threshold 1 (max 15)
 [PSYoungGen: 692480K->4448K(692736K)] 1084851K->396963K(2091008K), 0.0102610 secs] [Times: user=0.12 sys=0.00, real=0.01 secs] 
2014-03-20T17:33:14.223-0500: 966.678: Total time for which application threads were stopped: 0.0115190 seconds
2014-03-20T17:33:14.563-0500: 967.018: [GC
Desired survivor size 6291456 bytes, new threshold 1 (max 15)
 [PSYoungGen: 691552K->4576K(693248K)] 1084067K->397227K(2091520K), 0.0103320 secs] [Times: user=0.12 sys=0.00, real=0.01 secs] 
2014-03-20T17:33:14.574-0500: 967.028: Total time for which application threads were stopped: 0.0112410 seconds
2014-03-20T17:33:14.929-0500: 967.383: [GC
Desired survivor size 6291456 bytes, new threshold 1 (max 15)
 [PSYoungGen: 691680K->4800K(693248K)] 1084331K->397595K(2091520K), 0.0105020 secs] [Times: user=0.13 sys=0.00, real=0.01 secs] 
2014-03-20T17:33:14.939-0500: 967.394: Total time for which application threads were stopped: 0.0117920 seconds
2014-03-20T17:33:15.259-0500: 967.714: [GC
Desired survivor size 6291456 bytes, new threshold 1 (max 15)
 [PSYoungGen: 691904K->4832K(693248K)] 1084699K->397755K(2091520K), 0.0107020 secs] [Times: user=0.11 sys=0.00, real=0.01 secs] 
2014-03-20T17:33:15.270-0500: 967.724: Total time for which application threads were stopped: 0.0117460 seconds
2014-03-20T17:33:15.595-0500: 968.050: [GC
Desired survivor size 6815744 bytes, new threshold 1 (max 15)
 [PSYoungGen: 691936K->4960K(692224K)] 1084859K->397979K(2090496K), 0.0117650 secs] [Times: user=0.11 sys=0.00, real=0.01 secs] 
2014-03-20T17:33:15.607-0500: 968.062: Total time for which application threads were stopped: 0.0129800 seconds
2014-03-20T17:33:15.931-0500: 968.386: [GC
Desired survivor size 6815744 bytes, new threshold 1 (max 15)
 [PSYoungGen: 691040K->5088K(692736K)] 1084059K->398251K(2091008K), 0.0110160 secs] [Times: user=0.13 sys=0.00, real=0.01 secs] 
2014-03-20T17:33:15.943-0500: 968.397: Total time for which application threads were stopped: 0.0121830 seconds
2014-03-20T17:33:16.258-0500: 968.713: [GC
Desired survivor size 6815744 bytes, new threshold 1 (max 15)
 [PSYoungGen: 691168K->5184K(692736K)] 1084331K->398491K(2091008K), 0.0107890 secs] [Times: user=0.11 sys=0.00, real=0.01 secs] 
2014-03-20T17:33:16.269-0500: 968.724: Total time for which application threads were stopped: 0.0122300 seconds
2014-03-20T17:33:16.594-0500: 969.049: [GC
Desired survivor size 7340032 bytes, new threshold 1 (max 15)
 [PSYoungGen: 691264K->5280K(691712K)] 1084571K->398723K(2089984K), 0.0116070 secs] [Times: user=0.12 sys=0.00, real=0.01 secs] 
2014-03-20T17:33:16.606-0500: 969.061: Total time for which application threads were stopped: 0.0128120 seconds
2014-03-20T17:33:16.917-0500: 969.372: [GC
Desired survivor size 7340032 bytes, new threshold 1 (max 15)
 [PSYoungGen: 691360K->5472K(692224K)] 1084803K->399059K(2090496K), 0.0099550 secs] [Times: user=0.10 sys=0.01, real=0.01 secs] 
2014-03-20T17:33:16.927-0500: 969.382: Total time for which application threads were stopped: 0.0114270 seconds
2014-03-20T17:33:17.289-0500: 969.743: [GC
Desired survivor size 7340032 bytes, new threshold 1 (max 15)
 [PSYoungGen: 690528K->5440K(692224K)] 1084115K->399163K(2090496K), 0.0133950 secs] [Times: user=0.13 sys=0.00, real=0.02 secs] 
2014-03-20T17:33:17.302-0500: 969.757: Total time for which application threads were stopped: 0.0146500 seconds
2014-03-20T17:33:17.635-0500: 970.090: [GC
Desired survivor size 7340032 bytes, new threshold 1 (max 15)
 [PSYoungGen: 690496K->5600K(692224K)] 1084219K->399459K(2090496K), 0.0121930 secs] [Times: user=0.13 sys=0.00, real=0.01 secs] 
2014-03-20T17:33:17.648-0500: 970.102: Total time for which application threads were stopped: 0.0136240 seconds
2014-03-20T17:33:17.973-0500: 970.428: [GC
Desired survivor size 7864320 bytes, new threshold 1 (max 15)
 [PSYoungGen: 690656K->5664K(691200K)] 1084515K->399667K(2089472K), 0.0121850 secs] [Times: user=0.13 sys=0.00, real=0.01 secs] 
2014-03-20T17:33:17.986-0500: 970.440: Total time for which application threads were stopped: 0.0134600 seconds
2014-03-20T17:33:18.294-0500: 970.749: [GC
Desired survivor size 7864320 bytes, new threshold 1 (max 15)
 [PSYoungGen: 690720K->5760K(691712K)] 1084723K->399899K(2089984K), 0.0098930 secs] [Times: user=0.10 sys=0.00, real=0.01 secs] 
2014-03-20T17:33:18.304-0500: 970.759: Total time for which application threads were stopped: 0.0112590 seconds
2014-03-20T17:33:18.622-0500: 971.076: [GC
Desired survivor size 7864320 bytes, new threshold 1 (max 15)
 [PSYoungGen: 689792K->2080K(691712K)] 1083931K->396355K(2089984K), 0.0103990 secs] [Times: user=0.11 sys=0.01, real=0.01 secs] 
2014-03-20T17:33:18.632-0500: 971.087: Total time for which application threads were stopped: 0.0117510 seconds
2014-03-20T17:33:18.946-0500: 971.401: [GC
Desired survivor size 8388608 bytes, new threshold 1 (max 15)
 [PSYoungGen: 686112K->2016K(690688K)] 1080387K->396427K(2088960K), 0.0102290 secs] [Times: user=0.11 sys=0.00, real=0.01 secs] 
2014-03-20T17:33:18.956-0500: 971.411: Total time for which application threads were stopped: 0.0115680 seconds
2014-03-20T17:33:19.298-0500: 971.752: [GC
Desired survivor size 8388608 bytes, new threshold 1 (max 15)
 [PSYoungGen: 685024K->2208K(691200K)] 1079435K->396763K(2089472K), 0.0110560 secs] [Times: user=0.11 sys=0.00, real=0.01 secs] 
2014-03-20T17:33:19.309-0500: 971.764: Total time for which application threads were stopped: 0.0121890 seconds
2014-03-20T17:33:19.664-0500: 972.119: [GC
Desired survivor size 8388608 bytes, new threshold 1 (max 15)
 [PSYoungGen: 685216K->2272K(691200K)] 1079771K->396955K(2089472K), 0.0124000 secs] [Times: user=0.13 sys=0.00, real=0.01 secs] 
2014-03-20T17:33:19.677-0500: 972.132: Total time for which application threads were stopped: 0.0137620 seconds
2014-03-20T17:33:20.011-0500: 972.465: [GC
Desired survivor size 7864320 bytes, new threshold 1 (max 15)
 [PSYoungGen: 685280K->2176K(691200K)] 1079963K->397003K(2089472K), 0.0109000 secs] [Times: user=0.12 sys=0.00, real=0.02 secs] 
2014-03-20T17:33:20.022-0500: 972.477: Total time for which application threads were stopped: 0.0120700 seconds
2014-03-20T17:33:20.342-0500: 972.796: [GC
Desired survivor size 7864320 bytes, new threshold 1 (max 15)
 [PSYoungGen: 685184K->2336K(691712K)] 1080011K->397299K(2089984K), 0.0104130 secs] [Times: user=0.11 sys=0.01, real=0.01 secs] 
2014-03-20T17:33:20.352-0500: 972.807: Total time for which application threads were stopped: 0.0117930 seconds
2014-03-20T17:33:20.684-0500: 973.139: [GC
Desired survivor size 7864320 bytes, new threshold 1 (max 15)
 [PSYoungGen: 686368K->2272K(691712K)] 1081331K->397379K(2089984K), 0.0098560 secs] [Times: user=0.10 sys=0.00, real=0.01 secs] 
2014-03-20T17:33:20.694-0500: 973.149: Total time for which application threads were stopped: 0.0108450 seconds
2014-03-20T17:33:21.028-0500: 973.482: [GC
Desired survivor size 7340032 bytes, new threshold 1 (max 15)
 [PSYoungGen: 686304K->2368K(692224K)] 1081411K->397619K(2090496K), 0.0119680 secs] [Times: user=0.14 sys=0.00, real=0.01 secs] 
2014-03-20T17:33:21.040-0500: 973.495: Total time for which application threads were stopped: 0.0132400 seconds
2014-03-20T17:33:21.375-0500: 973.829: [GC
Desired survivor size 7340032 bytes, new threshold 1 (max 15)
 [PSYoungGen: 686912K->2432K(691712K)] 1082163K->397819K(2089984K), 0.0106370 secs] [Times: user=0.12 sys=0.00, real=0.01 secs] 
2014-03-20T17:33:21.386-0500: 973.840: Total time for which application threads were stopped: 0.0117130 seconds
2014-03-20T17:33:21.716-0500: 974.171: [GC
Desired survivor size 7340032 bytes, new threshold 1 (max 15)
 [PSYoungGen: 686976K->2560K(692224K)] 1082363K->398091K(2090496K), 0.0105550 secs] [Times: user=0.11 sys=0.00, real=0.01 secs] 
2014-03-20T17:33:21.727-0500: 974.182: Total time for which application threads were stopped: 0.0119530 seconds
2014-03-20T17:33:22.050-0500: 974.504: [GC
Desired survivor size 6815744 bytes, new threshold 1 (max 15)
 [PSYoungGen: 687616K->2656K(692224K)] 1083147K->398331K(2090496K), 0.0099060 secs] [Times: user=0.10 sys=0.00, real=0.01 secs] 
2014-03-20T17:33:22.060-0500: 974.514: Total time for which application threads were stopped: 0.0111110 seconds
2014-03-20T17:33:22.377-0500: 974.832: [GC
Desired survivor size 6815744 bytes, new threshold 1 (max 15)
 [PSYoungGen: 687712K->2752K(692736K)] 1083387K->398571K(2091008K), 0.0108820 secs] [Times: user=0.13 sys=0.00, real=0.01 secs] 
2014-03-20T17:33:22.388-0500: 974.843: Total time for which application threads were stopped: 0.0123100 seconds
2014-03-20T17:33:22.718-0500: 975.173: [GC
Desired survivor size 6291456 bytes, new threshold 1 (max 15)
 [PSYoungGen: 688832K->2848K(692736K)] 1084651K->398803K(2091008K), 0.0126910 secs] [Times: user=0.14 sys=0.01, real=0.01 secs] 
2014-03-20T17:33:22.731-0500: 975.186: Total time for which application threads were stopped: 0.0137990 seconds
2014-03-20T17:33:23.068-0500: 975.523: [GC
Desired survivor size 6291456 bytes, new threshold 1 (max 15)
 [PSYoungGen: 688928K->2944K(693248K)] 1084883K->399043K(2091520K), 0.0106730 secs] [Times: user=0.12 sys=0.00, real=0.01 secs] 
2014-03-20T17:33:23.079-0500: 975.533: Total time for which application threads were stopped: 0.0121240 seconds
2014-03-20T17:33:23.391-0500: 975.846: [GC
Desired survivor size 5767168 bytes, new threshold 1 (max 15)
 [PSYoungGen: 690048K->3072K(693248K)] 1086147K->399315K(2091520K), 0.0099070 secs] [Times: user=0.11 sys=0.00, real=0.01 secs] 
2014-03-20T17:33:23.401-0500: 975.856: Total time for which application threads were stopped: 0.0111310 seconds
2014-03-20T17:33:23.730-0500: 976.184: [GC
Desired survivor size 5767168 bytes, new threshold 1 (max 15)
 [PSYoungGen: 690176K->3232K(693760K)] 1086419K->399611K(2092032K), 0.0107770 secs] [Times: user=0.12 sys=0.00, real=0.01 secs] 
2014-03-20T17:33:23.741-0500: 976.195: Total time for which application threads were stopped: 0.0123060 seconds
2014-03-20T17:33:24.095-0500: 976.550: [GC
Desired survivor size 5242880 bytes, new threshold 1 (max 15)
 [PSYoungGen: 691360K->3360K(693760K)] 1087739K->399883K(2092032K), 0.0104790 secs] [Times: user=0.12 sys=0.00, real=0.01 secs] 
2014-03-20T17:33:24.106-0500: 976.561: Total time for which application threads were stopped: 0.0115450 seconds
2014-03-20T17:33:24.446-0500: 976.901: [GC
Desired survivor size 5242880 bytes, new threshold 1 (max 15)
 [PSYoungGen: 691488K->3456K(694272K)] 1088011K->400123K(2092544K), 0.0102320 secs] [Times: user=0.11 sys=0.00, real=0.01 secs] 
2014-03-20T17:33:24.457-0500: 976.912: Total time for which application threads were stopped: 0.0115210 seconds
2014-03-20T17:33:24.778-0500: 977.233: [GC
Desired survivor size 5242880 bytes, new threshold 1 (max 15)
 [PSYoungGen: 692608K->3680K(694272K)] 1089275K->400491K(2092544K), 0.0105880 secs] [Times: user=0.12 sys=0.00, real=0.01 secs] 
2014-03-20T17:33:24.789-0500: 977.244: Total time for which application threads were stopped: 0.0117640 seconds
2014-03-20T17:33:25.126-0500: 977.581: [GC
Desired survivor size 5242880 bytes, new threshold 1 (max 15)
 [PSYoungGen: 692832K->3904K(694272K)] 1089643K->400859K(2092544K), 0.0133680 secs] [Times: user=0.14 sys=0.00, real=0.01 secs] 
2014-03-20T17:33:25.140-0500: 977.595: Total time for which application threads were stopped: 0.0148930 seconds
2014-03-20T17:33:25.464-0500: 977.919: [GC
Desired survivor size 5767168 bytes, new threshold 1 (max 15)
 [PSYoungGen: 693056K->3936K(693248K)] 1090011K->401035K(2091520K), 0.0103090 secs] [Times: user=0.11 sys=0.00, real=0.01 secs] 
2014-03-20T17:33:25.475-0500: 977.929: Total time for which application threads were stopped: 0.0115090 seconds
2014-03-20T17:33:25.833-0500: 978.287: [GC
Desired survivor size 5767168 bytes, new threshold 1 (max 15)
 [PSYoungGen: 693088K->4064K(693760K)] 1090187K->401307K(2092032K), 0.0100040 secs] [Times: user=0.10 sys=0.01, real=0.01 secs] 
2014-03-20T17:33:25.843-0500: 978.298: Total time for which application threads were stopped: 0.0112140 seconds
2014-03-20T17:33:26.168-0500: 978.623: [GC
Desired survivor size 5767168 bytes, new threshold 1 (max 15)
 [PSYoungGen: 692192K->4256K(693760K)] 1089435K->401643K(2092032K), 0.0094950 secs] [Times: user=0.10 sys=0.00, real=0.01 secs] 
2014-03-20T17:33:26.178-0500: 978.633: Total time for which application threads were stopped: 0.0106380 seconds
2014-03-20T17:33:26.503-0500: 978.957: [GC
Desired survivor size 5767168 bytes, new threshold 1 (max 15)
 [PSYoungGen: 692384K->4288K(693760K)] 1089771K->401819K(2092032K), 0.0095290 secs] [Times: user=0.11 sys=0.00, real=0.01 secs] 
2014-03-20T17:33:26.512-0500: 978.967: Total time for which application threads were stopped: 0.0107220 seconds
2014-03-20T17:33:26.836-0500: 979.291: [GC
Desired survivor size 5767168 bytes, new threshold 1 (max 15)
 [PSYoungGen: 692416K->4448K(693760K)] 1089947K->402123K(2092032K), 0.0094940 secs] [Times: user=0.11 sys=0.00, real=0.01 secs] 
2014-03-20T17:33:26.846-0500: 979.301: Total time for which application threads were stopped: 0.0108050 seconds
2014-03-20T17:33:27.171-0500: 979.625: [GC
Desired survivor size 6291456 bytes, new threshold 1 (max 15)
 [PSYoungGen: 692576K->4640K(692736K)] 1090251K->402451K(2091008K), 0.0112690 secs] [Times: user=0.13 sys=0.00, real=0.01 secs] 
2014-03-20T17:33:27.182-0500: 979.637: Total time for which application threads were stopped: 0.0126800 seconds
2014-03-20T17:33:27.509-0500: 979.964: [GC
Desired survivor size 6291456 bytes, new threshold 1 (max 15)
 [PSYoungGen: 691744K->4768K(693248K)] 1089555K->402723K(2091520K), 0.0152210 secs] [Times: user=0.11 sys=0.00, real=0.02 secs] 
2014-03-20T17:33:27.525-0500: 979.980: Total time for which application threads were stopped: 0.0163690 seconds
2014-03-20T17:33:27.858-0500: 980.312: [GC
Desired survivor size 6815744 bytes, new threshold 1 (max 15)
 [PSYoungGen: 691872K->4960K(692224K)] 1089827K->403051K(2090496K), 0.0106900 secs] [Times: user=0.12 sys=0.00, real=0.01 secs] 
2014-03-20T17:33:27.869-0500: 980.323: Total time for which application threads were stopped: 0.0120910 seconds
2014-03-20T17:33:28.177-0500: 980.631: [GC
Desired survivor size 6815744 bytes, new threshold 1 (max 15)
 [PSYoungGen: 691040K->5056K(692736K)] 1089131K->403283K(2091008K), 0.0106120 secs] [Times: user=0.12 sys=0.00, real=0.01 secs] 
2014-03-20T17:33:28.187-0500: 980.642: Total time for which application threads were stopped: 0.0118090 seconds
2014-03-20T17:33:28.507-0500: 980.961: [GC
Desired survivor size 6815744 bytes, new threshold 1 (max 15)
 [PSYoungGen: 691136K->5088K(692736K)] 1089363K->403459K(2091008K), 0.0103770 secs] [Times: user=0.12 sys=0.00, real=0.01 secs] 
2014-03-20T17:33:28.517-0500: 980.972: Total time for which application threads were stopped: 0.0118540 seconds
2014-03-20T17:33:28.870-0500: 981.325: [GC
Desired survivor size 7340032 bytes, new threshold 1 (max 15)
 [PSYoungGen: 691168K->5312K(691712K)] 1089539K->403827K(2089984K), 0.0105400 secs] [Times: user=0.12 sys=0.00, real=0.01 secs] 
2014-03-20T17:33:28.881-0500: 981.336: Total time for which application threads were stopped: 0.0118180 seconds
2014-03-20T17:33:29.199-0500: 981.654: [GC
Desired survivor size 7340032 bytes, new threshold 1 (max 15)
 [PSYoungGen: 691392K->5376K(692224K)] 1089907K->404035K(2090496K), 0.0117990 secs] [Times: user=0.13 sys=0.00, real=0.01 secs] 
2014-03-20T17:33:29.211-0500: 981.666: Total time for which application threads were stopped: 0.0132030 seconds
2014-03-20T17:33:29.608-0500: 982.062: [GC
Desired survivor size 7340032 bytes, new threshold 1 (max 15)
 [PSYoungGen: 690432K->5408K(692224K)] 1089091K->404211K(2090496K), 0.0107890 secs] [Times: user=0.12 sys=0.00, real=0.01 secs] 
2014-03-20T17:33:29.619-0500: 982.073: Total time for which application threads were stopped: 0.0120890 seconds
2014-03-20T17:33:29.965-0500: 982.420: [GC
Desired survivor size 7340032 bytes, new threshold 1 (max 15)
 [PSYoungGen: 690464K->5536K(692224K)] 1089267K->404483K(2090496K), 0.0105270 secs] [Times: user=0.12 sys=0.00, real=0.01 secs] 
2014-03-20T17:33:29.976-0500: 982.430: Total time for which application threads were stopped: 0.0119100 seconds
2014-03-20T17:33:30.311-0500: 982.766: [GC
Desired survivor size 7864320 bytes, new threshold 1 (max 15)
 [PSYoungGen: 690592K->5664K(691200K)] 1089539K->404747K(2089472K), 0.0151430 secs] [Times: user=0.16 sys=0.00, real=0.02 secs] 
2014-03-20T17:33:30.327-0500: 982.782: Total time for which application threads were stopped: 0.0163680 seconds
2014-03-20T17:33:30.655-0500: 983.110: [GC
Desired survivor size 7864320 bytes, new threshold 1 (max 15)
 [PSYoungGen: 690720K->5696K(691712K)] 1089803K->404923K(2089984K), 0.0150320 secs] [Times: user=0.14 sys=0.00, real=0.01 secs] 
2014-03-20T17:33:30.670-0500: 983.125: Total time for which application threads were stopped: 0.0162650 seconds
2014-03-20T17:33:31.006-0500: 983.461: [GC
Desired survivor size 7864320 bytes, new threshold 1 (max 15)
 [PSYoungGen: 689728K->5792K(691712K)] 1088955K->405163K(2089984K), 0.0107050 secs] [Times: user=0.12 sys=0.00, real=0.01 secs] 
2014-03-20T17:33:31.017-0500: 983.472: Total time for which application threads were stopped: 0.0119220 seconds
2014-03-20T17:33:31.344-0500: 983.799: [GC
Desired survivor size 8388608 bytes, new threshold 1 (max 15)
 [PSYoungGen: 689824K->1984K(690688K)] 1089195K->401499K(2088960K), 0.0099210 secs] [Times: user=0.11 sys=0.00, real=0.01 secs] 
2014-03-20T17:33:31.355-0500: 983.809: Total time for which application threads were stopped: 0.0113140 seconds
2014-03-20T17:33:31.692-0500: 984.147: [GC
Desired survivor size 8388608 bytes, new threshold 1 (max 15)
 [PSYoungGen: 684992K->2048K(691200K)] 1084507K->401707K(2089472K), 0.0211220 secs] [Times: user=0.29 sys=0.01, real=0.03 secs] 
2014-03-20T17:33:31.713-0500: 984.168: Total time for which application threads were stopped: 0.0222240 seconds
2014-03-20T17:33:31.853-0500: 984.308: Total time for which application threads were stopped: 0.0010240 seconds
2014-03-20T17:33:32.037-0500: 984.492: [GC
Desired survivor size 8388608 bytes, new threshold 1 (max 15)
 [PSYoungGen: 685056K->2080K(691200K)] 1084715K->401883K(2089472K), 0.0105100 secs] [Times: user=0.12 sys=0.01, real=0.01 secs] 
2014-03-20T17:33:32.048-0500: 984.503: Total time for which application threads were stopped: 0.0117280 seconds
2014-03-20T17:33:32.358-0500: 984.813: [GC
Desired survivor size 8388608 bytes, new threshold 1 (max 15)
 [PSYoungGen: 685088K->2176K(691200K)] 1084891K->402123K(2089472K), 0.0103890 secs] [Times: user=0.12 sys=0.00, real=0.01 secs] 
2014-03-20T17:33:32.368-0500: 984.823: Total time for which application threads were stopped: 0.0116310 seconds
2014-03-20T17:33:32.707-0500: 985.162: [GC
Desired survivor size 8388608 bytes, new threshold 1 (max 15)
 [PSYoungGen: 685184K->2240K(691200K)] 1085131K->402323K(2089472K), 0.0103670 secs] [Times: user=0.11 sys=0.00, real=0.01 secs] 
2014-03-20T17:33:32.718-0500: 985.173: Total time for which application threads were stopped: 0.0115260 seconds
2014-03-20T17:33:33.031-0500: 985.485: [GC
Desired survivor size 7864320 bytes, new threshold 1 (max 15)
 [PSYoungGen: 685247K->2272K(691200K)] 1085331K->402499K(2089472K), 0.0104840 secs] [Times: user=0.12 sys=0.01, real=0.01 secs] 
2014-03-20T17:33:33.041-0500: 985.496: Total time for which application threads were stopped: 0.0117930 seconds
2014-03-20T17:33:33.359-0500: 985.813: [GC
Desired survivor size 7864320 bytes, new threshold 1 (max 15)
 [PSYoungGen: 685280K->2208K(691712K)] 1085507K->402579K(2089984K), 0.0103730 secs] [Times: user=0.12 sys=0.01, real=0.01 secs] 
2014-03-20T17:33:33.369-0500: 985.824: Total time for which application threads were stopped: 0.0115810 seconds
2014-03-20T17:33:33.708-0500: 986.163: [GC
Desired survivor size 7864320 bytes, new threshold 1 (max 15)
 [PSYoungGen: 686240K->2400K(691712K)] 1086611K->402915K(2089984K), 0.0105450 secs] [Times: user=0.12 sys=0.00, real=0.01 secs] 
2014-03-20T17:33:33.719-0500: 986.174: Total time for which application threads were stopped: 0.0118060 seconds
2014-03-20T17:33:34.024-0500: 986.478: [GC
Desired survivor size 7340032 bytes, new threshold 1 (max 15)
 [PSYoungGen: 686432K->2464K(692224K)] 1086947K->403115K(2090496K), 0.0103570 secs] [Times: user=0.12 sys=0.00, real=0.01 secs] 
2014-03-20T17:33:34.034-0500: 986.489: Total time for which application threads were stopped: 0.0114740 seconds
2014-03-20T17:33:34.344-0500: 986.799: [GC
Desired survivor size 7340032 bytes, new threshold 1 (max 15)
 [PSYoungGen: 687008K->2496K(691712K)] 1087659K->403283K(2089984K), 0.0109580 secs] [Times: user=0.13 sys=0.00, real=0.01 secs] 
2014-03-20T17:33:34.356-0500: 986.810: Total time for which application threads were stopped: 0.0121890 seconds
2014-03-20T17:33:34.702-0500: 987.157: [GC
Desired survivor size 6815744 bytes, new threshold 1 (max 15)
 [PSYoungGen: 687040K->2592K(692736K)] 1087827K->403515K(2091008K), 0.0106290 secs] [Times: user=0.12 sys=0.00, real=0.01 secs] 
2014-03-20T17:33:34.713-0500: 987.167: Total time for which application threads were stopped: 0.0116820 seconds
2014-03-20T17:33:35.026-0500: 987.481: [GC
Desired survivor size 6815744 bytes, new threshold 1 (max 15)
 [PSYoungGen: 688160K->2752K(692224K)] 1089083K->403819K(2090496K), 0.0110590 secs] [Times: user=0.13 sys=0.00, real=0.01 secs] 
2014-03-20T17:33:35.038-0500: 987.492: Total time for which application threads were stopped: 0.0124410 seconds
2014-03-20T17:33:35.358-0500: 987.813: [GC
Desired survivor size 6291456 bytes, new threshold 1 (max 15)
 [PSYoungGen: 688320K->2848K(693248K)] 1089387K->404051K(2091520K), 0.0108830 secs] [Times: user=0.13 sys=0.00, real=0.01 secs] 
2014-03-20T17:33:35.369-0500: 987.824: Total time for which application threads were stopped: 0.0121940 seconds
2014-03-20T17:33:35.756-0500: 988.211: [GC
Desired survivor size 6291456 bytes, new threshold 1 (max 15)
 [PSYoungGen: 689440K->2944K(692736K)] 1090643K->404283K(2091008K), 0.0121490 secs] [Times: user=0.14 sys=0.00, real=0.01 secs] 
2014-03-20T17:33:35.768-0500: 988.223: Total time for which application threads were stopped: 0.0135360 seconds
2014-03-20T17:33:36.075-0500: 988.530: [GC
Desired survivor size 5767168 bytes, new threshold 1 (max 15)
 [PSYoungGen: 689536K->3040K(693760K)] 1090875K->404523K(2092032K), 0.0106800 secs] [Times: user=0.12 sys=0.00, real=0.01 secs] 
2014-03-20T17:33:36.086-0500: 988.541: Total time for which application threads were stopped: 0.0119000 seconds
2014-03-20T17:33:36.402-0500: 988.857: [GC
Desired survivor size 5767168 bytes, new threshold 1 (max 15)
 [PSYoungGen: 690656K->3200K(693248K)] 1092139K->404827K(2091520K), 0.0105540 secs] [Times: user=0.11 sys=0.01, real=0.01 secs] 
2014-03-20T17:33:36.413-0500: 988.868: Total time for which application threads were stopped: 0.0118550 seconds
2014-03-20T17:33:36.735-0500: 989.190: [GC
Desired survivor size 5767168 bytes, new threshold 1 (max 15)
 [PSYoungGen: 690816K->3360K(693760K)] 1092443K->405131K(2092032K), 0.0108280 secs] [Times: user=0.11 sys=0.01, real=0.01 secs] 
2014-03-20T17:33:36.746-0500: 989.201: Total time for which application threads were stopped: 0.0119260 seconds
2014-03-20T17:33:37.077-0500: 989.532: [GC
Desired survivor size 5242880 bytes, new threshold 1 (max 15)
 [PSYoungGen: 691488K->3360K(693760K)] 1093259K->405275K(2092032K), 0.0107560 secs] [Times: user=0.12 sys=0.00, real=0.01 secs] 
2014-03-20T17:33:37.088-0500: 989.543: Total time for which application threads were stopped: 0.0120190 seconds
2014-03-20T17:33:37.410-0500: 989.865: [GC
Desired survivor size 5242880 bytes, new threshold 1 (max 15)
 [PSYoungGen: 691488K->3552K(694272K)] 1093403K->405611K(2092544K), 0.0126020 secs] [Times: user=0.14 sys=0.01, real=0.01 secs] 
2014-03-20T17:33:37.423-0500: 989.878: Total time for which application threads were stopped: 0.0137130 seconds
2014-03-20T17:33:37.762-0500: 990.216: [GC
Desired survivor size 5242880 bytes, new threshold 1 (max 15)
 [PSYoungGen: 692704K->3776K(694272K)] 1094763K->405979K(2092544K), 0.0109230 secs] [Times: user=0.12 sys=0.00, real=0.01 secs] 
2014-03-20T17:33:37.773-0500: 990.227: Total time for which application threads were stopped: 0.0122490 seconds
2014-03-20T17:33:38.080-0500: 990.535: [GC
Desired survivor size 5242880 bytes, new threshold 1 (max 15)
 [PSYoungGen: 692928K->3904K(694272K)] 1095131K->406251K(2092544K), 0.0106500 secs] [Times: user=0.12 sys=0.00, real=0.01 secs] 
2014-03-20T17:33:38.091-0500: 990.546: Total time for which application threads were stopped: 0.0117980 seconds
2014-03-20T17:33:38.433-0500: 990.888: [GC
Desired survivor size 5767168 bytes, new threshold 1 (max 15)
 [PSYoungGen: 693056K->4096K(693248K)] 1095403K->406579K(2091520K), 0.0108900 secs] [Times: user=0.12 sys=0.00, real=0.02 secs] 
2014-03-20T17:33:38.445-0500: 990.899: Total time for which application threads were stopped: 0.0122090 seconds
2014-03-20T17:33:38.790-0500: 991.244: [GC
Desired survivor size 5767168 bytes, new threshold 1 (max 15)
 [PSYoungGen: 693248K->4192K(693760K)] 1095731K->406819K(2092032K), 0.0110740 secs] [Times: user=0.12 sys=0.00, real=0.01 secs] 
2014-03-20T17:33:38.801-0500: 991.256: Total time for which application threads were stopped: 0.0121880 seconds
2014-03-20T17:33:39.124-0500: 991.579: [GC
Desired survivor size 5767168 bytes, new threshold 1 (max 15)
 [PSYoungGen: 692320K->4384K(693760K)] 1094947K->407155K(2092032K), 0.0163440 secs] [Times: user=0.13 sys=0.00, real=0.01 secs] 
2014-03-20T17:33:39.141-0500: 991.596: Total time for which application threads were stopped: 0.0178760 seconds
2014-03-20T17:33:39.462-0500: 991.917: [GC
Desired survivor size 5767168 bytes, new threshold 1 (max 15)
 [PSYoungGen: 692512K->4448K(693760K)] 1095283K->407355K(2092032K), 0.0144310 secs] [Times: user=0.13 sys=0.01, real=0.02 secs] 
2014-03-20T17:33:39.477-0500: 991.931: Total time for which application threads were stopped: 0.0154360 seconds
2014-03-20T17:33:39.822-0500: 992.277: [GC
Desired survivor size 6291456 bytes, new threshold 1 (max 15)
 [PSYoungGen: 692576K->4640K(693248K)] 1095483K->407691K(2091520K), 0.0105480 secs] [Times: user=0.12 sys=0.01, real=0.01 secs] 
2014-03-20T17:33:39.833-0500: 992.288: Total time for which application threads were stopped: 0.0118940 seconds
2014-03-20T17:33:40.153-0500: 992.608: [GC
Desired survivor size 6291456 bytes, new threshold 1 (max 15)
 [PSYoungGen: 692768K->4800K(693248K)] 1095819K->407987K(2091520K), 0.0106710 secs] [Times: user=0.12 sys=0.00, real=0.01 secs] 
2014-03-20T17:33:40.164-0500: 992.619: Total time for which application threads were stopped: 0.0118190 seconds
2014-03-20T17:33:40.539-0500: 992.994: [GC
Desired survivor size 6291456 bytes, new threshold 1 (max 15)
 [PSYoungGen: 691904K->4832K(693248K)] 1095091K->408163K(2091520K), 0.0107580 secs] [Times: user=0.12 sys=0.01, real=0.01 secs] 
2014-03-20T17:33:40.550-0500: 993.005: Total time for which application threads were stopped: 0.0121320 seconds
2014-03-20T17:33:40.874-0500: 993.329: [GC
Desired survivor size 6815744 bytes, new threshold 1 (max 15)
 [PSYoungGen: 691936K->5056K(692224K)] 1095267K->408523K(2090496K), 0.0105230 secs] [Times: user=0.11 sys=0.00, real=0.01 secs] 
2014-03-20T17:33:40.885-0500: 993.340: Total time for which application threads were stopped: 0.0117120 seconds
2014-03-20T17:33:41.194-0500: 993.649: [GC
Desired survivor size 6815744 bytes, new threshold 1 (max 15)
 [PSYoungGen: 691136K->5120K(692736K)] 1094603K->408723K(2091008K), 0.0104100 secs] [Times: user=0.12 sys=0.01, real=0.01 secs] 
2014-03-20T17:33:41.205-0500: 993.659: Total time for which application threads were stopped: 0.0117990 seconds
2014-03-20T17:33:41.520-0500: 993.975: [GC
Desired survivor size 7340032 bytes, new threshold 1 (max 15)
 [PSYoungGen: 691200K->5280K(691712K)] 1094803K->409027K(2089984K), 0.0142460 secs] [Times: user=0.14 sys=0.00, real=0.01 secs] 
2014-03-20T17:33:41.535-0500: 993.989: Total time for which application threads were stopped: 0.0155220 seconds
2014-03-20T17:33:41.878-0500: 994.333: [GC
Desired survivor size 7340032 bytes, new threshold 1 (max 15)
 [PSYoungGen: 690336K->5280K(692224K)] 1094083K->409163K(2090496K), 0.0117800 secs] [Times: user=0.13 sys=0.00, real=0.01 secs] 
2014-03-20T17:33:41.890-0500: 994.345: Total time for which application threads were stopped: 0.0132060 seconds
2014-03-20T17:33:42.213-0500: 994.668: [GC
Desired survivor size 7340032 bytes, new threshold 1 (max 15)
 [PSYoungGen: 690336K->5504K(692224K)] 1094219K->409531K(2090496K), 0.0106060 secs] [Times: user=0.11 sys=0.00, real=0.01 secs] 
2014-03-20T17:33:42.224-0500: 994.679: Total time for which application threads were stopped: 0.0118340 seconds
2014-03-20T17:33:42.590-0500: 995.045: [GC
Desired survivor size 7340032 bytes, new threshold 1 (max 15)
 [PSYoungGen: 690560K->5536K(692224K)] 1094587K->409699K(2090496K), 0.0101930 secs] [Times: user=0.11 sys=0.00, real=0.01 secs] 
2014-03-20T17:33:42.601-0500: 995.056: Total time for which application threads were stopped: 0.0116300 seconds
2014-03-20T17:33:42.983-0500: 995.437: [GC
Desired survivor size 7864320 bytes, new threshold 1 (max 15)
 [PSYoungGen: 690592K->5632K(691200K)] 1094755K->409939K(2089472K), 0.0103740 secs] [Times: user=0.12 sys=0.00, real=0.01 secs] 
2014-03-20T17:33:42.993-0500: 995.448: Total time for which application threads were stopped: 0.0115260 seconds
2014-03-20T17:33:43.332-0500: 995.787: [GC
Desired survivor size 7864320 bytes, new threshold 1 (max 15)
 [PSYoungGen: 689664K->5664K(691712K)] 1093971K->410115K(2089984K), 0.0103330 secs] [Times: user=0.11 sys=0.00, real=0.01 secs] 
2014-03-20T17:33:43.343-0500: 995.797: Total time for which application threads were stopped: 0.0117500 seconds
2014-03-20T17:33:43.679-0500: 996.133: [GC
Desired survivor size 7864320 bytes, new threshold 1 (max 15)
 [PSYoungGen: 689696K->5824K(691712K)] 1094147K->410419K(2089984K), 0.0127590 secs] [Times: user=0.11 sys=0.00, real=0.01 secs] 
2014-03-20T17:33:43.692-0500: 996.147: Total time for which application threads were stopped: 0.0138900 seconds
2014-03-20T17:33:44.035-0500: 996.489: [GC
Desired survivor size 8388608 bytes, new threshold 1 (max 15)
 [PSYoungGen: 689856K->1952K(686080K)] 1094451K->406691K(2084352K), 0.0098710 secs] [Times: user=0.11 sys=0.00, real=0.01 secs] 
2014-03-20T17:33:44.045-0500: 996.500: Total time for which application threads were stopped: 0.0111500 seconds
2014-03-20T17:33:44.399-0500: 996.854: [GC
Desired survivor size 8388608 bytes, new threshold 1 (max 15)
 [PSYoungGen: 685984K->2080K(691200K)] 1090723K->406963K(2089472K), 0.0097230 secs] [Times: user=0.10 sys=0.00, real=0.01 secs] 
2014-03-20T17:33:44.409-0500: 996.864: Total time for which application threads were stopped: 0.0107220 seconds
2014-03-20T17:33:44.740-0500: 997.195: [GC
Desired survivor size 8388608 bytes, new threshold 1 (max 15)
 [PSYoungGen: 685088K->2144K(691200K)] 1089971K->407171K(2089472K), 0.0100320 secs] [Times: user=0.10 sys=0.01, real=0.01 secs] 
2014-03-20T17:33:44.750-0500: 997.205: Total time for which application threads were stopped: 0.0113840 seconds
2014-03-20T17:33:45.081-0500: 997.535: [GC
Desired survivor size 8388608 bytes, new threshold 1 (max 15)
 [PSYoungGen: 685152K->2080K(691200K)] 1090179K->407251K(2089472K), 0.0122450 secs] [Times: user=0.14 sys=0.00, real=0.01 secs] 
2014-03-20T17:33:45.093-0500: 997.548: Total time for which application threads were stopped: 0.0134220 seconds
2014-03-20T17:33:45.409-0500: 997.863: [GC
Desired survivor size 8388608 bytes, new threshold 1 (max 15)
 [PSYoungGen: 685088K->2176K(691200K)] 1090259K->407491K(2089472K), 0.0167250 secs] [Times: user=0.14 sys=0.00, real=0.02 secs] 
2014-03-20T17:33:45.426-0500: 997.880: Total time for which application threads were stopped: 0.0179560 seconds
2014-03-20T17:33:45.756-0500: 998.211: [GC
Desired survivor size 7864320 bytes, new threshold 1 (max 15)
 [PSYoungGen: 685184K->2208K(691712K)] 1090499K->407659K(2089984K), 0.0104720 secs] [Times: user=0.11 sys=0.00, real=0.01 secs] 
2014-03-20T17:33:45.767-0500: 998.222: Total time for which application threads were stopped: 0.0116820 seconds
2014-03-20T17:33:46.086-0500: 998.541: [GC
Desired survivor size 7864320 bytes, new threshold 1 (max 15)
 [PSYoungGen: 685728K->2304K(691200K)] 1091179K->407899K(2089472K), 0.0099250 secs] [Times: user=0.10 sys=0.00, real=0.01 secs] 
2014-03-20T17:33:46.096-0500: 998.551: Total time for which application threads were stopped: 0.0112650 seconds
2014-03-20T17:33:46.430-0500: 998.885: [GC
Desired survivor size 7864320 bytes, new threshold 1 (max 15)
 [PSYoungGen: 685824K->2336K(691712K)] 1091419K->408075K(2089984K), 0.0096290 secs] [Times: user=0.11 sys=0.00, real=0.01 secs] 
2014-03-20T17:33:46.440-0500: 998.895: Total time for which application threads were stopped: 0.0105910 seconds
2014-03-20T17:33:46.760-0500: 999.215: [GC
Desired survivor size 7340032 bytes, new threshold 1 (max 15)
 [PSYoungGen: 686368K->2464K(691712K)] 1092107K->408339K(2089984K), 0.0119310 secs] [Times: user=0.13 sys=0.00, real=0.01 secs] 
2014-03-20T17:33:46.772-0500: 999.227: Total time for which application threads were stopped: 0.0131760 seconds
2014-03-20T17:33:47.089-0500: 999.544: [GC
Desired survivor size 7340032 bytes, new threshold 1 (max 15)
 [PSYoungGen: 686496K->2592K(692224K)] 1092371K->408603K(2090496K), 0.0106690 secs] [Times: user=0.12 sys=0.00, real=0.01 secs] 
2014-03-20T17:33:47.100-0500: 999.555: Total time for which application threads were stopped: 0.0118800 seconds
2014-03-20T17:33:47.433-0500: 999.887: [GC
Desired survivor size 6815744 bytes, new threshold 1 (max 15)
 [PSYoungGen: 687648K->2624K(692224K)] 1093659K->408771K(2090496K), 0.0103610 secs] [Times: user=0.11 sys=0.00, real=0.01 secs] 
2014-03-20T17:33:47.443-0500: 999.898: Total time for which application threads were stopped: 0.0116600 seconds
2014-03-20T17:33:47.776-0500: 1000.231: [GC
Desired survivor size 6815744 bytes, new threshold 1 (max 15)
 [PSYoungGen: 687680K->2656K(692736K)] 1093827K->408939K(2091008K), 0.0103130 secs] [Times: user=0.12 sys=0.00, real=0.01 secs] 
2014-03-20T17:33:47.787-0500: 1000.241: Total time for which application threads were stopped: 0.0115140 seconds
2014-03-20T17:33:48.108-0500: 1000.562: [GC
Desired survivor size 6291456 bytes, new threshold 1 (max 15)
 [PSYoungGen: 688736K->2784K(692736K)] 1095019K->409211K(2091008K), 0.0113590 secs] [Times: user=0.14 sys=0.00, real=0.01 secs] 
2014-03-20T17:33:48.119-0500: 1000.574: Total time for which application threads were stopped: 0.0125240 seconds
2014-03-20T17:33:48.436-0500: 1000.891: [GC
Desired survivor size 6291456 bytes, new threshold 1 (max 15)
 [PSYoungGen: 688864K->2944K(693248K)] 1095291K->409507K(2091520K), 0.0102150 secs] [Times: user=0.11 sys=0.00, real=0.02 secs] 
2014-03-20T17:33:48.446-0500: 1000.901: Total time for which application threads were stopped: 0.0112250 seconds
2014-03-20T17:33:48.768-0500: 1001.223: [GC
Desired survivor size 5767168 bytes, new threshold 1 (max 15)
 [PSYoungGen: 690048K->3104K(693248K)] 1096611K->409803K(2091520K), 0.0118730 secs] [Times: user=0.13 sys=0.00, real=0.01 secs] 
2014-03-20T17:33:48.780-0500: 1001.235: Total time for which application threads were stopped: 0.0130670 seconds
2014-03-20T17:33:49.089-0500: 1001.544: [GC
Desired survivor size 5767168 bytes, new threshold 1 (max 15)
 [PSYoungGen: 690208K->3200K(693760K)] 1096907K->410035K(2092032K), 0.0102290 secs] [Times: user=0.12 sys=0.00, real=0.01 secs] 
2014-03-20T17:33:49.099-0500: 1001.554: Total time for which application threads were stopped: 0.0112750 seconds
2014-03-20T17:33:49.458-0500: 1001.913: [GC
Desired survivor size 5767168 bytes, new threshold 1 (max 15)
 [PSYoungGen: 691328K->3360K(693760K)] 1098163K->410339K(2092032K), 0.0126600 secs] [Times: user=0.14 sys=0.00, real=0.01 secs] 
2014-03-20T17:33:49.471-0500: 1001.926: Total time for which application threads were stopped: 0.0138090 seconds
2014-03-20T17:33:49.806-0500: 1002.260: [GC
Desired survivor size 5242880 bytes, new threshold 1 (max 15)
 [PSYoungGen: 691488K->3488K(694272K)] 1098467K->410611K(2092544K), 0.0103590 secs] [Times: user=0.12 sys=0.00, real=0.02 secs] 
2014-03-20T17:33:49.816-0500: 1002.271: Total time for which application threads were stopped: 0.0115790 seconds
2014-03-20T17:33:50.143-0500: 1002.598: [GC
Desired survivor size 5242880 bytes, new threshold 1 (max 15)
 [PSYoungGen: 692128K->3616K(693760K)] 1099251K->410875K(2092032K), 0.0113230 secs] [Times: user=0.13 sys=0.01, real=0.01 secs] 
2014-03-20T17:33:50.155-0500: 1002.610: Total time for which application threads were stopped: 0.0126760 seconds
2014-03-20T17:33:50.472-0500: 1002.927: [GC
Desired survivor size 5242880 bytes, new threshold 1 (max 15)
 [PSYoungGen: 692256K->3776K(694272K)] 1099515K->411179K(2092544K), 0.0112890 secs] [Times: user=0.13 sys=0.00, real=0.01 secs] 
2014-03-20T17:33:50.484-0500: 1002.938: Total time for which application threads were stopped: 0.0126430 seconds
2014-03-20T17:33:50.801-0500: 1003.256: [GC
Desired survivor size 5767168 bytes, new threshold 1 (max 15)
 [PSYoungGen: 692928K->3936K(693248K)] 1100331K->411483K(2091520K), 0.0100940 secs] [Times: user=0.12 sys=0.00, real=0.01 secs] 
2014-03-20T17:33:50.812-0500: 1003.266: Total time for which application threads were stopped: 0.0114420 seconds
2014-03-20T17:33:51.128-0500: 1003.583: [GC
Desired survivor size 5767168 bytes, new threshold 1 (max 15)
 [PSYoungGen: 693088K->4128K(693760K)] 1100635K->411819K(2092032K), 0.0095150 secs] [Times: user=0.11 sys=0.00, real=0.01 secs] 
2014-03-20T17:33:51.138-0500: 1003.593: Total time for which application threads were stopped: 0.0106240 seconds
2014-03-20T17:33:51.459-0500: 1003.913: [GC
Desired survivor size 5767168 bytes, new threshold 1 (max 15)
 [PSYoungGen: 692256K->4192K(693760K)] 1099947K->412027K(2092032K), 0.0128940 secs] [Times: user=0.15 sys=0.00, real=0.01 secs] 
2014-03-20T17:33:51.472-0500: 1003.927: Total time for which application threads were stopped: 0.0140910 seconds
2014-03-20T17:33:51.819-0500: 1004.273: [GC
Desired survivor size 5767168 bytes, new threshold 1 (max 15)
 [PSYoungGen: 692320K->4288K(693760K)] 1100155K->412259K(2092032K), 0.0104240 secs] [Times: user=0.12 sys=0.00, real=0.01 secs] 
2014-03-20T17:33:51.829-0500: 1004.284: Total time for which application threads were stopped: 0.0114210 seconds
2014-03-20T17:33:52.152-0500: 1004.606: [GC
Desired survivor size 6291456 bytes, new threshold 1 (max 15)
 [PSYoungGen: 692416K->4544K(692736K)] 1100387K->412683K(2091008K), 0.0122260 secs] [Times: user=0.14 sys=0.00, real=0.01 secs] 
2014-03-20T17:33:52.164-0500: 1004.619: Total time for which application threads were stopped: 0.0135470 seconds
2014-03-20T17:33:52.489-0500: 1004.944: [GC
Desired survivor size 6291456 bytes, new threshold 1 (max 15)
 [PSYoungGen: 692672K->4736K(693248K)] 1100811K->413019K(2091520K), 0.0103410 secs] [Times: user=0.11 sys=0.00, real=0.01 secs] 
2014-03-20T17:33:52.500-0500: 1004.955: Total time for which application threads were stopped: 0.0114910 seconds
2014-03-20T17:33:52.841-0500: 1005.295: [GC
Desired survivor size 6291456 bytes, new threshold 1 (max 15)
 [PSYoungGen: 691840K->4736K(693248K)] 1100123K->413155K(2091520K), 0.0113150 secs] [Times: user=0.13 sys=0.00, real=0.01 secs] 
2014-03-20T17:33:52.852-0500: 1005.307: Total time for which application threads were stopped: 0.0127540 seconds
2014-03-20T17:33:53.181-0500: 1005.635: [GC
Desired survivor size 6815744 bytes, new threshold 1 (max 15)
 [PSYoungGen: 691840K->4928K(692224K)] 1100259K->413491K(2090496K), 0.0104300 secs] [Times: user=0.12 sys=0.00, real=0.01 secs] 
2014-03-20T17:33:53.191-0500: 1005.646: Total time for which application threads were stopped: 0.0114850 seconds
2014-03-20T17:33:53.543-0500: 1005.997: [GC
Desired survivor size 6815744 bytes, new threshold 1 (max 15)
 [PSYoungGen: 691008K->4992K(692736K)] 1099571K->413651K(2091008K), 0.0117010 secs] [Times: user=0.11 sys=0.00, real=0.01 secs] 
2014-03-20T17:33:53.555-0500: 1006.009: Total time for which application threads were stopped: 0.0131300 seconds
2014-03-20T17:33:53.873-0500: 1006.328: [GC
Desired survivor size 6815744 bytes, new threshold 1 (max 15)
 [PSYoungGen: 691072K->5088K(692736K)] 1099731K->413883K(2091008K), 0.0102050 secs] [Times: user=0.11 sys=0.00, real=0.01 secs] 
2014-03-20T17:33:53.884-0500: 1006.339: Total time for which application threads were stopped: 0.0113060 seconds
2014-03-20T17:33:54.197-0500: 1006.652: [GC
Desired survivor size 7340032 bytes, new threshold 1 (max 15)
 [PSYoungGen: 691168K->5248K(691712K)] 1099963K->414187K(2089984K), 0.0135320 secs] [Times: user=0.14 sys=0.00, real=0.02 secs] 
2014-03-20T17:33:54.211-0500: 1006.665: Total time for which application threads were stopped: 0.0148490 seconds
2014-03-20T17:33:54.523-0500: 1006.978: [GC
Desired survivor size 7340032 bytes, new threshold 1 (max 15)
 [PSYoungGen: 691328K->5344K(692224K)] 1100267K->414427K(2090496K), 0.0115050 secs] [Times: user=0.12 sys=0.01, real=0.01 secs] 
2014-03-20T17:33:54.535-0500: 1006.989: Total time for which application threads were stopped: 0.0126910 seconds
2014-03-20T17:33:54.858-0500: 1007.313: [GC
Desired survivor size 7340032 bytes, new threshold 1 (max 15)
 [PSYoungGen: 690400K->5440K(692224K)] 1099483K->414667K(2090496K), 0.0098600 secs] [Times: user=0.11 sys=0.00, real=0.01 secs] 
2014-03-20T17:33:54.868-0500: 1007.323: Total time for which application threads were stopped: 0.0113740 seconds
2014-03-20T17:33:55.185-0500: 1007.640: [GC
Desired survivor size 7340032 bytes, new threshold 1 (max 15)
 [PSYoungGen: 690496K->5504K(692224K)] 1099723K->414867K(2090496K), 0.0125230 secs] [Times: user=0.14 sys=0.00, real=0.02 secs] 
2014-03-20T17:33:55.198-0500: 1007.653: Total time for which application threads were stopped: 0.0137570 seconds
2014-03-20T17:33:55.539-0500: 1007.993: [GC
Desired survivor size 7864320 bytes, new threshold 1 (max 15)
 [PSYoungGen: 690560K->5600K(690688K)] 1099923K->415107K(2088960K), 0.0104500 secs] [Times: user=0.12 sys=0.00, real=0.01 secs] 
2014-03-20T17:33:55.549-0500: 1008.004: Total time for which application threads were stopped: 0.0116680 seconds
2014-03-20T17:33:55.879-0500: 1008.334: [GC
Desired survivor size 7864320 bytes, new threshold 1 (max 15)
 [PSYoungGen: 690656K->5664K(691712K)] 1100163K->415307K(2089984K), 0.0116910 secs] [Times: user=0.13 sys=0.00, real=0.01 secs] 
2014-03-20T17:33:55.891-0500: 1008.346: Total time for which application threads were stopped: 0.0127820 seconds
2014-03-20T17:33:56.228-0500: 1008.683: [GC
Desired survivor size 7864320 bytes, new threshold 1 (max 15)
 [PSYoungGen: 689696K->5728K(691712K)] 1099339K->415515K(2089984K), 0.0103850 secs] [Times: user=0.12 sys=0.00, real=0.01 secs] 
2014-03-20T17:33:56.239-0500: 1008.693: Total time for which application threads were stopped: 0.0115940 seconds
2014-03-20T17:33:56.556-0500: 1009.011: [GC
Desired survivor size 7864320 bytes, new threshold 1 (max 15)
 [PSYoungGen: 689760K->1920K(691712K)] 1099547K->411851K(2089984K), 0.0103540 secs] [Times: user=0.11 sys=0.00, real=0.01 secs] 
2014-03-20T17:33:56.567-0500: 1009.022: Total time for which application threads were stopped: 0.0115260 seconds
2014-03-20T17:33:56.873-0500: 1009.327: [GC
Desired survivor size 8388608 bytes, new threshold 1 (max 15)
 [PSYoungGen: 685952K->2144K(686592K)] 1095883K->412219K(2084864K), 0.0103630 secs] [Times: user=0.12 sys=0.00, real=0.01 secs] 
2014-03-20T17:33:56.883-0500: 1009.338: Total time for which application threads were stopped: 0.0115940 seconds
2014-03-20T17:33:57.202-0500: 1009.656: [GC
Desired survivor size 8388608 bytes, new threshold 1 (max 15)
 [PSYoungGen: 686176K->2112K(691200K)] 1096251K->412323K(2089472K), 0.0103560 secs] [Times: user=0.12 sys=0.00, real=0.01 secs] 
2014-03-20T17:33:57.212-0500: 1009.667: Total time for which application threads were stopped: 0.0114330 seconds
2014-03-20T17:33:57.531-0500: 1009.986: [GC
Desired survivor size 8388608 bytes, new threshold 1 (max 15)
 [PSYoungGen: 685120K->2240K(691200K)] 1095331K->412587K(2089472K), 0.0103420 secs] [Times: user=0.11 sys=0.01, real=0.01 secs] 
2014-03-20T17:33:57.542-0500: 1009.997: Total time for which application threads were stopped: 0.0114760 seconds
2014-03-20T17:33:57.870-0500: 1010.325: [GC
Desired survivor size 7864320 bytes, new threshold 1 (max 15)
 [PSYoungGen: 685248K->2208K(691712K)] 1095595K->412699K(2089984K), 0.0096430 secs] [Times: user=0.11 sys=0.00, real=0.01 secs] 
2014-03-20T17:33:57.880-0500: 1010.335: Total time for which application threads were stopped: 0.0106090 seconds
2014-03-20T17:33:58.187-0500: 1010.642: [GC
Desired survivor size 7864320 bytes, new threshold 1 (max 15)
 [PSYoungGen: 685728K->2336K(691200K)] 1096219K->412963K(2089472K), 0.0096320 secs] [Times: user=0.11 sys=0.00, real=0.00 secs] 
2014-03-20T17:33:58.197-0500: 1010.652: Total time for which application threads were stopped: 0.0107390 seconds
2014-03-20T17:33:58.494-0500: 1010.949: [GC
Desired survivor size 7864320 bytes, new threshold 1 (max 15)
 [PSYoungGen: 685856K->2336K(691712K)] 1096483K->413107K(2089984K), 0.0106070 secs] [Times: user=0.12 sys=0.00, real=0.01 secs] 
2014-03-20T17:33:58.505-0500: 1010.959: Total time for which application threads were stopped: 0.0118850 seconds
2014-03-20T17:33:58.803-0500: 1011.257: [GC
Desired survivor size 7340032 bytes, new threshold 1 (max 15)
 [PSYoungGen: 686368K->2464K(691712K)] 1097139K->413371K(2089984K), 0.0102590 secs] [Times: user=0.12 sys=0.00, real=0.01 secs] 
2014-03-20T17:33:58.813-0500: 1011.268: Total time for which application threads were stopped: 0.0117370 seconds
2014-03-20T17:33:59.153-0500: 1011.608: [GC
Desired survivor size 7340032 bytes, new threshold 1 (max 15)
 [PSYoungGen: 686496K->2528K(692224K)] 1097403K->413571K(2090496K), 0.0101570 secs] [Times: user=0.11 sys=0.00, real=0.01 secs] 
2014-03-20T17:33:59.164-0500: 1011.619: Total time for which application threads were stopped: 0.0112430 seconds
2014-03-20T17:33:59.478-0500: 1011.933: [GC
Desired survivor size 7340032 bytes, new threshold 1 (max 15)
 [PSYoungGen: 687584K->2624K(692224K)] 1098627K->413835K(2090496K), 0.0101690 secs] [Times: user=0.12 sys=0.00, real=0.01 secs] 
2014-03-20T17:33:59.489-0500: 1011.944: Total time for which application threads were stopped: 0.0113150 seconds
2014-03-20T17:33:59.870-0500: 1012.325: [GC
Desired survivor size 6815744 bytes, new threshold 1 (max 15)
 [PSYoungGen: 687680K->2592K(692736K)] 1098891K->413939K(2091008K), 0.0102190 secs] [Times: user=0.12 sys=0.00, real=0.01 secs] 
2014-03-20T17:33:59.881-0500: 1012.336: Total time for which application threads were stopped: 0.0112790 seconds
2014-03-20T17:34:00.250-0500: 1012.705: [GC
Desired survivor size 6815744 bytes, new threshold 1 (max 15)
 [PSYoungGen: 688160K->2752K(692224K)] 1099507K->414235K(2090496K), 0.0100190 secs] [Times: user=0.11 sys=0.00, real=0.01 secs] 
2014-03-20T17:34:00.261-0500: 1012.715: Total time for which application threads were stopped: 0.0112600 seconds
2014-03-20T17:34:00.593-0500: 1013.047: [GC
Desired survivor size 6291456 bytes, new threshold 1 (max 15)
 [PSYoungGen: 688320K->2912K(693248K)] 1099803K->414523K(2091520K), 0.0100300 secs] [Times: user=0.12 sys=0.00, real=0.01 secs] 
2014-03-20T17:34:00.603-0500: 1013.058: Total time for which application threads were stopped: 0.0112180 seconds
2014-03-20T17:34:00.929-0500: 1013.384: [GC
Desired survivor size 6291456 bytes, new threshold 1 (max 15)
 [PSYoungGen: 689504K->3008K(692736K)] 1101115K->414755K(2091008K), 0.0100840 secs] [Times: user=0.11 sys=0.00, real=0.01 secs] 
2014-03-20T17:34:00.939-0500: 1013.394: Total time for which application threads were stopped: 0.0113900 seconds
2014-03-20T17:34:01.265-0500: 1013.720: [GC
Desired survivor size 5767168 bytes, new threshold 1 (max 15)
 [PSYoungGen: 689600K->3072K(693760K)] 1101347K->414955K(2092032K), 0.0103260 secs] [Times: user=0.12 sys=0.00, real=0.01 secs] 
2014-03-20T17:34:01.276-0500: 1013.730: Total time for which application threads were stopped: 0.0115740 seconds
2014-03-20T17:34:01.616-0500: 1014.070: [GC
Desired survivor size 5767168 bytes, new threshold 1 (max 15)
 [PSYoungGen: 690688K->3200K(693248K)] 1102571K->415227K(2091520K), 0.0124700 secs] [Times: user=0.13 sys=0.00, real=0.02 secs] 
2014-03-20T17:34:01.628-0500: 1014.083: Total time for which application threads were stopped: 0.0136180 seconds
2014-03-20T17:34:01.977-0500: 1014.432: [GC
Desired survivor size 5242880 bytes, new threshold 1 (max 15)
 [PSYoungGen: 690816K->3392K(694272K)] 1102843K->415563K(2092544K), 0.0102990 secs] [Times: user=0.11 sys=0.00, real=0.01 secs] 
2014-03-20T17:34:01.988-0500: 1014.443: Total time for which application threads were stopped: 0.0112750 seconds
2014-03-20T17:34:02.319-0500: 1014.774: [GC
Desired survivor size 5242880 bytes, new threshold 1 (max 15)
 [PSYoungGen: 692032K->3488K(693760K)] 1104203K->415795K(2092032K), 0.0117540 secs] [Times: user=0.14 sys=0.01, real=0.01 secs] 
2014-03-20T17:34:02.331-0500: 1014.786: Total time for which application threads were stopped: 0.0130580 seconds
2014-03-20T17:34:02.657-0500: 1015.112: [GC
Desired survivor size 5242880 bytes, new threshold 1 (max 15)
 [PSYoungGen: 692128K->3712K(694272K)] 1104435K->416163K(2092544K), 0.0102370 secs] [Times: user=0.11 sys=0.00, real=0.01 secs] 
2014-03-20T17:34:02.668-0500: 1015.122: Total time for which application threads were stopped: 0.0112990 seconds
2014-03-20T17:34:02.994-0500: 1015.448: [GC
Desired survivor size 5242880 bytes, new threshold 1 (max 15)
 [PSYoungGen: 692864K->3808K(694272K)] 1105315K->416403K(2092544K), 0.0100070 secs] [Times: user=0.11 sys=0.00, real=0.01 secs] 
2014-03-20T17:34:03.004-0500: 1015.459: Total time for which application threads were stopped: 0.0112340 seconds
2014-03-20T17:34:03.329-0500: 1015.784: [GC
Desired survivor size 5767168 bytes, new threshold 1 (max 15)
 [PSYoungGen: 692960K->3968K(693248K)] 1105555K->416699K(2091520K), 0.0113860 secs] [Times: user=0.13 sys=0.00, real=0.01 secs] 
2014-03-20T17:34:03.341-0500: 1015.796: Total time for which application threads were stopped: 0.0124670 seconds
2014-03-20T17:34:03.668-0500: 1016.123: [GC
Desired survivor size 5767168 bytes, new threshold 1 (max 15)
 [PSYoungGen: 692096K->4160K(693760K)] 1104827K->417027K(2092032K), 0.0130150 secs] [Times: user=0.13 sys=0.01, real=0.01 secs] 
2014-03-20T17:34:03.681-0500: 1016.136: Total time for which application threads were stopped: 0.0142010 seconds
2014-03-20T17:34:04.000-0500: 1016.455: [GC
Desired survivor size 5767168 bytes, new threshold 1 (max 15)
 [PSYoungGen: 692288K->4288K(693760K)] 1105155K->417299K(2092032K), 0.0102980 secs] [Times: user=0.11 sys=0.01, real=0.01 secs] 
2014-03-20T17:34:04.011-0500: 1016.465: Total time for which application threads were stopped: 0.0115400 seconds
2014-03-20T17:34:04.348-0500: 1016.802: [GC
Desired survivor size 5767168 bytes, new threshold 1 (max 15)
 [PSYoungGen: 692416K->4384K(693760K)] 1105427K->417539K(2092032K), 0.0106300 secs] [Times: user=0.12 sys=0.00, real=0.02 secs] 
2014-03-20T17:34:04.359-0500: 1016.813: Total time for which application threads were stopped: 0.0117990 seconds
2014-03-20T17:34:04.673-0500: 1017.128: [GC
Desired survivor size 6291456 bytes, new threshold 1 (max 15)
 [PSYoungGen: 692512K->4544K(692736K)] 1105667K->417835K(2091008K), 0.0110590 secs] [Times: user=0.13 sys=0.00, real=0.01 secs] 
2014-03-20T17:34:04.685-0500: 1017.139: Total time for which application threads were stopped: 0.0122890 seconds
2014-03-20T17:34:04.996-0500: 1017.451: [GC
Desired survivor size 6291456 bytes, new threshold 1 (max 15)
 [PSYoungGen: 691648K->4704K(693248K)] 1104939K->418139K(2091520K), 0.0136150 secs] [Times: user=0.14 sys=0.00, real=0.02 secs] 
2014-03-20T17:34:05.010-0500: 1017.465: Total time for which application threads were stopped: 0.0149700 seconds
2014-03-20T17:34:05.327-0500: 1017.782: [GC
Desired survivor size 6291456 bytes, new threshold 1 (max 15)
 [PSYoungGen: 691808K->4832K(693248K)] 1105243K->418411K(2091520K), 0.0136000 secs] [Times: user=0.12 sys=0.01, real=0.02 secs] 
2014-03-20T17:34:05.341-0500: 1017.796: Total time for which application threads were stopped: 0.0147560 seconds
2014-03-20T17:34:05.690-0500: 1018.145: [GC
Desired survivor size 6815744 bytes, new threshold 1 (max 15)
 [PSYoungGen: 691936K->4928K(692224K)] 1105515K->418651K(2090496K), 0.0110870 secs] [Times: user=0.13 sys=0.01, real=0.01 secs] 
2014-03-20T17:34:05.701-0500: 1018.156: Total time for which application threads were stopped: 0.0123570 seconds
2014-03-20T17:34:06.024-0500: 1018.479: [GC
Desired survivor size 6815744 bytes, new threshold 1 (max 15)
 [PSYoungGen: 692032K->5088K(692736K)] 1105755K->418947K(2091008K), 0.0106610 secs] [Times: user=0.12 sys=0.00, real=0.01 secs] 
2014-03-20T17:34:06.035-0500: 1018.490: Total time for which application threads were stopped: 0.0117310 seconds
2014-03-20T17:34:06.357-0500: 1018.812: [GC
Desired survivor size 6815744 bytes, new threshold 1 (max 15)
 [PSYoungGen: 691168K->5152K(692736K)] 1105027K->419155K(2091008K), 0.0106660 secs] [Times: user=0.12 sys=0.00, real=0.02 secs] 
2014-03-20T17:34:06.368-0500: 1018.823: Total time for which application threads were stopped: 0.0120610 seconds
2014-03-20T17:34:06.740-0500: 1019.194: [GC
Desired survivor size 7340032 bytes, new threshold 1 (max 15)
 [PSYoungGen: 691232K->5280K(691712K)] 1105235K->419427K(2089984K), 0.0109680 secs] [Times: user=0.12 sys=0.00, real=0.01 secs] 
2014-03-20T17:34:06.751-0500: 1019.205: Total time for which application threads were stopped: 0.0120610 seconds
2014-03-20T17:34:07.077-0500: 1019.532: [GC
Desired survivor size 7340032 bytes, new threshold 1 (max 15)
 [PSYoungGen: 690336K->5280K(692224K)] 1104483K->419563K(2090496K), 0.0122130 secs] [Times: user=0.14 sys=0.00, real=0.02 secs] 
2014-03-20T17:34:07.089-0500: 1019.544: Total time for which application threads were stopped: 0.0137200 seconds
2014-03-20T17:34:07.438-0500: 1019.893: [GC
Desired survivor size 7340032 bytes, new threshold 1 (max 15)
 [PSYoungGen: 690336K->5472K(692224K)] 1104619K->419891K(2090496K), 0.0108640 secs] [Times: user=0.12 sys=0.01, real=0.02 secs] 
2014-03-20T17:34:07.449-0500: 1019.904: Total time for which application threads were stopped: 0.0119910 seconds
2014-03-20T17:34:07.789-0500: 1020.243: [GC
Desired survivor size 7340032 bytes, new threshold 1 (max 15)
 [PSYoungGen: 690528K->5504K(692224K)] 1104947K->420067K(2090496K), 0.0106240 secs] [Times: user=0.12 sys=0.00, real=0.02 secs] 
2014-03-20T17:34:07.799-0500: 1020.254: Total time for which application threads were stopped: 0.0120180 seconds
2014-03-20T17:34:08.126-0500: 1020.580: [GC
Desired survivor size 7864320 bytes, new threshold 1 (max 15)
 [PSYoungGen: 690560K->5536K(691200K)] 1105123K->420243K(2089472K), 0.0108960 secs] [Times: user=0.13 sys=0.00, real=0.01 secs] 
2014-03-20T17:34:08.137-0500: 1020.591: Total time for which application threads were stopped: 0.0120040 seconds
2014-03-20T17:34:08.469-0500: 1020.924: [GC
Desired survivor size 7864320 bytes, new threshold 1 (max 15)
 [PSYoungGen: 689568K->5600K(691712K)] 1104275K->420451K(2089984K), 0.0108760 secs] [Times: user=0.12 sys=0.01, real=0.01 secs] 
2014-03-20T17:34:08.480-0500: 1020.935: Total time for which application threads were stopped: 0.0123450 seconds
2014-03-20T17:34:08.813-0500: 1021.267: [GC
Desired survivor size 7864320 bytes, new threshold 1 (max 15)
 [PSYoungGen: 689632K->5696K(691712K)] 1104483K->420683K(2089984K), 0.0106230 secs] [Times: user=0.12 sys=0.00, real=0.01 secs] 
2014-03-20T17:34:08.824-0500: 1021.278: Total time for which application threads were stopped: 0.0117710 seconds
2014-03-20T17:34:09.138-0500: 1021.593: [GC
Desired survivor size 7864320 bytes, new threshold 1 (max 15)
 [PSYoungGen: 689728K->5760K(691712K)] 1104715K->420891K(2089984K), 0.0104130 secs] [Times: user=0.11 sys=0.01, real=0.01 secs] 
2014-03-20T17:34:09.149-0500: 1021.603: Total time for which application threads were stopped: 0.0117510 seconds
2014-03-20T17:34:09.463-0500: 1021.918: [GC
Desired survivor size 8388608 bytes, new threshold 1 (max 15)
 [PSYoungGen: 689792K->1952K(690688K)] 1104923K->417219K(2088960K), 0.0124190 secs] [Times: user=0.14 sys=0.00, real=0.01 secs] 
2014-03-20T17:34:09.475-0500: 1021.930: Total time for which application threads were stopped: 0.0134810 seconds
2014-03-20T17:34:09.805-0500: 1022.260: [GC
Desired survivor size 8388608 bytes, new threshold 1 (max 15)
 [PSYoungGen: 684960K->2048K(691200K)] 1100227K->417459K(2089472K), 0.0143920 secs] [Times: user=0.12 sys=0.00, real=0.02 secs] 
2014-03-20T17:34:09.820-0500: 1022.274: Total time for which application threads were stopped: 0.0155570 seconds
2014-03-20T17:34:10.129-0500: 1022.584: [GC
Desired survivor size 8388608 bytes, new threshold 1 (max 15)
 [PSYoungGen: 685056K->2048K(691200K)] 1100467K->417603K(2089472K), 0.0097040 secs] [Times: user=0.10 sys=0.01, real=0.00 secs] 
2014-03-20T17:34:10.139-0500: 1022.594: Total time for which application threads were stopped: 0.0107210 seconds
2014-03-20T17:34:10.458-0500: 1022.912: [GC
Desired survivor size 8388608 bytes, new threshold 1 (max 15)
 [PSYoungGen: 685056K->2144K(691200K)] 1100611K->417843K(2089472K), 0.0097750 secs] [Times: user=0.10 sys=0.00, real=0.01 secs] 
2014-03-20T17:34:10.468-0500: 1022.922: Total time for which application threads were stopped: 0.0110710 seconds
2014-03-20T17:34:10.794-0500: 1023.249: [GC
Desired survivor size 8388608 bytes, new threshold 1 (max 15)
 [PSYoungGen: 685152K->2208K(691200K)] 1100851K->418051K(2089472K), 0.0104750 secs] [Times: user=0.12 sys=0.00, real=0.01 secs] 
2014-03-20T17:34:10.805-0500: 1023.259: Total time for which application threads were stopped: 0.0115670 seconds
2014-03-20T17:34:11.133-0500: 1023.588: [GC
Desired survivor size 7864320 bytes, new threshold 1 (max 15)
 [PSYoungGen: 685216K->2272K(691200K)] 1101059K->418243K(2089472K), 0.0105760 secs] [Times: user=0.11 sys=0.00, real=0.01 secs] 
2014-03-20T17:34:11.144-0500: 1023.598: Total time for which application threads were stopped: 0.0119130 seconds
2014-03-20T17:34:11.482-0500: 1023.937: [GC
Desired survivor size 7864320 bytes, new threshold 1 (max 15)
 [PSYoungGen: 685280K->2272K(691712K)] 1101251K->418379K(2089984K), 0.0104970 secs] [Times: user=0.12 sys=0.00, real=0.01 secs] 
2014-03-20T17:34:11.493-0500: 1023.947: Total time for which application threads were stopped: 0.0114820 seconds
2014-03-20T17:34:11.818-0500: 1024.273: [GC
Desired survivor size 7864320 bytes, new threshold 1 (max 15)
 [PSYoungGen: 686304K->2464K(691712K)] 1102411K->418707K(2089984K), 0.0142730 secs] [Times: user=0.14 sys=0.01, real=0.02 secs] 
2014-03-20T17:34:11.832-0500: 1024.287: Total time for which application threads were stopped: 0.0157180 seconds
2014-03-20T17:34:12.161-0500: 1024.616: [GC
Desired survivor size 7340032 bytes, new threshold 1 (max 15)
 [PSYoungGen: 686496K->2464K(692224K)] 1102739K->418843K(2090496K), 0.0105830 secs] [Times: user=0.12 sys=0.00, real=0.01 secs] 
2014-03-20T17:34:12.172-0500: 1024.627: Total time for which application threads were stopped: 0.0116070 seconds
2014-03-20T17:34:12.498-0500: 1024.952: [GC
Desired survivor size 7340032 bytes, new threshold 1 (max 15)
 [PSYoungGen: 687008K->2560K(691712K)] 1103387K->419075K(2089984K), 0.0104350 secs] [Times: user=0.12 sys=0.00, real=0.01 secs] 
2014-03-20T17:34:12.508-0500: 1024.963: Total time for which application threads were stopped: 0.0117420 seconds
2014-03-20T17:34:12.827-0500: 1025.281: [GC
Desired survivor size 6815744 bytes, new threshold 1 (max 15)
 [PSYoungGen: 687104K->2592K(692736K)] 1103619K->419243K(2091008K), 0.0106470 secs] [Times: user=0.12 sys=0.00, real=0.01 secs] 
2014-03-20T17:34:12.838-0500: 1025.292: Total time for which application threads were stopped: 0.0117640 seconds
2014-03-20T17:34:13.177-0500: 1025.631: [GC
Desired survivor size 6815744 bytes, new threshold 1 (max 15)
 [PSYoungGen: 688160K->2784K(692224K)] 1104811K->419579K(2090496K), 0.0108100 secs] [Times: user=0.12 sys=0.01, real=0.01 secs] 
2014-03-20T17:34:13.188-0500: 1025.642: Total time for which application threads were stopped: 0.0122770 seconds
2014-03-20T17:34:13.491-0500: 1025.945: [GC
Desired survivor size 6291456 bytes, new threshold 1 (max 15)
 [PSYoungGen: 688352K->2880K(693248K)] 1105147K->419811K(2091520K), 0.0107160 secs] [Times: user=0.12 sys=0.00, real=0.01 secs] 
2014-03-20T17:34:13.502-0500: 1025.956: Total time for which application threads were stopped: 0.0118990 seconds
2014-03-20T17:34:13.829-0500: 1026.284: [GC
Desired survivor size 6291456 bytes, new threshold 1 (max 15)
 [PSYoungGen: 689472K->2944K(692736K)] 1106403K->420019K(2091008K), 0.0109230 secs] [Times: user=0.12 sys=0.00, real=0.02 secs] 
2014-03-20T17:34:13.840-0500: 1026.295: Total time for which application threads were stopped: 0.0121950 seconds
2014-03-20T17:34:14.165-0500: 1026.620: [GC
Desired survivor size 5767168 bytes, new threshold 1 (max 15)
 [PSYoungGen: 689536K->3072K(693760K)] 1106611K->420283K(2092032K), 0.0107820 secs] [Times: user=0.12 sys=0.00, real=0.01 secs] 
2014-03-20T17:34:14.176-0500: 1026.631: Total time for which application threads were stopped: 0.0118330 seconds
2014-03-20T17:34:14.532-0500: 1026.986: [GC
Desired survivor size 5767168 bytes, new threshold 1 (max 15)
 [PSYoungGen: 690688K->3168K(693248K)] 1107899K->420523K(2091520K), 0.0103410 secs] [Times: user=0.12 sys=0.00, real=0.01 secs] 
2014-03-20T17:34:14.542-0500: 1026.997: Total time for which application threads were stopped: 0.0115860 seconds
2014-03-20T17:34:14.851-0500: 1027.306: [GC
Desired survivor size 5767168 bytes, new threshold 1 (max 15)
 [PSYoungGen: 690784K->3392K(693760K)] 1108139K->420891K(2092032K), 0.0105570 secs] [Times: user=0.12 sys=0.00, real=0.01 secs] 
2014-03-20T17:34:14.862-0500: 1027.317: Total time for which application threads were stopped: 0.0117900 seconds
2014-03-20T17:34:15.178-0500: 1027.633: [GC
Desired survivor size 5242880 bytes, new threshold 1 (max 15)
 [PSYoungGen: 691520K->3488K(693760K)] 1109019K->421131K(2092032K), 0.0118320 secs] [Times: user=0.14 sys=0.00, real=0.01 secs] 
2014-03-20T17:34:15.190-0500: 1027.645: Total time for which application threads were stopped: 0.0130880 seconds
2014-03-20T17:34:15.515-0500: 1027.970: [GC
Desired survivor size 5242880 bytes, new threshold 1 (max 15)
 [PSYoungGen: 691616K->3680K(694272K)] 1109259K->421459K(2092544K), 0.0108530 secs] [Times: user=0.12 sys=0.00, real=0.01 secs] 
2014-03-20T17:34:15.526-0500: 1027.981: Total time for which application threads were stopped: 0.0120950 seconds
2014-03-20T17:34:15.856-0500: 1028.311: [GC
Desired survivor size 5242880 bytes, new threshold 1 (max 15)
 [PSYoungGen: 692832K->3776K(694272K)] 1110611K->421699K(2092544K), 0.0140410 secs] [Times: user=0.14 sys=0.00, real=0.01 secs] 
2014-03-20T17:34:15.870-0500: 1028.325: Total time for which application threads were stopped: 0.0152230 seconds
2014-03-20T17:34:16.184-0500: 1028.638: [GC
Desired survivor size 5767168 bytes, new threshold 1 (max 15)
 [PSYoungGen: 692928K->4064K(693248K)] 1110851K->422123K(2091520K), 0.0106670 secs] [Times: user=0.12 sys=0.00, real=0.01 secs] 
2014-03-20T17:34:16.194-0500: 1028.649: Total time for which application threads were stopped: 0.0119060 seconds
2014-03-20T17:34:16.509-0500: 1028.963: [GC
Desired survivor size 5767168 bytes, new threshold 1 (max 15)
 [PSYoungGen: 692192K->4064K(693760K)] 1110251K->422259K(2092032K), 0.0133070 secs] [Times: user=0.15 sys=0.00, real=0.02 secs] 
2014-03-20T17:34:16.522-0500: 1028.977: Total time for which application threads were stopped: 0.0149030 seconds
2014-03-20T17:34:16.923-0500: 1029.377: [GC
Desired survivor size 5767168 bytes, new threshold 1 (max 15)
 [PSYoungGen: 692192K->4256K(693760K)] 1110387K->422595K(2092032K), 0.0104690 secs] [Times: user=0.12 sys=0.01, real=0.01 secs] 
2014-03-20T17:34:16.933-0500: 1029.388: Total time for which application threads were stopped: 0.0114900 seconds
2014-03-20T17:34:17.244-0500: 1029.699: [GC
Desired survivor size 5767168 bytes, new threshold 1 (max 15)
 [PSYoungGen: 692384K->4320K(693760K)] 1110723K->422795K(2092032K), 0.0108860 secs] [Times: user=0.13 sys=0.00, real=0.01 secs] 
2014-03-20T17:34:17.256-0500: 1029.710: Total time for which application threads were stopped: 0.0126430 seconds
2014-03-20T17:34:17.583-0500: 1030.037: [GC
Desired survivor size 6291456 bytes, new threshold 1 (max 15)
 [PSYoungGen: 692448K->4480K(692736K)] 1110923K->423083K(2091008K), 0.0216990 secs] [Times: user=0.29 sys=0.00, real=0.02 secs] 
2014-03-20T17:34:17.605-0500: 1030.059: Total time for which application threads were stopped: 0.0228860 seconds
2014-03-20T17:34:17.923-0500: 1030.377: [GC
Desired survivor size 6291456 bytes, new threshold 1 (max 15)
 [PSYoungGen: 691584K->4608K(693248K)] 1110187K->423355K(2091520K), 0.0132780 secs] [Times: user=0.15 sys=0.00, real=0.01 secs] 
2014-03-20T17:34:17.936-0500: 1030.391: Total time for which application threads were stopped: 0.0148390 seconds
2014-03-20T17:34:18.274-0500: 1030.729: [GC
Desired survivor size 6291456 bytes, new threshold 1 (max 15)
 [PSYoungGen: 691712K->4736K(693248K)] 1110459K->423619K(2091520K), 0.0106250 secs] [Times: user=0.12 sys=0.01, real=0.01 secs] 
2014-03-20T17:34:18.285-0500: 1030.740: Total time for which application threads were stopped: 0.0119660 seconds
2014-03-20T17:34:18.601-0500: 1031.056: [GC
Desired survivor size 6291456 bytes, new threshold 1 (max 15)
 [PSYoungGen: 691840K->4832K(693248K)] 1110723K->423851K(2091520K), 0.0109310 secs] [Times: user=0.12 sys=0.00, real=0.01 secs] 
2014-03-20T17:34:18.613-0500: 1031.067: Total time for which application threads were stopped: 0.0122630 seconds
2014-03-20T17:34:18.936-0500: 1031.390: [GC
Desired survivor size 6815744 bytes, new threshold 1 (max 15)
 [PSYoungGen: 691936K->4992K(692224K)] 1110955K->424155K(2090496K), 0.0136540 secs] [Times: user=0.15 sys=0.00, real=0.01 secs] 
2014-03-20T17:34:18.950-0500: 1031.404: Total time for which application threads were stopped: 0.0148150 seconds
2014-03-20T17:34:19.280-0500: 1031.735: [GC
Desired survivor size 6815744 bytes, new threshold 1 (max 15)
 [PSYoungGen: 691072K->5056K(692736K)] 1110235K->424363K(2091008K), 0.0109950 secs] [Times: user=0.12 sys=0.01, real=0.02 secs] 
2014-03-20T17:34:19.291-0500: 1031.746: Total time for which application threads were stopped: 0.0122350 seconds
2014-03-20T17:34:19.616-0500: 1032.070: [GC
Desired survivor size 6815744 bytes, new threshold 1 (max 15)
 [PSYoungGen: 691136K->5184K(692736K)] 1110443K->424635K(2091008K), 0.0099480 secs] [Times: user=0.11 sys=0.00, real=0.01 secs] 
2014-03-20T17:34:19.626-0500: 1032.080: Total time for which application threads were stopped: 0.0112190 seconds
2014-03-20T17:34:19.974-0500: 1032.429: [GC
Desired survivor size 7340032 bytes, new threshold 1 (max 15)
 [PSYoungGen: 691264K->5248K(691712K)] 1110715K->424835K(2089984K), 0.0097180 secs] [Times: user=0.10 sys=0.00, real=0.01 secs] 
2014-03-20T17:34:19.984-0500: 1032.439: Total time for which application threads were stopped: 0.0111900 seconds
2014-03-20T17:34:20.317-0500: 1032.772: [GC
Desired survivor size 7340032 bytes, new threshold 1 (max 15)
 [PSYoungGen: 691328K->5408K(692224K)] 1110915K->425139K(2090496K), 0.0096780 secs] [Times: user=0.10 sys=0.00, real=0.01 secs] 
2014-03-20T17:34:20.327-0500: 1032.782: Total time for which application threads were stopped: 0.0109350 seconds
2014-03-20T17:34:20.665-0500: 1033.120: [GC
Desired survivor size 7340032 bytes, new threshold 1 (max 15)
 [PSYoungGen: 690464K->5504K(692224K)] 1110195K->425379K(2090496K), 0.0098200 secs] [Times: user=0.10 sys=0.00, real=0.01 secs] 
2014-03-20T17:34:20.675-0500: 1033.130: Total time for which application threads were stopped: 0.0111430 seconds
2014-03-20T17:34:21.006-0500: 1033.461: [GC
Desired survivor size 7340032 bytes, new threshold 1 (max 15)
 [PSYoungGen: 690560K->5568K(692224K)] 1110435K->425579K(2090496K), 0.0103630 secs] [Times: user=0.11 sys=0.00, real=0.01 secs] 
2014-03-20T17:34:21.017-0500: 1033.472: Total time for which application threads were stopped: 0.0114920 seconds
2014-03-20T17:34:21.374-0500: 1033.828: [GC
Desired survivor size 7864320 bytes, new threshold 1 (max 15)
 [PSYoungGen: 690624K->5600K(690688K)] 1110635K->425755K(2088960K), 0.0105270 secs] [Times: user=0.12 sys=0.00, real=0.01 secs] 
2014-03-20T17:34:21.385-0500: 1033.839: Total time for which application threads were stopped: 0.0119820 seconds
2014-03-20T17:34:21.713-0500: 1034.168: [GC
Desired survivor size 7864320 bytes, new threshold 1 (max 15)
 [PSYoungGen: 690656K->5664K(691712K)] 1110811K->425963K(2089984K), 0.0107710 secs] [Times: user=0.12 sys=0.00, real=0.01 secs] 
2014-03-20T17:34:21.724-0500: 1034.179: Total time for which application threads were stopped: 0.0124340 seconds
2014-03-20T17:34:22.067-0500: 1034.522: [GC
Desired survivor size 7864320 bytes, new threshold 1 (max 15)
 [PSYoungGen: 689696K->5824K(691712K)] 1109995K->426267K(2089984K), 0.0106350 secs] [Times: user=0.12 sys=0.00, real=0.01 secs] 
2014-03-20T17:34:22.078-0500: 1034.533: Total time for which application threads were stopped: 0.0119320 seconds
2014-03-20T17:34:22.391-0500: 1034.846: [GC
Desired survivor size 7864320 bytes, new threshold 1 (max 15)
 [PSYoungGen: 689856K->2080K(691712K)] 1110299K->422659K(2089984K), 0.0105160 secs] [Times: user=0.13 sys=0.00, real=0.02 secs] 
2014-03-20T17:34:22.402-0500: 1034.856: Total time for which application threads were stopped: 0.0118030 seconds
2014-03-20T17:34:22.765-0500: 1035.220: [GC
Desired survivor size 8388608 bytes, new threshold 1 (max 15)
 [PSYoungGen: 686112K->2080K(686592K)] 1106691K->422795K(2084864K), 0.0105150 secs] [Times: user=0.12 sys=0.00, real=0.01 secs] 
2014-03-20T17:34:22.776-0500: 1035.231: Total time for which application threads were stopped: 0.0117460 seconds
2014-03-20T17:34:23.112-0500: 1035.566: [GC
Desired survivor size 8388608 bytes, new threshold 1 (max 15)
 [PSYoungGen: 686112K->2112K(691200K)] 1106827K->422963K(2089472K), 0.0103200 secs] [Times: user=0.12 sys=0.00, real=0.01 secs] 
2014-03-20T17:34:23.122-0500: 1035.577: Total time for which application threads were stopped: 0.0113620 seconds
2014-03-20T17:34:23.439-0500: 1035.894: [GC
Desired survivor size 8388608 bytes, new threshold 1 (max 15)
 [PSYoungGen: 685120K->2176K(691200K)] 1105971K->423163K(2089472K), 0.0102280 secs] [Times: user=0.12 sys=0.00, real=0.01 secs] 
2014-03-20T17:34:23.450-0500: 1035.904: Total time for which application threads were stopped: 0.0114150 seconds
2014-03-20T17:34:23.781-0500: 1036.236: [GC
Desired survivor size 8388608 bytes, new threshold 1 (max 15)
 [PSYoungGen: 685184K->2144K(691200K)] 1106171K->423267K(2089472K), 0.0115730 secs] [Times: user=0.13 sys=0.01, real=0.02 secs] 
2014-03-20T17:34:23.793-0500: 1036.247: Total time for which application threads were stopped: 0.0125370 seconds
2014-03-20T17:34:24.159-0500: 1036.614: [GC
Desired survivor size 7864320 bytes, new threshold 1 (max 15)
 [PSYoungGen: 685152K->2272K(691200K)] 1106275K->423539K(2089472K), 0.0103290 secs] [Times: user=0.11 sys=0.00, real=0.01 secs] 
2014-03-20T17:34:24.170-0500: 1036.624: Total time for which application threads were stopped: 0.0115440 seconds
2014-03-20T17:34:24.508-0500: 1036.962: [GC
Desired survivor size 7864320 bytes, new threshold 1 (max 15)
 [PSYoungGen: 685280K->2304K(691712K)] 1106547K->423707K(2089984K), 0.0105090 secs] [Times: user=0.13 sys=0.00, real=0.01 secs] 
2014-03-20T17:34:24.518-0500: 1036.973: Total time for which application threads were stopped: 0.0116340 seconds
2014-03-20T17:34:24.847-0500: 1037.302: [GC
Desired survivor size 7864320 bytes, new threshold 1 (max 15)
 [PSYoungGen: 686336K->2400K(691712K)] 1107739K->423939K(2089984K), 0.0103720 secs] [Times: user=0.11 sys=0.01, real=0.01 secs] 
2014-03-20T17:34:24.858-0500: 1037.312: Total time for which application threads were stopped: 0.0118380 seconds
2014-03-20T17:34:25.169-0500: 1037.624: [GC
Desired survivor size 7340032 bytes, new threshold 1 (max 15)
 [PSYoungGen: 686432K->2464K(692224K)] 1107971K->424139K(2090496K), 0.0109550 secs] [Times: user=0.12 sys=0.00, real=0.01 secs] 
2014-03-20T17:34:25.180-0500: 1037.635: Total time for which application threads were stopped: 0.0120810 seconds
2014-03-20T17:34:25.531-0500: 1037.986: [GC
Desired survivor size 7340032 bytes, new threshold 1 (max 15)
 [PSYoungGen: 687008K->2528K(691712K)] 1108683K->424339K(2089984K), 0.0108000 secs] [Times: user=0.12 sys=0.00, real=0.02 secs] 
2014-03-20T17:34:25.542-0500: 1037.997: Total time for which application threads were stopped: 0.0121780 seconds
2014-03-20T17:34:25.879-0500: 1038.334: [GC
Desired survivor size 6815744 bytes, new threshold 1 (max 15)
 [PSYoungGen: 687072K->2624K(692736K)] 1108883K->424579K(2091008K), 0.0104400 secs] [Times: user=0.12 sys=0.00, real=0.01 secs] 
2014-03-20T17:34:25.890-0500: 1038.345: Total time for which application threads were stopped: 0.0117580 seconds
2014-03-20T17:34:26.203-0500: 1038.658: [GC
Desired survivor size 6815744 bytes, new threshold 1 (max 15)
 [PSYoungGen: 688192K->2784K(692224K)] 1110147K->424883K(2090496K), 0.0109060 secs] [Times: user=0.12 sys=0.01, real=0.01 secs] 
2014-03-20T17:34:26.214-0500: 1038.669: Total time for which application threads were stopped: 0.0121720 seconds
2014-03-20T17:34:26.557-0500: 1039.012: [GC
Desired survivor size 6291456 bytes, new threshold 1 (max 15)
 [PSYoungGen: 688352K->2912K(693248K)] 1110451K->425147K(2091520K), 0.0115620 secs] [Times: user=0.13 sys=0.01, real=0.01 secs] 
2014-03-20T17:34:26.569-0500: 1039.023: Total time for which application threads were stopped: 0.0126640 seconds
2014-03-20T17:34:26.920-0500: 1039.375: [GC
Desired survivor size 6291456 bytes, new threshold 1 (max 15)
 [PSYoungGen: 689504K->2944K(692736K)] 1111739K->425323K(2091008K), 0.0131570 secs] [Times: user=0.14 sys=0.00, real=0.02 secs] 
2014-03-20T17:34:26.934-0500: 1039.388: Total time for which application threads were stopped: 0.0145130 seconds
2014-03-20T17:34:27.249-0500: 1039.704: [GC
Desired survivor size 5767168 bytes, new threshold 1 (max 15)
 [PSYoungGen: 689536K->3168K(693760K)] 1111915K->425683K(2092032K), 0.0107580 secs] [Times: user=0.12 sys=0.00, real=0.01 secs] 
2014-03-20T17:34:27.260-0500: 1039.715: Total time for which application threads were stopped: 0.0119090 seconds
2014-03-20T17:34:27.625-0500: 1040.079: [GC
Desired survivor size 5767168 bytes, new threshold 1 (max 15)
 [PSYoungGen: 690784K->3136K(693248K)] 1113299K->425779K(2091520K), 0.0114690 secs] [Times: user=0.12 sys=0.00, real=0.01 secs] 
2014-03-20T17:34:27.636-0500: 1040.091: Total time for which application threads were stopped: 0.0127090 seconds
2014-03-20T17:34:27.983-0500: 1040.438: [GC
Desired survivor size 5767168 bytes, new threshold 1 (max 15)
 [PSYoungGen: 690752K->3360K(693760K)] 1113395K->426147K(2092032K), 0.0133100 secs] [Times: user=0.15 sys=0.00, real=0.01 secs] 
2014-03-20T17:34:27.997-0500: 1040.451: Total time for which application threads were stopped: 0.0144090 seconds
2014-03-20T17:34:28.321-0500: 1040.776: [GC
Desired survivor size 5242880 bytes, new threshold 1 (max 15)
 [PSYoungGen: 691488K->3456K(693760K)] 1114275K->426387K(2092032K), 0.0107580 secs] [Times: user=0.12 sys=0.00, real=0.01 secs] 
2014-03-20T17:34:28.332-0500: 1040.787: Total time for which application threads were stopped: 0.0121630 seconds
2014-03-20T17:34:28.670-0500: 1041.125: [GC
Desired survivor size 5242880 bytes, new threshold 1 (max 15)
 [PSYoungGen: 691584K->3648K(694272K)] 1114515K->426723K(2092544K), 0.0107490 secs] [Times: user=0.12 sys=0.00, real=0.01 secs] 
2014-03-20T17:34:28.681-0500: 1041.136: Total time for which application threads were stopped: 0.0120270 seconds
2014-03-20T17:34:29.000-0500: 1041.455: [GC
Desired survivor size 5242880 bytes, new threshold 1 (max 15)
 [PSYoungGen: 692800K->3712K(694272K)] 1115875K->426899K(2092544K), 0.0109140 secs] [Times: user=0.11 sys=0.00, real=0.01 secs] 
2014-03-20T17:34:29.011-0500: 1041.466: Total time for which application threads were stopped: 0.0123930 seconds
2014-03-20T17:34:29.336-0500: 1041.791: [GC
Desired survivor size 5767168 bytes, new threshold 1 (max 15)
 [PSYoungGen: 692864K->3968K(693248K)] 1116051K->427267K(2091520K), 0.0128710 secs] [Times: user=0.13 sys=0.00, real=0.01 secs] 
2014-03-20T17:34:29.349-0500: 1041.804: Total time for which application threads were stopped: 0.0142370 seconds
2014-03-20T17:34:29.703-0500: 1042.158: [GC
Desired survivor size 5767168 bytes, new threshold 1 (max 15)
 [PSYoungGen: 692096K->4000K(693760K)] 1115395K->427435K(2092032K), 0.0150420 secs] [Times: user=0.13 sys=0.00, real=0.01 secs] 
2014-03-20T17:34:29.718-0500: 1042.173: Total time for which application threads were stopped: 0.0162390 seconds
2014-03-20T17:34:30.039-0500: 1042.494: [GC
Desired survivor size 5767168 bytes, new threshold 1 (max 15)
 [PSYoungGen: 692128K->4224K(693760K)] 1115563K->427803K(2092032K), 0.0105480 secs] [Times: user=0.12 sys=0.01, real=0.01 secs] 
2014-03-20T17:34:30.050-0500: 1042.505: Total time for which application threads were stopped: 0.0117170 seconds
2014-03-20T17:34:30.407-0500: 1042.862: [GC
Desired survivor size 5767168 bytes, new threshold 1 (max 15)
 [PSYoungGen: 692352K->4352K(693760K)] 1115931K->428075K(2092032K), 0.0106820 secs] [Times: user=0.12 sys=0.00, real=0.01 secs] 
2014-03-20T17:34:30.418-0500: 1042.873: Total time for which application threads were stopped: 0.0118660 seconds
2014-03-20T17:34:30.734-0500: 1043.188: [GC
Desired survivor size 5767168 bytes, new threshold 1 (max 15)
 [PSYoungGen: 692480K->4480K(693760K)] 1116203K->428339K(2092032K), 0.0143550 secs] [Times: user=0.14 sys=0.00, real=0.01 secs] 
2014-03-20T17:34:30.748-0500: 1043.203: Total time for which application threads were stopped: 0.0153980 seconds
2014-03-20T17:34:31.078-0500: 1043.533: [GC
Desired survivor size 6291456 bytes, new threshold 1 (max 15)
 [PSYoungGen: 692608K->4640K(693248K)] 1116467K->428635K(2091520K), 0.0127520 secs] [Times: user=0.13 sys=0.00, real=0.01 secs] 
2014-03-20T17:34:31.091-0500: 1043.546: Total time for which application threads were stopped: 0.0141080 seconds
2014-03-20T17:34:31.422-0500: 1043.877: [GC
Desired survivor size 6291456 bytes, new threshold 1 (max 15)
 [PSYoungGen: 692768K->4800K(693248K)] 1116763K->428939K(2091520K), 0.0128030 secs] [Times: user=0.12 sys=0.00, real=0.01 secs] 
2014-03-20T17:34:31.435-0500: 1043.890: Total time for which application threads were stopped: 0.0139380 seconds
2014-03-20T17:34:31.753-0500: 1044.208: [GC
Desired survivor size 6291456 bytes, new threshold 1 (max 15)
 [PSYoungGen: 691904K->4896K(693248K)] 1116043K->429179K(2091520K), 0.0105860 secs] [Times: user=0.12 sys=0.00, real=0.01 secs] 
2014-03-20T17:34:31.764-0500: 1044.219: Total time for which application threads were stopped: 0.0120530 seconds
2014-03-20T17:34:32.030-0500: 1044.485: Total time for which application threads were stopped: 0.0010560 seconds
2014-03-20T17:34:32.106-0500: 1044.560: [GC
Desired survivor size 6815744 bytes, new threshold 1 (max 15)
 [PSYoungGen: 692000K->4992K(692224K)] 1116283K->429419K(2090496K), 0.0107100 secs] [Times: user=0.12 sys=0.00, real=0.01 secs] 
2014-03-20T17:34:32.117-0500: 1044.571: Total time for which application threads were stopped: 0.0118560 seconds
2014-03-20T17:34:32.443-0500: 1044.898: [GC
Desired survivor size 6815744 bytes, new threshold 1 (max 15)
 [PSYoungGen: 691072K->5152K(692736K)] 1115499K->429723K(2091008K), 0.0106280 secs] [Times: user=0.12 sys=0.00, real=0.01 secs] 
2014-03-20T17:34:32.454-0500: 1044.909: Total time for which application threads were stopped: 0.0121300 seconds
2014-03-20T17:34:32.780-0500: 1045.235: [GC
Desired survivor size 6815744 bytes, new threshold 1 (max 15)
 [PSYoungGen: 691232K->5216K(692736K)] 1115803K->429931K(2091008K), 0.0107660 secs] [Times: user=0.12 sys=0.00, real=0.01 secs] 
2014-03-20T17:34:32.791-0500: 1045.246: Total time for which application threads were stopped: 0.0121200 seconds
2014-03-20T17:34:33.114-0500: 1045.569: [GC
Desired survivor size 7340032 bytes, new threshold 1 (max 15)
 [PSYoungGen: 691296K->5376K(691712K)] 1116011K->430219K(2089984K), 0.0117600 secs] [Times: user=0.13 sys=0.01, real=0.01 secs] 
2014-03-20T17:34:33.126-0500: 1045.581: Total time for which application threads were stopped: 0.0130450 seconds
2014-03-20T17:34:33.438-0500: 1045.893: [GC
Desired survivor size 7340032 bytes, new threshold 1 (max 15)
 [PSYoungGen: 691456K->5440K(692224K)] 1116299K->430419K(2090496K), 0.0110670 secs] [Times: user=0.12 sys=0.00, real=0.01 secs] 
2014-03-20T17:34:33.449-0500: 1045.904: Total time for which application threads were stopped: 0.0132700 seconds
2014-03-20T17:34:33.803-0500: 1046.257: [GC
Desired survivor size 7340032 bytes, new threshold 1 (max 15)
 [PSYoungGen: 690496K->5504K(692224K)] 1115475K->430603K(2090496K), 0.0101750 secs] [Times: user=0.10 sys=0.00, real=0.01 secs] 
2014-03-20T17:34:33.813-0500: 1046.268: Total time for which application threads were stopped: 0.0116270 seconds
2014-03-20T17:34:34.116-0500: 1046.570: [GC
Desired survivor size 7864320 bytes, new threshold 1 (max 15)
 [PSYoungGen: 690560K->5664K(691200K)] 1115659K->430907K(2089472K), 0.0107920 secs] [Times: user=0.12 sys=0.00, real=0.01 secs] 
2014-03-20T17:34:34.127-0500: 1046.581: Total time for which application threads were stopped: 0.0119110 seconds
2014-03-20T17:34:34.464-0500: 1046.919: [GC
Desired survivor size 7864320 bytes, new threshold 1 (max 15)
 [PSYoungGen: 689696K->5728K(691712K)] 1114939K->431115K(2089984K), 0.0109970 secs] [Times: user=0.12 sys=0.00, real=0.01 secs] 
2014-03-20T17:34:34.475-0500: 1046.930: Total time for which application threads were stopped: 0.0124160 seconds
2014-03-20T17:34:34.789-0500: 1047.244: [GC
Desired survivor size 7864320 bytes, new threshold 1 (max 15)
 [PSYoungGen: 689760K->5760K(691712K)] 1115147K->431291K(2089984K), 0.0109420 secs] [Times: user=0.12 sys=0.00, real=0.01 secs] 
2014-03-20T17:34:34.800-0500: 1047.255: Total time for which application threads were stopped: 0.0121950 seconds
2014-03-20T17:34:35.121-0500: 1047.575: [GC
Desired survivor size 8388608 bytes, new threshold 1 (max 15)
 [PSYoungGen: 689792K->1888K(686080K)] 1115323K->427555K(2084352K), 0.0105260 secs] [Times: user=0.11 sys=0.01, real=0.01 secs] 
2014-03-20T17:34:35.131-0500: 1047.586: Total time for which application threads were stopped: 0.0119260 seconds
2014-03-20T17:34:35.461-0500: 1047.916: [GC
Desired survivor size 8388608 bytes, new threshold 1 (max 15)
 [PSYoungGen: 685920K->2048K(691200K)] 1111587K->427859K(2089472K), 0.0121040 secs] [Times: user=0.14 sys=0.01, real=0.02 secs] 
2014-03-20T17:34:35.473-0500: 1047.928: Total time for which application threads were stopped: 0.0133150 seconds
2014-03-20T17:34:35.800-0500: 1048.255: [GC
Desired survivor size 8388608 bytes, new threshold 1 (max 15)
 [PSYoungGen: 685056K->2144K(691200K)] 1110867K->428099K(2089472K), 0.0106770 secs] [Times: user=0.12 sys=0.00, real=0.01 secs] 
2014-03-20T17:34:35.811-0500: 1048.266: Total time for which application threads were stopped: 0.0119900 seconds
2014-03-20T17:34:36.154-0500: 1048.609: [GC
Desired survivor size 8388608 bytes, new threshold 1 (max 15)
 [PSYoungGen: 685152K->2240K(691200K)] 1111107K->428339K(2089472K), 0.0105250 secs] [Times: user=0.12 sys=0.00, real=0.01 secs] 
2014-03-20T17:34:36.165-0500: 1048.620: Total time for which application threads were stopped: 0.0116880 seconds
2014-03-20T17:34:36.474-0500: 1048.929: [GC
Desired survivor size 8388608 bytes, new threshold 1 (max 15)
 [PSYoungGen: 685248K->2176K(691200K)] 1111347K->428411K(2089472K), 0.0122740 secs] [Times: user=0.13 sys=0.00, real=0.01 secs] 
2014-03-20T17:34:36.487-0500: 1048.941: Total time for which application threads were stopped: 0.0135710 seconds
2014-03-20T17:34:36.790-0500: 1049.245: [GC
Desired survivor size 7864320 bytes, new threshold 1 (max 15)
 [PSYoungGen: 685184K->2336K(691712K)] 1111419K->428715K(2089984K), 0.0107930 secs] [Times: user=0.12 sys=0.00, real=0.01 secs] 
2014-03-20T17:34:36.801-0500: 1049.256: Total time for which application threads were stopped: 0.0118800 seconds
2014-03-20T17:34:37.119-0500: 1049.574: [GC
Desired survivor size 7864320 bytes, new threshold 1 (max 15)
 [PSYoungGen: 685856K->2336K(691200K)] 1112235K->428859K(2089472K), 0.0104380 secs] [Times: user=0.11 sys=0.00, real=0.01 secs] 
2014-03-20T17:34:37.130-0500: 1049.585: Total time for which application threads were stopped: 0.0117710 seconds
2014-03-20T17:34:37.448-0500: 1049.902: [GC
Desired survivor size 7864320 bytes, new threshold 1 (max 15)
 [PSYoungGen: 685856K->2400K(691712K)] 1112379K->429067K(2089984K), 0.0107480 secs] [Times: user=0.11 sys=0.00, real=0.01 secs] 
2014-03-20T17:34:37.459-0500: 1049.913: Total time for which application threads were stopped: 0.0119420 seconds
2014-03-20T17:34:37.792-0500: 1050.247: [GC
Desired survivor size 7340032 bytes, new threshold 1 (max 15)
 [PSYoungGen: 686432K->2464K(691712K)] 1113099K->429275K(2089984K), 0.0108900 secs] [Times: user=0.12 sys=0.00, real=0.02 secs] 
2014-03-20T17:34:37.804-0500: 1050.258: Total time for which application threads were stopped: 0.0122410 seconds
2014-03-20T17:34:38.118-0500: 1050.573: [GC
Desired survivor size 7340032 bytes, new threshold 1 (max 15)
 [PSYoungGen: 686496K->2496K(692224K)] 1113307K->429451K(2090496K), 0.0106690 secs] [Times: user=0.12 sys=0.01, real=0.01 secs] 
2014-03-20T17:34:38.129-0500: 1050.584: Total time for which application threads were stopped: 0.0118020 seconds
2014-03-20T17:34:38.447-0500: 1050.902: [GC
Desired survivor size 6815744 bytes, new threshold 1 (max 15)
 [PSYoungGen: 687552K->2688K(692224K)] 1114507K->429779K(2090496K), 0.0105710 secs] [Times: user=0.12 sys=0.00, real=0.01 secs] 
2014-03-20T17:34:38.458-0500: 1050.912: Total time for which application threads were stopped: 0.0118540 seconds
2014-03-20T17:34:38.780-0500: 1051.234: [GC
Desired survivor size 6815744 bytes, new threshold 1 (max 15)
 [PSYoungGen: 687744K->2688K(692736K)] 1114835K->429923K(2091008K), 0.0107170 secs] [Times: user=0.12 sys=0.00, real=0.01 secs] 
2014-03-20T17:34:38.791-0500: 1051.245: Total time for which application threads were stopped: 0.0118330 seconds
2014-03-20T17:34:39.116-0500: 1051.571: [GC
Desired survivor size 6291456 bytes, new threshold 1 (max 15)
 [PSYoungGen: 688768K->2816K(692736K)] 1116003K->430195K(2091008K), 0.0104190 secs] [Times: user=0.12 sys=0.00, real=0.01 secs] 
2014-03-20T17:34:39.127-0500: 1051.581: Total time for which application threads were stopped: 0.0115900 seconds
2014-03-20T17:34:39.536-0500: 1051.990: [GC
Desired survivor size 6291456 bytes, new threshold 1 (max 15)
 [PSYoungGen: 688896K->3040K(693248K)] 1116275K->430563K(2091520K), 0.0140350 secs] [Times: user=0.15 sys=0.01, real=0.01 secs] 
2014-03-20T17:34:39.550-0500: 1052.004: Total time for which application threads were stopped: 0.0151480 seconds
2014-03-20T17:34:39.894-0500: 1052.349: [GC
Desired survivor size 5767168 bytes, new threshold 1 (max 15)
 [PSYoungGen: 690144K->3104K(693248K)] 1117667K->430771K(2091520K), 0.0111170 secs] [Times: user=0.13 sys=0.00, real=0.01 secs] 
2014-03-20T17:34:39.906-0500: 1052.360: Total time for which application threads were stopped: 0.0127320 seconds
2014-03-20T17:34:40.235-0500: 1052.690: [GC
Desired survivor size 5767168 bytes, new threshold 1 (max 15)
 [PSYoungGen: 690208K->3168K(693760K)] 1117875K->430971K(2092032K), 0.0109030 secs] [Times: user=0.11 sys=0.00, real=0.01 secs] 
2014-03-20T17:34:40.246-0500: 1052.701: Total time for which application threads were stopped: 0.0121790 seconds
2014-03-20T17:34:40.617-0500: 1053.072: [GC
Desired survivor size 5242880 bytes, new threshold 1 (max 15)
 [PSYoungGen: 691296K->3360K(693760K)] 1119099K->431291K(2092032K), 0.0110420 secs] [Times: user=0.12 sys=0.00, real=0.01 secs] 
2014-03-20T17:34:40.628-0500: 1053.083: Total time for which application threads were stopped: 0.0122750 seconds
2014-03-20T17:34:40.966-0500: 1053.421: [GC
Desired survivor size 5242880 bytes, new threshold 1 (max 15)
 [PSYoungGen: 691488K->3424K(694272K)] 1119419K->431499K(2092544K), 0.0107040 secs] [Times: user=0.11 sys=0.01, real=0.01 secs] 
2014-03-20T17:34:40.977-0500: 1053.432: Total time for which application threads were stopped: 0.0118710 seconds
2014-03-20T17:34:41.308-0500: 1053.763: [GC
Desired survivor size 5242880 bytes, new threshold 1 (max 15)
 [PSYoungGen: 692576K->3616K(694272K)] 1120651K->431835K(2092544K), 0.0109300 secs] [Times: user=0.12 sys=0.00, real=0.01 secs] 
2014-03-20T17:34:41.320-0500: 1053.774: Total time for which application threads were stopped: 0.0123020 seconds
2014-03-20T17:34:41.699-0500: 1054.153: [GC
Desired survivor size 5242880 bytes, new threshold 1 (max 15)
 [PSYoungGen: 692768K->3776K(694272K)] 1120987K->432139K(2092544K), 0.0123460 secs] [Times: user=0.13 sys=0.00, real=0.01 secs] 
2014-03-20T17:34:41.711-0500: 1054.166: Total time for which application threads were stopped: 0.0134690 seconds
2014-03-20T17:34:42.046-0500: 1054.501: [GC
Desired survivor size 5242880 bytes, new threshold 1 (max 15)
 [PSYoungGen: 692928K->3904K(694272K)] 1121291K->432411K(2092544K), 0.0107640 secs] [Times: user=0.12 sys=0.00, real=0.01 secs] 
2014-03-20T17:34:42.057-0500: 1054.512: Total time for which application threads were stopped: 0.0121150 seconds
2014-03-20T17:34:42.385-0500: 1054.840: [GC
Desired survivor size 5767168 bytes, new threshold 1 (max 15)
 [PSYoungGen: 693056K->4128K(693248K)] 1121563K->432779K(2091520K), 0.0105620 secs] [Times: user=0.12 sys=0.00, real=0.01 secs] 
2014-03-20T17:34:42.396-0500: 1054.850: Total time for which application threads were stopped: 0.0116220 seconds
2014-03-20T17:34:42.705-0500: 1055.160: [GC
Desired survivor size 5767168 bytes, new threshold 1 (max 15)
 [PSYoungGen: 692256K->4224K(693760K)] 1120907K->433019K(2092032K), 0.0106870 secs] [Times: user=0.12 sys=0.00, real=0.01 secs] 
2014-03-20T17:34:42.716-0500: 1055.171: Total time for which application threads were stopped: 0.0120620 seconds
2014-03-20T17:34:43.057-0500: 1055.512: [GC
Desired survivor size 5767168 bytes, new threshold 1 (max 15)
 [PSYoungGen: 692352K->4448K(693760K)] 1121147K->433387K(2092032K), 0.0106260 secs] [Times: user=0.11 sys=0.00, real=0.01 secs] 
2014-03-20T17:34:43.068-0500: 1055.522: Total time for which application threads were stopped: 0.0118120 seconds
2014-03-20T17:34:43.454-0500: 1055.909: [GC
Desired survivor size 6291456 bytes, new threshold 1 (max 15)
 [PSYoungGen: 692576K->4480K(692736K)] 1121515K->433563K(2091008K), 0.0107190 secs] [Times: user=0.11 sys=0.00, real=0.01 secs] 
2014-03-20T17:34:43.465-0500: 1055.920: Total time for which application threads were stopped: 0.0121340 seconds
2014-03-20T17:34:43.809-0500: 1056.264: [GC
Desired survivor size 6291456 bytes, new threshold 1 (max 15)
 [PSYoungGen: 692608K->4608K(693248K)] 1121691K->433835K(2091520K), 0.0107180 secs] [Times: user=0.12 sys=0.00, real=0.01 secs] 
2014-03-20T17:34:43.820-0500: 1056.275: Total time for which application threads were stopped: 0.0119670 seconds
2014-03-20T17:34:44.131-0500: 1056.585: [GC
Desired survivor size 6291456 bytes, new threshold 1 (max 15)
 [PSYoungGen: 691712K->4704K(693248K)] 1120939K->434075K(2091520K), 0.0105980 secs] [Times: user=0.12 sys=0.00, real=0.01 secs] 
2014-03-20T17:34:44.141-0500: 1056.596: Total time for which application threads were stopped: 0.0119100 seconds
2014-03-20T17:34:44.474-0500: 1056.929: [GC
Desired survivor size 6291456 bytes, new threshold 1 (max 15)
 [PSYoungGen: 691808K->4928K(693248K)] 1121179K->434443K(2091520K), 0.0105070 secs] [Times: user=0.13 sys=0.00, real=0.02 secs] 
2014-03-20T17:34:44.485-0500: 1056.940: Total time for which application threads were stopped: 0.0117870 seconds
2014-03-20T17:34:44.828-0500: 1057.282: [GC
Desired survivor size 6815744 bytes, new threshold 1 (max 15)
 [PSYoungGen: 692032K->4928K(692224K)] 1121547K->434579K(2090496K), 0.0116320 secs] [Times: user=0.13 sys=0.00, real=0.01 secs] 
2014-03-20T17:34:44.840-0500: 1057.294: Total time for which application threads were stopped: 0.0129120 seconds
2014-03-20T17:34:45.153-0500: 1057.608: [GC
Desired survivor size 6815744 bytes, new threshold 1 (max 15)
 [PSYoungGen: 692032K->5152K(692736K)] 1121683K->434939K(2091008K), 0.0109150 secs] [Times: user=0.12 sys=0.00, real=0.01 secs] 
2014-03-20T17:34:45.164-0500: 1057.619: Total time for which application threads were stopped: 0.0120940 seconds
2014-03-20T17:34:45.479-0500: 1057.934: [GC
Desired survivor size 6815744 bytes, new threshold 1 (max 15)
 [PSYoungGen: 691232K->5216K(692736K)] 1121019K->435147K(2091008K), 0.0094160 secs] [Times: user=0.10 sys=0.00, real=0.01 secs] 
2014-03-20T17:34:45.489-0500: 1057.944: Total time for which application threads were stopped: 0.0109770 seconds
2014-03-20T17:34:45.824-0500: 1058.279: [GC
Desired survivor size 7340032 bytes, new threshold 1 (max 15)
 [PSYoungGen: 691296K->5312K(691712K)] 1121227K->435387K(2089984K), 0.0094510 secs] [Times: user=0.10 sys=0.00, real=0.00 secs] 
2014-03-20T17:34:45.834-0500: 1058.289: Total time for which application threads were stopped: 0.0105490 seconds
2014-03-20T17:34:46.140-0500: 1058.594: [GC
Desired survivor size 7340032 bytes, new threshold 1 (max 15)
 [PSYoungGen: 690368K->5408K(692224K)] 1120443K->435619K(2090496K), 0.0093390 secs] [Times: user=0.11 sys=0.00, real=0.01 secs] 
2014-03-20T17:34:46.149-0500: 1058.604: Total time for which application threads were stopped: 0.0107300 seconds
2014-03-20T17:34:46.462-0500: 1058.917: [GC
Desired survivor size 7340032 bytes, new threshold 1 (max 15)
 [PSYoungGen: 690464K->5504K(692224K)] 1120675K->435859K(2090496K), 0.0104750 secs] [Times: user=0.12 sys=0.00, real=0.01 secs] 
2014-03-20T17:34:46.473-0500: 1058.927: Total time for which application threads were stopped: 0.0116620 seconds
2014-03-20T17:34:46.785-0500: 1059.240: [GC
Desired survivor size 7864320 bytes, new threshold 1 (max 15)
 [PSYoungGen: 690560K->5632K(690688K)] 1120915K->436123K(2088960K), 0.0103690 secs] [Times: user=0.12 sys=0.00, real=0.01 secs] 
2014-03-20T17:34:46.796-0500: 1059.251: Total time for which application threads were stopped: 0.0116820 seconds
2014-03-20T17:34:47.101-0500: 1059.556: [GC
Desired survivor size 7864320 bytes, new threshold 1 (max 15)
 [PSYoungGen: 690688K->5728K(691712K)] 1121179K->436363K(2089984K), 0.0104150 secs] [Times: user=0.12 sys=0.00, real=0.01 secs] 
2014-03-20T17:34:47.112-0500: 1059.566: Total time for which application threads were stopped: 0.0115820 seconds
2014-03-20T17:34:47.415-0500: 1059.870: [GC
Desired survivor size 7864320 bytes, new threshold 1 (max 15)
 [PSYoungGen: 689760K->5856K(691712K)] 1120395K->436635K(2089984K), 0.0104270 secs] [Times: user=0.12 sys=0.01, real=0.01 secs] 
2014-03-20T17:34:47.426-0500: 1059.881: Total time for which application threads were stopped: 0.0118190 seconds
2014-03-20T17:34:47.760-0500: 1060.215: [GC
Desired survivor size 8388608 bytes, new threshold 1 (max 15)
 [PSYoungGen: 689888K->1984K(690688K)] 1120667K->432907K(2088960K), 0.0102740 secs] [Times: user=0.12 sys=0.00, real=0.01 secs] 
2014-03-20T17:34:47.771-0500: 1060.225: Total time for which application threads were stopped: 0.0113560 seconds
2014-03-20T17:34:48.085-0500: 1060.540: [GC
Desired survivor size 8388608 bytes, new threshold 1 (max 15)
 [PSYoungGen: 684992K->2080K(691200K)] 1115915K->433139K(2089472K), 0.0101960 secs] [Times: user=0.12 sys=0.00, real=0.01 secs] 
2014-03-20T17:34:48.096-0500: 1060.550: Total time for which application threads were stopped: 0.0114090 seconds
2014-03-20T17:34:48.400-0500: 1060.855: [GC
Desired survivor size 8388608 bytes, new threshold 1 (max 15)
 [PSYoungGen: 685088K->2080K(691200K)] 1116147K->433275K(2089472K), 0.0101390 secs] [Times: user=0.11 sys=0.00, real=0.01 secs] 
2014-03-20T17:34:48.411-0500: 1060.865: Total time for which application threads were stopped: 0.0112140 seconds
2014-03-20T17:34:48.725-0500: 1061.179: [GC
Desired survivor size 8388608 bytes, new threshold 1 (max 15)
 [PSYoungGen: 685088K->2240K(691200K)] 1116283K->433571K(2089472K), 0.0105610 secs] [Times: user=0.12 sys=0.00, real=0.02 secs] 
2014-03-20T17:34:48.736-0500: 1061.190: Total time for which application threads were stopped: 0.0117800 seconds
2014-03-20T17:34:49.055-0500: 1061.510: [GC
Desired survivor size 8388608 bytes, new threshold 1 (max 15)
 [PSYoungGen: 685248K->2240K(691200K)] 1116579K->433707K(2089472K), 0.0103040 secs] [Times: user=0.12 sys=0.00, real=0.01 secs] 
2014-03-20T17:34:49.066-0500: 1061.521: Total time for which application threads were stopped: 0.0114020 seconds
2014-03-20T17:34:49.383-0500: 1061.838: [GC
Desired survivor size 7864320 bytes, new threshold 1 (max 15)
 [PSYoungGen: 685248K->2272K(691200K)] 1116715K->433875K(2089472K), 0.0105890 secs] [Times: user=0.12 sys=0.00, real=0.01 secs] 
2014-03-20T17:34:49.394-0500: 1061.849: Total time for which application threads were stopped: 0.0118340 seconds
2014-03-20T17:34:49.724-0500: 1062.179: [GC
Desired survivor size 7864320 bytes, new threshold 1 (max 15)
 [PSYoungGen: 685280K->2368K(691712K)] 1116883K->434107K(2089984K), 0.0108240 secs] [Times: user=0.13 sys=0.00, real=0.02 secs] 
2014-03-20T17:34:49.735-0500: 1062.190: Total time for which application threads were stopped: 0.0118900 seconds
2014-03-20T17:34:50.048-0500: 1062.503: [GC
Desired survivor size 7864320 bytes, new threshold 1 (max 15)
 [PSYoungGen: 686400K->2432K(691712K)] 1118139K->434307K(2089984K), 0.0105610 secs] [Times: user=0.13 sys=0.00, real=0.01 secs] 
2014-03-20T17:34:50.059-0500: 1062.514: Total time for which application threads were stopped: 0.0118420 seconds
2014-03-20T17:34:50.365-0500: 1062.819: [GC
Desired survivor size 7340032 bytes, new threshold 1 (max 15)
 [PSYoungGen: 686464K->2528K(692224K)] 1118339K->434539K(2090496K), 0.0105200 secs] [Times: user=0.12 sys=0.00, real=0.02 secs] 
2014-03-20T17:34:50.375-0500: 1062.830: Total time for which application threads were stopped: 0.0115610 seconds
2014-03-20T17:34:50.688-0500: 1063.142: [GC
Desired survivor size 7340032 bytes, new threshold 1 (max 15)
 [PSYoungGen: 687072K->2560K(691712K)] 1119083K->434707K(2089984K), 0.0104320 secs] [Times: user=0.13 sys=0.00, real=0.01 secs] 
2014-03-20T17:34:50.698-0500: 1063.153: Total time for which application threads were stopped: 0.0116250 seconds
2014-03-20T17:34:51.005-0500: 1063.460: [GC
Desired survivor size 6815744 bytes, new threshold 1 (max 15)
 [PSYoungGen: 687104K->2624K(692736K)] 1119251K->434907K(2091008K), 0.0106700 secs] [Times: user=0.13 sys=0.00, real=0.02 secs] 
2014-03-20T17:34:51.016-0500: 1063.470: Total time for which application threads were stopped: 0.0116780 seconds
2014-03-20T17:34:51.348-0500: 1063.803: [GC
Desired survivor size 6815744 bytes, new threshold 1 (max 15)
 [PSYoungGen: 688192K->2720K(692224K)] 1120475K->435147K(2090496K), 0.0105610 secs] [Times: user=0.12 sys=0.00, real=0.01 secs] 
2014-03-20T17:34:51.359-0500: 1063.814: Total time for which application threads were stopped: 0.0117910 seconds
2014-03-20T17:34:51.674-0500: 1064.129: [GC
Desired survivor size 6291456 bytes, new threshold 1 (max 15)
 [PSYoungGen: 688288K->2752K(693248K)] 1120715K->435315K(2091520K), 0.0213640 secs] [Times: user=0.25 sys=0.01, real=0.03 secs] 
2014-03-20T17:34:51.696-0500: 1064.151: Total time for which application threads were stopped: 0.0224250 seconds
2014-03-20T17:34:52.017-0500: 1064.472: [GC
Desired survivor size 6291456 bytes, new threshold 1 (max 15)
 [PSYoungGen: 689344K->2944K(692736K)] 1121907K->435643K(2091008K), 0.0115620 secs] [Times: user=0.14 sys=0.00, real=0.01 secs] 
2014-03-20T17:34:52.029-0500: 1064.483: Total time for which application threads were stopped: 0.0128420 seconds
2014-03-20T17:34:52.346-0500: 1064.800: [GC
Desired survivor size 5767168 bytes, new threshold 1 (max 15)
 [PSYoungGen: 689536K->3104K(693760K)] 1122235K->435947K(2092032K), 0.0107930 secs] [Times: user=0.12 sys=0.00, real=0.01 secs] 
2014-03-20T17:34:52.357-0500: 1064.811: Total time for which application threads were stopped: 0.0119760 seconds
2014-03-20T17:34:52.662-0500: 1065.117: [GC
Desired survivor size 5767168 bytes, new threshold 1 (max 15)
 [PSYoungGen: 690720K->3200K(693248K)] 1123563K->436211K(2091520K), 0.0115690 secs] [Times: user=0.13 sys=0.01, real=0.01 secs] 
2014-03-20T17:34:52.674-0500: 1065.129: Total time for which application threads were stopped: 0.0128060 seconds
2014-03-20T17:34:52.982-0500: 1065.436: [GC
Desired survivor size 5242880 bytes, new threshold 1 (max 15)
 [PSYoungGen: 690816K->3296K(694272K)] 1123827K->436451K(2092544K), 0.0101710 secs] [Times: user=0.11 sys=0.00, real=0.01 secs] 
2014-03-20T17:34:52.992-0500: 1065.447: Total time for which application threads were stopped: 0.0113830 seconds
2014-03-20T17:34:53.321-0500: 1065.776: [GC
Desired survivor size 5242880 bytes, new threshold 1 (max 15)
 [PSYoungGen: 691936K->3456K(693760K)] 1125091K->436755K(2092032K), 0.0102170 secs] [Times: user=0.12 sys=0.00, real=0.01 secs] 
2014-03-20T17:34:53.332-0500: 1065.786: Total time for which application threads were stopped: 0.0114270 seconds
2014-03-20T17:34:53.654-0500: 1066.109: [GC
Desired survivor size 5242880 bytes, new threshold 1 (max 15)
 [PSYoungGen: 692096K->3616K(694272K)] 1125395K->437059K(2092544K), 0.0111000 secs] [Times: user=0.11 sys=0.00, real=0.01 secs] 
2014-03-20T17:34:53.665-0500: 1066.120: Total time for which application threads were stopped: 0.0122210 seconds
2014-03-20T17:34:53.990-0500: 1066.445: [GC
Desired survivor size 5242880 bytes, new threshold 1 (max 15)
 [PSYoungGen: 692768K->3808K(694272K)] 1126211K->437387K(2092544K), 0.0107260 secs] [Times: user=0.13 sys=0.01, real=0.01 secs] 
2014-03-20T17:34:54.001-0500: 1066.456: Total time for which application threads were stopped: 0.0120280 seconds
2014-03-20T17:34:54.324-0500: 1066.779: [GC
Desired survivor size 5767168 bytes, new threshold 1 (max 15)
 [PSYoungGen: 692960K->3968K(693248K)] 1126539K->437683K(2091520K), 0.0106760 secs] [Times: user=0.12 sys=0.00, real=0.01 secs] 
2014-03-20T17:34:54.335-0500: 1066.789: Total time for which application threads were stopped: 0.0119810 seconds
2014-03-20T17:34:54.635-0500: 1067.090: [GC
Desired survivor size 5767168 bytes, new threshold 1 (max 15)
 [PSYoungGen: 692096K->4096K(693760K)] 1125811K->437947K(2092032K), 0.0107290 secs] [Times: user=0.12 sys=0.00, real=0.02 secs] 
2014-03-20T17:34:54.646-0500: 1067.101: Total time for which application threads were stopped: 0.0121130 seconds
2014-03-20T17:34:54.953-0500: 1067.407: [GC
Desired survivor size 5767168 bytes, new threshold 1 (max 15)
 [PSYoungGen: 692224K->4256K(693760K)] 1126075K->438243K(2092032K), 0.0108220 secs] [Times: user=0.12 sys=0.00, real=0.01 secs] 
2014-03-20T17:34:54.964-0500: 1067.418: Total time for which application threads were stopped: 0.0119760 seconds
2014-03-20T17:34:55.277-0500: 1067.731: [GC
Desired survivor size 5767168 bytes, new threshold 1 (max 15)
 [PSYoungGen: 692384K->4416K(693760K)] 1126371K->438547K(2092032K), 0.0101750 secs] [Times: user=0.11 sys=0.00, real=0.01 secs] 
2014-03-20T17:34:55.287-0500: 1067.742: Total time for which application threads were stopped: 0.0114600 seconds
2014-03-20T17:34:55.601-0500: 1068.055: [GC
Desired survivor size 6291456 bytes, new threshold 1 (max 15)
 [PSYoungGen: 692544K->4448K(692736K)] 1126675K->438715K(2091008K), 0.0110180 secs] [Times: user=0.12 sys=0.00, real=0.01 secs] 
2014-03-20T17:34:55.612-0500: 1068.067: Total time for which application threads were stopped: 0.0123040 seconds
2014-03-20T17:34:55.925-0500: 1068.379: [GC
Desired survivor size 6291456 bytes, new threshold 1 (max 15)
 [PSYoungGen: 691552K->4608K(693248K)] 1125819K->439019K(2091520K), 0.0109880 secs] [Times: user=0.13 sys=0.00, real=0.01 secs] 
2014-03-20T17:34:55.936-0500: 1068.391: Total time for which application threads were stopped: 0.0123860 seconds
2014-03-20T17:34:56.238-0500: 1068.693: [GC
Desired survivor size 6291456 bytes, new threshold 1 (max 15)
 [PSYoungGen: 691712K->4768K(693248K)] 1126123K->439323K(2091520K), 0.0108570 secs] [Times: user=0.12 sys=0.00, real=0.01 secs] 
2014-03-20T17:34:56.250-0500: 1068.704: Total time for which application threads were stopped: 0.0120420 seconds
2014-03-20T17:34:56.555-0500: 1069.009: [GC
Desired survivor size 6291456 bytes, new threshold 1 (max 15)
 [PSYoungGen: 691872K->4832K(693248K)] 1126427K->439531K(2091520K), 0.0108400 secs] [Times: user=0.12 sys=0.00, real=0.01 secs] 
2014-03-20T17:34:56.566-0500: 1069.021: Total time for which application threads were stopped: 0.0121910 seconds
2014-03-20T17:34:56.877-0500: 1069.331: [GC
Desired survivor size 6815744 bytes, new threshold 1 (max 15)
 [PSYoungGen: 691936K->4992K(692224K)] 1126635K->439835K(2090496K), 0.0100500 secs] [Times: user=0.11 sys=0.00, real=0.01 secs] 
2014-03-20T17:34:56.887-0500: 1069.342: Total time for which application threads were stopped: 0.0113040 seconds
2014-03-20T17:34:57.205-0500: 1069.660: [GC
Desired survivor size 6815744 bytes, new threshold 1 (max 15)
 [PSYoungGen: 691072K->5120K(692736K)] 1125915K->440107K(2091008K), 0.0097330 secs] [Times: user=0.11 sys=0.00, real=0.01 secs] 
2014-03-20T17:34:57.215-0500: 1069.670: Total time for which application threads were stopped: 0.0110990 seconds
2014-03-20T17:34:57.528-0500: 1069.983: [GC
Desired survivor size 6815744 bytes, new threshold 1 (max 15)
 [PSYoungGen: 691200K->5216K(692736K)] 1126187K->440339K(2091008K), 0.0143170 secs] [Times: user=0.15 sys=0.00, real=0.01 secs] 
2014-03-20T17:34:57.543-0500: 1069.997: Total time for which application threads were stopped: 0.0155550 seconds
2014-03-20T17:34:57.875-0500: 1070.330: [GC
Desired survivor size 7340032 bytes, new threshold 1 (max 15)
 [PSYoungGen: 691296K->5344K(691712K)] 1126419K->440611K(2089984K), 0.0109480 secs] [Times: user=0.13 sys=0.00, real=0.02 secs] 
2014-03-20T17:34:57.887-0500: 1070.341: Total time for which application threads were stopped: 0.0124010 seconds
2014-03-20T17:34:58.207-0500: 1070.662: [GC
Desired survivor size 7340032 bytes, new threshold 1 (max 15)
 [PSYoungGen: 691424K->5376K(692224K)] 1126691K->440787K(2090496K), 0.0136480 secs] [Times: user=0.16 sys=0.00, real=0.01 secs] 
2014-03-20T17:34:58.221-0500: 1070.675: Total time for which application threads were stopped: 0.0149420 seconds
2014-03-20T17:34:58.531-0500: 1070.985: [GC
Desired survivor size 7340032 bytes, new threshold 1 (max 15)
 [PSYoungGen: 690432K->5472K(692224K)] 1125843K->441027K(2090496K), 0.0100550 secs] [Times: user=0.11 sys=0.00, real=0.01 secs] 
